Archive member included to satisfy reference by file (symbol)

../st7735/libst7735.a(ST7735_TFT.cpp.obj)
                              CMakeFiles/pockpetv1.dir/main.cpp.obj (ST7735_TFT::ST7735_TFT())
../st7735/libst7735.a(ST7735_TFT_Print.cpp.obj)
                              ../st7735/libst7735.a(ST7735_TFT.cpp.obj) (Print::write(unsigned char const*, unsigned int))
../st7735/libst7735.a(ST7735_TFT_graphics.cpp.obj)
                              ../st7735/libst7735.a(ST7735_TFT.cpp.obj) (ST7735_TFT_graphics::ST7735_TFT_graphics())
../st7735/libst7735.a(ST7735_TFT_Font.cpp.obj)
                              ../st7735/libst7735.a(ST7735_TFT_graphics.cpp.obj) (pFontDedica6x12ptr)
/usr/lib/gcc/arm-none-eabi/9.2.1/../../../arm-none-eabi/lib/thumb/v6-m/nofp/libstdc++.a(pure.o)
                              ../st7735/libst7735.a(ST7735_TFT_Print.cpp.obj) (__cxa_pure_virtual)
/usr/lib/gcc/arm-none-eabi/9.2.1/../../../arm-none-eabi/lib/thumb/v6-m/nofp/libstdc++.a(eh_terminate.o)
                              /usr/lib/gcc/arm-none-eabi/9.2.1/../../../arm-none-eabi/lib/thumb/v6-m/nofp/libstdc++.a(pure.o) (std::terminate())
/usr/lib/gcc/arm-none-eabi/9.2.1/../../../arm-none-eabi/lib/thumb/v6-m/nofp/libstdc++.a(eh_unex_handler.o)
                              /usr/lib/gcc/arm-none-eabi/9.2.1/../../../arm-none-eabi/lib/thumb/v6-m/nofp/libstdc++.a(eh_terminate.o) (__cxxabiv1::__unexpected_handler)
/usr/lib/gcc/arm-none-eabi/9.2.1/../../../arm-none-eabi/lib/thumb/v6-m/nofp/libstdc++.a(eh_arm.o)
                              /usr/lib/gcc/arm-none-eabi/9.2.1/../../../arm-none-eabi/lib/thumb/v6-m/nofp/libstdc++.a(eh_terminate.o) (__cxa_end_cleanup)
/usr/lib/gcc/arm-none-eabi/9.2.1/../../../arm-none-eabi/lib/thumb/v6-m/nofp/libstdc++.a(eh_call.o)
                              /usr/lib/gcc/arm-none-eabi/9.2.1/../../../arm-none-eabi/lib/thumb/v6-m/nofp/libstdc++.a(eh_terminate.o) (__cxa_call_unexpected)
/usr/lib/gcc/arm-none-eabi/9.2.1/../../../arm-none-eabi/lib/thumb/v6-m/nofp/libstdc++.a(eh_catch.o)
                              /usr/lib/gcc/arm-none-eabi/9.2.1/../../../arm-none-eabi/lib/thumb/v6-m/nofp/libstdc++.a(eh_terminate.o) (__cxa_begin_catch)
/usr/lib/gcc/arm-none-eabi/9.2.1/../../../arm-none-eabi/lib/thumb/v6-m/nofp/libstdc++.a(eh_exception.o)
                              /usr/lib/gcc/arm-none-eabi/9.2.1/../../../arm-none-eabi/lib/thumb/v6-m/nofp/libstdc++.a(eh_call.o) (std::bad_exception::~bad_exception())
/usr/lib/gcc/arm-none-eabi/9.2.1/../../../arm-none-eabi/lib/thumb/v6-m/nofp/libstdc++.a(eh_globals.o)
                              /usr/lib/gcc/arm-none-eabi/9.2.1/../../../arm-none-eabi/lib/thumb/v6-m/nofp/libstdc++.a(eh_call.o) (__cxa_get_globals_fast)
/usr/lib/gcc/arm-none-eabi/9.2.1/../../../arm-none-eabi/lib/thumb/v6-m/nofp/libstdc++.a(eh_personality.o)
                              /usr/lib/gcc/arm-none-eabi/9.2.1/../../../arm-none-eabi/lib/thumb/v6-m/nofp/libstdc++.a(eh_terminate.o) (__gxx_personality_v0)
/usr/lib/gcc/arm-none-eabi/9.2.1/../../../arm-none-eabi/lib/thumb/v6-m/nofp/libstdc++.a(eh_term_handler.o)
                              /usr/lib/gcc/arm-none-eabi/9.2.1/../../../arm-none-eabi/lib/thumb/v6-m/nofp/libstdc++.a(eh_terminate.o) (__cxxabiv1::__terminate_handler)
/usr/lib/gcc/arm-none-eabi/9.2.1/../../../arm-none-eabi/lib/thumb/v6-m/nofp/libstdc++.a(eh_throw.o)
                              /usr/lib/gcc/arm-none-eabi/9.2.1/../../../arm-none-eabi/lib/thumb/v6-m/nofp/libstdc++.a(eh_call.o) (__cxa_throw)
/usr/lib/gcc/arm-none-eabi/9.2.1/../../../arm-none-eabi/lib/thumb/v6-m/nofp/libstdc++.a(si_class_type_info.o)
                              /usr/lib/gcc/arm-none-eabi/9.2.1/../../../arm-none-eabi/lib/thumb/v6-m/nofp/libstdc++.a(eh_exception.o) (vtable for __cxxabiv1::__si_class_type_info)
/usr/lib/gcc/arm-none-eabi/9.2.1/../../../arm-none-eabi/lib/thumb/v6-m/nofp/libstdc++.a(tinfo.o)
                              /usr/lib/gcc/arm-none-eabi/9.2.1/../../../arm-none-eabi/lib/thumb/v6-m/nofp/libstdc++.a(si_class_type_info.o) (std::type_info::__is_pointer_p() const)
/usr/lib/gcc/arm-none-eabi/9.2.1/../../../arm-none-eabi/lib/thumb/v6-m/nofp/libstdc++.a(class_type_info.o)
                              /usr/lib/gcc/arm-none-eabi/9.2.1/../../../arm-none-eabi/lib/thumb/v6-m/nofp/libstdc++.a(si_class_type_info.o) (__cxxabiv1::__class_type_info::__do_upcast(__cxxabiv1::__class_type_info const*, void**) const)
/usr/lib/gcc/arm-none-eabi/9.2.1/../../../arm-none-eabi/lib/thumb/v6-m/nofp/libstdc++.a(eh_alloc.o)
                              /usr/lib/gcc/arm-none-eabi/9.2.1/../../../arm-none-eabi/lib/thumb/v6-m/nofp/libstdc++.a(eh_call.o) (__cxa_allocate_exception)
/usr/lib/gcc/arm-none-eabi/9.2.1/thumb/v6-m/nofp/libgcc.a(_dvmd_tls.o)
                              CMakeFiles/pockpetv1.dir/home/plebish/pico/pico-sdk/src/rp2_common/pico_divider/divider.S.obj (__aeabi_idiv0)
/usr/lib/gcc/arm-none-eabi/9.2.1/thumb/v6-m/nofp/libgcc.a(unwind-arm.o)
[...]
Memory Configuration

Name             Origin             Length             Attributes
FLASH            0x0000000010000000 0x0000000000200000 xr
RAM              0x0000000020000000 0x0000000000040000 xrw
SCRATCH_X        0x0000000020040000 0x0000000000001000 xrw
SCRATCH_Y        0x0000000020041000 0x0000000000001000 xrw
*default*        0x0000000000000000 0xffffffffffffffff

Linker script and memory map

LOAD /usr/lib/gcc/arm-none-eabi/9.2.1/thumb/v6-m/nofp/crti.o
LOAD /usr/lib/gcc/arm-none-eabi/9.2.1/thumb/v6-m/nofp/crtbegin.o
LOAD /usr/lib/gcc/arm-none-eabi/9.2.1/../../../arm-none-eabi/lib/thumb/v6-m/nofp/crt0.o

.flash_begin    0x0000000010000000        0x0
                0x0000000010000000                __flash_binary_start = .

.boot2          0x0000000010000000      0x100
                0x0000000010000000                __boot2_start__ = .
 *(.boot2)
 .boot2         0x0000000010000000      0x100 /tmp/ccJBFOtw.o
                0x0000000010000100                __boot2_end__ = .
                0x0000000000000001                ASSERT (((__boot2_end__ - __boot2_start__) == 0x100), ERROR: Pico second stage bootloader must be 256 bytes in size)

.text           0x0000000010000100     0xa3f8
                0x0000000010000100                __logical_binary_start = .
 *(.vectors)
 .vectors       0x0000000010000100       0xd4 CMakeFiles/pockpetv1.dir/home/plebish/pico/pico-sdk/src/rp2_common/pico_standard_link/crt0.S.obj
                0x0000000010000100                __vectors
                0x0000000010000100                __VECTOR_TABLE
                0x00000000100001c0                isr_invalid
                0x00000000100001c0                __default_isrs_start
                0x00000000100001c2                isr_nmi
                0x00000000100001c4                isr_hardfault
                0x00000000100001c6                isr_svcall
                0x00000000100001c8                isr_pendsv
                0x00000000100001ca                isr_systick
                0x00000000100001cc                isr_irq30
                0x00000000100001cc                __unhandled_user_irq
                0x00000000100001cc                isr_irq13
                0x00000000100001cc                isr_irq27
                0x00000000100001cc                isr_irq31
                0x00000000100001cc                isr_irq5
                0x00000000100001cc                isr_irq11
                0x00000000100001cc                isr_irq23
                0x00000000100001cc                isr_irq18
                0x00000000100001cc                isr_irq28
                0x00000000100001cc                isr_irq19
                0x00000000100001cc                isr_irq0
                0x00000000100001cc                isr_irq6
                0x00000000100001cc                isr_irq22
                0x00000000100001cc                isr_irq17
                0x00000000100001cc                isr_irq14
                0x00000000100001cc                isr_irq2
                0x00000000100001cc                isr_irq10
                0x00000000100001cc                isr_irq8
                0x00000000100001cc                isr_irq24
                0x00000000100001cc                isr_irq1
                0x00000000100001cc                isr_irq7
                0x00000000100001cc                isr_irq21
                0x00000000100001cc                isr_irq20
                0x00000000100001cc                isr_irq15
                0x00000000100001cc                isr_irq25
                0x00000000100001cc                isr_irq4
                0x00000000100001cc                isr_irq16
                0x00000000100001cc                isr_irq29
                0x00000000100001cc                isr_irq26
                0x00000000100001cc                __default_isrs_end
                0x00000000100001cc                isr_irq3
                0x00000000100001cc                isr_irq12
                0x00000000100001cc                isr_irq9
                0x00000000100001d2                unhandled_user_irq_num_in_r0
 *(.binary_info_header)
 .binary_info_header
                0x00000000100001d4       0x14 CMakeFiles/pockpetv1.dir/home/plebish/pico/pico-sdk/src/rp2_common/pico_standard_link/crt0.S.obj
                0x00000000100001e8                __binary_info_header_end = .
 *(.reset)
 .reset         0x00000000100001e8       0xa0 CMakeFiles/pockpetv1.dir/home/plebish/pico/pico-sdk/src/rp2_common/pico_standard_link/crt0.S.obj
                0x00000000100001e8                _entry_point
 .reset         0x0000000010000288       0x30 CMakeFiles/pockpetv1.dir/home/plebish/pico/pico-sdk/src/rp2_common/pico_standard_link/binary_info.c.obj
 *(.init)
 .init          0x00000000100002b8        0x4 /usr/lib/gcc/arm-none-eabi/9.2.1/thumb/v6-m/nofp/crti.o
                0x00000000100002b8                _init
 *(EXCLUDE_FILE(*libm.a: *libc.a:*lib_a-mem*.o *libgcc.a:) .text*)
 .text          0x00000000100002bc       0x98 /usr/lib/gcc/arm-none-eabi/9.2.1/thumb/v6-m/nofp/crtbegin.o
 .text._Z10button_isrjm
                0x0000000010000354       0x10 CMakeFiles/pockpetv1.dir/main.cpp.obj
                0x0000000010000354                button_isr(unsigned int, unsigned long)
 .text._Z8tftSetupv
                0x0000000010000364       0x68 CMakeFiles/pockpetv1.dir/main.cpp.obj
                0x0000000010000364                tftSetup()
 .text.startup.main
                0x00000000100003cc      0x124 CMakeFiles/pockpetv1.dir/main.cpp.obj
                0x00000000100003cc                main
 .text.startup._GLOBAL__sub_I_myTFT
                0x00000000100004f0       0x10 CMakeFiles/pockpetv1.dir/main.cpp.obj
 .text.gpio_default_irq_handler
                0x0000000010000500      0x248 CMakeFiles/pockpetv1.dir/home/plebish/pico/pico-sdk/src/rp2_common/hardware_gpio/gpio.c.obj
 .text.gpio_set_function
                0x0000000010000748       0x30 CMakeFiles/pockpetv1.dir/home/plebish/pico/pico-sdk/src/rp2_common/hardware_gpio/gpio.c.obj
                0x0000000010000748                gpio_set_function
 .text.gpio_set_pulls
                0x0000000010000778       0x30 CMakeFiles/pockpetv1.dir/home/plebish/pico/pico-sdk/src/rp2_common/hardware_gpio/gpio.c.obj
                0x0000000010000778                gpio_set_pulls
 .text.gpio_set_irq_enabled_with_callback
                0x00000000100007a8       0xb0 CMakeFiles/pockpetv1.dir/home/plebish/pico/pico-sdk/src/rp2_common/hardware_gpio/gpio.c.obj
                0x00000000100007a8                gpio_set_irq_enabled_with_callback
 .text.gpio_init
                0x0000000010000858       0x3c CMakeFiles/pockpetv1.dir/home/plebish/pico/pico-sdk/src/rp2_common/hardware_gpio/gpio.c.obj
                0x0000000010000858                gpio_init
 .text.running_on_fpga
                0x0000000010000894       0x10 CMakeFiles/pockpetv1.dir/home/plebish/pico/pico-sdk/src/rp2_common/pico_platform/platform.c.obj
                0x0000000010000894                running_on_fpga
 .text.hw_claim_or_assert
                0x00000000100008a4       0x48 CMakeFiles/pockpetv1.dir/home/plebish/pico/pico-sdk/src/rp2_common/hardware_claim/claim.c.obj
                0x00000000100008a4                hw_claim_or_assert
 .text.hw_claim_unused_from_range
                0x00000000100008ec       0x9c CMakeFiles/pockpetv1.dir/home/plebish/pico/pico-sdk/src/rp2_common/hardware_claim/claim.c.obj
                0x00000000100008ec                hw_claim_unused_from_range
 .text.spin_locks_reset
                0x0000000010000988       0x1c CMakeFiles/pockpetv1.dir/home/plebish/pico/pico-sdk/src/rp2_common/hardware_sync/sync.c.obj
                0x0000000010000988                spin_locks_reset
 .text.next_striped_spin_lock_num
                0x00000000100009a4       0x18 CMakeFiles/pockpetv1.dir/home/plebish/pico/pico-sdk/src/rp2_common/hardware_sync/sync.c.obj
                0x00000000100009a4                next_striped_spin_lock_num
 .text.spin_lock_claim_unused
                0x00000000100009bc       0x20 CMakeFiles/pockpetv1.dir/home/plebish/pico/pico-sdk/src/rp2_common/hardware_sync/sync.c.obj
                0x00000000100009bc                spin_lock_claim_unused
 .text.irq_set_enabled
                0x00000000100009dc       0x24 CMakeFiles/pockpetv1.dir/home/plebish/pico/pico-sdk/src/rp2_common/hardware_irq/irq.c.obj
                0x00000000100009dc                irq_set_enabled
 .text.irq_set_pending
                0x0000000010000a00       0x10 CMakeFiles/pockpetv1.dir/home/plebish/pico/pico-sdk/src/rp2_common/hardware_irq/irq.c.obj
                0x0000000010000a00                irq_set_pending
 .text.irq_has_shared_handler
                0x0000000010000a10       0x2c CMakeFiles/pockpetv1.dir/home/plebish/pico/pico-sdk/src/rp2_common/hardware_irq/irq.c.obj
                0x0000000010000a10                irq_has_shared_handler
 .text.irq_get_vtable_handler
                0x0000000010000a3c       0x10 CMakeFiles/pockpetv1.dir/home/plebish/pico/pico-sdk/src/rp2_common/hardware_irq/irq.c.obj
                0x0000000010000a3c                irq_get_vtable_handler
 .text.irq_set_exclusive_handler
                0x0000000010000a4c       0x54 CMakeFiles/pockpetv1.dir/home/plebish/pico/pico-sdk/src/rp2_common/hardware_irq/irq.c.obj
                0x0000000010000a4c                irq_set_exclusive_handler
 .text.irq_add_shared_handler
                0x0000000010000aa0      0x1c4 CMakeFiles/pockpetv1.dir/home/plebish/pico/pico-sdk/src/rp2_common/hardware_irq/irq.c.obj
                0x0000000010000aa0                irq_add_shared_handler
 .text.irq_remove_handler
                0x0000000010000c64      0x1b4 CMakeFiles/pockpetv1.dir/home/plebish/pico/pico-sdk/src/rp2_common/hardware_irq/irq.c.obj
                0x0000000010000c64                irq_remove_handler
 .text.irq_add_tail_to_free_list
                0x0000000010000e18       0xb4 CMakeFiles/pockpetv1.dir/home/plebish/pico/pico-sdk/src/rp2_common/hardware_irq/irq.c.obj
                0x0000000010000e18                irq_add_tail_to_free_list
 .text.irq_init_priorities
                0x0000000010000ecc       0x24 CMakeFiles/pockpetv1.dir/home/plebish/pico/pico-sdk/src/rp2_common/hardware_irq/irq.c.obj
                0x0000000010000ecc                irq_init_priorities
 .text.user_irq_claim_unused
                0x0000000010000ef0       0x28 CMakeFiles/pockpetv1.dir/home/plebish/pico/pico-sdk/src/rp2_common/hardware_irq/irq.c.obj
                0x0000000010000ef0                user_irq_claim_unused
 .text.lock_init
                0x0000000010000f18       0x10 CMakeFiles/pockpetv1.dir/home/plebish/pico/pico-sdk/src/common/pico_sync/lock_core.c.obj
                0x0000000010000f18                lock_init
 .text.mutex_init
                0x0000000010000f28       0x1c CMakeFiles/pockpetv1.dir/home/plebish/pico/pico-sdk/src/common/pico_sync/mutex.c.obj
                0x0000000010000f28                mutex_init
 .text.recursive_mutex_init
                0x0000000010000f44       0x1c CMakeFiles/pockpetv1.dir/home/plebish/pico/pico-sdk/src/common/pico_sync/mutex.c.obj
                0x0000000010000f44                recursive_mutex_init
 .text.critical_section_init
                0x0000000010000f60       0x1c CMakeFiles/pockpetv1.dir/home/plebish/pico/pico-sdk/src/common/pico_sync/critical_section.c.obj
                0x0000000010000f60                critical_section_init
 .text.critical_section_init_with_lock_num
                0x0000000010000f7c       0x14 CMakeFiles/pockpetv1.dir/home/plebish/pico/pico-sdk/src/common/pico_sync/critical_section.c.obj
                0x0000000010000f7c                critical_section_init_with_lock_num
 .text.timer_pool_entry_comparator
                0x0000000010000f90       0x34 CMakeFiles/pockpetv1.dir/home/plebish/pico/pico-sdk/src/common/pico_time/time.c.obj
                0x0000000010000f90                timer_pool_entry_comparator
 .text.sleep_until_callback
                0x0000000010000fc4       0x30 CMakeFiles/pockpetv1.dir/home/plebish/pico/pico-sdk/src/common/pico_time/time.c.obj
 .text.add_alarm_under_lock
                0x0000000010000ff4      0x108 CMakeFiles/pockpetv1.dir/home/plebish/pico/pico-sdk/src/common/pico_time/time.c.obj
 .text.alarm_pool_alarm_callback
                0x00000000100010fc      0x1bc CMakeFiles/pockpetv1.dir/home/plebish/pico/pico-sdk/src/common/pico_time/time.c.obj
 .text.alarm_pool_init_default
                0x00000000100012b8       0x6c CMakeFiles/pockpetv1.dir/home/plebish/pico/pico-sdk/src/common/pico_time/time.c.obj
                0x00000000100012b8                alarm_pool_init_default
 .text.alarm_pool_get_default
                0x0000000010001324        0x8 CMakeFiles/pockpetv1.dir/home/plebish/pico/pico-sdk/src/common/pico_time/time.c.obj
                0x0000000010001324                alarm_pool_get_default
 .text.alarm_pool_add_alarm_at
                0x000000001000132c      0x18c CMakeFiles/pockpetv1.dir/home/plebish/pico/pico-sdk/src/common/pico_time/time.c.obj
                0x000000001000132c                alarm_pool_add_alarm_at
 .text.alarm_pool_core_num
                0x00000000100014b8        0x4 CMakeFiles/pockpetv1.dir/home/plebish/pico/pico-sdk/src/common/pico_time/time.c.obj
                0x00000000100014b8                alarm_pool_core_num
 .text.sleep_until
                0x00000000100014bc       0xc4 CMakeFiles/pockpetv1.dir/home/plebish/pico/pico-sdk/src/common/pico_time/time.c.obj
                0x00000000100014bc                sleep_until
 .text.sleep_ms
                0x0000000010001580       0x34 CMakeFiles/pockpetv1.dir/home/plebish/pico/pico-sdk/src/common/pico_time/time.c.obj
                0x0000000010001580                sleep_ms
 .text.best_effort_wfe_or_timeout
                0x00000000100015b4       0xd4 CMakeFiles/pockpetv1.dir/home/plebish/pico/pico-sdk/src/common/pico_time/time.c.obj
                0x00000000100015b4                best_effort_wfe_or_timeout
 .text.hardware_alarm_irq_handler
                0x0000000010001688       0xbc CMakeFiles/pockpetv1.dir/home/plebish/pico/pico-sdk/src/rp2_common/hardware_timer/timer.c.obj
 .text.hardware_alarm_claim
                0x0000000010001744       0x18 CMakeFiles/pockpetv1.dir/home/plebish/pico/pico-sdk/src/rp2_common/hardware_timer/timer.c.obj
                0x0000000010001744                hardware_alarm_claim
 .text.time_us_64
                0x000000001000175c       0x14 CMakeFiles/pockpetv1.dir/home/plebish/pico/pico-sdk/src/rp2_common/hardware_timer/timer.c.obj
                0x000000001000175c                time_us_64
 .text.busy_wait_us
                0x0000000010001770       0x54 CMakeFiles/pockpetv1.dir/home/plebish/pico/pico-sdk/src/rp2_common/hardware_timer/timer.c.obj
                0x0000000010001770                busy_wait_us
 .text.busy_wait_ms
                0x00000000100017c4       0x88 CMakeFiles/pockpetv1.dir/home/plebish/pico/pico-sdk/src/rp2_common/hardware_timer/timer.c.obj
                0x00000000100017c4                busy_wait_ms
 .text.busy_wait_until
                0x000000001000184c       0x20 CMakeFiles/pockpetv1.dir/home/plebish/pico/pico-sdk/src/rp2_common/hardware_timer/timer.c.obj
                0x000000001000184c                busy_wait_until
 .text.hardware_alarm_set_callback
                0x000000001000186c       0x8c CMakeFiles/pockpetv1.dir/home/plebish/pico/pico-sdk/src/rp2_common/hardware_timer/timer.c.obj
                0x000000001000186c                hardware_alarm_set_callback
 .text.hardware_alarm_set_target
                0x00000000100018f8       0xd4 CMakeFiles/pockpetv1.dir/home/plebish/pico/pico-sdk/src/rp2_common/hardware_timer/timer.c.obj
                0x00000000100018f8                hardware_alarm_set_target
 .text.hardware_alarm_cancel
                0x00000000100019cc       0x40 CMakeFiles/pockpetv1.dir/home/plebish/pico/pico-sdk/src/rp2_common/hardware_timer/timer.c.obj
                0x00000000100019cc                hardware_alarm_cancel
 .text.ph_merge_nodes
                0x0000000010001a0c       0x68 CMakeFiles/pockpetv1.dir/home/plebish/pico/pico-sdk/src/common/pico_util/pheap.c.obj
 .text.ph_post_alloc_init
                0x0000000010001a74       0x3c CMakeFiles/pockpetv1.dir/home/plebish/pico/pico-sdk/src/common/pico_util/pheap.c.obj
                0x0000000010001a74                ph_post_alloc_init
 .text.ph_merge_two_pass
                0x0000000010001ab0       0x90 CMakeFiles/pockpetv1.dir/home/plebish/pico/pico-sdk/src/common/pico_util/pheap.c.obj
                0x0000000010001ab0                ph_merge_two_pass
 .text.ph_remove_any_head
                0x0000000010001b40      0x100 CMakeFiles/pockpetv1.dir/home/plebish/pico/pico-sdk/src/common/pico_util/pheap.c.obj
 .text.ph_remove_head
                0x0000000010001c40      0x144 CMakeFiles/pockpetv1.dir/home/plebish/pico/pico-sdk/src/common/pico_util/pheap.c.obj
                0x0000000010001c40                ph_remove_head
 .text.ph_remove_and_free_node
                0x0000000010001d84       0x7c CMakeFiles/pockpetv1.dir/home/plebish/pico/pico-sdk/src/common/pico_util/pheap.c.obj
                0x0000000010001d84                ph_remove_and_free_node
 .text.clocks_init
                0x0000000010001e00      0x2d0 CMakeFiles/pockpetv1.dir/home/plebish/pico/pico-sdk/src/rp2_common/hardware_clocks/clocks.c.obj
                0x0000000010001e00                clocks_init
 .text.clock_get_hz
                0x00000000100020d0        0xc CMakeFiles/pockpetv1.dir/home/plebish/pico/pico-sdk/src/rp2_common/hardware_clocks/clocks.c.obj
                0x00000000100020d0                clock_get_hz
 .text.pll_init
                0x00000000100020dc       0xa0 CMakeFiles/pockpetv1.dir/home/plebish/pico/pico-sdk/src/rp2_common/hardware_pll/pll.c.obj
                0x00000000100020dc                pll_init
 .text.watchdog_start_tick
                0x000000001000217c       0x10 CMakeFiles/pockpetv1.dir/home/plebish/pico/pico-sdk/src/rp2_common/hardware_watchdog/watchdog.c.obj
                0x000000001000217c                watchdog_start_tick
 .text.watchdog_reboot
                0x000000001000218c       0x98 CMakeFiles/pockpetv1.dir/home/plebish/pico/pico-sdk/src/rp2_common/hardware_watchdog/watchdog.c.obj
                0x000000001000218c                watchdog_reboot
 .text.xosc_init
                0x0000000010002224       0x28 CMakeFiles/pockpetv1.dir/home/plebish/pico/pico-sdk/src/rp2_common/hardware_xosc/xosc.c.obj
                0x0000000010002224                xosc_init
 .text.runtime_init
                0x000000001000224c       0xf0 CMakeFiles/pockpetv1.dir/home/plebish/pico/pico-sdk/src/rp2_common/pico_runtime/runtime.c.obj
                0x000000001000224c                runtime_init
 .text._exit    0x000000001000233c        0x4 CMakeFiles/pockpetv1.dir/home/plebish/pico/pico-sdk/src/rp2_common/pico_runtime/runtime.c.obj
                0x000000001000233c                _exit
 .text._sbrk    0x0000000010002340       0x34 CMakeFiles/pockpetv1.dir/home/plebish/pico/pico-sdk/src/rp2_common/pico_runtime/runtime.c.obj
                0x0000000010002340                _sbrk
 .text.exit     0x0000000010002374        0x8 CMakeFiles/pockpetv1.dir/home/plebish/pico/pico-sdk/src/rp2_common/pico_runtime/runtime.c.obj
                0x0000000010002374                exit
 .text.panic    0x000000001000237c       0x30 CMakeFiles/pockpetv1.dir/home/plebish/pico/pico-sdk/src/rp2_common/pico_runtime/runtime.c.obj
                0x000000001000237c                panic
 .text.hard_assertion_failure
                0x00000000100023ac        0xc CMakeFiles/pockpetv1.dir/home/plebish/pico/pico-sdk/src/rp2_common/pico_runtime/runtime.c.obj
                0x00000000100023ac                hard_assertion_failure
 .text._out_null
                0x00000000100023b8        0x4 CMakeFiles/pockpetv1.dir/home/plebish/pico/pico-sdk/src/rp2_common/pico_printf/printf.c.obj
 .text._out_rev
                0x00000000100023bc       0xd0 CMakeFiles/pockpetv1.dir/home/plebish/pico/pico-sdk/src/rp2_common/pico_printf/printf.c.obj
 .text._ntoa_format
                0x000000001000248c      0x1d0 CMakeFiles/pockpetv1.dir/home/plebish/pico/pico-sdk/src/rp2_common/pico_printf/printf.c.obj
 .text._out_char
                0x000000001000265c       0x10 CMakeFiles/pockpetv1.dir/home/plebish/pico/pico-sdk/src/rp2_common/pico_printf/printf.c.obj
 .text._out_fct
                0x000000001000266c       0x10 CMakeFiles/pockpetv1.dir/home/plebish/pico/pico-sdk/src/rp2_common/pico_printf/printf.c.obj
 .text._etoa    0x000000001000267c      0x478 CMakeFiles/pockpetv1.dir/home/plebish/pico/pico-sdk/src/rp2_common/pico_printf/printf.c.obj
 .text._ftoa    0x0000000010002af4      0x3e0 CMakeFiles/pockpetv1.dir/home/plebish/pico/pico-sdk/src/rp2_common/pico_printf/printf.c.obj
 .text._vsnprintf
                0x0000000010002ed4      0xb08 CMakeFiles/pockpetv1.dir/home/plebish/pico/pico-sdk/src/rp2_common/pico_printf/printf.c.obj
 .text.vfctprintf
                0x00000000100039dc       0x20 CMakeFiles/pockpetv1.dir/home/plebish/pico/pico-sdk/src/rp2_common/pico_printf/printf.c.obj
                0x00000000100039dc                vfctprintf
 .text.weak_raw_vprintf
                0x00000000100039fc       0x30 CMakeFiles/pockpetv1.dir/home/plebish/pico/pico-sdk/src/rp2_common/pico_printf/printf.c.obj
                0x00000000100039fc                weak_raw_vprintf
 .text          0x0000000010003a2c       0x10 CMakeFiles/pockpetv1.dir/home/plebish/pico/pico-sdk/src/rp2_common/pico_bit_ops/bit_ops_aeabi.S.obj
 .text.rom_func_lookup
                0x0000000010003a3c       0x10 CMakeFiles/pockpetv1.dir/home/plebish/pico/pico-sdk/src/rp2_common/pico_bootrom/bootrom.c.obj
                0x0000000010003a3c                rom_func_lookup
 .text.rom_data_lookup
                0x0000000010003a4c       0x10 CMakeFiles/pockpetv1.dir/home/plebish/pico/pico-sdk/src/rp2_common/pico_bootrom/bootrom.c.obj
                0x0000000010003a4c                rom_data_lookup
 .text.rom_funcs_lookup
                0x0000000010003a5c       0x3c CMakeFiles/pockpetv1.dir/home/plebish/pico/pico-sdk/src/rp2_common/pico_bootrom/bootrom.c.obj
                0x0000000010003a5c                rom_funcs_lookup
 .text.__wrap___aeabi_idiv
                0x0000000010003a98       0x50 CMakeFiles/pockpetv1.dir/home/plebish/pico/pico-sdk/src/rp2_common/pico_divider/divider.S.obj
                0x0000000010003a98                __wrap___aeabi_idivmod
                0x0000000010003a98                divmod_s32s32
                0x0000000010003a98                div_s32s32
                0x0000000010003a98                __wrap___aeabi_idiv
                0x0000000010003aa0                divmod_s32s32_unsafe
                0x0000000010003acc                divmod_s32s32_savestate
 .text.__wrap___aeabi_uidiv
                0x0000000010003ae8       0x4c CMakeFiles/pockpetv1.dir/home/plebish/pico/pico-sdk/src/rp2_common/pico_divider/divider.S.obj
                0x0000000010003ae8                __wrap___aeabi_uidiv
                0x0000000010003ae8                __wrap___aeabi_uidivmod
                0x0000000010003ae8                div_u32u32
                0x0000000010003ae8                divmod_u32u32
                0x0000000010003af0                divmod_u32u32_unsafe
                0x0000000010003b18                divmod_u32u32_savestate
 .text.__wrap___aeabi_ldiv
                0x0000000010003b34      0x424 CMakeFiles/pockpetv1.dir/home/plebish/pico/pico-sdk/src/rp2_common/pico_divider/divider.S.obj
                0x0000000010003b34                div_s64s64
                0x0000000010003b34                divmod_s64s64
                0x0000000010003b34                __wrap___aeabi_ldivmod
                0x0000000010003b64                div_u64u64
                0x0000000010003b64                divmod_u64u64
                0x0000000010003b64                __wrap___aeabi_uldivmod
                0x0000000010003b74                divmod_u64u64_savestate
                0x0000000010003b94                divmod_s64s64_unsafe
                0x0000000010003c1c                divmod_u64u64_unsafe
 .text.__wrap___aeabi_darithmetic
                0x0000000010003f58       0x80 CMakeFiles/pockpetv1.dir/home/plebish/pico/pico-sdk/src/rp2_common/pico_double/double_aeabi.S.obj
                0x0000000010003f58                __wrap___aeabi_drsub
                0x0000000010003f5e                __wrap___aeabi_dsub
                0x0000000010003f70                __wrap___aeabi_dadd
                0x0000000010003f82                __wrap___aeabi_ddiv
                0x0000000010003fbe                __wrap___aeabi_dmul
 .text.__wrap___aeabi_cdcmple
                0x0000000010003fd8       0x6c CMakeFiles/pockpetv1.dir/home/plebish/pico/pico-sdk/src/rp2_common/pico_double/double_aeabi.S.obj
                0x0000000010003fd8                __wrap___aeabi_cdrcmple
                0x0000000010003fe8                __wrap___aeabi_cdcmple
                0x0000000010003fe8                __wrap___aeabi_cdcmpeq
 .text.__wrap___aeabi_dcmplt
                0x0000000010004044        0xc CMakeFiles/pockpetv1.dir/home/plebish/pico/pico-sdk/src/rp2_common/pico_double/double_aeabi.S.obj
                0x0000000010004044                __wrap___aeabi_dcmplt
 .text.__wrap___aeabi_dcmple
                0x0000000010004050       0x10 CMakeFiles/pockpetv1.dir/home/plebish/pico/pico-sdk/src/rp2_common/pico_double/double_aeabi.S.obj
                0x0000000010004050                __wrap___aeabi_dcmple
 .text.__wrap___aeabi_dcmpge
                0x0000000010004060       0x10 CMakeFiles/pockpetv1.dir/home/plebish/pico/pico-sdk/src/rp2_common/pico_double/double_aeabi.S.obj
                0x0000000010004060                __wrap___aeabi_dcmpge
 .text.__wrap___aeabi_dcmpgt
                0x0000000010004070        0xa CMakeFiles/pockpetv1.dir/home/plebish/pico/pico-sdk/src/rp2_common/pico_double/double_aeabi.S.obj
                0x0000000010004070                __wrap___aeabi_dcmpgt
 .text.__wrap___aeabi_dcmpun
                0x000000001000407a       0x1c CMakeFiles/pockpetv1.dir/home/plebish/pico/pico-sdk/src/rp2_common/pico_double/double_aeabi.S.obj
                0x000000001000407a                __wrap___aeabi_dcmpun
 *fill*         0x0000000010004096        0x2 
 .text.__wrap___aeabi_i2d
                0x0000000010004098       0x38 CMakeFiles/pockpetv1.dir/home/plebish/pico/pico-sdk/src/rp2_common/pico_double/double_aeabi.S.obj
                0x0000000010004098                __wrap___aeabi_ui2d
                0x00000000100040a0                __wrap___aeabi_i2d
 .text.__wrap___aeabi_d2iz
                0x00000000100040d0       0x48 CMakeFiles/pockpetv1.dir/home/plebish/pico/pico-sdk/src/rp2_common/pico_double/double_aeabi.S.obj
                0x00000000100040d0                __wrap___aeabi_d2iz
                0x00000000100040d0                double2int_z
 .text.__wrap___aeabi_d2uiz
                0x0000000010004118       0x18 CMakeFiles/pockpetv1.dir/home/plebish/pico/pico-sdk/src/rp2_common/pico_double/double_aeabi.S.obj
                0x0000000010004118                double2uint
                0x0000000010004118                __wrap___aeabi_d2uiz
 .text.__aeabi_double_init
                0x0000000010004130       0xc0 CMakeFiles/pockpetv1.dir/home/plebish/pico/pico-sdk/src/rp2_common/pico_double/double_init_rom.c.obj
                0x0000000010004130                __aeabi_double_init
 .text.double_table_shim_on_use_helper
                0x00000000100041f0       0x2c CMakeFiles/pockpetv1.dir/home/plebish/pico/pico-sdk/src/rp2_common/pico_double/double_v1_rom_shim.S.obj
                0x00000000100041f0                double_table_shim_on_use_helper
 .text.__wrap___aeabi_dsub
                0x000000001000421c       0x10 CMakeFiles/pockpetv1.dir/home/plebish/pico/pico-sdk/src/rp2_common/pico_double/double_v1_rom_shim.S.obj
                0x000000001000421c                drsub_shim
                0x0000000010004222                dsub_shim
 .text.dadd_shim
                0x000000001000422c      0x15c CMakeFiles/pockpetv1.dir/home/plebish/pico/pico-sdk/src/rp2_common/pico_double/double_v1_rom_shim.S.obj
                0x000000001000422c                dadd_shim
 .text.dmul_shim
                0x0000000010004388      0x15c CMakeFiles/pockpetv1.dir/home/plebish/pico/pico-sdk/src/rp2_common/pico_double/double_v1_rom_shim.S.obj
                0x0000000010004388                dmul_shim
 .text.ddiv_shim
                0x00000000100044e4      0x1b0 CMakeFiles/pockpetv1.dir/home/plebish/pico/pico-sdk/src/rp2_common/pico_double/double_v1_rom_shim.S.obj
                0x00000000100044e4                ddiv_shim
 .text.double2uint_shim
                0x0000000010004694        0xe CMakeFiles/pockpetv1.dir/home/plebish/pico/pico-sdk/src/rp2_common/pico_double/double_v1_rom_shim.S.obj
                0x0000000010004694                double2uint_shim
                0x0000000010004696                double2ufix_shim
 *fill*         0x00000000100046a2        0x2 
 .text.double2uint64_shim
                0x00000000100046a4       0x70 CMakeFiles/pockpetv1.dir/home/plebish/pico/pico-sdk/src/rp2_common/pico_double/double_v1_rom_shim.S.obj
                0x00000000100046a4                double2uint64_shim
                0x00000000100046a6                double2ufix64_shim
                0x00000000100046c6                d2fix_a
 .text.dunpacks
                0x0000000010004714       0x3c CMakeFiles/pockpetv1.dir/home/plebish/pico/pico-sdk/src/rp2_common/pico_double/double_v1_rom_shim.S.obj
                0x0000000010004714                dunpacks
 .text.__aeabi_lmul
                0x0000000010004750       0x32 CMakeFiles/pockpetv1.dir/home/plebish/pico/pico-sdk/src/rp2_common/pico_int64_ops/pico_int64_ops_aeabi.S.obj
                0x0000000010004750                __wrap___aeabi_lmul
 *fill*         0x0000000010004782        0x2 
 .text.__aeabi_float_init
                0x0000000010004784       0x64 CMakeFiles/pockpetv1.dir/home/plebish/pico/pico-sdk/src/rp2_common/pico_float/float_init_rom.c.obj
                0x0000000010004784                __aeabi_float_init
 .text.float_table_shim_on_use_helper
                0x00000000100047e8       0x2c CMakeFiles/pockpetv1.dir/home/plebish/pico/pico-sdk/src/rp2_common/pico_float/float_v1_rom_shim.S.obj
                0x00000000100047e8                float_table_shim_on_use_helper
 .text.__wrap_malloc
                0x0000000010004814       0x24 CMakeFiles/pockpetv1.dir/home/plebish/pico/pico-sdk/src/rp2_common/pico_malloc/pico_malloc.c.obj
                0x0000000010004814                __wrap_malloc
 .text.__wrap_free
                0x0000000010004838        0x8 CMakeFiles/pockpetv1.dir/home/plebish/pico/pico-sdk/src/rp2_common/pico_malloc/pico_malloc.c.obj
                0x0000000010004838                __wrap_free
 .text          0x0000000010004840       0x10 CMakeFiles/pockpetv1.dir/home/plebish/pico/pico-sdk/src/rp2_common/pico_mem_ops/mem_ops_aeabi.S.obj
                0x0000000010004840                __aeabi_mem_init
 .text.memset   0x0000000010004850        0xc CMakeFiles/pockpetv1.dir/home/plebish/pico/pico-sdk/src/rp2_common/pico_mem_ops/mem_ops_aeabi.S.obj
                0x0000000010004850                __wrap_memset
 .text.memcpy   0x000000001000485c        0xc CMakeFiles/pockpetv1.dir/home/plebish/pico/pico-sdk/src/rp2_common/pico_mem_ops/mem_ops_aeabi.S.obj
                0x000000001000485c                __wrap___aeabi_memcpy
                0x000000001000485c                __wrap_memcpy
 .text.stdio_out_chars_no_crlf
                0x0000000010004868       0x10 CMakeFiles/pockpetv1.dir/home/plebish/pico/pico-sdk/src/rp2_common/pico_stdio/stdio.c.obj
 .text.stdio_out_chars_crlf
                0x0000000010004878       0x94 CMakeFiles/pockpetv1.dir/home/plebish/pico/pico-sdk/src/rp2_common/pico_stdio/stdio.c.obj
 .text.stdio_buffered_printer
                0x000000001000490c       0x64 CMakeFiles/pockpetv1.dir/home/plebish/pico/pico-sdk/src/rp2_common/pico_stdio/stdio.c.obj
 .text.stdio_put_string
                0x0000000010004970      0x104 CMakeFiles/pockpetv1.dir/home/plebish/pico/pico-sdk/src/rp2_common/pico_stdio/stdio.c.obj
 .text.__wrap_putchar
                0x0000000010004a74       0x98 CMakeFiles/pockpetv1.dir/home/plebish/pico/pico-sdk/src/rp2_common/pico_stdio/stdio.c.obj
                0x0000000010004a74                __wrap_putchar
 .text.__wrap_puts
                0x0000000010004b0c       0x3c CMakeFiles/pockpetv1.dir/home/plebish/pico/pico-sdk/src/rp2_common/pico_stdio/stdio.c.obj
                0x0000000010004b0c                __wrap_puts
 .text.stdio_set_driver_enabled
                0x0000000010004b48       0x30 CMakeFiles/pockpetv1.dir/home/plebish/pico/pico-sdk/src/rp2_common/pico_stdio/stdio.c.obj
                0x0000000010004b48                stdio_set_driver_enabled
 .text.__wrap_vprintf
                0x0000000010004b78       0xd8 CMakeFiles/pockpetv1.dir/home/plebish/pico/pico-sdk/src/rp2_common/pico_stdio/stdio.c.obj
                0x0000000010004b78                __wrap_vprintf
 .text.__wrap_printf
                0x0000000010004c50       0x18 CMakeFiles/pockpetv1.dir/home/plebish/pico/pico-sdk/src/rp2_common/pico_stdio/stdio.c.obj
                0x0000000010004c50                __wrap_printf
 .text.stdio_init_all
                0x0000000010004c68        0x8 CMakeFiles/pockpetv1.dir/home/plebish/pico/pico-sdk/src/rp2_common/pico_stdio/stdio.c.obj
                0x0000000010004c68                stdio_init_all
 .text.resetd_init
                0x0000000010004c70        0x4 CMakeFiles/pockpetv1.dir/home/plebish/pico/pico-sdk/src/rp2_common/pico_stdio_usb/reset_interface.c.obj
 .text.resetd_reset
                0x0000000010004c74        0xc CMakeFiles/pockpetv1.dir/home/plebish/pico/pico-sdk/src/rp2_common/pico_stdio_usb/reset_interface.c.obj
 .text.resetd_open
                0x0000000010004c80       0x28 CMakeFiles/pockpetv1.dir/home/plebish/pico/pico-sdk/src/rp2_common/pico_stdio_usb/reset_interface.c.obj
 .text.resetd_xfer_cb
                0x0000000010004ca8        0x4 CMakeFiles/pockpetv1.dir/home/plebish/pico/pico-sdk/src/rp2_common/pico_stdio_usb/reset_interface.c.obj
 .text.resetd_control_xfer_cb
                0x0000000010004cac       0x64 CMakeFiles/pockpetv1.dir/home/plebish/pico/pico-sdk/src/rp2_common/pico_stdio_usb/reset_interface.c.obj
 .text.usbd_app_driver_get_cb
                0x0000000010004d10        0xc CMakeFiles/pockpetv1.dir/home/plebish/pico/pico-sdk/src/rp2_common/pico_stdio_usb/reset_interface.c.obj
                0x0000000010004d10                usbd_app_driver_get_cb
 .text.tud_cdc_line_coding_cb
                0x0000000010004d1c       0x34 CMakeFiles/pockpetv1.dir/home/plebish/pico/pico-sdk/src/rp2_common/pico_stdio_usb/reset_interface.c.obj
                0x0000000010004d1c                tud_cdc_line_coding_cb
 .text.stdio_usb_set_chars_available_callback
                0x0000000010004d50       0x14 CMakeFiles/pockpetv1.dir/home/plebish/pico/pico-sdk/src/rp2_common/pico_stdio_usb/stdio_usb.c.obj
                0x0000000010004d50                stdio_usb_set_chars_available_callback
 .text.usb_irq  0x0000000010004d64       0x10 CMakeFiles/pockpetv1.dir/home/plebish/pico/pico-sdk/src/rp2_common/pico_stdio_usb/stdio_usb.c.obj
 .text.timer_task
                0x0000000010004d74       0x54 CMakeFiles/pockpetv1.dir/home/plebish/pico/pico-sdk/src/rp2_common/pico_stdio_usb/stdio_usb.c.obj
 .text.stdio_usb_in_chars
                0x0000000010004dc8       0x90 CMakeFiles/pockpetv1.dir/home/plebish/pico/pico-sdk/src/rp2_common/pico_stdio_usb/stdio_usb.c.obj
                0x0000000010004dc8                stdio_usb_in_chars
 .text.stdio_usb_out_chars
                0x0000000010004e58      0x100 CMakeFiles/pockpetv1.dir/home/plebish/pico/pico-sdk/src/rp2_common/pico_stdio_usb/stdio_usb.c.obj
 .text.low_priority_worker_irq
                0x0000000010004f58       0xa8 CMakeFiles/pockpetv1.dir/home/plebish/pico/pico-sdk/src/rp2_common/pico_stdio_usb/stdio_usb.c.obj
 .text.tud_cdc_rx_cb
                0x0000000010005000       0x20 CMakeFiles/pockpetv1.dir/home/plebish/pico/pico-sdk/src/rp2_common/pico_stdio_usb/stdio_usb.c.obj
                0x0000000010005000                tud_cdc_rx_cb
 .text.stdio_usb_init
                0x0000000010005020       0xdc CMakeFiles/pockpetv1.dir/home/plebish/pico/pico-sdk/src/rp2_common/pico_stdio_usb/stdio_usb.c.obj
                0x0000000010005020                stdio_usb_init
 .text.tud_descriptor_device_cb
                0x00000000100050fc        0x8 CMakeFiles/pockpetv1.dir/home/plebish/pico/pico-sdk/src/rp2_common/pico_stdio_usb/stdio_usb_descriptors.c.obj
                0x00000000100050fc                tud_descriptor_device_cb
 .text.tud_descriptor_configuration_cb
                0x0000000010005104        0x8 CMakeFiles/pockpetv1.dir/home/plebish/pico/pico-sdk/src/rp2_common/pico_stdio_usb/stdio_usb_descriptors.c.obj
                0x0000000010005104                tud_descriptor_configuration_cb
 .text.tud_descriptor_string_cb
                0x000000001000510c       0x70 CMakeFiles/pockpetv1.dir/home/plebish/pico/pico-sdk/src/rp2_common/pico_stdio_usb/stdio_usb_descriptors.c.obj
                0x000000001000510c                tud_descriptor_string_cb
 .text.startup._retrieve_unique_id_on_boot
                0x000000001000517c       0x10 CMakeFiles/pockpetv1.dir/home/plebish/pico/pico-sdk/src/rp2_common/pico_unique_id/unique_id.c.obj
 .text.pico_get_unique_board_id_string
                0x000000001000518c      0x1bc CMakeFiles/pockpetv1.dir/home/plebish/pico/pico-sdk/src/rp2_common/pico_unique_id/unique_id.c.obj
                0x000000001000518c                pico_get_unique_board_id_string
 .text.flash_get_unique_id
                0x0000000010005348       0x40 CMakeFiles/pockpetv1.dir/home/plebish/pico/pico-sdk/src/rp2_common/hardware_flash/flash.c.obj
                0x0000000010005348                flash_get_unique_id
 .text.dcd_int_enable
                0x0000000010005388        0xc CMakeFiles/pockpetv1.dir/home/plebish/pico/pico-sdk/lib/tinyusb/src/portable/raspberrypi/rp2040/dcd_rp2040.c.obj
                0x0000000010005388                dcd_int_enable
 .text.dcd_set_address
                0x0000000010005394       0x14 CMakeFiles/pockpetv1.dir/home/plebish/pico/pico-sdk/lib/tinyusb/src/portable/raspberrypi/rp2040/dcd_rp2040.c.obj
                0x0000000010005394                dcd_set_address
 .text.dcd_connect
                0x00000000100053a8       0x10 CMakeFiles/pockpetv1.dir/home/plebish/pico/pico-sdk/lib/tinyusb/src/portable/raspberrypi/rp2040/dcd_rp2040.c.obj
                0x00000000100053a8                dcd_connect
 .text.dcd_init
                0x00000000100053b8       0x9c CMakeFiles/pockpetv1.dir/home/plebish/pico/pico-sdk/lib/tinyusb/src/portable/raspberrypi/rp2040/dcd_rp2040.c.obj
                0x00000000100053b8                dcd_init
 .text.dcd_edpt0_status_complete
                0x0000000010005454       0x1c CMakeFiles/pockpetv1.dir/home/plebish/pico/pico-sdk/lib/tinyusb/src/portable/raspberrypi/rp2040/dcd_rp2040.c.obj
                0x0000000010005454                dcd_edpt0_status_complete
 .text.dcd_edpt_open
                0x0000000010005470      0x108 CMakeFiles/pockpetv1.dir/home/plebish/pico/pico-sdk/lib/tinyusb/src/portable/raspberrypi/rp2040/dcd_rp2040.c.obj
                0x0000000010005470                dcd_edpt_open
 .text.dcd_edpt_close_all
                0x0000000010005578        0x8 CMakeFiles/pockpetv1.dir/home/plebish/pico/pico-sdk/lib/tinyusb/src/portable/raspberrypi/rp2040/dcd_rp2040.c.obj
                0x0000000010005578                dcd_edpt_close_all
 .text.dcd_edpt_xfer
                0x0000000010005580       0x24 CMakeFiles/pockpetv1.dir/home/plebish/pico/pico-sdk/lib/tinyusb/src/portable/raspberrypi/rp2040/dcd_rp2040.c.obj
                0x0000000010005580                dcd_edpt_xfer
 .text.dcd_edpt_stall
                0x00000000100055a4       0x38 CMakeFiles/pockpetv1.dir/home/plebish/pico/pico-sdk/lib/tinyusb/src/portable/raspberrypi/rp2040/dcd_rp2040.c.obj
                0x00000000100055a4                dcd_edpt_stall
 .text.dcd_edpt_clear_stall
                0x00000000100055dc       0x30 CMakeFiles/pockpetv1.dir/home/plebish/pico/pico-sdk/lib/tinyusb/src/portable/raspberrypi/rp2040/dcd_rp2040.c.obj
                0x00000000100055dc                dcd_edpt_clear_stall
 .text.rp2040_usb_init
                0x000000001000560c       0x4c CMakeFiles/pockpetv1.dir/home/plebish/pico/pico-sdk/lib/tinyusb/src/portable/raspberrypi/rp2040/rp2040_usb.c.obj
                0x000000001000560c                rp2040_usb_init
 .text.hw_endpoint_xfer_start
                0x0000000010005658       0x54 CMakeFiles/pockpetv1.dir/home/plebish/pico/pico-sdk/lib/tinyusb/src/portable/raspberrypi/rp2040/rp2040_usb.c.obj
                0x0000000010005658                hw_endpoint_xfer_start
 .text.tud_mounted
                0x00000000100056ac       0x10 CMakeFiles/pockpetv1.dir/home/plebish/pico/pico-sdk/lib/tinyusb/src/device/usbd.c.obj
                0x00000000100056ac                tud_mounted
 .text.tud_suspended
                0x00000000100056bc       0x10 CMakeFiles/pockpetv1.dir/home/plebish/pico/pico-sdk/lib/tinyusb/src/device/usbd.c.obj
                0x00000000100056bc                tud_suspended
 .text.tud_inited
                0x00000000100056cc       0x14 CMakeFiles/pockpetv1.dir/home/plebish/pico/pico-sdk/lib/tinyusb/src/device/usbd.c.obj
                0x00000000100056cc                tud_inited
 .text.tud_init
                0x00000000100056e0       0xe4 CMakeFiles/pockpetv1.dir/home/plebish/pico/pico-sdk/lib/tinyusb/src/device/usbd.c.obj
                0x00000000100056e0                tud_init
 .text.tud_task_ext
                0x00000000100057c4      0x858 CMakeFiles/pockpetv1.dir/home/plebish/pico/pico-sdk/lib/tinyusb/src/device/usbd.c.obj
                0x00000000100057c4                tud_task_ext
 .text.usbd_open_edpt_pair
                0x000000001000601c       0x9c CMakeFiles/pockpetv1.dir/home/plebish/pico/pico-sdk/lib/tinyusb/src/device/usbd.c.obj
                0x000000001000601c                usbd_open_edpt_pair
 .text.usbd_defer_func
                0x00000000100060b8       0x4c CMakeFiles/pockpetv1.dir/home/plebish/pico/pico-sdk/lib/tinyusb/src/device/usbd.c.obj
                0x00000000100060b8                usbd_defer_func
 .text.usbd_edpt_open
                0x0000000010006104       0x34 CMakeFiles/pockpetv1.dir/home/plebish/pico/pico-sdk/lib/tinyusb/src/device/usbd.c.obj
                0x0000000010006104                usbd_edpt_open
 .text.usbd_edpt_claim
                0x0000000010006138       0x28 CMakeFiles/pockpetv1.dir/home/plebish/pico/pico-sdk/lib/tinyusb/src/device/usbd.c.obj
                0x0000000010006138                usbd_edpt_claim
 .text.usbd_edpt_release
                0x0000000010006160       0x28 CMakeFiles/pockpetv1.dir/home/plebish/pico/pico-sdk/lib/tinyusb/src/device/usbd.c.obj
                0x0000000010006160                usbd_edpt_release
 .text.usbd_edpt_xfer
                0x0000000010006188       0x4c CMakeFiles/pockpetv1.dir/home/plebish/pico/pico-sdk/lib/tinyusb/src/device/usbd.c.obj
                0x0000000010006188                usbd_edpt_xfer
 .text.tud_control_status
                0x00000000100061d4       0x30 CMakeFiles/pockpetv1.dir/home/plebish/pico/pico-sdk/lib/tinyusb/src/device/usbd_control.c.obj
                0x00000000100061d4                tud_control_status
 .text.tud_control_xfer
                0x0000000010006204       0xb8 CMakeFiles/pockpetv1.dir/home/plebish/pico/pico-sdk/lib/tinyusb/src/device/usbd_control.c.obj
                0x0000000010006204                tud_control_xfer
 .text.usbd_control_reset
                0x00000000100062bc       0x14 CMakeFiles/pockpetv1.dir/home/plebish/pico/pico-sdk/lib/tinyusb/src/device/usbd_control.c.obj
                0x00000000100062bc                usbd_control_reset
 .text.usbd_control_set_complete_callback
                0x00000000100062d0        0xc CMakeFiles/pockpetv1.dir/home/plebish/pico/pico-sdk/lib/tinyusb/src/device/usbd_control.c.obj
                0x00000000100062d0                usbd_control_set_complete_callback
 .text.usbd_control_set_request
                0x00000000100062dc       0x1c CMakeFiles/pockpetv1.dir/home/plebish/pico/pico-sdk/lib/tinyusb/src/device/usbd_control.c.obj
                0x00000000100062dc                usbd_control_set_request
 .text.usbd_control_xfer_cb
                0x00000000100062f8       0xf8 CMakeFiles/pockpetv1.dir/home/plebish/pico/pico-sdk/lib/tinyusb/src/device/usbd_control.c.obj
                0x00000000100062f8                usbd_control_xfer_cb
 .text.tud_cdc_n_connected
                0x00000000100063f0       0x30 CMakeFiles/pockpetv1.dir/home/plebish/pico/pico-sdk/lib/tinyusb/src/class/cdc/cdc_device.c.obj
                0x00000000100063f0                tud_cdc_n_connected
 .text.tud_cdc_n_available
                0x0000000010006420       0x18 CMakeFiles/pockpetv1.dir/home/plebish/pico/pico-sdk/lib/tinyusb/src/class/cdc/cdc_device.c.obj
                0x0000000010006420                tud_cdc_n_available
 .text.tud_cdc_n_read
                0x0000000010006438       0x70 CMakeFiles/pockpetv1.dir/home/plebish/pico/pico-sdk/lib/tinyusb/src/class/cdc/cdc_device.c.obj
                0x0000000010006438                tud_cdc_n_read
 .text.tud_cdc_n_write_flush
                0x00000000100064a8       0x78 CMakeFiles/pockpetv1.dir/home/plebish/pico/pico-sdk/lib/tinyusb/src/class/cdc/cdc_device.c.obj
                0x00000000100064a8                tud_cdc_n_write_flush
 .text.tud_cdc_n_write
                0x0000000010006520       0x34 CMakeFiles/pockpetv1.dir/home/plebish/pico/pico-sdk/lib/tinyusb/src/class/cdc/cdc_device.c.obj
                0x0000000010006520                tud_cdc_n_write
 .text.tud_cdc_n_write_available
                0x0000000010006554       0x18 CMakeFiles/pockpetv1.dir/home/plebish/pico/pico-sdk/lib/tinyusb/src/class/cdc/cdc_device.c.obj
                0x0000000010006554                tud_cdc_n_write_available
 .text.cdcd_init
                0x000000001000656c       0x7c CMakeFiles/pockpetv1.dir/home/plebish/pico/pico-sdk/lib/tinyusb/src/class/cdc/cdc_device.c.obj
                0x000000001000656c                cdcd_init
 .text.cdcd_reset
                0x00000000100065e8       0x2c CMakeFiles/pockpetv1.dir/home/plebish/pico/pico-sdk/lib/tinyusb/src/class/cdc/cdc_device.c.obj
                0x00000000100065e8                cdcd_reset
 .text.cdcd_open
                0x0000000010006614       0xe8 CMakeFiles/pockpetv1.dir/home/plebish/pico/pico-sdk/lib/tinyusb/src/class/cdc/cdc_device.c.obj
                0x0000000010006614                cdcd_open
 .text.cdcd_control_xfer_cb
                0x00000000100066fc       0xe4 CMakeFiles/pockpetv1.dir/home/plebish/pico/pico-sdk/lib/tinyusb/src/class/cdc/cdc_device.c.obj
                0x00000000100066fc                cdcd_control_xfer_cb
 .text.cdcd_xfer_cb
                0x00000000100067e0      0x198 CMakeFiles/pockpetv1.dir/home/plebish/pico/pico-sdk/lib/tinyusb/src/class/cdc/cdc_device.c.obj
                0x00000000100067e0                cdcd_xfer_cb
 .text.tusb_init
                0x0000000010006978        0xc CMakeFiles/pockpetv1.dir/home/plebish/pico/pico-sdk/lib/tinyusb/src/tusb.c.obj
                0x0000000010006978                tusb_init
 .text.tusb_inited
                0x0000000010006984        0x8 CMakeFiles/pockpetv1.dir/home/plebish/pico/pico-sdk/lib/tinyusb/src/tusb.c.obj
                0x0000000010006984                tusb_inited
 .text.tu_edpt_claim
                0x000000001000698c       0x50 CMakeFiles/pockpetv1.dir/home/plebish/pico/pico-sdk/lib/tinyusb/src/tusb.c.obj
                0x000000001000698c                tu_edpt_claim
 .text.tu_edpt_release
                0x00000000100069dc       0x38 CMakeFiles/pockpetv1.dir/home/plebish/pico/pico-sdk/lib/tinyusb/src/tusb.c.obj
                0x00000000100069dc                tu_edpt_release
 .text.tu_edpt_validate
                0x0000000010006a14       0x78 CMakeFiles/pockpetv1.dir/home/plebish/pico/pico-sdk/lib/tinyusb/src/tusb.c.obj
                0x0000000010006a14                tu_edpt_validate
 .text.tu_edpt_bind_driver
                0x0000000010006a8c       0x34 CMakeFiles/pockpetv1.dir/home/plebish/pico/pico-sdk/lib/tinyusb/src/tusb.c.obj
                0x0000000010006a8c                tu_edpt_bind_driver
 .text.tu_fifo_config
                0x0000000010006ac0       0x70 CMakeFiles/pockpetv1.dir/home/plebish/pico/pico-sdk/lib/tinyusb/src/common/tusb_fifo.c.obj
                0x0000000010006ac0                tu_fifo_config
 .text.tu_fifo_count
                0x0000000010006b30       0x2c CMakeFiles/pockpetv1.dir/home/plebish/pico/pico-sdk/lib/tinyusb/src/common/tusb_fifo.c.obj
                0x0000000010006b30                tu_fifo_count
 .text.tu_fifo_empty
                0x0000000010006b5c       0x10 CMakeFiles/pockpetv1.dir/home/plebish/pico/pico-sdk/lib/tinyusb/src/common/tusb_fifo.c.obj
                0x0000000010006b5c                tu_fifo_empty
 .text.tu_fifo_remaining
                0x0000000010006b6c       0x2c CMakeFiles/pockpetv1.dir/home/plebish/pico/pico-sdk/lib/tinyusb/src/common/tusb_fifo.c.obj
                0x0000000010006b6c                tu_fifo_remaining
 .text.tu_fifo_read
                0x0000000010006b98       0x9c CMakeFiles/pockpetv1.dir/home/plebish/pico/pico-sdk/lib/tinyusb/src/common/tusb_fifo.c.obj
                0x0000000010006b98                tu_fifo_read
 .text.tu_fifo_read_n
                0x0000000010006c34       0xf0 CMakeFiles/pockpetv1.dir/home/plebish/pico/pico-sdk/lib/tinyusb/src/common/tusb_fifo.c.obj
                0x0000000010006c34                tu_fifo_read_n
 .text.tu_fifo_write
                0x0000000010006d24       0x88 CMakeFiles/pockpetv1.dir/home/plebish/pico/pico-sdk/lib/tinyusb/src/common/tusb_fifo.c.obj
                0x0000000010006d24                tu_fifo_write
 .text.tu_fifo_write_n
                0x0000000010006dac      0x158 CMakeFiles/pockpetv1.dir/home/plebish/pico/pico-sdk/lib/tinyusb/src/common/tusb_fifo.c.obj
                0x0000000010006dac                tu_fifo_write_n
 .text.tu_fifo_clear
                0x0000000010006f04       0x40 CMakeFiles/pockpetv1.dir/home/plebish/pico/pico-sdk/lib/tinyusb/src/common/tusb_fifo.c.obj
                0x0000000010006f04                tu_fifo_clear
 .text.tu_fifo_set_overwritable
                0x0000000010006f44       0x48 CMakeFiles/pockpetv1.dir/home/plebish/pico/pico-sdk/lib/tinyusb/src/common/tusb_fifo.c.obj
                0x0000000010006f44                tu_fifo_set_overwritable
 .text.spi_init
                0x0000000010006f8c      0x130 CMakeFiles/pockpetv1.dir/home/plebish/pico/pico-sdk/src/rp2_common/hardware_spi/spi.c.obj
                0x0000000010006f8c                spi_init
 .text._ZN5Print17availableForWriteEv
                0x00000000100070bc        0x4 ../st7735/libst7735.a(ST7735_TFT.cpp.obj)
                0x00000000100070bc                Print::availableForWrite()
 .text._ZN10ST7735_TFTC2Ev
                0x00000000100070c0       0x20 ../st7735/libst7735.a(ST7735_TFT.cpp.obj)
                0x00000000100070c0                ST7735_TFT::ST7735_TFT()
                0x00000000100070c0                ST7735_TFT::ST7735_TFT()
 .text._ZN10ST7735_TFT12TFTSetupGPIOEaaaaa
                0x00000000100070e0       0x4c ../st7735/libst7735.a(ST7735_TFT.cpp.obj)
                0x00000000100070e0                ST7735_TFT::TFTSetupGPIO(signed char, signed char, signed char, signed char, signed char)
 .text._ZN10ST7735_TFT4BcmdEv
                0x000000001000712c      0x1b8 ../st7735/libst7735.a(ST7735_TFT.cpp.obj)
                0x000000001000712c                ST7735_TFT::Bcmd()
 .text._ZN10ST7735_TFT20TFTST7735BInitializeEv
                0x00000000100072e4       0xd4 ../st7735/libst7735.a(ST7735_TFT.cpp.obj)
                0x00000000100072e4                ST7735_TFT::TFTST7735BInitialize()
 .text._ZN10ST7735_TFT5Rcmd1Ev
                0x00000000100073b8      0x13c ../st7735/libst7735.a(ST7735_TFT.cpp.obj)
                0x00000000100073b8                ST7735_TFT::Rcmd1()
 .text._ZN10ST7735_TFT5Rcmd3Ev
                0x00000000100074f4       0x6c ../st7735/libst7735.a(ST7735_TFT.cpp.obj)
                0x00000000100074f4                ST7735_TFT::Rcmd3()
 .text._ZN10ST7735_TFT21TFTGreenTabInitializeEv
                0x0000000010007560      0x128 ../st7735/libst7735.a(ST7735_TFT.cpp.obj)
                0x0000000010007560                ST7735_TFT::TFTGreenTabInitialize()
 .text._ZN10ST7735_TFT19TFTRedTabInitializeEv
                0x0000000010007688      0x10c ../st7735/libst7735.a(ST7735_TFT.cpp.obj)
                0x0000000010007688                ST7735_TFT::TFTRedTabInitialize()
 .text._ZN10ST7735_TFT21TFTBlackTabInitializeEv
                0x0000000010007794      0x11c ../st7735/libst7735.a(ST7735_TFT.cpp.obj)
                0x0000000010007794                ST7735_TFT::TFTBlackTabInitialize()
 .text._ZN10ST7735_TFT17TFTInitScreenSizeEhhtt
                0x00000000100078b0       0x18 ../st7735/libst7735.a(ST7735_TFT.cpp.obj)
                0x00000000100078b0                ST7735_TFT::TFTInitScreenSize(unsigned char, unsigned char, unsigned short, unsigned short)
 .text._ZN10ST7735_TFT14TFTInitPCBTypeENS_13TFT_PCBtype_eE
                0x00000000100078c8       0x28 ../st7735/libst7735.a(ST7735_TFT.cpp.obj)
                0x00000000100078c8                ST7735_TFT::TFTInitPCBType(ST7735_TFT::TFT_PCBtype_e)
 .text._ZN10ST7735_TFT14TFTInitSPITypeEmP8spi_inst
                0x00000000100078f0        0xc ../st7735/libst7735.a(ST7735_TFT.cpp.obj)
                0x00000000100078f0                ST7735_TFT::TFTInitSPIType(unsigned long, spi_inst*)
 .text._ZN5Print5writeEPKhj
                0x00000000100078fc       0x28 ../st7735/libst7735.a(ST7735_TFT_Print.cpp.obj)
                0x00000000100078fc                Print::write(unsigned char const*, unsigned int)
 .text._ZN19ST7735_TFT_graphicsC2Ev
                0x0000000010007924       0x30 ../st7735/libst7735.a(ST7735_TFT_graphics.cpp.obj)
                0x0000000010007924                ST7735_TFT_graphics::ST7735_TFT_graphics()
                0x0000000010007924                ST7735_TFT_graphics::ST7735_TFT_graphics()
 .text._ZN19ST7735_TFT_graphics10TFTFontNumENS_15TFT_Font_Type_eE
                0x0000000010007954      0x110 ../st7735/libst7735.a(ST7735_TFT_graphics.cpp.obj)
                0x0000000010007954                ST7735_TFT_graphics::TFTFontNum(ST7735_TFT_graphics::TFT_Font_Type_e)
 .text._ZN19ST7735_TFT_graphics12writeCommandEh
                0x0000000010007a64      0x300 ../st7735/libst7735.a(ST7735_TFT_graphics.cpp.obj)
                0x0000000010007a64                ST7735_TFT_graphics::writeCommand(unsigned char)
 .text._ZN19ST7735_TFT_graphics9writeDataEh
                0x0000000010007d64      0x300 ../st7735/libst7735.a(ST7735_TFT_graphics.cpp.obj)
                0x0000000010007d64                ST7735_TFT_graphics::writeData(unsigned char)
 .text._ZN19ST7735_TFT_graphics16TFTsetAddrWindowEhhhh
                0x0000000010008064      0x780 ../st7735/libst7735.a(ST7735_TFT_graphics.cpp.obj)
                0x0000000010008064                ST7735_TFT_graphics::TFTsetAddrWindow(unsigned char, unsigned char, unsigned char, unsigned char)
 .text._ZN19ST7735_TFT_graphics16TFTdrawFastVLineEhhht
                0x00000000100087e4      0x734 ../st7735/libst7735.a(ST7735_TFT_graphics.cpp.obj)
                0x00000000100087e4                ST7735_TFT_graphics::TFTdrawFastVLine(unsigned char, unsigned char, unsigned char, unsigned short)
 .text._ZN19ST7735_TFT_graphics11TFTdrawCharEhhhtt
                0x0000000010008f18      0x258 ../st7735/libst7735.a(ST7735_TFT_graphics.cpp.obj)
                0x0000000010008f18                ST7735_TFT_graphics::TFTdrawChar(unsigned char, unsigned char, unsigned char, unsigned short, unsigned short)
 .text._ZN19ST7735_TFT_graphics11TFTdrawCharEhhhtth
                0x0000000010009170      0x2f4 ../st7735/libst7735.a(ST7735_TFT_graphics.cpp.obj)
                0x0000000010009170                ST7735_TFT_graphics::TFTdrawChar(unsigned char, unsigned char, unsigned char, unsigned short, unsigned short, unsigned char)
 .text._ZN19ST7735_TFT_graphics11TFTdrawTextEhhPctth
                0x0000000010009464      0x100 ../st7735/libst7735.a(ST7735_TFT_graphics.cpp.obj)
                0x0000000010009464                ST7735_TFT_graphics::TFTdrawText(unsigned char, unsigned char, char*, unsigned short, unsigned short, unsigned char)
 .text._ZN19ST7735_TFT_graphics5writeEh
                0x0000000010009564       0xf4 ../st7735/libst7735.a(ST7735_TFT_graphics.cpp.obj)
                0x0000000010009564                ST7735_TFT_graphics::write(unsigned char)
 .text._ZN19ST7735_TFT_graphics18spiWriteDataBufferEPhm
                0x0000000010009658      0x3ec ../st7735/libst7735.a(ST7735_TFT_graphics.cpp.obj)
                0x0000000010009658                ST7735_TFT_graphics::spiWriteDataBuffer(unsigned char*, unsigned long)
 .text._ZN19ST7735_TFT_graphics13TFTfillScreenEt
                0x0000000010009a44       0xdc ../st7735/libst7735.a(ST7735_TFT_graphics.cpp.obj)
                0x0000000010009a44                ST7735_TFT_graphics::TFTfillScreen(unsigned short)
 .text.startup._GLOBAL__sub_I__ZN9__gnu_cxx9__freeresEv
                0x0000000010009b20       0x2c /usr/lib/gcc/arm-none-eabi/9.2.1/../../../arm-none-eabi/lib/thumb/v6-m/nofp/libstdc++.a(eh_alloc.o)
 .text          0x0000000010009b4c       0x28 /usr/lib/gcc/arm-none-eabi/9.2.1/../../../arm-none-eabi/lib/thumb/v6-m/nofp/libc.a(lib_a-malloc.o)
                0x0000000010009b4c                malloc
                0x0000000010009b60                free
 .text          0x0000000010009b74      0x58c /usr/lib/gcc/arm-none-eabi/9.2.1/../../../arm-none-eabi/lib/thumb/v6-m/nofp/libc.a(lib_a-mallocr.o)
                0x0000000010009b74                _malloc_r
 .text          0x000000001000a100        0x8 /usr/lib/gcc/arm-none-eabi/9.2.1/../../../arm-none-eabi/lib/thumb/v6-m/nofp/libc.a(lib_a-mlock.o)
                0x000000001000a100                __malloc_lock
                0x000000001000a104                __malloc_unlock
 .text          0x000000001000a108       0x24 /usr/lib/gcc/arm-none-eabi/9.2.1/../../../arm-none-eabi/lib/thumb/v6-m/nofp/libc.a(lib_a-sbrkr.o)
                0x000000001000a108                _sbrk_r
 .text          0x000000001000a12c       0x68 /usr/lib/gcc/arm-none-eabi/9.2.1/../../../arm-none-eabi/lib/thumb/v6-m/nofp/libc.a(lib_a-strlen-stub.o)
                0x000000001000a12c                strlen
 .text          0x000000001000a194      0x27c /usr/lib/gcc/arm-none-eabi/9.2.1/../../../arm-none-eabi/lib/thumb/v6-m/nofp/libc.a(lib_a-freer.o)
                0x000000001000a194                _malloc_trim_r
                0x000000001000a234                _free_r
 *(.fini)
 .fini          0x000000001000a410        0x4 /usr/lib/gcc/arm-none-eabi/9.2.1/thumb/v6-m/nofp/crti.o
                0x000000001000a410                _fini
 *fill*         0x000000001000a414        0x4 
 .fini.__stub   0x000000001000a418       0xe0 linker stubs
 *crtbegin.o(.ctors)
 *crtbegin?.o(.ctors)
 *(EXCLUDE_FILE(*crtend.o *crtend?.o) .ctors)
 *(SORT_BY_NAME(.ctors.*))
 *(.ctors)
 *crtbegin.o(.dtors)
 *crtbegin?.o(.dtors)
 *(EXCLUDE_FILE(*crtend.o *crtend?.o) .dtors)
 *(SORT_BY_NAME(.dtors.*))
 *(.dtors)
 *(.eh_frame*)
 .eh_frame      0x000000001000a4f8        0x0 /usr/lib/gcc/arm-none-eabi/9.2.1/thumb/v6-m/nofp/crtbegin.o
                0x000000001000a4f8                . = ALIGN (0x4)

.glue_7         0x000000001000a4f8        0x0
 .glue_7        0x000000001000a4f8        0x0 linker stubs

.glue_7t        0x000000001000a4f8        0x0
 .glue_7t       0x000000001000a4f8        0x0 linker stubs

.vfp11_veneer   0x000000001000a4f8        0x0
 .vfp11_veneer  0x000000001000a4f8        0x0 linker stubs

.v4_bx          0x000000001000a4f8        0x0
 .v4_bx         0x000000001000a4f8        0x0 linker stubs

.iplt           0x000000001000a4f8        0x0
 .iplt          0x000000001000a4f8        0x0 /usr/lib/gcc/arm-none-eabi/9.2.1/thumb/v6-m/nofp/crtbegin.o

.rodata         0x000000001000a4f8     0x44f8
 *(EXCLUDE_FILE(*libm.a: *libc.a:*lib_a-mem*.o *libgcc.a:) .rodata*)
 .rodata._Z8tftSetupv.str1.4
                0x000000001000a4f8        0xe CMakeFiles/pockpetv1.dir/main.cpp.obj
 *fill*         0x000000001000a506        0x2 
 .rodata._Z16BoolStatusUpdatev.str1.4
                0x000000001000a508       0x18 CMakeFiles/pockpetv1.dir/main.cpp.obj
 .rodata.spin_lock_claim_unused.str1.4
                0x000000001000a520       0x1b CMakeFiles/pockpetv1.dir/home/plebish/pico/pico-sdk/src/rp2_common/hardware_sync/sync.c.obj
 *fill*         0x000000001000a53b        0x1 
 .rodata.user_irq_claim_unused.str1.4
                0x000000001000a53c       0x1b CMakeFiles/pockpetv1.dir/home/plebish/pico/pico-sdk/src/rp2_common/hardware_irq/irq.c.obj
 *fill*         0x000000001000a557        0x1 
 .rodata.hardware_alarm_claim.str1.4
                0x000000001000a558       0x22 CMakeFiles/pockpetv1.dir/home/plebish/pico/pico-sdk/src/rp2_common/hardware_timer/timer.c.obj
 *fill*         0x000000001000a57a        0x2 
 .rodata.panic.str1.4
                0x000000001000a57c       0x10 CMakeFiles/pockpetv1.dir/home/plebish/pico/pico-sdk/src/rp2_common/pico_runtime/runtime.c.obj
                                         0x12 (size before relaxing)
 .rodata.hard_assertion_failure.str1.4
                0x000000001000a58c        0xc CMakeFiles/pockpetv1.dir/home/plebish/pico/pico-sdk/src/rp2_common/pico_runtime/runtime.c.obj
 .rodata._ftoa.str1.4
                0x000000001000a598       0x15 CMakeFiles/pockpetv1.dir/home/plebish/pico/pico-sdk/src/rp2_common/pico_printf/printf.c.obj
 *fill*         0x000000001000a5ad        0x3 
 .rodata._vsnprintf
                0x000000001000a5b0      0x1e0 CMakeFiles/pockpetv1.dir/home/plebish/pico/pico-sdk/src/rp2_common/pico_printf/printf.c.obj
 .rodata.pow10.5444
                0x000000001000a790       0x50 CMakeFiles/pockpetv1.dir/home/plebish/pico/pico-sdk/src/rp2_common/pico_printf/printf.c.obj
 .rodata.__wrap_malloc.str1.4
                0x000000001000a7e0        0xe CMakeFiles/pockpetv1.dir/home/plebish/pico/pico-sdk/src/rp2_common/pico_malloc/pico_malloc.c.obj
 *fill*         0x000000001000a7ee        0x2 
 .rodata.str1.4
                0x000000001000a7f0       0x40 CMakeFiles/pockpetv1.dir/home/plebish/pico/pico-sdk/src/rp2_common/pico_standard_link/binary_info.c.obj
 .rodata.__bi_44
                0x000000001000a830        0xc CMakeFiles/pockpetv1.dir/home/plebish/pico/pico-sdk/src/rp2_common/pico_standard_link/binary_info.c.obj
 .rodata.__bi_75
                0x000000001000a83c        0xc CMakeFiles/pockpetv1.dir/home/plebish/pico/pico-sdk/src/rp2_common/pico_standard_link/binary_info.c.obj
 .rodata.__bi_81
                0x000000001000a848        0xc CMakeFiles/pockpetv1.dir/home/plebish/pico/pico-sdk/src/rp2_common/pico_standard_link/binary_info.c.obj
 .rodata.crlf_str.6087
                0x000000001000a854        0x2 CMakeFiles/pockpetv1.dir/home/plebish/pico/pico-sdk/src/rp2_common/pico_stdio/stdio.c.obj
 *fill*         0x000000001000a856        0x2 
 .rodata._resetd_driver
                0x000000001000a858       0x18 CMakeFiles/pockpetv1.dir/home/plebish/pico/pico-sdk/src/rp2_common/pico_stdio_usb/reset_interface.c.obj
 .rodata.str1.4
                0x000000001000a870       0x13 CMakeFiles/pockpetv1.dir/home/plebish/pico/pico-sdk/src/rp2_common/pico_stdio_usb/stdio_usb.c.obj
 *fill*         0x000000001000a883        0x1 
 .rodata.__bi_182.7658
                0x000000001000a884        0xc CMakeFiles/pockpetv1.dir/home/plebish/pico/pico-sdk/src/rp2_common/pico_stdio_usb/stdio_usb.c.obj
 .rodata.str1.4
                0x000000001000a890       0x2a CMakeFiles/pockpetv1.dir/home/plebish/pico/pico-sdk/src/rp2_common/pico_stdio_usb/stdio_usb_descriptors.c.obj
 *fill*         0x000000001000a8ba        0x2 
 .rodata.usbd_desc_cfg
                0x000000001000a8bc       0x54 CMakeFiles/pockpetv1.dir/home/plebish/pico/pico-sdk/src/rp2_common/pico_stdio_usb/stdio_usb_descriptors.c.obj
 .rodata.usbd_desc_device
                0x000000001000a910       0x12 CMakeFiles/pockpetv1.dir/home/plebish/pico/pico-sdk/src/rp2_common/pico_stdio_usb/stdio_usb_descriptors.c.obj
 *fill*         0x000000001000a922        0x2 
 .rodata.usbd_desc_str
                0x000000001000a924       0x18 CMakeFiles/pockpetv1.dir/home/plebish/pico/pico-sdk/src/rp2_common/pico_stdio_usb/stdio_usb_descriptors.c.obj
 .rodata.str1.4
                0x000000001000a93c       0x14 CMakeFiles/pockpetv1.dir/home/plebish/pico/pico-sdk/lib/tinyusb/src/portable/raspberrypi/rp2040/dcd_rp2040.c.obj
 .rodata.str1.4
                0x000000001000a950       0x53 CMakeFiles/pockpetv1.dir/home/plebish/pico/pico-sdk/lib/tinyusb/src/portable/raspberrypi/rp2040/rp2040_usb.c.obj
 *fill*         0x000000001000a9a3        0x1 
 .rodata.tud_task_ext
                0x000000001000a9a4       0x8c CMakeFiles/pockpetv1.dir/home/plebish/pico/pico-sdk/lib/tinyusb/src/device/usbd.c.obj
 .rodata._usbd_driver
                0x000000001000aa30       0x18 CMakeFiles/pockpetv1.dir/home/plebish/pico/pico-sdk/lib/tinyusb/src/device/usbd.c.obj
 .rodata._ZN10ST7735_TFT4BcmdEv.str1.4
                0x000000001000aa48       0x25 ../st7735/libst7735.a(ST7735_TFT.cpp.obj)
 *fill*         0x000000001000aa6d        0x3 
 .rodata._ZN10ST7735_TFT5Rcmd1Ev.str1.4
                0x000000001000aa70       0x10 ../st7735/libst7735.a(ST7735_TFT.cpp.obj)
 .rodata._ZTV10ST7735_TFT
                0x000000001000aa80       0x14 ../st7735/libst7735.a(ST7735_TFT.cpp.obj)
                0x000000001000aa80                vtable for ST7735_TFT
 .rodata        0x000000001000aa94       0x20 ../st7735/libst7735.a(ST7735_TFT.cpp.obj)
 .rodata._ZN19ST7735_TFT_graphics10TFTFontNumENS_15TFT_Font_Type_eE
                0x000000001000aab4       0x34 ../st7735/libst7735.a(ST7735_TFT_graphics.cpp.obj)
 .rodata._ZN19ST7735_TFT_graphics11TFTdrawCharEhhhtt.str1.4
                0x000000001000aae8      0x10c ../st7735/libst7735.a(ST7735_TFT_graphics.cpp.obj)
 .rodata._ZN19ST7735_TFT_graphics11TFTdrawCharEhhhtt
                0x000000001000abf4       0x18 ../st7735/libst7735.a(ST7735_TFT_graphics.cpp.obj)
 .rodata._ZN19ST7735_TFT_graphics11TFTdrawCharEhhhtth.str1.4
                0x000000001000ac0c       0xbb ../st7735/libst7735.a(ST7735_TFT_graphics.cpp.obj)
 *fill*         0x000000001000acc7        0x1 
 .rodata._ZN19ST7735_TFT_graphics11TFTdrawCharEhhhtth
                0x000000001000acc8       0x1c ../st7735/libst7735.a(ST7735_TFT_graphics.cpp.obj)
 .rodata._ZN19ST7735_TFT_graphics11TFTdrawTextEhhPctth.str1.4
                0x000000001000ace4       0xdc ../st7735/libst7735.a(ST7735_TFT_graphics.cpp.obj)
 .rodata._ZN19ST7735_TFT_graphics5writeEh.str1.4
                0x000000001000adc0       0x6d ../st7735/libst7735.a(ST7735_TFT_graphics.cpp.obj)
 *fill*         0x000000001000ae2d        0x3 
 .rodata._ZN19ST7735_TFT_graphics16TFTfillRectangleEhhhht.str1.4
                0x000000001000ae30       0x6a ../st7735/libst7735.a(ST7735_TFT_graphics.cpp.obj)
 *fill*         0x000000001000ae9a        0x2 
 .rodata._ZTV19ST7735_TFT_graphics
                0x000000001000ae9c       0x14 ../st7735/libst7735.a(ST7735_TFT_graphics.cpp.obj)
                0x000000001000ae9c                vtable for ST7735_TFT_graphics
 .rodata._ZL10Font_Eight
                0x000000001000aeb0      0x1c0 ../st7735/libst7735.a(ST7735_TFT_Font.cpp.obj)
 .rodata._ZL10Font_Seven
                0x000000001000b070      0x380 ../st7735/libst7735.a(ST7735_TFT_Font.cpp.obj)
 .rodata._ZL10Font_Three
                0x000000001000b3f0      0x16c ../st7735/libst7735.a(ST7735_TFT_Font.cpp.obj)
 .rodata._ZL11Font_Eleven
                0x000000001000b55c      0x5f0 ../st7735/libst7735.a(ST7735_TFT_Font.cpp.obj)
 .rodata._ZL11Font_Twelve
                0x000000001000bb4c      0x474 ../st7735/libst7735.a(ST7735_TFT_Font.cpp.obj)
 .rodata._ZL8Font_One
                0x000000001000bfc0      0x4fb ../st7735/libst7735.a(ST7735_TFT_Font.cpp.obj)
 *fill*         0x000000001000c4bb        0x1 
 .rodata._ZL8Font_Six
                0x000000001000c4bc      0x299 ../st7735/libst7735.a(ST7735_TFT_Font.cpp.obj)
 *fill*         0x000000001000c755        0x3 
 .rodata._ZL8Font_Ten
                0x000000001000c758      0xc00 ../st7735/libst7735.a(ST7735_TFT_Font.cpp.obj)
 .rodata._ZL8Font_Two
                0x000000001000d358      0x19d ../st7735/libst7735.a(ST7735_TFT_Font.cpp.obj)
 *fill*         0x000000001000d4f5        0x3 
 .rodata._ZL9Font_Five
                0x000000001000d4f8      0x120 ../st7735/libst7735.a(ST7735_TFT_Font.cpp.obj)
 .rodata._ZL9Font_Four
                0x000000001000d618      0x1d8 ../st7735/libst7735.a(ST7735_TFT_Font.cpp.obj)
 .rodata._ZL9Font_Nine
                0x000000001000d7f0     0x1200 ../st7735/libst7735.a(ST7735_TFT_Font.cpp.obj)
                0x000000001000e9f0                . = ALIGN (0x4)
 *(SORT_BY_ALIGNMENT(SORT_BY_NAME(.flashdata*)))
                0x000000001000e9f0                . = ALIGN (0x4)

.ARM.extab
 *(.ARM.extab* .gnu.linkonce.armextab.*)
                0x000000001000e9f0                __exidx_start = .

.ARM.exidx      0x000000001000e9f0        0x8
 *(.ARM.exidx* .gnu.linkonce.armexidx.*)
 .ARM.exidx.text.startup._GLOBAL__sub_I__ZN9__gnu_cxx9__freeresEv
                0x000000001000e9f0        0x8 /usr/lib/gcc/arm-none-eabi/9.2.1/../../../arm-none-eabi/lib/thumb/v6-m/nofp/libstdc++.a(eh_alloc.o)
                0x000000001000e9f8                __exidx_end = .
                0x000000001000e9f8                . = ALIGN (0x4)
                0x000000001000e9f8                __binary_info_start = .

.binary_info    0x000000001000e9f8       0x20
 *(.binary_info.keep.*)
 .binary_info.keep.__bi_ptr22
                0x000000001000e9f8        0x4 CMakeFiles/pockpetv1.dir/home/plebish/pico/pico-sdk/src/rp2_common/pico_standard_link/binary_info.c.obj
 .binary_info.keep.__bi_ptr30
                0x000000001000e9fc        0x4 CMakeFiles/pockpetv1.dir/home/plebish/pico/pico-sdk/src/rp2_common/pico_standard_link/binary_info.c.obj
 .binary_info.keep.__bi_ptr38
                0x000000001000ea00        0x4 CMakeFiles/pockpetv1.dir/home/plebish/pico/pico-sdk/src/rp2_common/pico_standard_link/binary_info.c.obj
 .binary_info.keep.__bi_ptr44
                0x000000001000ea04        0x4 CMakeFiles/pockpetv1.dir/home/plebish/pico/pico-sdk/src/rp2_common/pico_standard_link/binary_info.c.obj
 .binary_info.keep.__bi_ptr50
                0x000000001000ea08        0x4 CMakeFiles/pockpetv1.dir/home/plebish/pico/pico-sdk/src/rp2_common/pico_standard_link/binary_info.c.obj
 .binary_info.keep.__bi_ptr75
                0x000000001000ea0c        0x4 CMakeFiles/pockpetv1.dir/home/plebish/pico/pico-sdk/src/rp2_common/pico_standard_link/binary_info.c.obj
 .binary_info.keep.__bi_ptr81
                0x000000001000ea10        0x4 CMakeFiles/pockpetv1.dir/home/plebish/pico/pico-sdk/src/rp2_common/pico_standard_link/binary_info.c.obj
 *(.binary_info.*)
 .binary_info.__bi_ptr182
                0x000000001000ea14        0x4 CMakeFiles/pockpetv1.dir/home/plebish/pico/pico-sdk/src/rp2_common/pico_stdio_usb/stdio_usb.c.obj
                0x000000001000ea18                __binary_info_end = .

.rel.dyn        0x000000001000ea18        0x0
 .rel.iplt      0x000000001000ea18        0x0 /usr/lib/gcc/arm-none-eabi/9.2.1/thumb/v6-m/nofp/crtbegin.o
                0x000000001000ea18                . = ALIGN (0x4)

.ram_vector_table
                0x0000000020000000       0xc0
 *(.ram_vector_table)
 .ram_vector_table
                0x0000000020000000       0xc0 CMakeFiles/pockpetv1.dir/home/plebish/pico/pico-sdk/src/rp2_common/pico_runtime/runtime.c.obj
                0x0000000020000000                ram_vector_table

.data           0x00000000200000c0     0x1758 load address 0x000000001000ea18
                0x00000000200000c0                __data_start__ = .
 *(vtable)
 *(.time_critical*)
 .time_critical.mutex_try_enter
                0x00000000200000c0       0x48 CMakeFiles/pockpetv1.dir/home/plebish/pico/pico-sdk/src/common/pico_sync/mutex.c.obj
                0x00000000200000c0                mutex_try_enter
 .time_critical.mutex_try_enter_block_until
                0x0000000020000108       0xb0 CMakeFiles/pockpetv1.dir/home/plebish/pico/pico-sdk/src/common/pico_sync/mutex.c.obj
                0x0000000020000108                mutex_try_enter_block_until
 .time_critical.mutex_enter_timeout_ms
                0x00000000200001b8       0x90 CMakeFiles/pockpetv1.dir/home/plebish/pico/pico-sdk/src/common/pico_sync/mutex.c.obj
                0x00000000200001b8                mutex_enter_timeout_ms
 .time_critical.mutex_exit
                0x0000000020000248       0x28 CMakeFiles/pockpetv1.dir/home/plebish/pico/pico-sdk/src/common/pico_sync/mutex.c.obj
                0x0000000020000248                mutex_exit
 .time_critical.flash_init_boot2_copyout
                0x0000000020000270       0x30 CMakeFiles/pockpetv1.dir/home/plebish/pico/pico-sdk/src/rp2_common/hardware_flash/flash.c.obj
 .time_critical.flash_enable_xip_via_boot2
                0x00000000200002a0       0x10 CMakeFiles/pockpetv1.dir/home/plebish/pico/pico-sdk/src/rp2_common/hardware_flash/flash.c.obj
 .time_critical.flash_cs_force
                0x00000000200002b0       0x38 CMakeFiles/pockpetv1.dir/home/plebish/pico/pico-sdk/src/rp2_common/hardware_flash/flash.c.obj
 .time_critical.flash_do_cmd
                0x00000000200002e8       0xc4 CMakeFiles/pockpetv1.dir/home/plebish/pico/pico-sdk/src/rp2_common/hardware_flash/flash.c.obj
                0x00000000200002e8                flash_do_cmd
 .time_critical.reset_non_control_endpoints
                0x00000000200003ac       0xbc CMakeFiles/pockpetv1.dir/home/plebish/pico/pico-sdk/lib/tinyusb/src/portable/raspberrypi/rp2040/dcd_rp2040.c.obj
 .time_critical.hw_handle_buff_status
                0x0000000020000468       0xb4 CMakeFiles/pockpetv1.dir/home/plebish/pico/pico-sdk/lib/tinyusb/src/portable/raspberrypi/rp2040/dcd_rp2040.c.obj
 .time_critical.dcd_rp2040_irq
                0x000000002000051c      0x4f4 CMakeFiles/pockpetv1.dir/home/plebish/pico/pico-sdk/lib/tinyusb/src/portable/raspberrypi/rp2040/dcd_rp2040.c.obj
 .time_critical.prepare_ep_buffer
                0x0000000020000a10       0x70 CMakeFiles/pockpetv1.dir/home/plebish/pico/pico-sdk/lib/tinyusb/src/portable/raspberrypi/rp2040/rp2040_usb.c.obj
 .time_critical.sync_ep_buffer
                0x0000000020000a80       0x4c CMakeFiles/pockpetv1.dir/home/plebish/pico/pico-sdk/lib/tinyusb/src/portable/raspberrypi/rp2040/rp2040_usb.c.obj
 .time_critical._hw_endpoint_xfer_sync
                0x0000000020000acc       0x28 CMakeFiles/pockpetv1.dir/home/plebish/pico/pico-sdk/lib/tinyusb/src/portable/raspberrypi/rp2040/rp2040_usb.c.obj
 .time_critical.e15_is_bulkin_ep
                0x0000000020000af4       0x28 CMakeFiles/pockpetv1.dir/home/plebish/pico/pico-sdk/lib/tinyusb/src/portable/raspberrypi/rp2040/rp2040_usb.c.obj
 .time_critical.e15_is_critical_frame_period
                0x0000000020000b1c       0x38 CMakeFiles/pockpetv1.dir/home/plebish/pico/pico-sdk/lib/tinyusb/src/portable/raspberrypi/rp2040/rp2040_usb.c.obj
 .time_critical.hw_endpoint_reset_transfer
                0x0000000020000b54        0xc CMakeFiles/pockpetv1.dir/home/plebish/pico/pico-sdk/lib/tinyusb/src/portable/raspberrypi/rp2040/rp2040_usb.c.obj
                0x0000000020000b54                hw_endpoint_reset_transfer
 .time_critical._hw_endpoint_buffer_control_update32
                0x0000000020000b60       0x58 CMakeFiles/pockpetv1.dir/home/plebish/pico/pico-sdk/lib/tinyusb/src/portable/raspberrypi/rp2040/rp2040_usb.c.obj
                0x0000000020000b60                _hw_endpoint_buffer_control_update32
 .time_critical.hw_endpoint_start_next_buffer
                0x0000000020000bb8       0x6c CMakeFiles/pockpetv1.dir/home/plebish/pico/pico-sdk/lib/tinyusb/src/portable/raspberrypi/rp2040/rp2040_usb.c.obj
                0x0000000020000bb8                hw_endpoint_start_next_buffer
 .time_critical.hw_endpoint_xfer_continue
                0x0000000020000c24       0x50 CMakeFiles/pockpetv1.dir/home/plebish/pico/pico-sdk/lib/tinyusb/src/portable/raspberrypi/rp2040/rp2040_usb.c.obj
                0x0000000020000c24                hw_endpoint_xfer_continue
 .time_critical.tinyusb
                0x0000000020000c74      0x170 CMakeFiles/pockpetv1.dir/home/plebish/pico/pico-sdk/lib/tinyusb/src/device/usbd.c.obj
                0x0000000020000c74                dcd_event_handler
 .time_critical.spi_write_blocking
                0x0000000020000de4       0x4c CMakeFiles/pockpetv1.dir/home/plebish/pico/pico-sdk/src/rp2_common/hardware_spi/spi.c.obj
                0x0000000020000de4                spi_write_blocking
 *(.text*)
 .text          0x0000000020000e30        0x4 /usr/lib/gcc/arm-none-eabi/9.2.1/thumb/v6-m/nofp/libgcc.a(_dvmd_tls.o)
                0x0000000020000e30                __aeabi_ldiv0
                0x0000000020000e30                __aeabi_idiv0
 *fill*         0x0000000020000e34        0x4 
 .text.__stub   0x0000000020000e38       0x70 linker stubs
                0x0000000020000ea8                . = ALIGN (0x4)
 *(.rodata*)
                0x0000000020000ea8                . = ALIGN (0x4)
 *(.data*)
 .data.striped_spin_lock_num
                0x0000000020000ea8        0x1 CMakeFiles/pockpetv1.dir/home/plebish/pico/pico-sdk/src/rp2_common/hardware_sync/sync.c.obj
 *fill*         0x0000000020000ea9        0x3 
 .data          0x0000000020000eac       0x48 CMakeFiles/pockpetv1.dir/home/plebish/pico/pico-sdk/src/rp2_common/hardware_irq/irq_handler_chain.S.obj
                0x0000000020000eac                irq_handler_chain_slots
                0x0000000020000edc                irq_handler_chain_first_slot
                0x0000000020000ee6                irq_handler_chain_remove_tail
 .data.default_alarm_pool
                0x0000000020000ef4       0x18 CMakeFiles/pockpetv1.dir/home/plebish/pico/pico-sdk/src/common/pico_time/time.c.obj
 .data.default_alarm_pool_heap
                0x0000000020000f0c       0x10 CMakeFiles/pockpetv1.dir/home/plebish/pico/pico-sdk/src/common/pico_time/time.c.obj
 *fill*         0x0000000020000f1c        0x4 
 .data.aeabi_bits_funcs
                0x0000000020000f20       0x10 CMakeFiles/pockpetv1.dir/home/plebish/pico/pico-sdk/src/rp2_common/pico_bit_ops/bit_ops_aeabi.S.obj
                0x0000000020000f20                aeabi_bits_funcs
                0x0000000020000f30                aeabi_bits_funcs_end
 .data.aeabi_mem_funcs
                0x0000000020000f30       0x10 CMakeFiles/pockpetv1.dir/home/plebish/pico/pico-sdk/src/rp2_common/pico_mem_ops/mem_ops_aeabi.S.obj
                0x0000000020000f30                aeabi_mem_funcs
                0x0000000020000f40                aeabi_mem_funcs_end
 .data.stdio_usb
                0x0000000020000f40       0x18 CMakeFiles/pockpetv1.dir/home/plebish/pico/pico-sdk/src/rp2_common/pico_stdio_usb/stdio_usb.c.obj
                0x0000000020000f40                stdio_usb
 .data.ep_dir_string
                0x0000000020000f58        0x8 CMakeFiles/pockpetv1.dir/home/plebish/pico/pico-sdk/lib/tinyusb/src/portable/raspberrypi/rp2040/rp2040_usb.c.obj
                0x0000000020000f58                ep_dir_string
 .data._usbd_qdef
                0x0000000020000f60       0x1c CMakeFiles/pockpetv1.dir/home/plebish/pico/pico-sdk/lib/tinyusb/src/device/usbd.c.obj
                0x0000000020000f60                _usbd_qdef
 .data._usbd_rhport
                0x0000000020000f7c        0x1 CMakeFiles/pockpetv1.dir/home/plebish/pico/pico-sdk/lib/tinyusb/src/device/usbd.c.obj
 *fill*         0x0000000020000f7d        0x3 
 .data.pFontArial16x16ptr
                0x0000000020000f80        0x4 ../st7735/libst7735.a(ST7735_TFT_Font.cpp.obj)
                0x0000000020000f80                pFontArial16x16ptr
 .data.pFontArial16x24ptr
                0x0000000020000f84        0x4 ../st7735/libst7735.a(ST7735_TFT_Font.cpp.obj)
                0x0000000020000f84                pFontArial16x24ptr
 .data.pFontBigNum16x32ptr
                0x0000000020000f88        0x4 ../st7735/libst7735.a(ST7735_TFT_Font.cpp.obj)
                0x0000000020000f88                pFontBigNum16x32ptr
 .data.pFontDedica6x12ptr
                0x0000000020000f8c        0x4 ../st7735/libst7735.a(ST7735_TFT_Font.cpp.obj)
                0x0000000020000f8c                pFontDedica6x12ptr
 .data.pFontDefaultptr
                0x0000000020000f90        0x4 ../st7735/libst7735.a(ST7735_TFT_Font.cpp.obj)
                0x0000000020000f90                pFontDefaultptr
 .data.pFontHomeSpunptr
                0x0000000020000f94        0x4 ../st7735/libst7735.a(ST7735_TFT_Font.cpp.obj)
                0x0000000020000f94                pFontHomeSpunptr
 .data.pFontMedNum16x16ptr
                0x0000000020000f98        0x4 ../st7735/libst7735.a(ST7735_TFT_Font.cpp.obj)
                0x0000000020000f98                pFontMedNum16x16ptr
 .data.pFontMia8x16ptr
                0x0000000020000f9c        0x4 ../st7735/libst7735.a(ST7735_TFT_Font.cpp.obj)
                0x0000000020000f9c                pFontMia8x16ptr
 .data.pFontSevenSegptr
                0x0000000020000fa0        0x4 ../st7735/libst7735.a(ST7735_TFT_Font.cpp.obj)
                0x0000000020000fa0                pFontSevenSegptr
 .data.pFontThickptr
                0x0000000020000fa4        0x4 ../st7735/libst7735.a(ST7735_TFT_Font.cpp.obj)
                0x0000000020000fa4                pFontThickptr
 .data.pFontTinyptr
                0x0000000020000fa8        0x4 ../st7735/libst7735.a(ST7735_TFT_Font.cpp.obj)
                0x0000000020000fa8                pFontTinyptr
 .data.pFontWideptr
                0x0000000020000fac        0x4 ../st7735/libst7735.a(ST7735_TFT_Font.cpp.obj)
                0x0000000020000fac                pFontWideptr
 .data          0x0000000020000fb0      0x430 /usr/lib/gcc/arm-none-eabi/9.2.1/../../../arm-none-eabi/lib/thumb/v6-m/nofp/libc.a(lib_a-impure.o)
                0x0000000020000fb0                _impure_ptr
 .data          0x00000000200013e0      0x410 /usr/lib/gcc/arm-none-eabi/9.2.1/../../../arm-none-eabi/lib/thumb/v6-m/nofp/libc.a(lib_a-mallocr.o)
                0x00000000200013e0                __malloc_sbrk_base
                0x00000000200013e4                __malloc_trim_threshold
                0x00000000200013e8                __malloc_av_
                0x00000000200017f0                . = ALIGN (0x4)
 *(.after_data.*)
                0x00000000200017f0                . = ALIGN (0x4)
                0x00000000200017f0                PROVIDE (__mutex_array_start = .)
 *(SORT_BY_NAME(.mutex_array.*))
 *(.mutex_array)
 .mutex_array   0x00000000200017f0        0x8 CMakeFiles/pockpetv1.dir/home/plebish/pico/pico-sdk/src/rp2_common/pico_stdio/stdio.c.obj
                0x00000000200017f8                PROVIDE (__mutex_array_end = .)
                0x00000000200017f8                . = ALIGN (0x4)
                0x00000000200017f8                PROVIDE (__preinit_array_start = .)
 *(SORT_BY_NAME(.preinit_array.*))
 .preinit_array.00001
                0x00000000200017f8        0x4 CMakeFiles/pockpetv1.dir/home/plebish/pico/pico-sdk/src/rp2_common/pico_mem_ops/mem_ops_aeabi.S.obj
 .preinit_array.00010
                0x00000000200017fc        0x4 CMakeFiles/pockpetv1.dir/home/plebish/pico/pico-sdk/src/rp2_common/pico_bit_ops/bit_ops_aeabi.S.obj
 .preinit_array.00020
                0x0000000020001800        0x4 CMakeFiles/pockpetv1.dir/home/plebish/pico/pico-sdk/src/rp2_common/pico_double/double_aeabi.S.obj
 .preinit_array.00020
                0x0000000020001804        0x4 CMakeFiles/pockpetv1.dir/home/plebish/pico/pico-sdk/src/rp2_common/pico_float/float_aeabi.S.obj
 *(.preinit_array)
                0x0000000020001808                PROVIDE (__preinit_array_end = .)
                0x0000000020001808                . = ALIGN (0x4)
                0x0000000020001808                PROVIDE (__init_array_start = .)
 *(SORT_BY_NAME(.init_array.*))
 *(.init_array)
 .init_array    0x0000000020001808        0x4 /usr/lib/gcc/arm-none-eabi/9.2.1/thumb/v6-m/nofp/crtbegin.o
 .init_array    0x000000002000180c        0x4 CMakeFiles/pockpetv1.dir/main.cpp.obj
 .init_array    0x0000000020001810        0x4 CMakeFiles/pockpetv1.dir/home/plebish/pico/pico-sdk/src/rp2_common/pico_unique_id/unique_id.c.obj
 .init_array    0x0000000020001814        0x4 /usr/lib/gcc/arm-none-eabi/9.2.1/../../../arm-none-eabi/lib/thumb/v6-m/nofp/libstdc++.a(eh_alloc.o)
                0x0000000020001818                PROVIDE (__init_array_end = .)
                0x0000000020001818                . = ALIGN (0x4)
                0x0000000020001818                PROVIDE (__fini_array_start = .)
 *(SORT_BY_NAME(.fini_array.*))
 *(.fini_array)
                0x0000000020001818                PROVIDE (__fini_array_end = .)
 *(.jcr)
                0x0000000020001818                . = ALIGN (0x4)
                0x0000000020001818                __data_end__ = .
                0x000000001000ea18                __etext = LOADADDR (.data)

.tm_clone_table
                0x0000000020001818        0x0 load address 0x0000000010010170
 .tm_clone_table
                0x0000000020001818        0x0 /usr/lib/gcc/arm-none-eabi/9.2.1/thumb/v6-m/nofp/crtbegin.o
 .tm_clone_table
                0x0000000020001818        0x0 /usr/lib/gcc/arm-none-eabi/9.2.1/thumb/v6-m/nofp/crtend.o

.igot.plt       0x0000000020001818        0x0 load address 0x0000000010010170
 .igot.plt      0x0000000020001818        0x0 /usr/lib/gcc/arm-none-eabi/9.2.1/thumb/v6-m/nofp/crtbegin.o

.uninitialized_data
                0x0000000020001818        0x0 load address 0x0000000010010170
                0x0000000020001818                . = ALIGN (0x4)
 *(.uninitialized_data*)

.scratch_x      0x0000000020040000        0x0 load address 0x0000000010010170
                0x0000000020040000                __scratch_x_start__ = .
 *(.scratch_x.*)
                0x0000000020040000                . = ALIGN (0x4)
                0x0000000020040000                __scratch_x_end__ = .
                0x0000000010010170                __scratch_x_source__ = LOADADDR (.scratch_x)

.scratch_y      0x0000000020041000        0x0 load address 0x0000000010010170
                0x0000000020041000                __scratch_y_start__ = .
 *(.scratch_y.*)
                0x0000000020041000                . = ALIGN (0x4)
                0x0000000020041000                __scratch_y_end__ = .
                0x0000000010010170                __scratch_y_source__ = LOADADDR (.scratch_y)

.bss            0x0000000020001818      0xe20
                0x0000000020001818                . = ALIGN (0x4)
                0x0000000020001818                __bss_start__ = .
 *(SORT_BY_ALIGNMENT(SORT_BY_NAME(.bss*)))
 .bss.default_alarm_pool_entries
                0x0000000020001818      0x100 CMakeFiles/pockpetv1.dir/home/plebish/pico/pico-sdk/src/common/pico_time/time.c.obj
 .bss.last_avail_time.7631
                0x0000000020001918        0x8 CMakeFiles/pockpetv1.dir/home/plebish/pico/pico-sdk/src/rp2_common/pico_stdio_usb/stdio_usb.c.obj
 .bss           0x0000000020001920       0x1c /usr/lib/gcc/arm-none-eabi/9.2.1/thumb/v6-m/nofp/crtbegin.o
 .bss           0x000000002000193c       0x34 /usr/lib/gcc/arm-none-eabi/9.2.1/../../../arm-none-eabi/lib/thumb/v6-m/nofp/libc.a(lib_a-mallocr.o)
                0x000000002000193c                __malloc_top_pad
                0x0000000020001940                __malloc_current_mallinfo
                0x0000000020001968                __malloc_max_sbrked_mem
                0x000000002000196c                __malloc_max_total_mem
 .bss._ZN12_GLOBAL__N_114emergency_poolE
                0x0000000020001970       0x10 /usr/lib/gcc/arm-none-eabi/9.2.1/../../../arm-none-eabi/lib/thumb/v6-m/nofp/libstdc++.a(eh_alloc.o)
 .bss._app_driver
                0x0000000020001980        0x4 CMakeFiles/pockpetv1.dir/home/plebish/pico/pico-sdk/lib/tinyusb/src/device/usbd.c.obj
 .bss._cdcd_itf
                0x0000000020001984      0x2c8 CMakeFiles/pockpetv1.dir/home/plebish/pico/pico-sdk/lib/tinyusb/src/class/cdc/cdc_device.c.obj
 .bss._ctrl_xfer
                0x0000000020001c4c       0x14 CMakeFiles/pockpetv1.dir/home/plebish/pico/pico-sdk/lib/tinyusb/src/device/usbd_control.c.obj
 .bss._ubsd_mutexdef
                0x0000000020001c60        0x8 CMakeFiles/pockpetv1.dir/home/plebish/pico/pico-sdk/lib/tinyusb/src/device/usbd.c.obj
 .bss._usbd_ctrl_buf
                0x0000000020001c68       0x40 CMakeFiles/pockpetv1.dir/home/plebish/pico/pico-sdk/lib/tinyusb/src/device/usbd_control.c.obj
 .bss._usbd_dev
                0x0000000020001ca8       0x53 CMakeFiles/pockpetv1.dir/home/plebish/pico/pico-sdk/lib/tinyusb/src/device/usbd.c.obj
 *fill*         0x0000000020001cfb        0x1 
 .bss._usbd_mutex
                0x0000000020001cfc        0x4 CMakeFiles/pockpetv1.dir/home/plebish/pico/pico-sdk/lib/tinyusb/src/device/usbd.c.obj
 .bss._usbd_q   0x0000000020001d00        0x4 CMakeFiles/pockpetv1.dir/home/plebish/pico/pico-sdk/lib/tinyusb/src/device/usbd.c.obj
 .bss.alarm_callbacks
                0x0000000020001d04       0x10 CMakeFiles/pockpetv1.dir/home/plebish/pico/pico-sdk/src/rp2_common/hardware_timer/timer.c.obj
 .bss.boot2_copyout
                0x0000000020001d14      0x100 CMakeFiles/pockpetv1.dir/home/plebish/pico/pico-sdk/src/rp2_common/hardware_flash/flash.c.obj
 .bss.callbacks
                0x0000000020001e14        0x8 CMakeFiles/pockpetv1.dir/home/plebish/pico/pico-sdk/src/rp2_common/hardware_gpio/gpio.c.obj
 .bss.chars_available_callback
                0x0000000020001e1c        0x4 CMakeFiles/pockpetv1.dir/home/plebish/pico/pico-sdk/src/rp2_common/pico_stdio_usb/stdio_usb.c.obj
 .bss.chars_available_param
                0x0000000020001e20        0x4 CMakeFiles/pockpetv1.dir/home/plebish/pico/pico-sdk/src/rp2_common/pico_stdio_usb/stdio_usb.c.obj
 .bss.claimed   0x0000000020001e24        0x4 CMakeFiles/pockpetv1.dir/home/plebish/pico/pico-sdk/src/rp2_common/hardware_sync/sync.c.obj
 .bss.configured_freq
                0x0000000020001e28       0x28 CMakeFiles/pockpetv1.dir/home/plebish/pico/pico-sdk/src/rp2_common/hardware_clocks/clocks.c.obj
 .bss.default_alarm_pool_entry_ids_high
                0x0000000020001e50       0x10 CMakeFiles/pockpetv1.dir/home/plebish/pico/pico-sdk/src/common/pico_time/time.c.obj
 .bss.default_alarm_pool_heap_nodes
                0x0000000020001e60       0x30 CMakeFiles/pockpetv1.dir/home/plebish/pico/pico-sdk/src/common/pico_time/time.c.obj
 .bss.desc_str.7423
                0x0000000020001e90       0x28 CMakeFiles/pockpetv1.dir/home/plebish/pico/pico-sdk/src/rp2_common/pico_stdio_usb/stdio_usb_descriptors.c.obj
 .bss.drivers   0x0000000020001eb8        0x4 CMakeFiles/pockpetv1.dir/home/plebish/pico/pico-sdk/src/rp2_common/pico_stdio/stdio.c.obj
 .bss.e15_last_sof
                0x0000000020001ebc        0x4 CMakeFiles/pockpetv1.dir/home/plebish/pico/pico-sdk/lib/tinyusb/src/portable/raspberrypi/rp2040/rp2040_usb.c.obj
                0x0000000020001ebc                e15_last_sof
 .bss.filter    0x0000000020001ec0        0x4 CMakeFiles/pockpetv1.dir/home/plebish/pico/pico-sdk/src/rp2_common/pico_stdio/stdio.c.obj
 .bss.heap_end.6417
                0x0000000020001ec4        0x4 CMakeFiles/pockpetv1.dir/home/plebish/pico/pico-sdk/src/rp2_common/pico_runtime/runtime.c.obj
 .bss.hw_endpoints
                0x0000000020001ec8      0x400 CMakeFiles/pockpetv1.dir/home/plebish/pico/pico-sdk/lib/tinyusb/src/portable/raspberrypi/rp2040/dcd_rp2040.c.obj
 .bss.lazy_vsnprintf
                0x00000000200022c8        0x4 CMakeFiles/pockpetv1.dir/home/plebish/pico/pico-sdk/src/rp2_common/pico_printf/printf.c.obj
 .bss.load_value
                0x00000000200022cc        0x4 CMakeFiles/pockpetv1.dir/home/plebish/pico/pico-sdk/src/rp2_common/hardware_watchdog/watchdog.c.obj
 .bss.myTFT     0x00000000200022d0       0x3c CMakeFiles/pockpetv1.dir/main.cpp.obj
                0x00000000200022d0                myTFT
 .bss.next_buffer_ptr
                0x000000002000230c        0x4 CMakeFiles/pockpetv1.dir/home/plebish/pico/pico-sdk/lib/tinyusb/src/portable/raspberrypi/rp2040/dcd_rp2040.c.obj
 .bss.one_shot_timer_crit_sec
                0x0000000020002310        0x8 CMakeFiles/pockpetv1.dir/home/plebish/pico/pico-sdk/src/rp2_common/pico_stdio_usb/stdio_usb.c.obj
 .bss.pools     0x0000000020002318       0x10 CMakeFiles/pockpetv1.dir/home/plebish/pico/pico-sdk/src/common/pico_time/time.c.obj
 .bss.raw_irq_mask
                0x0000000020002328        0x8 CMakeFiles/pockpetv1.dir/home/plebish/pico/pico-sdk/src/rp2_common/hardware_gpio/gpio.c.obj
 .bss.retrieved_id
                0x0000000020002330        0x8 CMakeFiles/pockpetv1.dir/home/plebish/pico/pico-sdk/src/rp2_common/pico_unique_id/unique_id.c.obj
 .bss.sf_clz_func
                0x0000000020002338        0x4 CMakeFiles/pockpetv1.dir/home/plebish/pico/pico-sdk/src/rp2_common/pico_double/double_init_rom.c.obj
                0x0000000020002338                sf_clz_func
 .bss.sleep_notifier
                0x000000002000233c        0x4 CMakeFiles/pockpetv1.dir/home/plebish/pico/pico-sdk/src/common/pico_time/time.c.obj
 .bss.stdio_usb_mutex
                0x0000000020002340        0x8 CMakeFiles/pockpetv1.dir/home/plebish/pico/pico-sdk/src/rp2_common/pico_stdio_usb/stdio_usb.c.obj
 .bss.target_hi
                0x0000000020002348       0x10 CMakeFiles/pockpetv1.dir/home/plebish/pico/pico-sdk/src/rp2_common/hardware_timer/timer.c.obj
 .bss.usbd_serial_str