Archive member included to satisfy reference by file (symbol)

../lib/ili9341/libili9341_pico_driver.a(ili9341.c.obj)
                              CMakeFiles/pockpet.dir/main.c.obj (ili9341_initialize)
/usr/lib/gcc/arm-none-eabi/10.3.1/thumb/v6-m/nofp/libgcc.a(_dvmd_tls.o)
                              CMakeFiles/pockpet.dir/home/plebish/pico-sdk/src/rp2_common/pico_divider/divider_hardware.S.obj (__aeabi_idiv0)
/usr/lib/gcc/arm-none-eabi/10.3.1/../../../arm-none-eabi/lib/thumb/v6-m/nofp/libg.a(lib_a-atexit.o)
                              /usr/lib/gcc/arm-none-eabi/10.3.1/../../../arm-none-eabi/lib/thumb/v6-m/nofp/crt0.o (atexit)
/usr/lib/gcc/arm-none-eabi/10.3.1/../../../arm-none-eabi/lib/thumb/v6-m/nofp/libg.a(lib_a-calloc.o)
                              CMakeFiles/pockpet.dir/home/plebish/pico-sdk/src/rp2_common/pico_malloc/malloc.c.obj (calloc)
/usr/lib/gcc/arm-none-eabi/10.3.1/../../../arm-none-eabi/lib/thumb/v6-m/nofp/libg.a(lib_a-callocr.o)
                              /usr/lib/gcc/arm-none-eabi/10.3.1/../../../arm-none-eabi/lib/thumb/v6-m/nofp/libg.a(lib_a-calloc.o) (_calloc_r)
/usr/lib/gcc/arm-none-eabi/10.3.1/../../../arm-none-eabi/lib/thumb/v6-m/nofp/libg.a(lib_a-fini.o)
                              /usr/lib/gcc/arm-none-eabi/10.3.1/../../../arm-none-eabi/lib/thumb/v6-m/nofp/crt0.o (__libc_fini_array)
/usr/lib/gcc/arm-none-eabi/10.3.1/../../../arm-none-eabi/lib/thumb/v6-m/nofp/libg.a(lib_a-impure.o)
                              /usr/lib/gcc/arm-none-eabi/10.3.1/../../../arm-none-eabi/lib/thumb/v6-m/nofp/libg.a(lib_a-calloc.o) (_impure_ptr)
/usr/lib/gcc/arm-none-eabi/10.3.1/../../../arm-none-eabi/lib/thumb/v6-m/nofp/libg.a(lib_a-init.o)
                              /usr/lib/gcc/arm-none-eabi/10.3.1/../../../arm-none-eabi/lib/thumb/v6-m/nofp/crt0.o (__libc_init_array)
/usr/lib/gcc/arm-none-eabi/10.3.1/../../../arm-none-eabi/lib/thumb/v6-m/nofp/libg.a(lib_a-lcltime_r.o)
                              CMakeFiles/pockpet.dir/home/plebish/pico-sdk/src/common/pico_util/datetime.c.obj (localtime_r)
/usr/lib/gcc/arm-none-eabi/10.3.1/../../../arm-none-eabi/lib/thumb/v6-m/nofp/libg.a(lib_a-malloc.o)
                              CMakeFiles/pockpet.dir/home/plebish/pico-sdk/src/rp2_common/pico_malloc/malloc.c.obj (malloc)
/usr/lib/gcc/arm-none-eabi/10.3.1/../../../arm-none-eabi/lib/thumb/v6-m/nofp/libg.a(lib_a-mallocr.o)
                              /usr/lib/gcc/arm-none-eabi/10.3.1/../../../arm-none-eabi/lib/thumb/v6-m/nofp/libg.a(lib_a-callocr.o) (_malloc_r)
/usr/lib/gcc/arm-none-eabi/10.3.1/../../../arm-none-eabi/lib/thumb/v6-m/nofp/libg.a(lib_a-memcmp.o)
                              CMakeFiles/pockpet.dir/home/plebish/pico-sdk/src/rp2_common/pico_atomic/atomic.c.obj (memcmp)
/usr/lib/gcc/arm-none-eabi/10.3.1/../../../arm-none-eabi/lib/thumb/v6-m/nofp/libg.a(lib_a-mktime.o)
                              CMakeFiles/pockpet.dir/home/plebish/pico-sdk/src/common/pico_util/datetime.c.obj (mktime)
/usr/lib/gcc/arm-none-eabi/10.3.1/../../../arm-none-eabi/lib/thumb/v6-m/nofp/libg.a(lib_a-mlock.o)
                              /usr/lib/gcc/arm-none-eabi/10.3.1/../../../arm-none-eabi/lib/thumb/v6-m/nofp/libg.a(lib_a-mallocr.o) (__malloc_lock)
/usr/lib/gcc/arm-none-eabi/10.3.1/../../../arm-none-eabi/lib/thumb/v6-m/nofp/libg.a(lib_a-month_lengths.o)
                              /usr/lib/gcc/arm-none-eabi/10.3.1/../../../arm-none-eabi/lib/thumb/v6-m/nofp/libg.a(lib_a-lcltime_r.o) (__month_lengths)
/usr/lib/gcc/arm-none-eabi/10.3.1/../../../arm-none-eabi/lib/thumb/v6-m/nofp/libg.a(lib_a-realloc.o)
                              CMakeFiles/pockpet.dir/home/plebish/pico-sdk/src/rp2_common/pico_malloc/malloc.c.obj (realloc)
/usr/lib/gcc/arm-none-eabi/10.3.1/../../../arm-none-eabi/lib/thumb/v6-m/nofp/libg.a(lib_a-reallocr.o)
                              /usr/lib/gcc/arm-none-eabi/10.3.1/../../../arm-none-eabi/lib/thumb/v6-m/nofp/libg.a(lib_a-realloc.o) (_realloc_r)
/usr/lib/gcc/arm-none-eabi/10.3.1/../../../arm-none-eabi/lib/thumb/v6-m/nofp/libg.a(lib_a-sbrkr.o)
                              /usr/lib/gcc/arm-none-eabi/10.3.1/../../../arm-none-eabi/lib/thumb/v6-m/nofp/libg.a(lib_a-mallocr.o) (_sbrk_r)
/usr/lib/gcc/arm-none-eabi/10.3.1/../../../arm-none-eabi/lib/thumb/v6-m/nofp/libg.a(lib_a-strlen-stub.o)
                              CMakeFiles/pockpet.dir/home/plebish/pico-sdk/src/rp2_common/pico_stdio/stdio.c.obj (strlen)
/usr/lib/gcc/arm-none-eabi/10.3.1/../../../arm-none-eabi/lib/thumb/v6-m/nofp/libg.a(lib_a-tzcalc_limits.o)
                              /usr/lib/gcc/arm-none-eabi/10.3.1/../../../arm-none-eabi/lib/thumb/v6-m/nofp/libg.a(lib_a-lcltime_r.o) (__tzcalc_limits)
/usr/lib/gcc/arm-none-eabi/10.3.1/../../../arm-none-eabi/lib/thumb/v6-m/nofp/libg.a(lib_a-tzlock.o)
                              /usr/lib/gcc/arm-none-eabi/10.3.1/../../../arm-none-eabi/lib/thumb/v6-m/nofp/libg.a(lib_a-lcltime_r.o) (__tz_lock)
/usr/lib/gcc/arm-none-eabi/10.3.1/../../../arm-none-eabi/lib/thumb/v6-m/nofp/libg.a(lib_a-tzset.o)
[...]
Memory Configuration

Name             Origin             Length             Attributes
FLASH            0x0000000010000000 0x0000000000200000 xr
RAM              0x0000000020000000 0x0000000000040000 xrw
SCRATCH_X        0x0000000020040000 0x0000000000001000 xrw
SCRATCH_Y        0x0000000020041000 0x0000000000001000 xrw
*default*        0x0000000000000000 0xffffffffffffffff

Linker script and memory map

LOAD /usr/lib/gcc/arm-none-eabi/10.3.1/thumb/v6-m/nofp/crti.o
LOAD /usr/lib/gcc/arm-none-eabi/10.3.1/thumb/v6-m/nofp/crtbegin.o
LOAD /usr/lib/gcc/arm-none-eabi/10.3.1/../../../arm-none-eabi/lib/thumb/v6-m/nofp/crt0.o

.flash_begin    0x0000000010000000        0x0
                0x0000000010000000                __flash_binary_start = .

.boot2          0x0000000010000000      0x100
                0x0000000010000000                __boot2_start__ = .
 *(.boot2)
 .boot2         0x0000000010000000      0x100 /tmp/cc02iMDk.o
                0x0000000010000100                __boot2_end__ = .
                0x0000000000000001                ASSERT (((__boot2_end__ - __boot2_start__) == 0x100), ERROR: Pico second stage bootloader must be 256 bytes in size)

.text           0x0000000010000100     0x4b74
                0x0000000010000100                __logical_binary_start = .
 *(.vectors)
 .vectors       0x0000000010000100       0xd4 CMakeFiles/pockpet.dir/home/plebish/pico-sdk/src/rp2_common/pico_crt0/crt0.S.obj
                0x0000000010000100                __vectors
                0x0000000010000100                __VECTOR_TABLE
                0x00000000100001c0                isr_invalid
                0x00000000100001c0                __default_isrs_start
                0x00000000100001c2                isr_nmi
                0x00000000100001c4                isr_hardfault
                0x00000000100001c6                isr_svcall
                0x00000000100001c8                isr_pendsv
                0x00000000100001ca                isr_systick
                0x00000000100001cc                isr_irq30
                0x00000000100001cc                __unhandled_user_irq
                0x00000000100001cc                isr_irq13
                0x00000000100001cc                isr_irq27
                0x00000000100001cc                isr_irq31
                0x00000000100001cc                isr_irq5
                0x00000000100001cc                isr_irq11
                0x00000000100001cc                isr_irq23
                0x00000000100001cc                isr_irq18
                0x00000000100001cc                isr_irq28
                0x00000000100001cc                isr_irq19
                0x00000000100001cc                isr_irq0
                0x00000000100001cc                isr_irq6
                0x00000000100001cc                isr_irq22
                0x00000000100001cc                isr_irq17
                0x00000000100001cc                isr_irq14
                0x00000000100001cc                isr_irq2
                0x00000000100001cc                isr_irq10
                0x00000000100001cc                isr_irq8
                0x00000000100001cc                isr_irq24
                0x00000000100001cc                isr_irq1
                0x00000000100001cc                isr_irq7
                0x00000000100001cc                isr_irq21
                0x00000000100001cc                isr_irq20
                0x00000000100001cc                isr_irq15
                0x00000000100001cc                isr_irq25
                0x00000000100001cc                isr_irq4
                0x00000000100001cc                isr_irq16
                0x00000000100001cc                isr_irq29
                0x00000000100001cc                isr_irq26
                0x00000000100001cc                __default_isrs_end
                0x00000000100001cc                isr_irq3
                0x00000000100001cc                isr_irq12
                0x00000000100001cc                isr_irq9
                0x00000000100001d2                unhandled_user_irq_num_in_r0
 *(.binary_info_header)
 .binary_info_header
                0x00000000100001d4       0x14 CMakeFiles/pockpet.dir/home/plebish/pico-sdk/src/rp2_common/pico_crt0/crt0.S.obj
                0x00000000100001e8                __binary_info_header_end = .
 *(.embedded_block)
                0x00000000100001e8                __embedded_block_end = .
 *(.reset)
 .reset         0x00000000100001e8       0x9c CMakeFiles/pockpet.dir/home/plebish/pico-sdk/src/rp2_common/pico_crt0/crt0.S.obj
                0x00000000100001e8                _entry_point
 *(.init)
 .init          0x0000000010000284        0x4 /usr/lib/gcc/arm-none-eabi/10.3.1/thumb/v6-m/nofp/crti.o
                0x0000000010000284                _init
 *(EXCLUDE_FILE(*libm.a: *libc.a:*lib_a-mem*.o *libgcc.a:) .text*)
 .text          0x0000000010000288       0x98 /usr/lib/gcc/arm-none-eabi/10.3.1/thumb/v6-m/nofp/crtbegin.o
 .text.startup.main
                0x0000000010000320       0x34 CMakeFiles/pockpet.dir/main.c.obj
                0x0000000010000320                main
 .text.gpio_set_function
                0x0000000010000354       0x34 CMakeFiles/pockpet.dir/home/plebish/pico-sdk/src/rp2_common/hardware_gpio/gpio.c.obj
                0x0000000010000354                gpio_set_function
 .text.gpio_init
                0x0000000010000388       0x40 CMakeFiles/pockpet.dir/home/plebish/pico-sdk/src/rp2_common/hardware_gpio/gpio.c.obj
                0x0000000010000388                gpio_init
 .text.rp2040_chip_version
                0x00000000100003c8        0xc CMakeFiles/pockpet.dir/home/plebish/pico-sdk/src/rp2040/pico_platform/platform.c.obj
                0x00000000100003c8                rp2040_chip_version
 .text.panic    0x00000000100003d4       0x30 CMakeFiles/pockpet.dir/home/plebish/pico-sdk/src/rp2_common/pico_platform_panic/panic.c.obj
                0x00000000100003d4                panic
 .text.hw_claim_or_assert
                0x0000000010000404       0x44 CMakeFiles/pockpet.dir/home/plebish/pico-sdk/src/common/hardware_claim/claim.c.obj
                0x0000000010000404                hw_claim_or_assert
 .text.hw_claim_unused_from_range
                0x0000000010000448       0x9c CMakeFiles/pockpet.dir/home/plebish/pico-sdk/src/common/hardware_claim/claim.c.obj
                0x0000000010000448                hw_claim_unused_from_range
 .text.next_striped_spin_lock_num
                0x00000000100004e4       0x18 CMakeFiles/pockpet.dir/home/plebish/pico-sdk/src/rp2_common/hardware_sync/sync.c.obj
                0x00000000100004e4                next_striped_spin_lock_num
 .text.spin_lock_claim_unused
                0x00000000100004fc       0x20 CMakeFiles/pockpet.dir/home/plebish/pico-sdk/src/rp2_common/hardware_sync/sync.c.obj
                0x00000000100004fc                spin_lock_claim_unused
 .text.spin_locks_reset
                0x000000001000051c       0x1c CMakeFiles/pockpet.dir/home/plebish/pico-sdk/src/rp2_common/hardware_sync_spin_lock/sync_spin_lock.c.obj
                0x000000001000051c                spin_locks_reset
 .text.runtime_init_per_core_irq_priorities
                0x0000000010000538       0x24 CMakeFiles/pockpet.dir/home/plebish/pico-sdk/src/rp2_common/hardware_irq/irq.c.obj
                0x0000000010000538                runtime_init_per_core_irq_priorities
 .text.irq_set_enabled
                0x000000001000055c       0x24 CMakeFiles/pockpet.dir/home/plebish/pico-sdk/src/rp2_common/hardware_irq/irq.c.obj
                0x000000001000055c                irq_set_enabled
 .text.irq_is_enabled
                0x0000000010000580       0x18 CMakeFiles/pockpet.dir/home/plebish/pico-sdk/src/rp2_common/hardware_irq/irq.c.obj
                0x0000000010000580                irq_is_enabled
 .text.irq_set_pending
                0x0000000010000598       0x10 CMakeFiles/pockpet.dir/home/plebish/pico-sdk/src/rp2_common/hardware_irq/irq.c.obj
                0x0000000010000598                irq_set_pending
 .text.irq_has_shared_handler
                0x00000000100005a8       0x2c CMakeFiles/pockpet.dir/home/plebish/pico-sdk/src/rp2_common/hardware_irq/irq.c.obj
                0x00000000100005a8                irq_has_shared_handler
 .text.irq_set_exclusive_handler
                0x00000000100005d4       0x54 CMakeFiles/pockpet.dir/home/plebish/pico-sdk/src/rp2_common/hardware_irq/irq.c.obj
                0x00000000100005d4                irq_set_exclusive_handler
 .text.irq_add_shared_handler
                0x0000000010000628      0x1e8 CMakeFiles/pockpet.dir/home/plebish/pico-sdk/src/rp2_common/hardware_irq/irq.c.obj
                0x0000000010000628                irq_add_shared_handler
 .text.irq_add_tail_to_free_list
                0x0000000010000810       0xb4 CMakeFiles/pockpet.dir/home/plebish/pico-sdk/src/rp2_common/hardware_irq/irq.c.obj
                0x0000000010000810                irq_add_tail_to_free_list
 .text.user_irq_claim_unused
                0x00000000100008c4       0x28 CMakeFiles/pockpet.dir/home/plebish/pico-sdk/src/rp2_common/hardware_irq/irq.c.obj
                0x00000000100008c4                user_irq_claim_unused
 .text.lock_init
                0x00000000100008ec       0x10 CMakeFiles/pockpet.dir/home/plebish/pico-sdk/src/common/pico_sync/lock_core.c.obj
                0x00000000100008ec                lock_init
 .text.runtime_init_mutex
                0x00000000100008fc       0x58 CMakeFiles/pockpet.dir/home/plebish/pico-sdk/src/common/pico_sync/mutex.c.obj
                0x00000000100008fc                runtime_init_mutex
 .text.mutex_init
                0x0000000010000954       0x1c CMakeFiles/pockpet.dir/home/plebish/pico-sdk/src/common/pico_sync/mutex.c.obj
                0x0000000010000954                mutex_init
 .text.critical_section_init
                0x0000000010000970       0x20 CMakeFiles/pockpet.dir/home/plebish/pico-sdk/src/common/pico_sync/critical_section.c.obj
                0x0000000010000970                critical_section_init
 .text.critical_section_init_with_lock_num
                0x0000000010000990       0x14 CMakeFiles/pockpet.dir/home/plebish/pico-sdk/src/common/pico_sync/critical_section.c.obj
                0x0000000010000990                critical_section_init_with_lock_num
 .text.sleep_until_callback
                0x00000000100009a4       0x30 CMakeFiles/pockpet.dir/home/plebish/pico-sdk/src/common/pico_time/time.c.obj
 .text.alarm_pool_irq_handler
                0x00000000100009d4      0x2e4 CMakeFiles/pockpet.dir/home/plebish/pico-sdk/src/common/pico_time/time.c.obj
 .text.runtime_init_default_alarm_pool
                0x0000000010000cb8       0xdc CMakeFiles/pockpet.dir/home/plebish/pico-sdk/src/common/pico_time/time.c.obj
                0x0000000010000cb8                runtime_init_default_alarm_pool
 .text.alarm_pool_get_default
                0x0000000010000d94        0x8 CMakeFiles/pockpet.dir/home/plebish/pico-sdk/src/common/pico_time/time.c.obj
                0x0000000010000d94                alarm_pool_get_default
 .text.alarm_pool_add_alarm_at
                0x0000000010000d9c       0xc8 CMakeFiles/pockpet.dir/home/plebish/pico-sdk/src/common/pico_time/time.c.obj
                0x0000000010000d9c                alarm_pool_add_alarm_at
 .text.alarm_pool_add_alarm_at_force_in_context
                0x0000000010000e64       0xb0 CMakeFiles/pockpet.dir/home/plebish/pico-sdk/src/common/pico_time/time.c.obj
                0x0000000010000e64                alarm_pool_add_alarm_at_force_in_context
 .text.alarm_pool_cancel_alarm
                0x0000000010000f14       0x7c CMakeFiles/pockpet.dir/home/plebish/pico-sdk/src/common/pico_time/time.c.obj
                0x0000000010000f14                alarm_pool_cancel_alarm
 .text.alarm_pool_core_num
                0x0000000010000f90        0x4 CMakeFiles/pockpet.dir/home/plebish/pico-sdk/src/common/pico_time/time.c.obj
                0x0000000010000f90                alarm_pool_core_num
 .text.sleep_until
                0x0000000010000f94       0xd0 CMakeFiles/pockpet.dir/home/plebish/pico-sdk/src/common/pico_time/time.c.obj
                0x0000000010000f94                sleep_until
 .text.sleep_ms
                0x0000000010001064       0x34 CMakeFiles/pockpet.dir/home/plebish/pico-sdk/src/common/pico_time/time.c.obj
                0x0000000010001064                sleep_ms
 .text.best_effort_wfe_or_timeout
                0x0000000010001098      0x11c CMakeFiles/pockpet.dir/home/plebish/pico-sdk/src/common/pico_time/time.c.obj
                0x0000000010001098                best_effort_wfe_or_timeout
 .text.timer_hardware_alarm_claim
                0x00000000100011b4       0x14 CMakeFiles/pockpet.dir/home/plebish/pico-sdk/src/rp2_common/hardware_timer/timer.c.obj
                0x00000000100011b4                timer_hardware_alarm_claim
 .text.timer_time_us_64
                0x00000000100011c8       0x10 CMakeFiles/pockpet.dir/home/plebish/pico-sdk/src/rp2_common/hardware_timer/timer.c.obj
                0x00000000100011c8                timer_time_us_64
 .text.time_us_64
                0x00000000100011d8       0x14 CMakeFiles/pockpet.dir/home/plebish/pico-sdk/src/rp2_common/hardware_timer/timer.c.obj
                0x00000000100011d8                time_us_64
 .text.busy_wait_until
                0x00000000100011ec       0x20 CMakeFiles/pockpet.dir/home/plebish/pico-sdk/src/rp2_common/hardware_timer/timer.c.obj
                0x00000000100011ec                busy_wait_until
 .text.clock_configure_int_divider
                0x000000001000120c       0xf4 CMakeFiles/pockpet.dir/home/plebish/pico-sdk/src/rp2_common/hardware_clocks/clocks.c.obj
                0x000000001000120c                clock_configure_int_divider
 .text.clock_configure_undivided
                0x0000000010001300       0xe8 CMakeFiles/pockpet.dir/home/plebish/pico-sdk/src/rp2_common/hardware_clocks/clocks.c.obj
                0x0000000010001300                clock_configure_undivided
 .text.clock_get_hz
                0x00000000100013e8        0xc CMakeFiles/pockpet.dir/home/plebish/pico-sdk/src/rp2_common/hardware_clocks/clocks.c.obj
                0x00000000100013e8                clock_get_hz
 .text.pll_init
                0x00000000100013f4       0xa0 CMakeFiles/pockpet.dir/home/plebish/pico-sdk/src/rp2_common/hardware_pll/pll.c.obj
                0x00000000100013f4                pll_init
 .text.watchdog_reboot
                0x0000000010001494       0x98 CMakeFiles/pockpet.dir/home/plebish/pico-sdk/src/rp2_common/hardware_watchdog/watchdog.c.obj
                0x0000000010001494                watchdog_reboot
 .text.tick_start
                0x000000001000152c       0x10 CMakeFiles/pockpet.dir/home/plebish/pico-sdk/src/rp2_common/hardware_ticks/ticks.c.obj
                0x000000001000152c                tick_start
 .text.xosc_init
                0x000000001000153c       0x28 CMakeFiles/pockpet.dir/home/plebish/pico-sdk/src/rp2_common/hardware_xosc/xosc.c.obj
                0x000000001000153c                xosc_init
 .text.first_per_core_initializer
                0x0000000010001564        0x4 CMakeFiles/pockpet.dir/home/plebish/pico-sdk/src/rp2_common/pico_runtime/runtime.c.obj
 .text.hard_assertion_failure
                0x0000000010001568        0xc CMakeFiles/pockpet.dir/home/plebish/pico-sdk/src/rp2_common/pico_runtime/runtime.c.obj
                0x0000000010001568                hard_assertion_failure
 .text.runtime_run_initializers
                0x0000000010001574       0x28 CMakeFiles/pockpet.dir/home/plebish/pico-sdk/src/rp2_common/pico_runtime/runtime.c.obj
                0x0000000010001574                runtime_run_initializers
 .text.runtime_init_early_resets
                0x000000001000159c       0x2c CMakeFiles/pockpet.dir/home/plebish/pico-sdk/src/rp2_common/pico_runtime_init/runtime_init.c.obj
                0x000000001000159c                runtime_init_early_resets
 .text.runtime_init_usb_power_down
                0x00000000100015c8       0x1c CMakeFiles/pockpet.dir/home/plebish/pico-sdk/src/rp2_common/pico_runtime_init/runtime_init.c.obj
                0x00000000100015c8                runtime_init_usb_power_down
 .text.runtime_init_post_clock_resets
                0x00000000100015e4       0x20 CMakeFiles/pockpet.dir/home/plebish/pico-sdk/src/rp2_common/pico_runtime_init/runtime_init.c.obj
                0x00000000100015e4                runtime_init_post_clock_resets
 .text.runtime_init_rp2040_gpio_ie_disable
                0x0000000010001604       0x14 CMakeFiles/pockpet.dir/home/plebish/pico-sdk/src/rp2_common/pico_runtime_init/runtime_init.c.obj
                0x0000000010001604                runtime_init_rp2040_gpio_ie_disable
 .text.runtime_init_spin_locks_reset
                0x0000000010001618        0x8 CMakeFiles/pockpet.dir/home/plebish/pico-sdk/src/rp2_common/pico_runtime_init/runtime_init.c.obj
                0x0000000010001618                runtime_init_spin_locks_reset
 .text.runtime_init_install_ram_vector_table
                0x0000000010001620       0x1c CMakeFiles/pockpet.dir/home/plebish/pico-sdk/src/rp2_common/pico_runtime_init/runtime_init.c.obj
                0x0000000010001620                runtime_init_install_ram_vector_table
 .text.runtime_init_clocks
                0x000000001000163c       0xd8 CMakeFiles/pockpet.dir/home/plebish/pico-sdk/src/rp2_common/pico_runtime_init/runtime_init_clocks.c.obj
                0x000000001000163c                runtime_init_clocks
 .text          0x0000000010001714       0x10 CMakeFiles/pockpet.dir/home/plebish/pico-sdk/src/rp2_common/pico_bit_ops/bit_ops_aeabi.S.obj
 .text.rom_func_lookup
                0x0000000010001724       0x10 CMakeFiles/pockpet.dir/home/plebish/pico-sdk/src/rp2_common/pico_bootrom/bootrom.c.obj
                0x0000000010001724                rom_func_lookup
 .text.rom_data_lookup
                0x0000000010001734       0x10 CMakeFiles/pockpet.dir/home/plebish/pico-sdk/src/rp2_common/pico_bootrom/bootrom.c.obj
                0x0000000010001734                rom_data_lookup
 .text.rom_funcs_lookup
                0x0000000010001744       0x44 CMakeFiles/pockpet.dir/home/plebish/pico-sdk/src/rp2_common/pico_bootrom/bootrom.c.obj
                0x0000000010001744                rom_funcs_lookup
 .text.rom_reset_usb_boot
                0x0000000010001788       0x20 CMakeFiles/pockpet.dir/home/plebish/pico-sdk/src/rp2_common/pico_bootrom/bootrom.c.obj
                0x0000000010001788                rom_reset_usb_boot
 .text.__wrap___aeabi_uidiv
                0x00000000100017a8       0x4c CMakeFiles/pockpet.dir/home/plebish/pico-sdk/src/rp2_common/pico_divider/divider_hardware.S.obj
                0x00000000100017a8                __wrap___aeabi_uidiv
                0x00000000100017a8                __wrap___aeabi_uidivmod
                0x00000000100017a8                div_u32u32
                0x00000000100017a8                divmod_u32u32
                0x00000000100017b0                divmod_u32u32_unsafe
                0x00000000100017d8                divmod_u32u32_savestate
 .text.missing_double_func_shim
                0x00000000100017f4        0xc CMakeFiles/pockpet.dir/home/plebish/pico-sdk/src/rp2_common/pico_double/double_init_rom_rp2040.c.obj
 .text.__aeabi_double_init
                0x0000000010001800       0xa4 CMakeFiles/pockpet.dir/home/plebish/pico-sdk/src/rp2_common/pico_double/double_init_rom_rp2040.c.obj
                0x0000000010001800                __aeabi_double_init
 .text.double_table_shim_on_use_helper
                0x00000000100018a4       0x2c CMakeFiles/pockpet.dir/home/plebish/pico-sdk/src/rp2_common/pico_double/double_v1_rom_shim_rp2040.S.obj
                0x00000000100018a4                double_table_shim_on_use_helper
 .text.__aeabi_lmul
                0x00000000100018d0       0x32 CMakeFiles/pockpet.dir/home/plebish/pico-sdk/src/rp2_common/pico_int64_ops/pico_int64_ops_aeabi.S.obj
                0x00000000100018d0                __wrap___aeabi_lmul
 *fill*         0x0000000010001902        0x2 
 .text.missing_float_func_shim
                0x0000000010001904        0xc CMakeFiles/pockpet.dir/home/plebish/pico-sdk/src/rp2_common/pico_float/float_init_rom_rp2040.c.obj
 .text.__aeabi_float_init
                0x0000000010001910       0x5c CMakeFiles/pockpet.dir/home/plebish/pico-sdk/src/rp2_common/pico_float/float_init_rom_rp2040.c.obj
                0x0000000010001910                __aeabi_float_init
 .text          0x000000001000196c       0x10 CMakeFiles/pockpet.dir/home/plebish/pico-sdk/src/rp2_common/pico_mem_ops/mem_ops_aeabi.S.obj
                0x000000001000196c                __aeabi_mem_init
 .text.memset   0x000000001000197c        0xc CMakeFiles/pockpet.dir/home/plebish/pico-sdk/src/rp2_common/pico_mem_ops/mem_ops_aeabi.S.obj
                0x000000001000197c                __wrap_memset
 .text.memcpy   0x0000000010001988        0xc CMakeFiles/pockpet.dir/home/plebish/pico-sdk/src/rp2_common/pico_mem_ops/mem_ops_aeabi.S.obj
                0x0000000010001988                __wrap___aeabi_memcpy
                0x0000000010001988                __wrap_memcpy
 .text._out_char
                0x0000000010001994       0x10 CMakeFiles/pockpet.dir/home/plebish/pico-sdk/src/rp2_common/pico_printf/printf.c.obj
 .text.weak_raw_vprintf
                0x00000000100019a4       0x30 CMakeFiles/pockpet.dir/home/plebish/pico-sdk/src/rp2_common/pico_printf/printf.c.obj
                0x00000000100019a4                weak_raw_vprintf
 .text._exit    0x00000000100019d4        0x4 CMakeFiles/pockpet.dir/home/plebish/pico-sdk/src/rp2_common/pico_clib_interface/newlib_interface.c.obj
                0x00000000100019d4                _exit
 .text.exit     0x00000000100019d8        0x8 CMakeFiles/pockpet.dir/home/plebish/pico-sdk/src/rp2_common/pico_clib_interface/newlib_interface.c.obj
                0x00000000100019d8                exit
 .text.runtime_init
                0x00000000100019e0       0x2c CMakeFiles/pockpet.dir/home/plebish/pico-sdk/src/rp2_common/pico_clib_interface/newlib_interface.c.obj
                0x00000000100019e0                runtime_init
 .text.stdio_out_chars_no_crlf
                0x0000000010001a0c       0x10 CMakeFiles/pockpet.dir/home/plebish/pico-sdk/src/rp2_common/pico_stdio/stdio.c.obj
 .text.stdio_out_chars_crlf
                0x0000000010001a1c       0xb4 CMakeFiles/pockpet.dir/home/plebish/pico-sdk/src/rp2_common/pico_stdio/stdio.c.obj
 .text.stdio_put_string
                0x0000000010001ad0      0x100 CMakeFiles/pockpet.dir/home/plebish/pico-sdk/src/rp2_common/pico_stdio/stdio.c.obj
                0x0000000010001ad0                stdio_put_string
 .text.stdio_set_driver_enabled
                0x0000000010001bd0       0x30 CMakeFiles/pockpet.dir/home/plebish/pico-sdk/src/rp2_common/pico_stdio/stdio.c.obj
                0x0000000010001bd0                stdio_set_driver_enabled
 .text.stdio_init_all
                0x0000000010001c00        0x8 CMakeFiles/pockpet.dir/home/plebish/pico-sdk/src/rp2_common/pico_stdio/stdio.c.obj
                0x0000000010001c00                stdio_init_all
 .text.__wrap_putchar
                0x0000000010001c08       0x98 CMakeFiles/pockpet.dir/home/plebish/pico-sdk/src/rp2_common/pico_stdio/stdio.c.obj
                0x0000000010001c08                stdio_putchar
                0x0000000010001c08                __wrap_putchar
 .text.__wrap_puts
                0x0000000010001ca0       0x3c CMakeFiles/pockpet.dir/home/plebish/pico-sdk/src/rp2_common/pico_stdio/stdio.c.obj
                0x0000000010001ca0                __wrap_puts
                0x0000000010001ca0                stdio_puts
 .text.resetd_init
                0x0000000010001cdc        0x4 CMakeFiles/pockpet.dir/home/plebish/pico-sdk/src/rp2_common/pico_stdio_usb/reset_interface.c.obj
 .text.resetd_reset
                0x0000000010001ce0        0xc CMakeFiles/pockpet.dir/home/plebish/pico-sdk/src/rp2_common/pico_stdio_usb/reset_interface.c.obj
 .text.resetd_open
                0x0000000010001cec       0x28 CMakeFiles/pockpet.dir/home/plebish/pico-sdk/src/rp2_common/pico_stdio_usb/reset_interface.c.obj
 .text.resetd_xfer_cb
                0x0000000010001d14        0x4 CMakeFiles/pockpet.dir/home/plebish/pico-sdk/src/rp2_common/pico_stdio_usb/reset_interface.c.obj
 .text.resetd_control_xfer_cb
                0x0000000010001d18       0x54 CMakeFiles/pockpet.dir/home/plebish/pico-sdk/src/rp2_common/pico_stdio_usb/reset_interface.c.obj
 .text.tud_descriptor_bos_cb
                0x0000000010001d6c        0x8 CMakeFiles/pockpet.dir/home/plebish/pico-sdk/src/rp2_common/pico_stdio_usb/reset_interface.c.obj
                0x0000000010001d6c                tud_descriptor_bos_cb
 .text.tud_vendor_control_xfer_cb
                0x0000000010001d74       0x34 CMakeFiles/pockpet.dir/home/plebish/pico-sdk/src/rp2_common/pico_stdio_usb/reset_interface.c.obj
                0x0000000010001d74                tud_vendor_control_xfer_cb
 .text.usbd_app_driver_get_cb
                0x0000000010001da8        0xc CMakeFiles/pockpet.dir/home/plebish/pico-sdk/src/rp2_common/pico_stdio_usb/reset_interface.c.obj
                0x0000000010001da8                usbd_app_driver_get_cb
 .text.tud_cdc_line_coding_cb
                0x0000000010001db4       0x28 CMakeFiles/pockpet.dir/home/plebish/pico-sdk/src/rp2_common/pico_stdio_usb/reset_interface.c.obj
                0x0000000010001db4                tud_cdc_line_coding_cb
 .text.stdio_usb_set_chars_available_callback
                0x0000000010001ddc       0x14 CMakeFiles/pockpet.dir/home/plebish/pico-sdk/src/rp2_common/pico_stdio_usb/stdio_usb.c.obj
                0x0000000010001ddc                stdio_usb_set_chars_available_callback
 .text.usb_irq  0x0000000010001df0       0x10 CMakeFiles/pockpet.dir/home/plebish/pico-sdk/src/rp2_common/pico_stdio_usb/stdio_usb.c.obj
 .text.timer_task
                0x0000000010001e00       0x64 CMakeFiles/pockpet.dir/home/plebish/pico-sdk/src/rp2_common/pico_stdio_usb/stdio_usb.c.obj
 .text.stdio_usb_in_chars
                0x0000000010001e64       0x90 CMakeFiles/pockpet.dir/home/plebish/pico-sdk/src/rp2_common/pico_stdio_usb/stdio_usb.c.obj
                0x0000000010001e64                stdio_usb_in_chars
 .text.stdio_usb_out_flush
                0x0000000010001ef4       0x50 CMakeFiles/pockpet.dir/home/plebish/pico-sdk/src/rp2_common/pico_stdio_usb/stdio_usb.c.obj
 .text.stdio_usb_out_chars
                0x0000000010001f44      0x100 CMakeFiles/pockpet.dir/home/plebish/pico-sdk/src/rp2_common/pico_stdio_usb/stdio_usb.c.obj
 .text.low_priority_worker_irq
                0x0000000010002044       0xc8 CMakeFiles/pockpet.dir/home/plebish/pico-sdk/src/rp2_common/pico_stdio_usb/stdio_usb.c.obj
 .text.stdio_usb_init
                0x000000001000210c       0xe4 CMakeFiles/pockpet.dir/home/plebish/pico-sdk/src/rp2_common/pico_stdio_usb/stdio_usb.c.obj
                0x000000001000210c                stdio_usb_init
 .text.tud_descriptor_device_cb
                0x00000000100021f0        0x8 CMakeFiles/pockpet.dir/home/plebish/pico-sdk/src/rp2_common/pico_stdio_usb/stdio_usb_descriptors.c.obj
                0x00000000100021f0                tud_descriptor_device_cb
 .text.tud_descriptor_configuration_cb
                0x00000000100021f8        0x8 CMakeFiles/pockpet.dir/home/plebish/pico-sdk/src/rp2_common/pico_stdio_usb/stdio_usb_descriptors.c.obj
                0x00000000100021f8                tud_descriptor_configuration_cb
 .text.tud_descriptor_string_cb
                0x0000000010002200       0x74 CMakeFiles/pockpet.dir/home/plebish/pico-sdk/src/rp2_common/pico_stdio_usb/stdio_usb_descriptors.c.obj
                0x0000000010002200                tud_descriptor_string_cb
 .text.startup._retrieve_unique_id_on_boot
                0x0000000010002274       0x10 CMakeFiles/pockpet.dir/home/plebish/pico-sdk/src/rp2_common/pico_unique_id/unique_id.c.obj
 .text.pico_get_unique_board_id_string
                0x0000000010002284      0x1a8 CMakeFiles/pockpet.dir/home/plebish/pico-sdk/src/rp2_common/pico_unique_id/unique_id.c.obj
                0x0000000010002284                pico_get_unique_board_id_string
 .text.flash_get_unique_id
                0x000000001000242c       0x40 CMakeFiles/pockpet.dir/home/plebish/pico-sdk/src/rp2_common/hardware_flash/flash.c.obj
                0x000000001000242c                flash_get_unique_id
 .text.dcd_init
                0x000000001000246c       0x8c CMakeFiles/pockpet.dir/home/plebish/pico-sdk/lib/tinyusb/src/portable/raspberrypi/rp2040/dcd_rp2040.c.obj
                0x000000001000246c                dcd_init
 .text.dcd_int_enable
                0x00000000100024f8        0xc CMakeFiles/pockpet.dir/home/plebish/pico-sdk/lib/tinyusb/src/portable/raspberrypi/rp2040/dcd_rp2040.c.obj
                0x00000000100024f8                dcd_int_enable
 .text.dcd_set_address
                0x0000000010002504       0x14 CMakeFiles/pockpet.dir/home/plebish/pico-sdk/lib/tinyusb/src/portable/raspberrypi/rp2040/dcd_rp2040.c.obj
                0x0000000010002504                dcd_set_address
 .text.dcd_sof_enable
                0x0000000010002518       0x1c CMakeFiles/pockpet.dir/home/plebish/pico-sdk/lib/tinyusb/src/portable/raspberrypi/rp2040/dcd_rp2040.c.obj
                0x0000000010002518                dcd_sof_enable
 .text.dcd_edpt0_status_complete
                0x0000000010002534       0x1c CMakeFiles/pockpet.dir/home/plebish/pico-sdk/lib/tinyusb/src/portable/raspberrypi/rp2040/dcd_rp2040.c.obj
                0x0000000010002534                dcd_edpt0_status_complete
 .text.dcd_edpt_open
                0x0000000010002550      0x108 CMakeFiles/pockpet.dir/home/plebish/pico-sdk/lib/tinyusb/src/portable/raspberrypi/rp2040/dcd_rp2040.c.obj
                0x0000000010002550                dcd_edpt_open
 .text.dcd_edpt_close_all
                0x0000000010002658        0x8 CMakeFiles/pockpet.dir/home/plebish/pico-sdk/lib/tinyusb/src/portable/raspberrypi/rp2040/dcd_rp2040.c.obj
                0x0000000010002658                dcd_edpt_close_all
 .text.dcd_edpt_xfer
                0x0000000010002660       0x24 CMakeFiles/pockpet.dir/home/plebish/pico-sdk/lib/tinyusb/src/portable/raspberrypi/rp2040/dcd_rp2040.c.obj
                0x0000000010002660                dcd_edpt_xfer
 .text.dcd_edpt_stall
                0x0000000010002684       0x38 CMakeFiles/pockpet.dir/home/plebish/pico-sdk/lib/tinyusb/src/portable/raspberrypi/rp2040/dcd_rp2040.c.obj
                0x0000000010002684                dcd_edpt_stall
 .text.dcd_edpt_clear_stall
                0x00000000100026bc       0x30 CMakeFiles/pockpet.dir/home/plebish/pico-sdk/lib/tinyusb/src/portable/raspberrypi/rp2040/dcd_rp2040.c.obj
                0x00000000100026bc                dcd_edpt_clear_stall
 .text.rp2040_usb_init
                0x00000000100026ec       0x40 CMakeFiles/pockpet.dir/home/plebish/pico-sdk/lib/tinyusb/src/portable/raspberrypi/rp2040/rp2040_usb.c.obj
                0x00000000100026ec                rp2040_usb_init
 .text.hw_endpoint_xfer_start
                0x000000001000272c       0x50 CMakeFiles/pockpet.dir/home/plebish/pico-sdk/lib/tinyusb/src/portable/raspberrypi/rp2040/rp2040_usb.c.obj
                0x000000001000272c                hw_endpoint_xfer_start
 .text.tud_event_hook_cb
                0x000000001000277c        0x4 CMakeFiles/pockpet.dir/home/plebish/pico-sdk/lib/tinyusb/src/device/usbd.c.obj
                0x000000001000277c                tud_event_hook_cb
 .text.tud_sof_cb
                0x0000000010002780        0x4 CMakeFiles/pockpet.dir/home/plebish/pico-sdk/lib/tinyusb/src/device/usbd.c.obj
                0x0000000010002780                tud_sof_cb
 .text.tud_descriptor_device_qualifier_cb
                0x0000000010002784        0x4 CMakeFiles/pockpet.dir/home/plebish/pico-sdk/lib/tinyusb/src/device/usbd.c.obj
                0x0000000010002784                tud_descriptor_device_qualifier_cb
 .text.tud_descriptor_other_speed_configuration_cb
                0x0000000010002788        0x4 CMakeFiles/pockpet.dir/home/plebish/pico-sdk/lib/tinyusb/src/device/usbd.c.obj
                0x0000000010002788                tud_descriptor_other_speed_configuration_cb
 .text.tud_mount_cb
                0x000000001000278c        0x4 CMakeFiles/pockpet.dir/home/plebish/pico-sdk/lib/tinyusb/src/device/usbd.c.obj
                0x000000001000278c                tud_mount_cb
 .text.tud_umount_cb
                0x0000000010002790        0x4 CMakeFiles/pockpet.dir/home/plebish/pico-sdk/lib/tinyusb/src/device/usbd.c.obj
                0x0000000010002790                tud_umount_cb
 .text.tud_suspend_cb
                0x0000000010002794        0x4 CMakeFiles/pockpet.dir/home/plebish/pico-sdk/lib/tinyusb/src/device/usbd.c.obj
                0x0000000010002794                tud_suspend_cb
 .text.tud_resume_cb
                0x0000000010002798        0x4 CMakeFiles/pockpet.dir/home/plebish/pico-sdk/lib/tinyusb/src/device/usbd.c.obj
                0x0000000010002798                tud_resume_cb
 .text.tud_mounted
                0x000000001000279c       0x10 CMakeFiles/pockpet.dir/home/plebish/pico-sdk/lib/tinyusb/src/device/usbd.c.obj
                0x000000001000279c                tud_mounted
 .text.tud_suspended
                0x00000000100027ac       0x10 CMakeFiles/pockpet.dir/home/plebish/pico-sdk/lib/tinyusb/src/device/usbd.c.obj
                0x00000000100027ac                tud_suspended
 .text.tud_init
                0x00000000100027bc       0xe4 CMakeFiles/pockpet.dir/home/plebish/pico-sdk/lib/tinyusb/src/device/usbd.c.obj
                0x00000000100027bc                tud_init
 .text.tud_task_ext
                0x00000000100028a0      0x800 CMakeFiles/pockpet.dir/home/plebish/pico-sdk/lib/tinyusb/src/device/usbd.c.obj
                0x00000000100028a0                tud_task_ext
 .text.usbd_open_edpt_pair
                0x00000000100030a0       0x9c CMakeFiles/pockpet.dir/home/plebish/pico-sdk/lib/tinyusb/src/device/usbd.c.obj
                0x00000000100030a0                usbd_open_edpt_pair
 .text.usbd_edpt_open
                0x000000001000313c       0x34 CMakeFiles/pockpet.dir/home/plebish/pico-sdk/lib/tinyusb/src/device/usbd.c.obj
                0x000000001000313c                usbd_edpt_open
 .text.usbd_edpt_claim
                0x0000000010003170       0x28 CMakeFiles/pockpet.dir/home/plebish/pico-sdk/lib/tinyusb/src/device/usbd.c.obj
                0x0000000010003170                usbd_edpt_claim
 .text.usbd_edpt_release
                0x0000000010003198       0x28 CMakeFiles/pockpet.dir/home/plebish/pico-sdk/lib/tinyusb/src/device/usbd.c.obj
                0x0000000010003198                usbd_edpt_release
 .text.usbd_edpt_xfer
                0x00000000100031c0       0x4c CMakeFiles/pockpet.dir/home/plebish/pico-sdk/lib/tinyusb/src/device/usbd.c.obj
                0x00000000100031c0                usbd_edpt_xfer
 .text.tud_control_status
                0x000000001000320c       0x30 CMakeFiles/pockpet.dir/home/plebish/pico-sdk/lib/tinyusb/src/device/usbd_control.c.obj
                0x000000001000320c                tud_control_status
 .text.tud_control_xfer
                0x000000001000323c       0xbc CMakeFiles/pockpet.dir/home/plebish/pico-sdk/lib/tinyusb/src/device/usbd_control.c.obj
                0x000000001000323c                tud_control_xfer
 .text.usbd_control_reset
                0x00000000100032f8       0x14 CMakeFiles/pockpet.dir/home/plebish/pico-sdk/lib/tinyusb/src/device/usbd_control.c.obj
                0x00000000100032f8                usbd_control_reset
 .text.usbd_control_set_complete_callback
                0x000000001000330c        0xc CMakeFiles/pockpet.dir/home/plebish/pico-sdk/lib/tinyusb/src/device/usbd_control.c.obj
                0x000000001000330c                usbd_control_set_complete_callback
 .text.usbd_control_set_request
                0x0000000010003318       0x1c CMakeFiles/pockpet.dir/home/plebish/pico-sdk/lib/tinyusb/src/device/usbd_control.c.obj
                0x0000000010003318                usbd_control_set_request
 .text.usbd_control_xfer_cb
                0x0000000010003334       0xf0 CMakeFiles/pockpet.dir/home/plebish/pico-sdk/lib/tinyusb/src/device/usbd_control.c.obj
                0x0000000010003334                usbd_control_xfer_cb
 .text._prep_out_transaction.isra.0
                0x0000000010003424       0x5c CMakeFiles/pockpet.dir/home/plebish/pico-sdk/lib/tinyusb/src/class/cdc/cdc_device.c.obj
 .text.tud_cdc_n_connected
                0x0000000010003480       0x30 CMakeFiles/pockpet.dir/home/plebish/pico-sdk/lib/tinyusb/src/class/cdc/cdc_device.c.obj
                0x0000000010003480                tud_cdc_n_connected
 .text.tud_cdc_n_available
                0x00000000100034b0       0x18 CMakeFiles/pockpet.dir/home/plebish/pico-sdk/lib/tinyusb/src/class/cdc/cdc_device.c.obj
                0x00000000100034b0                tud_cdc_n_available
 .text.tud_cdc_n_read
                0x00000000100034c8       0x98 CMakeFiles/pockpet.dir/home/plebish/pico-sdk/lib/tinyusb/src/class/cdc/cdc_device.c.obj
                0x00000000100034c8                tud_cdc_n_read
 .text.tud_cdc_n_write_flush
                0x0000000010003560       0x78 CMakeFiles/pockpet.dir/home/plebish/pico-sdk/lib/tinyusb/src/class/cdc/cdc_device.c.obj
                0x0000000010003560                tud_cdc_n_write_flush
 .text.tud_cdc_n_write
                0x00000000100035d8       0x44 CMakeFiles/pockpet.dir/home/plebish/pico-sdk/lib/tinyusb/src/class/cdc/cdc_device.c.obj
                0x00000000100035d8                tud_cdc_n_write
 .text.tud_cdc_n_write_available
                0x000000001000361c       0x18 CMakeFiles/pockpet.dir/home/plebish/pico-sdk/lib/tinyusb/src/class/cdc/cdc_device.c.obj
                0x000000001000361c                tud_cdc_n_write_available
 .text.cdcd_init
                0x0000000010003634       0x7c CMakeFiles/pockpet.dir/home/plebish/pico-sdk/lib/tinyusb/src/class/cdc/cdc_device.c.obj
                0x0000000010003634                cdcd_init
 .text.cdcd_deinit
                0x00000000100036b0       0x24 CMakeFiles/pockpet.dir/home/plebish/pico-sdk/lib/tinyusb/src/class/cdc/cdc_device.c.obj
                0x00000000100036b0                cdcd_deinit
 .text.cdcd_reset
                0x00000000100036d4       0x4c CMakeFiles/pockpet.dir/home/plebish/pico-sdk/lib/tinyusb/src/class/cdc/cdc_device.c.obj
                0x00000000100036d4                cdcd_reset
 .text.cdcd_open
                0x0000000010003720       0xb4 CMakeFiles/pockpet.dir/home/plebish/pico-sdk/lib/tinyusb/src/class/cdc/cdc_device.c.obj
                0x0000000010003720                cdcd_open
 .text.cdcd_control_xfer_cb
                0x00000000100037d4       0xe4 CMakeFiles/pockpet.dir/home/plebish/pico-sdk/lib/tinyusb/src/class/cdc/cdc_device.c.obj
                0x00000000100037d4                cdcd_control_xfer_cb
 .text.cdcd_xfer_cb
                0x00000000100038b8       0xfc CMakeFiles/pockpet.dir/home/plebish/pico-sdk/lib/tinyusb/src/class/cdc/cdc_device.c.obj
                0x00000000100038b8                cdcd_xfer_cb
 .text.tud_vendor_n_write_flush
                0x00000000100039b4       0x78 CMakeFiles/pockpet.dir/home/plebish/pico-sdk/lib/tinyusb/src/class/vendor/vendor_device.c.obj
                0x00000000100039b4                tud_vendor_n_write_flush
 .text.vendord_init
                0x0000000010003a2c       0x64 CMakeFiles/pockpet.dir/home/plebish/pico-sdk/lib/tinyusb/src/class/vendor/vendor_device.c.obj
                0x0000000010003a2c                vendord_init
 .text.vendord_deinit
                0x0000000010003a90       0x24 CMakeFiles/pockpet.dir/home/plebish/pico-sdk/lib/tinyusb/src/class/vendor/vendor_device.c.obj
                0x0000000010003a90                vendord_deinit
 .text.vendord_reset
                0x0000000010003ab4       0x1c CMakeFiles/pockpet.dir/home/plebish/pico-sdk/lib/tinyusb/src/class/vendor/vendor_device.c.obj
                0x0000000010003ab4                vendord_reset
 .text.vendord_open
                0x0000000010003ad0       0xc8 CMakeFiles/pockpet.dir/home/plebish/pico-sdk/lib/tinyusb/src/class/vendor/vendor_device.c.obj
                0x0000000010003ad0                vendord_open
 .text.vendord_xfer_cb
                0x0000000010003b98       0xc8 CMakeFiles/pockpet.dir/home/plebish/pico-sdk/lib/tinyusb/src/class/vendor/vendor_device.c.obj
                0x0000000010003b98                vendord_xfer_cb
 .text.tusb_init
                0x0000000010003c60        0xc CMakeFiles/pockpet.dir/home/plebish/pico-sdk/lib/tinyusb/src/tusb.c.obj
                0x0000000010003c60                tusb_init
 .text.tu_edpt_claim
                0x0000000010003c6c       0x50 CMakeFiles/pockpet.dir/home/plebish/pico-sdk/lib/tinyusb/src/tusb.c.obj
                0x0000000010003c6c                tu_edpt_claim
 .text.tu_edpt_release
                0x0000000010003cbc       0x38 CMakeFiles/pockpet.dir/home/plebish/pico-sdk/lib/tinyusb/src/tusb.c.obj
                0x0000000010003cbc                tu_edpt_release
 .text.tu_edpt_validate
                0x0000000010003cf4       0x78 CMakeFiles/pockpet.dir/home/plebish/pico-sdk/lib/tinyusb/src/tusb.c.obj
                0x0000000010003cf4                tu_edpt_validate
 .text.tu_edpt_bind_driver
                0x0000000010003d6c       0x34 CMakeFiles/pockpet.dir/home/plebish/pico-sdk/lib/tinyusb/src/tusb.c.obj
                0x0000000010003d6c                tu_edpt_bind_driver
 .text.tu_fifo_config
                0x0000000010003da0       0x70 CMakeFiles/pockpet.dir/home/plebish/pico-sdk/lib/tinyusb/src/common/tusb_fifo.c.obj
                0x0000000010003da0                tu_fifo_config
 .text.tu_fifo_count
                0x0000000010003e10       0x2c CMakeFiles/pockpet.dir/home/plebish/pico-sdk/lib/tinyusb/src/common/tusb_fifo.c.obj
                0x0000000010003e10                tu_fifo_count
 .text.tu_fifo_empty
                0x0000000010003e3c       0x10 CMakeFiles/pockpet.dir/home/plebish/pico-sdk/lib/tinyusb/src/common/tusb_fifo.c.obj
                0x0000000010003e3c                tu_fifo_empty
 .text.tu_fifo_remaining
                0x0000000010003e4c       0x2c CMakeFiles/pockpet.dir/home/plebish/pico-sdk/lib/tinyusb/src/common/tusb_fifo.c.obj
                0x0000000010003e4c                tu_fifo_remaining
 .text.tu_fifo_read
                0x0000000010003e78       0xa0 CMakeFiles/pockpet.dir/home/plebish/pico-sdk/lib/tinyusb/src/common/tusb_fifo.c.obj
                0x0000000010003e78                tu_fifo_read
 .text.tu_fifo_read_n
                0x0000000010003f18       0xec CMakeFiles/pockpet.dir/home/plebish/pico-sdk/lib/tinyusb/src/common/tusb_fifo.c.obj
                0x0000000010003f18                tu_fifo_read_n
 .text.tu_fifo_write
                0x0000000010004004       0x88 CMakeFiles/pockpet.dir/home/plebish/pico-sdk/lib/tinyusb/src/common/tusb_fifo.c.obj
                0x0000000010004004                tu_fifo_write
 .text.tu_fifo_write_n
                0x000000001000408c      0x168 CMakeFiles/pockpet.dir/home/plebish/pico-sdk/lib/tinyusb/src/common/tusb_fifo.c.obj
                0x000000001000408c                tu_fifo_write_n
 .text.tu_fifo_clear
                0x00000000100041f4       0x40 CMakeFiles/pockpet.dir/home/plebish/pico-sdk/lib/tinyusb/src/common/tusb_fifo.c.obj
                0x00000000100041f4                tu_fifo_clear
 .text.tu_fifo_set_overwritable
                0x0000000010004234       0x48 CMakeFiles/pockpet.dir/home/plebish/pico-sdk/lib/tinyusb/src/common/tusb_fifo.c.obj
                0x0000000010004234                tu_fifo_set_overwritable
 .text.spi_init
                0x000000001000427c      0x134 CMakeFiles/pockpet.dir/home/plebish/pico-sdk/src/rp2_common/hardware_spi/spi.c.obj
                0x000000001000427c                spi_init
 .text.ili9341_initialize
                0x00000000100043b0      0x750 ../lib/ili9341/libili9341_pico_driver.a(ili9341.c.obj)
                0x00000000100043b0                ili9341_initialize
 .text          0x0000000010004b00       0x5c /usr/lib/gcc/arm-none-eabi/10.3.1/../../../arm-none-eabi/lib/thumb/v6-m/nofp/libg.a(lib_a-strlen-stub.o)
                0x0000000010004b00                strlen
 *(.fini)
 .fini          0x0000000010004b5c        0x4 /usr/lib/gcc/arm-none-eabi/10.3.1/thumb/v6-m/nofp/crti.o
                0x0000000010004b5c                _fini
 .fini.__stub   0x0000000010004b60       0xd0 linker stubs
 *crtbegin.o(.ctors)
 *crtbegin?.o(.ctors)
 *(EXCLUDE_FILE(*crtend.o *crtend?.o) .ctors)
 *(SORT_BY_NAME(.ctors.*))
 *(.ctors)
 *crtbegin.o(.dtors)
 *crtbegin?.o(.dtors)
 *(EXCLUDE_FILE(*crtend.o *crtend?.o) .dtors)
 *(SORT_BY_NAME(.dtors.*))
 *(.dtors)
                0x0000000010004c30                . = ALIGN (0x4)
                0x0000000010004c30                PROVIDE (__preinit_array_start = .)
 *(SORT_BY_NAME(.preinit_array.*))
 .preinit_array.00100
                0x0000000010004c30        0x4 CMakeFiles/pockpet.dir/home/plebish/pico-sdk/src/rp2_common/pico_runtime_init/runtime_init.c.obj
                0x0000000010004c30                __pre_init_runtime_init_early_resets
 .preinit_array.00101
                0x0000000010004c34        0x4 CMakeFiles/pockpet.dir/home/plebish/pico-sdk/src/rp2_common/pico_runtime_init/runtime_init.c.obj
                0x0000000010004c34                __pre_init_runtime_init_usb_power_down
 .preinit_array.00275
                0x0000000010004c38        0x4 CMakeFiles/pockpet.dir/home/plebish/pico-sdk/src/rp2_common/pico_bit_ops/bit_ops_aeabi.S.obj
 .preinit_array.00300
                0x0000000010004c3c        0x4 CMakeFiles/pockpet.dir/home/plebish/pico-sdk/src/rp2_common/pico_mem_ops/mem_ops_aeabi.S.obj
 .preinit_array.00350
                0x0000000010004c40        0x4 CMakeFiles/pockpet.dir/home/plebish/pico-sdk/src/rp2_common/pico_double/double_aeabi_rp2040.S.obj
 .preinit_array.00350
                0x0000000010004c44        0x4 CMakeFiles/pockpet.dir/home/plebish/pico-sdk/src/rp2_common/pico_float/float_aeabi_rp2040.S.obj
 .preinit_array.00500
                0x0000000010004c48        0x4 CMakeFiles/pockpet.dir/home/plebish/pico-sdk/src/rp2_common/pico_runtime_init/runtime_init.c.obj
                0x0000000010004c48                __pre_init_runtime_init_clocks
 .preinit_array.00600
                0x0000000010004c4c        0x4 CMakeFiles/pockpet.dir/home/plebish/pico-sdk/src/rp2_common/pico_runtime_init/runtime_init.c.obj
                0x0000000010004c4c                __pre_init_runtime_init_post_clock_resets
 .preinit_array.00700
                0x0000000010004c50        0x4 CMakeFiles/pockpet.dir/home/plebish/pico-sdk/src/rp2_common/pico_runtime_init/runtime_init.c.obj
                0x0000000010004c50                __pre_init_runtime_init_rp2040_gpio_ie_disable
 .preinit_array.01000
                0x0000000010004c54        0x4 CMakeFiles/pockpet.dir/home/plebish/pico-sdk/src/rp2_common/pico_runtime_init/runtime_init.c.obj
                0x0000000010004c54                __pre_init_runtime_init_spin_locks_reset
 .preinit_array.01100
                0x0000000010004c58        0x4 CMakeFiles/pockpet.dir/home/plebish/pico-sdk/src/common/pico_sync/mutex.c.obj
                0x0000000010004c58                __pre_init_runtime_init_mutex
 .preinit_array.10080
                0x0000000010004c5c        0x4 CMakeFiles/pockpet.dir/home/plebish/pico-sdk/src/rp2_common/pico_runtime_init/runtime_init.c.obj
                0x0000000010004c5c                __pre_init_runtime_init_install_ram_vector_table
 .preinit_array.11000
                0x0000000010004c60        0x4 CMakeFiles/pockpet.dir/home/plebish/pico-sdk/src/common/pico_time/time.c.obj
                0x0000000010004c60                __pre_init_runtime_init_default_alarm_pool
 .preinit_array.YYYYY
                0x0000000010004c64        0x4 CMakeFiles/pockpet.dir/home/plebish/pico-sdk/src/rp2_common/pico_runtime/runtime.c.obj
                0x0000000010004c64                __pre_init_first_per_core_initializer
 .preinit_array.ZZZZZ.01200
                0x0000000010004c68        0x4 CMakeFiles/pockpet.dir/home/plebish/pico-sdk/src/rp2_common/hardware_irq/irq.c.obj
                0x0000000010004c68                __pre_init_runtime_init_per_core_irq_priorities
 *(.preinit_array)
                0x0000000010004c6c                PROVIDE (__preinit_array_end = .)
                0x0000000010004c6c                . = ALIGN (0x4)
                0x0000000010004c6c                PROVIDE (__init_array_start = .)
 *(SORT_BY_NAME(.init_array.*))
 *(.init_array)
 .init_array    0x0000000010004c6c        0x4 /usr/lib/gcc/arm-none-eabi/10.3.1/thumb/v6-m/nofp/crtbegin.o
 .init_array    0x0000000010004c70        0x4 CMakeFiles/pockpet.dir/home/plebish/pico-sdk/src/rp2_common/pico_unique_id/unique_id.c.obj
                0x0000000010004c74                PROVIDE (__init_array_end = .)
                0x0000000010004c74                . = ALIGN (0x4)
                0x0000000010004c74                PROVIDE (__fini_array_start = .)
 *(SORT_BY_NAME(.fini_array.*))
 *(.fini_array)
                0x0000000010004c74                PROVIDE (__fini_array_end = .)
 *(.eh_frame*)
 .eh_frame      0x0000000010004c74        0x0 /usr/lib/gcc/arm-none-eabi/10.3.1/thumb/v6-m/nofp/crtbegin.o
                0x0000000010004c74                . = ALIGN (0x4)

.glue_7         0x0000000010004c74        0x0
 .glue_7        0x0000000010004c74        0x0 linker stubs

.glue_7t        0x0000000010004c74        0x0
 .glue_7t       0x0000000010004c74        0x0 linker stubs

.vfp11_veneer   0x0000000010004c74        0x0
 .vfp11_veneer  0x0000000010004c74        0x0 linker stubs

.v4_bx          0x0000000010004c74        0x0
 .v4_bx         0x0000000010004c74        0x0 linker stubs

.iplt           0x0000000010004c74        0x0
 .iplt          0x0000000010004c74        0x0 /usr/lib/gcc/arm-none-eabi/10.3.1/thumb/v6-m/nofp/crtbegin.o

.rodata         0x0000000010004c74      0x40c
 *(EXCLUDE_FILE(*libm.a: *libc.a:*lib_a-mem*.o *libgcc.a:) .rodata*)
 .rodata.main.str1.4
                0x0000000010004c74        0x3 CMakeFiles/pockpet.dir/main.c.obj
 *fill*         0x0000000010004c77        0x1 
 .rodata.panic.str1.4
                0x0000000010004c78       0x12 CMakeFiles/pockpet.dir/home/plebish/pico-sdk/src/rp2_common/pico_platform_panic/panic.c.obj
 *fill*         0x0000000010004c8a        0x2 
 .rodata.spin_lock_claim_unused.str1.4
                0x0000000010004c8c       0x1b CMakeFiles/pockpet.dir/home/plebish/pico-sdk/src/rp2_common/hardware_sync/sync.c.obj
 *fill*         0x0000000010004ca7        0x1 
 .rodata.user_irq_claim_unused.str1.4
                0x0000000010004ca8       0x1b CMakeFiles/pockpet.dir/home/plebish/pico-sdk/src/rp2_common/hardware_irq/irq.c.obj
 *fill*         0x0000000010004cc3        0x1 
 .rodata.timer_hardware_alarm_claim.str1.4
                0x0000000010004cc4       0x22 CMakeFiles/pockpet.dir/home/plebish/pico-sdk/src/rp2_common/hardware_timer/timer.c.obj
 *fill*         0x0000000010004ce6        0x2 
 .rodata.hard_assertion_failure.str1.4
                0x0000000010004ce8        0xc CMakeFiles/pockpet.dir/home/plebish/pico-sdk/src/rp2_common/pico_runtime/runtime.c.obj
 .rodata.missing_double_func_shim.str1.4
                0x0000000010004cf4       0x18 CMakeFiles/pockpet.dir/home/plebish/pico-sdk/src/rp2_common/pico_double/double_init_rom_rp2040.c.obj
 .rodata.missing_float_func_shim.str1.4
                0x0000000010004d0c       0x18 CMakeFiles/pockpet.dir/home/plebish/pico-sdk/src/rp2_common/pico_float/float_init_rom_rp2040.c.obj
                                          0x1 (size before relaxing)
 .rodata.str1.4
                0x0000000010004d0c       0x2c CMakeFiles/pockpet.dir/home/plebish/pico-sdk/src/rp2_common/pico_standard_binary_info/standard_binary_info.c.obj
 .rodata.__bi_26
                0x0000000010004d38        0xc CMakeFiles/pockpet.dir/home/plebish/pico-sdk/src/rp2_common/pico_standard_binary_info/standard_binary_info.c.obj
 .rodata.__bi_34
                0x0000000010004d44        0xc CMakeFiles/pockpet.dir/home/plebish/pico-sdk/src/rp2_common/pico_standard_binary_info/standard_binary_info.c.obj
 .rodata.__bi_42
                0x0000000010004d50        0xc CMakeFiles/pockpet.dir/home/plebish/pico-sdk/src/rp2_common/pico_standard_binary_info/standard_binary_info.c.obj
 .rodata.__bi_48
                0x0000000010004d5c        0xc CMakeFiles/pockpet.dir/home/plebish/pico-sdk/src/rp2_common/pico_standard_binary_info/standard_binary_info.c.obj
 .rodata.__bi_54
                0x0000000010004d68        0xc CMakeFiles/pockpet.dir/home/plebish/pico-sdk/src/rp2_common/pico_standard_binary_info/standard_binary_info.c.obj
 .rodata.__bi_84
                0x0000000010004d74        0xc CMakeFiles/pockpet.dir/home/plebish/pico-sdk/src/rp2_common/pico_standard_binary_info/standard_binary_info.c.obj
 .rodata.crlf_str.0
                0x0000000010004d80        0x2 CMakeFiles/pockpet.dir/home/plebish/pico-sdk/src/rp2_common/pico_stdio/stdio.c.obj
 *fill*         0x0000000010004d82        0x2 
 .rodata._resetd_driver
                0x0000000010004d84       0x20 CMakeFiles/pockpet.dir/home/plebish/pico-sdk/src/rp2_common/pico_stdio_usb/reset_interface.c.obj
 .rodata.desc_bos
                0x0000000010004da4       0x21 CMakeFiles/pockpet.dir/home/plebish/pico-sdk/src/rp2_common/pico_stdio_usb/reset_interface.c.obj
                0x0000000010004da4                desc_bos
 *fill*         0x0000000010004dc5        0x3 
 .rodata.desc_ms_os_20
                0x0000000010004dc8       0xa6 CMakeFiles/pockpet.dir/home/plebish/pico-sdk/src/rp2_common/pico_stdio_usb/reset_interface.c.obj
 *fill*         0x0000000010004e6e        0x2 
 .rodata.str1.4
                0x0000000010004e70       0x13 CMakeFiles/pockpet.dir/home/plebish/pico-sdk/src/rp2_common/pico_stdio_usb/stdio_usb.c.obj
 *fill*         0x0000000010004e83        0x1 
 .rodata.__bi_197.0
                0x0000000010004e84        0xc CMakeFiles/pockpet.dir/home/plebish/pico-sdk/src/rp2_common/pico_stdio_usb/stdio_usb.c.obj
 .rodata.str1.4
                0x0000000010004e90       0x2a CMakeFiles/pockpet.dir/home/plebish/pico-sdk/src/rp2_common/pico_stdio_usb/stdio_usb_descriptors.c.obj
 *fill*         0x0000000010004eba        0x2 
 .rodata.usbd_desc_cfg
                0x0000000010004ebc       0x54 CMakeFiles/pockpet.dir/home/plebish/pico-sdk/src/rp2_common/pico_stdio_usb/stdio_usb_descriptors.c.obj
 .rodata.usbd_desc_device
                0x0000000010004f10       0x12 CMakeFiles/pockpet.dir/home/plebish/pico-sdk/src/rp2_common/pico_stdio_usb/stdio_usb_descriptors.c.obj
 *fill*         0x0000000010004f22        0x2 
 .rodata.usbd_desc_str
                0x0000000010004f24       0x18 CMakeFiles/pockpet.dir/home/plebish/pico-sdk/src/rp2_common/pico_stdio_usb/stdio_usb_descriptors.c.obj
 .rodata.str1.4
                0x0000000010004f3c       0x14 CMakeFiles/pockpet.dir/home/plebish/pico-sdk/lib/tinyusb/src/portable/raspberrypi/rp2040/dcd_rp2040.c.obj
 .rodata.str1.4
                0x0000000010004f50       0x48 CMakeFiles/pockpet.dir/home/plebish/pico-sdk/lib/tinyusb/src/portable/raspberrypi/rp2040/rp2040_usb.c.obj
 .rodata.tud_task_ext
                0x0000000010004f98       0x8c CMakeFiles/pockpet.dir/home/plebish/pico-sdk/lib/tinyusb/src/device/usbd.c.obj
 .rodata        0x0000000010005024       0x1c CMakeFiles/pockpet.dir/home/plebish/pico-sdk/lib/tinyusb/src/device/usbd.c.obj
 .rodata._usbd_driver
                0x0000000010005040       0x40 CMakeFiles/pockpet.dir/home/plebish/pico-sdk/lib/tinyusb/src/device/usbd.c.obj
                0x0000000010005080                . = ALIGN (0x4)
 *(SORT_BY_ALIGNMENT(SORT_BY_NAME(.flashdata*)))
                0x0000000010005080                . = ALIGN (0x4)

.ARM.extab
 *(.ARM.extab* .gnu.linkonce.armextab.*)
                0x0000000010005080                __exidx_start = .

.ARM.exidx
 *(.ARM.exidx* .gnu.linkonce.armexidx.*)
                0x0000000010005080                __exidx_end = .
                0x0000000010005080                . = ALIGN (0x4)
                0x0000000010005080                __binary_info_start = .

.binary_info    0x0000000010005080       0x1c
 *(.binary_info.keep.*)
 .binary_info.keep.__bi_ptr26
                0x0000000010005080        0x4 CMakeFiles/pockpet.dir/home/plebish/pico-sdk/src/rp2_common/pico_standard_binary_info/standard_binary_info.c.obj
 .binary_info.keep.__bi_ptr34
                0x0000000010005084        0x4 CMakeFiles/pockpet.dir/home/plebish/pico-sdk/src/rp2_common/pico_standard_binary_info/standard_binary_info.c.obj
 .binary_info.keep.__bi_ptr42
                0x0000000010005088        0x4 CMakeFiles/pockpet.dir/home/plebish/pico-sdk/src/rp2_common/pico_standard_binary_info/standard_binary_info.c.obj
 .binary_info.keep.__bi_ptr48
                0x000000001000508c        0x4 CMakeFiles/pockpet.dir/home/plebish/pico-sdk/src/rp2_common/pico_standard_binary_info/standard_binary_info.c.obj
 .binary_info.keep.__bi_ptr54
                0x0000000010005090        0x4 CMakeFiles/pockpet.dir/home/plebish/pico-sdk/src/rp2_common/pico_standard_binary_info/standard_binary_info.c.obj
 .binary_info.keep.__bi_ptr84
                0x0000000010005094        0x4 CMakeFiles/pockpet.dir/home/plebish/pico-sdk/src/rp2_common/pico_standard_binary_info/standard_binary_info.c.obj
 *(.binary_info.*)
 .binary_info.__bi_ptr197
                0x0000000010005098        0x4 CMakeFiles/pockpet.dir/home/plebish/pico-sdk/src/rp2_common/pico_stdio_usb/stdio_usb.c.obj
                0x000000001000509c                __binary_info_end = .

.rel.dyn        0x000000001000509c        0x0
 .rel.iplt      0x000000001000509c        0x0 /usr/lib/gcc/arm-none-eabi/10.3.1/thumb/v6-m/nofp/crtbegin.o
                0x000000001000509c                . = ALIGN (0x4)

.ram_vector_table
                0x0000000020000000       0xc0
 *(.ram_vector_table)
 .ram_vector_table
                0x0000000020000000       0xc0 CMakeFiles/pockpet.dir/home/plebish/pico-sdk/src/rp2_common/pico_runtime_init/runtime_init.c.obj
                0x0000000020000000                ram_vector_table

.uninitialized_data
                0x00000000200000c0        0x0
                0x00000000200000c0                . = ALIGN (0x4)
 *(.uninitialized_data*)

.data           0x00000000200000c0     0x1050 load address 0x000000001000509c
                0x00000000200000c0                __data_start__ = .
 *(vtable)
 *(.time_critical*)
 .time_critical.mutex_try_enter
                0x00000000200000c0       0x44 CMakeFiles/pockpet.dir/home/plebish/pico-sdk/src/common/pico_sync/mutex.c.obj
                0x00000000200000c0                mutex_try_enter
 .time_critical.mutex_try_enter_block_until
                0x0000000020000104       0x9c CMakeFiles/pockpet.dir/home/plebish/pico-sdk/src/common/pico_sync/mutex.c.obj
                0x0000000020000104                mutex_try_enter_block_until
 .time_critical.mutex_enter_timeout_ms
                0x00000000200001a0       0x90 CMakeFiles/pockpet.dir/home/plebish/pico-sdk/src/common/pico_sync/mutex.c.obj
                0x00000000200001a0                mutex_enter_timeout_ms
 .time_critical.mutex_exit
                0x0000000020000230       0x28 CMakeFiles/pockpet.dir/home/plebish/pico-sdk/src/common/pico_sync/mutex.c.obj
                0x0000000020000230                mutex_exit
 .time_critical.flash_init_boot2_copyout
                0x0000000020000258       0x30 CMakeFiles/pockpet.dir/home/plebish/pico-sdk/src/rp2_common/hardware_flash/flash.c.obj
 .time_critical.flash_enable_xip_via_boot2
                0x0000000020000288       0x10 CMakeFiles/pockpet.dir/home/plebish/pico-sdk/src/rp2_common/hardware_flash/flash.c.obj
 .time_critical.flash_cs_force
                0x0000000020000298       0x38 CMakeFiles/pockpet.dir/home/plebish/pico-sdk/src/rp2_common/hardware_flash/flash.c.obj
 .time_critical.flash_do_cmd
                0x00000000200002d0       0xc4 CMakeFiles/pockpet.dir/home/plebish/pico-sdk/src/rp2_common/hardware_flash/flash.c.obj
                0x00000000200002d0                flash_do_cmd
 .time_critical.reset_non_control_endpoints
                0x0000000020000394       0xbc CMakeFiles/pockpet.dir/home/plebish/pico-sdk/lib/tinyusb/src/portable/raspberrypi/rp2040/dcd_rp2040.c.obj
 .time_critical.hw_handle_buff_status
                0x0000000020000450       0xa8 CMakeFiles/pockpet.dir/home/plebish/pico-sdk/lib/tinyusb/src/portable/raspberrypi/rp2040/dcd_rp2040.c.obj
 .time_critical.dcd_rp2040_irq
                0x00000000200004f8      0x554 CMakeFiles/pockpet.dir/home/plebish/pico-sdk/lib/tinyusb/src/portable/raspberrypi/rp2040/dcd_rp2040.c.obj
 .time_critical.prepare_ep_buffer
                0x0000000020000a4c       0xf4 CMakeFiles/pockpet.dir/home/plebish/pico-sdk/lib/tinyusb/src/portable/raspberrypi/rp2040/rp2040_usb.c.obj
 .time_critical.sync_ep_buffer
                0x0000000020000b40       0xb4 CMakeFiles/pockpet.dir/home/plebish/pico-sdk/lib/tinyusb/src/portable/raspberrypi/rp2040/rp2040_usb.c.obj
 .time_critical._hw_endpoint_xfer_sync
                0x0000000020000bf4       0x28 CMakeFiles/pockpet.dir/home/plebish/pico-sdk/lib/tinyusb/src/portable/raspberrypi/rp2040/rp2040_usb.c.obj
 .time_critical.e15_is_bulkin_ep
                0x0000000020000c1c       0x28 CMakeFiles/pockpet.dir/home/plebish/pico-sdk/lib/tinyusb/src/portable/raspberrypi/rp2040/rp2040_usb.c.obj
 .time_critical.e15_is_critical_frame_period
                0x0000000020000c44       0x34 CMakeFiles/pockpet.dir/home/plebish/pico-sdk/lib/tinyusb/src/portable/raspberrypi/rp2040/rp2040_usb.c.obj
 .time_critical.hw_endpoint_reset_transfer
                0x0000000020000c78        0xc CMakeFiles/pockpet.dir/home/plebish/pico-sdk/lib/tinyusb/src/portable/raspberrypi/rp2040/rp2040_usb.c.obj
                0x0000000020000c78                hw_endpoint_reset_transfer
 .time_critical._hw_endpoint_buffer_control_update32
                0x0000000020000c84       0x50 CMakeFiles/pockpet.dir/home/plebish/pico-sdk/lib/tinyusb/src/portable/raspberrypi/rp2040/rp2040_usb.c.obj
                0x0000000020000c84                _hw_endpoint_buffer_control_update32
 .time_critical.hw_endpoint_start_next_buffer
                0x0000000020000cd4       0x6c CMakeFiles/pockpet.dir/home/plebish/pico-sdk/lib/tinyusb/src/portable/raspberrypi/rp2040/rp2040_usb.c.obj
                0x0000000020000cd4                hw_endpoint_start_next_buffer
 .time_critical.hw_endpoint_xfer_continue
                0x0000000020000d40       0x40 CMakeFiles/pockpet.dir/home/plebish/pico-sdk/lib/tinyusb/src/portable/raspberrypi/rp2040/rp2040_usb.c.obj
                0x0000000020000d40                hw_endpoint_xfer_continue
 .time_critical.tinyusb
                0x0000000020000d80      0x1f0 CMakeFiles/pockpet.dir/home/plebish/pico-sdk/lib/tinyusb/src/device/usbd.c.obj
                0x0000000020000d80                dcd_event_handler
 .time_critical.spi_write_blocking
                0x0000000020000f70       0x4c CMakeFiles/pockpet.dir/home/plebish/pico-sdk/src/rp2_common/hardware_spi/spi.c.obj
                0x0000000020000f70                spi_write_blocking
 *(.text*)
 .text          0x0000000020000fbc        0x4 /usr/lib/gcc/arm-none-eabi/10.3.1/thumb/v6-m/nofp/libgcc.a(_dvmd_tls.o)
                0x0000000020000fbc                __aeabi_ldiv0
                0x0000000020000fbc                __aeabi_idiv0
 .text.__stub   0x0000000020000fc0       0x80 linker stubs
                0x0000000020001040                . = ALIGN (0x4)
 *(.rodata*)
                0x0000000020001040                . = ALIGN (0x4)
 *(.data*)
 .data.striped_spin_lock_num
                0x0000000020001040        0x1 CMakeFiles/pockpet.dir/home/plebish/pico-sdk/src/rp2_common/hardware_sync/sync.c.obj
 *fill*         0x0000000020001041        0x3 
 .data          0x0000000020001044       0x48 CMakeFiles/pockpet.dir/home/plebish/pico-sdk/src/rp2_common/hardware_irq/irq_handler_chain.S.obj
                0x0000000020001044                irq_handler_chain_slots
                0x0000000020001074                irq_handler_chain_first_slot
                0x000000002000107e                irq_handler_chain_remove_tail
 .data.default_alarm_pool
                0x000000002000108c       0x18 CMakeFiles/pockpet.dir/home/plebish/pico-sdk/src/common/pico_time/time.c.obj
 *fill*         0x00000000200010a4        0xc 
 .data.aeabi_bits_funcs
                0x00000000200010b0       0x10 CMakeFiles/pockpet.dir/home/plebish/pico-sdk/src/rp2_common/pico_bit_ops/bit_ops_aeabi.S.obj
                0x00000000200010b0                aeabi_bits_funcs
                0x00000000200010c0                aeabi_bits_funcs_end
 .data.aeabi_mem_funcs
                0x00000000200010c0       0x10 CMakeFiles/pockpet.dir/home/plebish/pico-sdk/src/rp2_common/pico_mem_ops/mem_ops_aeabi.S.obj
                0x00000000200010c0                aeabi_mem_funcs
                0x00000000200010d0                aeabi_mem_funcs_end
 .data.stdio_usb
                0x00000000200010d0       0x18 CMakeFiles/pockpet.dir/home/plebish/pico-sdk/src/rp2_common/pico_stdio_usb/stdio_usb.c.obj
                0x00000000200010d0                stdio_usb
 .data._usbd_qdef
                0x00000000200010e8       0x1c CMakeFiles/pockpet.dir/home/plebish/pico-sdk/lib/tinyusb/src/device/usbd.c.obj
                0x00000000200010e8                _usbd_qdef
 .data._usbd_rhport
                0x0000000020001104        0x1 CMakeFiles/pockpet.dir/home/plebish/pico-sdk/lib/tinyusb/src/device/usbd.c.obj
                0x0000000020001108                . = ALIGN (0x4)
 *fill*         0x0000000020001105        0x3 
 *(.after_data.*)
                0x0000000020001108                . = ALIGN (0x4)
                0x0000000020001108                PROVIDE (__mutex_array_start = .)
 *(SORT_BY_NAME(.mutex_array.*))
 *(.mutex_array)
 .mutex_array   0x0000000020001108        0x8 CMakeFiles/pockpet.dir/home/plebish/pico-sdk/src/rp2_common/pico_stdio/stdio.c.obj
                0x0000000020001110                PROVIDE (__mutex_array_end = .)
                0x0000000020001110                . = ALIGN (0x4)
 *(.jcr)
                0x0000000020001110                . = ALIGN (0x4)

.tm_clone_table
                0x0000000020001110        0x0 load address 0x00000000100060ec
 .tm_clone_table
                0x0000000020001110        0x0 /usr/lib/gcc/arm-none-eabi/10.3.1/thumb/v6-m/nofp/crtbegin.o
 .tm_clone_table
                0x0000000020001110        0x0 /usr/lib/gcc/arm-none-eabi/10.3.1/thumb/v6-m/nofp/crtend.o

.igot.plt       0x0000000020001110        0x0 load address 0x00000000100060ec
 .igot.plt      0x0000000020001110        0x0 /usr/lib/gcc/arm-none-eabi/10.3.1/thumb/v6-m/nofp/crtbegin.o

.tdata          0x0000000020001110        0x0 load address 0x00000000100060ec
                0x0000000020001110                . = ALIGN (0x4)
 *(.tdata .tdata.* .gnu.linkonce.td.*)
                0x0000000020001110                __tdata_end = .
                0x0000000020001110                PROVIDE (__data_end__ = .)
                0x000000001000509c                __etext = LOADADDR (.data)

.tbss           0x0000000020001110        0x0 load address 0x00000000100060ec
                0x0000000020001110                . = ALIGN (0x4)
                0x0000000020001110                __bss_start__ = .
                0x0000000020001110                __tls_base = .
 *(.tbss .tbss.* .gnu.linkonce.tb.*)
 *(.tcommon)
                0x0000000020001110                __tls_end = .

.bss            0x0000000020001110     0x1070 load address 0x00000000100060ec
                0x0000000020001110                . = ALIGN (0x4)
                0x0000000020001110                __tbss_end = .
 *(SORT_BY_ALIGNMENT(SORT_BY_NAME(.bss*)))
 .bss.default_alarm_pool_entries
                0x0000000020001110      0x180 CMakeFiles/pockpet.dir/home/plebish/pico-sdk/src/common/pico_time/time.c.obj
 .bss.last_avail_time.1
                0x0000000020001290        0x8 CMakeFiles/pockpet.dir/home/plebish/pico-sdk/src/rp2_common/pico_stdio_usb/stdio_usb.c.obj
 .bss.sd_table  0x0000000020001298      0x100 CMakeFiles/pockpet.dir/home/plebish/pico-sdk/src/rp2_common/pico_double/double_init_rom_rp2040.c.obj
                0x0000000020001298                sd_table
 .bss           0x0000000020001398       0x1c /usr/lib/gcc/arm-none-eabi/10.3.1/thumb/v6-m/nofp/crtbegin.o
 .bss._app_driver
                0x00000000200013b4        0x4 CMakeFiles/pockpet.dir/home/plebish/pico-sdk/lib/tinyusb/src/device/usbd.c.obj
 .bss._cdcd_fifo_cfg
                0x00000000200013b8        0x1 CMakeFiles/pockpet.dir/home/plebish/pico-sdk/lib/tinyusb/src/class/cdc/cdc_device.c.obj
 *fill*         0x00000000200013b9        0x3 
 .bss._cdcd_itf
                0x00000000200013bc      0x2c8 CMakeFiles/pockpet.dir/home/plebish/pico-sdk/lib/tinyusb/src/class/cdc/cdc_device.c.obj
 .bss._ctrl_xfer
                0x0000000020001684       0x14 CMakeFiles/pockpet.dir/home/plebish/pico-sdk/lib/tinyusb/src/device/usbd_control.c.obj
 .bss._ubsd_mutexdef
                0x0000000020001698        0x8 CMakeFiles/pockpet.dir/home/plebish/pico-sdk/lib/tinyusb/src/device/usbd.c.obj
 .bss._usbd_ctrl_buf
                0x00000000200016a0       0x40 CMakeFiles/pockpet.dir/home/plebish/pico-sdk/lib/tinyusb/src/device/usbd_control.c.obj
 .bss._usbd_dev
                0x00000000200016e0       0x54 CMakeFiles/pockpet.dir/home/plebish/pico-sdk/lib/tinyusb/src/device/usbd.c.obj
 .bss._usbd_mutex
                0x0000000020001734        0x4 CMakeFiles/pockpet.dir/home/plebish/pico-sdk/lib/tinyusb/src/device/usbd.c.obj
 .bss._usbd_q   0x0000000020001738        0x4 CMakeFiles/pockpet.dir/home/plebish/pico-sdk/lib/tinyusb/src/device/usbd.c.obj
 .bss._usbd_qdef_buf
                0x000000002000173c       0xc0 CMakeFiles/pockpet.dir/home/plebish/pico-sdk/lib/tinyusb/src/device/usbd.c.obj
                0x000000002000173c                _usbd_qdef_buf
 .bss._vendord_itf
                0x00000000200017fc      0x2bc CMakeFiles/pockpet.dir/home/plebish/pico-sdk/lib/tinyusb/src/class/vendor/vendor_device.c.obj
 .bss.boot2_copyout
                0x0000000020001ab8      0x100 CMakeFiles/pockpet.dir/home/plebish/pico-sdk/src/rp2_common/hardware_flash/flash.c.obj
 .bss.chars_available_callback
                0x0000000020001bb8        0x4 CMakeFiles/pockpet.dir/home/plebish/pico-sdk/src/rp2_common/pico_stdio_usb/stdio_usb.c.obj
 .bss.chars_available_param
                0x0000000020001bbc        0x4 CMakeFiles/pockpet.dir/home/plebish/pico-sdk/src/rp2_common/pico_stdio_usb/stdio_usb.c.obj
 .bss.claimed   0x0000000020001bc0        0x4 CMakeFiles/pockpet.dir/home/plebish/pico-sdk/src/rp2_common/hardware_sync/sync.c.obj
 .bss.claimed   0x0000000020001bc4        0x1 CMakeFiles/pockpet.dir/home/plebish/pico-sdk/src/rp2_common/hardware_timer/timer.c.obj
 *fill*         0x0000000020001bc5        0x3 
 .bss.configured_freq
                0x0000000020001bc8       0x28 CMakeFiles/pockpet.dir/home/plebish/pico-sdk/src/rp2_common/hardware_clocks/clocks.c.obj
 .bss.desc_str.0
                0x0000000020001bf0       0x28 CMakeFiles/pockpet.dir/home/plebish/pico-sdk/src/rp2_common/pico_stdio_usb/stdio_usb_descriptors.c.obj
 .bss.drivers   0x0000000020001c18        0x4 CMakeFiles/pockpet.dir/home/plebish/pico-sdk/src/rp2_common/pico_stdio/stdio.c.obj
 .bss.e15_last_sof
                0x0000000020001c1c        0x4 CMakeFiles/pockpet.dir/home/plebish/pico-sdk/lib/tinyusb/src/portable/raspberrypi/rp2040/rp2040_usb.c.obj
                0x0000000020001c1c                e15_last_sof
 .bss.filter    0x0000000020001c20        0x4 CMakeFiles/pockpet.dir/home/plebish/pico-sdk/src/rp2_common/pico_stdio/stdio.c.obj
 .bss.hw_endpoints
                0x0000000020001c24      0x400 CMakeFiles/pockpet.dir/home/plebish/pico-sdk/lib/tinyusb/src/portable/raspberrypi/rp2040/dcd_rp2040.c.obj
 .bss.lazy_vsnprintf
                0x0000000020002024        0x4 CMakeFiles/pockpet.dir/home/plebish/pico-sdk/src/rp2_common/pico_printf/printf.c.obj
 .bss.load_value
                0x0000000020002028        0x4 CMakeFiles/pockpet.dir/home/plebish/pico-sdk/src/rp2_common/hardware_watchdog/watchdog.c.obj
 .bss.next_buffer_ptr
                0x000000002000202c        0x4 CMakeFiles/pockpet.dir/home/plebish/pico-sdk/lib/tinyusb/src/portable/raspberrypi/rp2040/dcd_rp2040.c.obj
 .bss.one_shot_timer_crit_sec
                0x0000000020002030        0x8 CMakeFiles/pockpet.dir/home/plebish/pico-sdk/src/rp2_common/pico_stdio_usb/stdio_usb.c.obj
 .bss.pools     0x0000000020002038       0x10 CMakeFiles/pockpet.dir/home/plebish/pico-sdk/src/common/pico_time/time.c.obj
 .bss.retrieved_id
                0x0000000020002048        0x8 CMakeFiles/pockpet.dir/home/plebish/pico-sdk/src/rp2_common/pico_unique_id/unique_id.c.obj
 .bss.sf_clz_func
                0x0000000020002050        0x4 CMakeFiles/pockpet.dir/home/plebish/pico-sdk/src/rp2_common/pico_double/double_init_rom_rp2040.c.obj
                0x0000000020002050                sf_clz_func
 .bss.sf_table  0x0000000020002054      0x100 CMakeFiles/pockpet.dir/home/plebish/pico-sdk/src/rp2_common/pico_float/float_init_rom_rp2040.c.obj
                0x0000000020002054                sf_table
 .bss.sleep_notifier
                0x0000000020002154        0x4 CMakeFiles/pockpet.dir/home/plebish/pico-sdk/src/common/pico_time/time.c.obj
 .bss.stdio_usb_mutex
                0x0000000020002158        0x8 CMakeFiles/pockpet.dir/home/plebish/pico-sdk/src/rp2_common/pico_stdio_usb/stdio_usb.c.obj
 .bss.usbd_serial_str
                0x0000000020002160       0x11 CMakeFiles/pockpet.dir/home/plebish/pico-sdk/src/rp2_common/pico_stdio_usb/stdio_usb_descriptors.c.obj
 .bss._ILI9341_CS
                0x0000000020002171        0x1 ../lib/ili9341/libili9341_pico_driver.a(ili9341.c.obj)
                0x0000000020002171                _ILI9341_CS
 .bss._ILI9341_DC
                0x0000000020002172        0x1 ../lib/ili9341/libili9341_pico_driver.a(ili9341.c.obj)
                0x0000000020002172                _ILI9341_DC
 .bss._ILI9341_MISO
                0x0000000020002173        0x1 ../lib/ili9341/libili9341_pico_driver.a(ili9341.c.obj)
                0x0000000020002173                _ILI9341_MISO
 .bss._ILI9341_MOSI
                0x0000000020002174        0x1 ../lib/ili9341/libili9341_pico_driver.a(ili9341.c.obj)
                0x0000000020002174                _ILI9341_MOSI
 .bss._ILI9341_RST
                0x0000000020002175        0x1 ../lib/ili9341/libili9341_pico_driver.a(ili9341.c.obj)
                0x0000000020002175                _ILI9341_RST
 .bss._ILI9341_SCLK
                0x0000000020002176        0x1 ../lib/ili9341/libili9341_pico_driver.a(ili9341.c.obj)
                0x0000000020002176                _ILI9341_SCLK
 .bss._app_driver_count
                0x0000000020002177        0x1 CMakeFiles/pockpet.dir/home/plebish/pico-sdk/lib/tinyusb/src/device/usbd.c.obj
 .bss._sof_enable
                0x0000000020002178        0x1 CMakeFiles/pockpet.dir/home/plebish/pico-sdk/lib/tinyusb/src/portable/raspberrypi/rp2040/dcd_rp2040.c.obj
 .bss._usbd_queued_setup
                0x0000000020002179        0x1 CMakeFiles/pockpet.dir/home/plebish/pico-sdk/lib/tinyusb/src/device/usbd.c.obj
 .bss.boot2_copyout_valid
                0x000000002000217a        0x1 CMakeFiles/pockpet.dir/home/plebish/pico-sdk/src/rp2_common/hardware_flash/flash.c.obj
 .bss.irq_handler_chain_free_slot_head
                0x000000002000217b        0x1 CMakeFiles/pockpet.dir/home/plebish/pico-sdk/src/rp2_common/hardware_irq/irq.c.obj
 .bss.itf_num   0x000000002000217c        0x1 CMakeFiles/pockpet.dir/home/plebish/pico-sdk/src/rp2_common/pico_stdio_usb/reset_interface.c.obj
 .bss.low_priority_irq_num
                0x000000002000217d        0x1 CMakeFiles/pockpet.dir/home/plebish/pico-sdk/src/rp2_common/pico_stdio_usb/stdio_usb.c.obj
 .bss.one_shot_timer_pending
                0x000000002000217e        0x1 CMakeFiles/pockpet.dir/home/plebish/pico-sdk/src/rp2_common/pico_stdio_usb/stdio_usb.c.obj
 .bss.user_irq_claimed
                0x000000002000217f        0x1 CMakeFiles/pockpet.dir/home/plebish/pico-sdk/src/rp2_common/hardware_irq/irq.c.obj
 *(COMMON)
                0x0000000020002180                . = ALIGN (0x4)
                0x0000000020002180                __bss_end__ = .

.heap           0x0000000020002180    0x3de80 load address 0x00000000100060ec
                0x0000000020002180                __end__ = .
                0x0000000020002180                end = __end__
 *(.heap*)
 .heap          0x0000000020002180      0x800 CMakeFiles/pockpet.dir/home/plebish/pico-sdk/src/rp2_common/pico_crt0/crt0.S.obj
                0x0000000020040000                . = (ORIGIN (RAM) + LENGTH (RAM))
 *fill*         0x0000000020002980    0x3d680 
                0x0000000020040000                __HeapLimit = .

.scratch_x      0x0000000020040000        0x0 load address 0x00000000100060ec
                0x0000000020040000                __scratch_x_start__ = .
 *(.scratch_x.*)
                0x0000000020040000                . = ALIGN (0x4)
                0x0000000020040000                __scratch_x_end__ = .
                0x00000000100060ec                __scratch_x_source__ = LOADADDR (.scratch_x)

.scratch_y      0x0000000020041000        0x0 load address 0x00000000100060ec
                0x0000000020041000                __scratch_y_start__ = .
 *(.scratch_y.*)
                0x0000000020041000                . = ALIGN (0x4)
                0x0000000020041000                __scratch_y_end__ = .
                0x00000000100060ec                __scratch_y_source__ = LOADADDR (.scratch_y)

.stack1_dummy   0x0000000020040000        0x0
 *(.stack1*)

.stack_dummy    0x0000000020041000      0x800
 *(.stack*)
 .stack         0x0000000020041000      0x800 CMakeFiles/pockpet.dir/home/plebish/pico-sdk/src/rp2_common/pico_crt0/crt0.S.obj

.flash_end      0x00000000100060ec        0x0
 *(.embedded_end_block*)
                0x00000000100060ec                PROVIDE (__flash_binary_end = .)
                0x0000000020040000                __StackLimit = (ORIGIN (RAM) + LENGTH (RAM))
                0x0000000020041000                __StackOneTop = (ORIGIN (SCRATCH_X) + LENGTH (SCRATCH_X))
                0x0000000020042000                __StackTop = (ORIGIN (SCRATCH_Y) + LENGTH (SCRATCH_Y))
                0x0000000020041000                __StackOneBottom = (__StackOneTop - SIZEOF (.stack1_dummy))
                0x0000000020041800                __StackBottom = (__StackTop - SIZEOF (.stack_dummy))
                0x0000000020042000                PROVIDE (__stack = __StackTop)
                [!provide]                        PROVIDE (__heap_start = __end__)
                [!provide]                        PROVIDE (__heap_end = __HeapLimit)
                [!provide]                        PROVIDE (__tls_align = MAX (ALIGNOF (.tdata), ALIGNOF (.tbss)))
                [!provide]                        PROVIDE (__tls_size_align = (((__tls_size + __tls_align) - 0x1) & ~ ((__tls_align - 0x1))))
                [!provide]                        PROVIDE (__arm32_tls_tcb_offset = MAX (0x8, __tls_align))
                [!provide]                        PROVIDE (_end = __end__)
                [!provide]                        PROVIDE (__llvm_libc_heap_limit = __HeapLimit)
                0x0000000000000001                ASSERT ((__StackLimit >= __HeapLimit), region RAM overflowed)
                0x0000000000000001                ASSERT (((__binary_info_header_end - __logical_binary_start) <= 0x100), Binary info must be in first 256 bytes of the binary)
LOAD CMakeFiles/pockpet.dir/main.c.obj
LOAD CMakeFiles/pockpet.dir/home/plebish/pico-sdk/src/rp2_common/pico_stdlib/stdlib.c.obj
LOAD CMakeFiles/pockpet.dir/home/plebish/pico-sdk/src/rp2_common/hardware_gpio/gpio.c.obj
LOAD CMakeFiles/pockpet.dir/home/plebish/pico-sdk/src/rp2040/pico_platform/platform.c.obj
LOAD CMakeFiles/pockpet.dir/home/plebish/pico-sdk/src/rp2_common/pico_platform_panic/panic.c.obj
LOAD CMakeFiles/pockpet.dir/home/plebish/pico-sdk/src/common/hardware_claim/claim.c.obj
LOAD CMakeFiles/pockpet.dir/home/plebish/pico-sdk/src/rp2_common/hardware_sync/sync.c.obj
LOAD CMakeFiles/pockpet.dir/home/plebish/pico-sdk/src/rp2_common/hardware_sync_spin_lock/sync_spin_lock.c.obj
LOAD CMakeFiles/pockpet.dir/home/plebish/pico-sdk/src/rp2_common/hardware_irq/irq.c.obj
LOAD CMakeFiles/pockpet.dir/home/plebish/pico-sdk/src/rp2_common/hardware_irq/irq_handler_chain.S.obj
LOAD CMakeFiles/pockpet.dir/home/plebish/pico-sdk/src/common/pico_sync/sem.c.obj
LOAD CMakeFiles/pockpet.dir/home/plebish/pico-sdk/src/common/pico_sync/lock_core.c.obj
LOAD CMakeFiles/pockpet.dir/home/plebish/pico-sdk/src/common/pico_sync/mutex.c.obj
LOAD CMakeFiles/pockpet.dir/home/plebish/pico-sdk/src/common/pico_sync/critical_section.c.obj
LOAD CMakeFiles/pockpet.dir/home/plebish/pico-sdk/src/common/pico_time/time.c.obj
LOAD CMakeFiles/pockpet.dir/home/plebish/pico-sdk/src/common/pico_time/timeout_helper.c.obj
LOAD CMakeFiles/pockpet.dir/home/plebish/pico-sdk/src/rp2_common/hardware_timer/timer.c.obj
LOAD CMakeFiles/pockpet.dir/home/plebish/pico-sdk/src/common/pico_util/datetime.c.obj
LOAD CMakeFiles/pockpet.dir/home/plebish/pico-sdk/src/common/pico_util/pheap.c.obj
LOAD CMakeFiles/pockpet.dir/home/plebish/pico-sdk/src/common/pico_util/queue.c.obj
LOAD CMakeFiles/pockpet.dir/home/plebish/pico-sdk/src/rp2_common/hardware_uart/uart.c.obj
LOAD CMakeFiles/pockpet.dir/home/plebish/pico-sdk/src/rp2_common/hardware_clocks/clocks.c.obj
LOAD CMakeFiles/pockpet.dir/home/plebish/pico-sdk/src/rp2_common/hardware_pll/pll.c.obj
LOAD CMakeFiles/pockpet.dir/home/plebish/pico-sdk/src/rp2_common/hardware_vreg/vreg.c.obj
LOAD CMakeFiles/pockpet.dir/home/plebish/pico-sdk/src/rp2_common/hardware_watchdog/watchdog.c.obj
LOAD CMakeFiles/pockpet.dir/home/plebish/pico-sdk/src/rp2_common/hardware_ticks/ticks.c.obj
LOAD CMakeFiles/pockpet.dir/home/plebish/pico-sdk/src/rp2_common/hardware_xosc/xosc.c.obj
LOAD CMakeFiles/pockpet.dir/home/plebish/pico-sdk/src/rp2_common/hardware_divider/divider.S.obj
LOAD CMakeFiles/pockpet.dir/home/plebish/pico-sdk/src/rp2_common/pico_runtime/runtime.c.obj
LOAD CMakeFiles/pockpet.dir/home/plebish/pico-sdk/src/rp2_common/pico_runtime_init/runtime_init.c.obj
LOAD CMakeFiles/pockpet.dir/home/plebish/pico-sdk/src/rp2_common/pico_runtime_init/runtime_init_clocks.c.obj
LOAD CMakeFiles/pockpet.dir/home/plebish/pico-sdk/src/rp2_common/pico_runtime_init/runtime_init_stack_guard.c.obj
LOAD CMakeFiles/pockpet.dir/home/plebish/pico-sdk/src/rp2_common/pico_bit_ops/bit_ops_aeabi.S.obj
LOAD CMakeFiles/pockpet.dir/home/plebish/pico-sdk/src/rp2_common/pico_bootrom/bootrom.c.obj
LOAD CMakeFiles/pockpet.dir/home/plebish/pico-sdk/src/rp2_common/pico_bootrom/bootrom_lock.c.obj
LOAD CMakeFiles/pockpet.dir/home/plebish/pico-sdk/src/rp2_common/hardware_boot_lock/boot_lock.c.obj
LOAD CMakeFiles/pockpet.dir/home/plebish/pico-sdk/src/rp2_common/pico_divider/divider_hardware.S.obj
LOAD CMakeFiles/pockpet.dir/home/plebish/pico-sdk/src/rp2_common/pico_double/double_aeabi_rp2040.S.obj
LOAD CMakeFiles/pockpet.dir/home/plebish/pico-sdk/src/rp2_common/pico_double/double_init_rom_rp2040.c.obj
LOAD CMakeFiles/pockpet.dir/home/plebish/pico-sdk/src/rp2_common/pico_double/double_math.c.obj
LOAD CMakeFiles/pockpet.dir/home/plebish/pico-sdk/src/rp2_common/pico_double/double_v1_rom_shim_rp2040.S.obj
LOAD CMakeFiles/pockpet.dir/home/plebish/pico-sdk/src/rp2_common/pico_int64_ops/pico_int64_ops_aeabi.S.obj
LOAD CMakeFiles/pockpet.dir/home/plebish/pico-sdk/src/rp2_common/pico_float/float_aeabi_rp2040.S.obj
LOAD CMakeFiles/pockpet.dir/home/plebish/pico-sdk/src/rp2_common/pico_float/float_init_rom_rp2040.c.obj
LOAD CMakeFiles/pockpet.dir/home/plebish/pico-sdk/src/rp2_common/pico_float/float_math.c.obj
LOAD CMakeFiles/pockpet.dir/home/plebish/pico-sdk/src/rp2_common/pico_float/float_v1_rom_shim_rp2040.S.obj
LOAD CMakeFiles/pockpet.dir/home/plebish/pico-sdk/src/rp2_common/pico_malloc/malloc.c.obj
LOAD CMakeFiles/pockpet.dir/home/plebish/pico-sdk/src/rp2_common/pico_mem_ops/mem_ops_aeabi.S.obj
LOAD CMakeFiles/pockpet.dir/home/plebish/pico-sdk/src/rp2_common/pico_atomic/atomic.c.obj
LOAD CMakeFiles/pockpet.dir/home/plebish/pico-sdk/src/rp2_common/pico_cxx_options/new_delete.cpp.obj
LOAD CMakeFiles/pockpet.dir/home/plebish/pico-sdk/src/rp2_common/pico_standard_binary_info/standard_binary_info.c.obj
LOAD CMakeFiles/pockpet.dir/home/plebish/pico-sdk/src/rp2_common/pico_printf/printf.c.obj
LOAD CMakeFiles/pockpet.dir/home/plebish/pico-sdk/src/rp2_common/pico_crt0/crt0.S.obj
LOAD CMakeFiles/pockpet.dir/home/plebish/pico-sdk/src/rp2_common/pico_clib_interface/newlib_interface.c.obj
LOAD CMakeFiles/pockpet.dir/home/plebish/pico-sdk/src/rp2_common/pico_stdio/stdio.c.obj
LOAD CMakeFiles/pockpet.dir/home/plebish/pico-sdk/src/rp2_common/pico_stdio_usb/reset_interface.c.obj
LOAD CMakeFiles/pockpet.dir/home/plebish/pico-sdk/src/rp2_common/pico_stdio_usb/stdio_usb.c.obj
LOAD CMakeFiles/pockpet.dir/home/plebish/pico-sdk/src/rp2_common/pico_stdio_usb/stdio_usb_descriptors.c.obj
LOAD CMakeFiles/pockpet.dir/home/plebish/pico-sdk/src/rp2_common/pico_unique_id/unique_id.c.obj
LOAD CMakeFiles/pockpet.dir/home/plebish/pico-sdk/src/rp2_common/hardware_flash/flash.c.obj
LOAD CMakeFiles/pockpet.dir/home/plebish/pico-sdk/lib/tinyusb/src/portable/raspberrypi/rp2040/dcd_rp2040.c.obj
LOAD CMakeFiles/pockpet.dir/home/plebish/pico-sdk/lib/tinyusb/src/portable/raspberrypi/rp2040/rp2040_usb.c.obj
LOAD CMakeFiles/pockpet.dir/home/plebish/pico-sdk/lib/tinyusb/src/device/usbd.c.obj
LOAD CMakeFiles/pockpet.dir/home/plebish/pico-sdk/lib/tinyusb/src/device/usbd_control.c.obj
LOAD CMakeFiles/pockpet.dir/home/plebish/pico-sdk/lib/tinyusb/src/class/audio/audio_device.c.obj
LOAD CMakeFiles/pockpet.dir/home/plebish/pico-sdk/lib/tinyusb/src/class/cdc/cdc_device.c.obj
LOAD CMakeFiles/pockpet.dir/home/plebish/pico-sdk/lib/tinyusb/src/class/dfu/dfu_device.c.obj
LOAD CMakeFiles/pockpet.dir/home/plebish/pico-sdk/lib/tinyusb/src/class/dfu/dfu_rt_device.c.obj
LOAD CMakeFiles/pockpet.dir/home/plebish/pico-sdk/lib/tinyusb/src/class/hid/hid_device.c.obj
LOAD CMakeFiles/pockpet.dir/home/plebish/pico-sdk/lib/tinyusb/src/class/midi/midi_device.c.obj
LOAD CMakeFiles/pockpet.dir/home/plebish/pico-sdk/lib/tinyusb/src/class/msc/msc_device.c.obj
LOAD CMakeFiles/pockpet.dir/home/plebish/pico-sdk/lib/tinyusb/src/class/net/ecm_rndis_device.c.obj
LOAD CMakeFiles/pockpet.dir/home/plebish/pico-sdk/lib/tinyusb/src/class/net/ncm_device.c.obj
LOAD CMakeFiles/pockpet.dir/home/plebish/pico-sdk/lib/tinyusb/src/class/usbtmc/usbtmc_device.c.obj
LOAD CMakeFiles/pockpet.dir/home/plebish/pico-sdk/lib/tinyusb/src/class/vendor/vendor_device.c.obj
LOAD CMakeFiles/pockpet.dir/home/plebish/pico-sdk/lib/tinyusb/src/class/video/video_device.c.obj
LOAD CMakeFiles/pockpet.dir/home/plebish/pico-sdk/lib/tinyusb/src/tusb.c.obj
LOAD CMakeFiles/pockpet.dir/home/plebish/pico-sdk/lib/tinyusb/src/common/tusb_fifo.c.obj
LOAD CMakeFiles/pockpet.dir/home/plebish/pico-sdk/src/rp2_common/pico_fix/rp2040_usb_device_enumeration/rp2040_usb_device_enumeration.c.obj
LOAD CMakeFiles/pockpet.dir/home/plebish/pico-sdk/src/rp2_common/hardware_spi/spi.c.obj
LOAD ../lib/ili9341/libili9341_pico_driver.a
LOAD /tmp/cc02iMDk.o
LOAD /usr/lib/gcc/arm-none-eabi/10.3.1/../../../arm-none-eabi/lib/thumb/v6-m/nofp/libstdc++.a
LOAD /usr/lib/gcc/arm-none-eabi/10.3.1/../../../arm-none-eabi/lib/thumb/v6-m/nofp/libm.a
START GROUP
LOAD /usr/lib/gcc/arm-none-eabi/10.3.1/thumb/v6-m/nofp/libgcc.a
LOAD /usr/lib/gcc/arm-none-eabi/10.3.1/../../../arm-none-eabi/lib/thumb/v6-m/nofp/libg.a
LOAD /usr/lib/gcc/arm-none-eabi/10.3.1/../../../arm-none-eabi/lib/thumb/v6-m/nofp/libc.a
END GROUP
START GROUP
LOAD /usr/lib/gcc/arm-none-eabi/10.3.1/thumb/v6-m/nofp/libgcc.a
LOAD /usr/lib/gcc/arm-none-eabi/10.3.1/../../../arm-none-eabi/lib/thumb/v6-m/nofp/libc.a
LOAD /usr/lib/gcc/arm-none-eabi/10.3.1/../../../arm-none-eabi/lib/thumb/v6-m/nofp/libnosys.a
END GROUP
LOAD /usr/lib/gcc/arm-none-eabi/10.3.1/thumb/v6-m/nofp/crtend.o
LOAD /usr/lib/gcc/arm-none-eabi/10.3.1/thumb/v6-m/nofp/crtn.o
OUTPUT(pockpet.elf elf32-littlearm)
LOAD linker stubs

.ARM.attributes
                0x0000000000000000       0x28
 .ARM.attributes
                0x0000000000000000       0x1e /usr/lib/gcc/arm-none-eabi/10.3.1/thumb/v6-m/nofp/crti.o
 .ARM.attributes
                0x000000000000001e       0x2c /usr/lib/gcc/arm-none-eabi/10.3.1/thumb/v6-m/nofp/crtbegin.o
 .ARM.attributes
                0x000000000000004a       0x2c CMakeFiles/pockpet.dir/main.c.obj
 .ARM.attributes
                0x0000000000000076       0x2c CMakeFiles/pockpet.dir/home/plebish/pico-sdk/src/rp2_common/hardware_gpio/gpio.c.obj
 .ARM.attributes
                0x00000000000000a2       0x2c CMakeFiles/pockpet.dir/home/plebish/pico-sdk/src/rp2040/pico_platform/platform.c.obj
 .ARM.attributes
                0x00000000000000ce       0x2c CMakeFiles/pockpet.dir/home/plebish/pico-sdk/src/rp2_common/pico_platform_panic/panic.c.obj
 .ARM.attributes
                0x00000000000000fa       0x2c CMakeFiles/pockpet.dir/home/plebish/pico-sdk/src/common/hardware_claim/claim.c.obj
 .ARM.attributes
                0x0000000000000126       0x2c CMakeFiles/pockpet.dir/home/plebish/pico-sdk/src/rp2_common/hardware_sync/sync.c.obj
 .ARM.attributes
                0x0000000000000152       0x2c CMakeFiles/pockpet.dir/home/plebish/pico-sdk/src/rp2_common/hardware_sync_spin_lock/sync_spin_lock.c.obj
 .ARM.attributes
                0x000000000000017e       0x2c CMakeFiles/pockpet.dir/home/plebish/pico-sdk/src/rp2_common/hardware_irq/irq.c.obj
 .ARM.attributes
                0x00000000000001aa       0x22 CMakeFiles/pockpet.dir/home/plebish/pico-sdk/src/rp2_common/hardware_irq/irq_handler_chain.S.obj
 .ARM.attributes
                0x00000000000001cc       0x2c CMakeFiles/pockpet.dir/home/plebish/pico-sdk/src/common/pico_sync/lock_core.c.obj
 .ARM.attributes
                0x00000000000001f8       0x2c CMakeFiles/pockpet.dir/home/plebish/pico-sdk/src/common/pico_sync/mutex.c.obj
 .ARM.attributes
                0x0000000000000224       0x2c CMakeFiles/pockpet.dir/home/plebish/pico-sdk/src/common/pico_sync/critical_section.c.obj
 .ARM.attributes
                0x0000000000000250       0x2c CMakeFiles/pockpet.dir/home/plebish/pico-sdk/src/common/pico_time/time.c.obj
 .ARM.attributes
                0x000000000000027c       0x2c CMakeFiles/pockpet.dir/home/plebish/pico-sdk/src/rp2_common/hardware_timer/timer.c.obj
 .ARM.attributes
                0x00000000000002a8       0x2c CMakeFiles/pockpet.dir/home/plebish/pico-sdk/src/rp2_common/hardware_clocks/clocks.c.obj
 .ARM.attributes
                0x00000000000002d4       0x2c CMakeFiles/pockpet.dir/home/plebish/pico-sdk/src/rp2_common/hardware_pll/pll.c.obj
 .ARM.attributes
                0x0000000000000300       0x2c CMakeFiles/pockpet.dir/home/plebish/pico-sdk/src/rp2_common/hardware_watchdog/watchdog.c.obj
 .ARM.attributes
                0x000000000000032c       0x2c CMakeFiles/pockpet.dir/home/plebish/pico-sdk/src/rp2_common/hardware_ticks/ticks.c.obj
 .ARM.attributes
                0x0000000000000358       0x2c CMakeFiles/pockpet.dir/home/plebish/pico-sdk/src/rp2_common/hardware_xosc/xosc.c.obj
 .ARM.attributes
                0x0000000000000384       0x2c CMakeFiles/pockpet.dir/home/plebish/pico-sdk/src/rp2_common/pico_runtime/runtime.c.obj
 .ARM.attributes
                0x00000000000003b0       0x2c CMakeFiles/pockpet.dir/home/plebish/pico-sdk/src/rp2_common/pico_runtime_init/runtime_init.c.obj
 .ARM.attributes
                0x00000000000003dc       0x2c CMakeFiles/pockpet.dir/home/plebish/pico-sdk/src/rp2_common/pico_runtime_init/runtime_init_clocks.c.obj
 .ARM.attributes
                0x0000000000000408       0x22 CMakeFiles/pockpet.dir/home/plebish/pico-sdk/src/rp2_common/pico_bit_ops/bit_ops_aeabi.S.obj
 .ARM.attributes
                0x000000000000042a       0x2c CMakeFiles/pockpet.dir/home/plebish/pico-sdk/src/rp2_common/pico_bootrom/bootrom.c.obj
 .ARM.attributes
                0x0000000000000456       0x22 CMakeFiles/pockpet.dir/home/plebish/pico-sdk/src/rp2_common/pico_divider/divider_hardware.S.obj
 .ARM.attributes
                0x0000000000000478       0x22 CMakeFiles/pockpet.dir/home/plebish/pico-sdk/src/rp2_common/pico_double/double_aeabi_rp2040.S.obj
 .ARM.attributes
                0x000000000000049a       0x2c CMakeFiles/pockpet.dir/home/plebish/pico-sdk/src/rp2_common/pico_double/double_init_rom_rp2040.c.obj
 .ARM.attributes
                0x00000000000004c6       0x22 CMakeFiles/pockpet.dir/home/plebish/pico-sdk/src/rp2_common/pico_double/double_v1_rom_shim_rp2040.S.obj
 .ARM.attributes
                0x00000000000004e8       0x22 CMakeFiles/pockpet.dir/home/plebish/pico-sdk/src/rp2_common/pico_int64_ops/pico_int64_ops_aeabi.S.obj
 .ARM.attributes
                0x000000000000050a       0x22 CMakeFiles/pockpet.dir/home/plebish/pico-sdk/src/rp2_common/pico_float/float_aeabi_rp2040.S.obj
 .ARM.attributes
                0x000000000000052c       0x2c CMakeFiles/pockpet.dir/home/plebish/pico-sdk/src/rp2_common/pico_float/float_init_rom_rp2040.c.obj
 .ARM.attributes
                0x0000000000000558       0x22 CMakeFiles/pockpet.dir/home/plebish/pico-sdk/src/rp2_common/pico_mem_ops/mem_ops_aeabi.S.obj
 .ARM.attributes
                0x000000000000057a       0x32 CMakeFiles/pockpet.dir/home/plebish/pico-sdk/src/rp2_common/pico_standard_binary_info/standard_binary_info.c.obj
 .ARM.attributes
                0x00000000000005ac       0x2c CMakeFiles/pockpet.dir/home/plebish/pico-sdk/src/rp2_common/pico_printf/printf.c.obj
 .ARM.attributes
                0x00000000000005d8       0x22 CMakeFiles/pockpet.dir/home/plebish/pico-sdk/src/rp2_common/pico_crt0/crt0.S.obj
 .ARM.attributes
                0x00000000000005fa       0x2c CMakeFiles/pockpet.dir/home/plebish/pico-sdk/src/rp2_common/pico_clib_interface/newlib_interface.c.obj
 .ARM.attributes