Archive member included to satisfy reference by file (symbol)

../lib/ili9341/libili9341_pico_driver.a(ili9341.c.o)
                              CMakeFiles/pockpet.dir/main.c.o (ili9341_initialize)
/usr/lib/gcc/arm-none-eabi/10.3.1/thumb/v6-m/nofp/libgcc.a(_dvmd_tls.o)
                              CMakeFiles/pockpet.dir/home/plebish/pico-sdk/src/rp2_common/pico_divider/divider_hardware.S.o (__aeabi_idiv0)
/usr/lib/gcc/arm-none-eabi/10.3.1/../../../arm-none-eabi/lib/thumb/v6-m/nofp/libg.a(lib_a-atexit.o)
                              /usr/lib/gcc/arm-none-eabi/10.3.1/../../../arm-none-eabi/lib/thumb/v6-m/nofp/crt0.o (atexit)
/usr/lib/gcc/arm-none-eabi/10.3.1/../../../arm-none-eabi/lib/thumb/v6-m/nofp/libg.a(lib_a-calloc.o)
                              CMakeFiles/pockpet.dir/home/plebish/pico-sdk/src/rp2_common/pico_malloc/malloc.c.o (calloc)
/usr/lib/gcc/arm-none-eabi/10.3.1/../../../arm-none-eabi/lib/thumb/v6-m/nofp/libg.a(lib_a-callocr.o)
                              /usr/lib/gcc/arm-none-eabi/10.3.1/../../../arm-none-eabi/lib/thumb/v6-m/nofp/libg.a(lib_a-calloc.o) (_calloc_r)
/usr/lib/gcc/arm-none-eabi/10.3.1/../../../arm-none-eabi/lib/thumb/v6-m/nofp/libg.a(lib_a-fini.o)
                              /usr/lib/gcc/arm-none-eabi/10.3.1/../../../arm-none-eabi/lib/thumb/v6-m/nofp/crt0.o (__libc_fini_array)
/usr/lib/gcc/arm-none-eabi/10.3.1/../../../arm-none-eabi/lib/thumb/v6-m/nofp/libg.a(lib_a-impure.o)
                              /usr/lib/gcc/arm-none-eabi/10.3.1/../../../arm-none-eabi/lib/thumb/v6-m/nofp/libg.a(lib_a-calloc.o) (_impure_ptr)
/usr/lib/gcc/arm-none-eabi/10.3.1/../../../arm-none-eabi/lib/thumb/v6-m/nofp/libg.a(lib_a-init.o)
                              /usr/lib/gcc/arm-none-eabi/10.3.1/../../../arm-none-eabi/lib/thumb/v6-m/nofp/crt0.o (__libc_init_array)
/usr/lib/gcc/arm-none-eabi/10.3.1/../../../arm-none-eabi/lib/thumb/v6-m/nofp/libg.a(lib_a-lcltime_r.o)
                              CMakeFiles/pockpet.dir/home/plebish/pico-sdk/src/common/pico_util/datetime.c.o (localtime_r)
/usr/lib/gcc/arm-none-eabi/10.3.1/../../../arm-none-eabi/lib/thumb/v6-m/nofp/libg.a(lib_a-malloc.o)
                              CMakeFiles/pockpet.dir/home/plebish/pico-sdk/src/rp2_common/pico_malloc/malloc.c.o (malloc)
/usr/lib/gcc/arm-none-eabi/10.3.1/../../../arm-none-eabi/lib/thumb/v6-m/nofp/libg.a(lib_a-mallocr.o)
                              /usr/lib/gcc/arm-none-eabi/10.3.1/../../../arm-none-eabi/lib/thumb/v6-m/nofp/libg.a(lib_a-callocr.o) (_malloc_r)
/usr/lib/gcc/arm-none-eabi/10.3.1/../../../arm-none-eabi/lib/thumb/v6-m/nofp/libg.a(lib_a-memcmp.o)
                              CMakeFiles/pockpet.dir/home/plebish/pico-sdk/src/rp2_common/pico_atomic/atomic.c.o (memcmp)
/usr/lib/gcc/arm-none-eabi/10.3.1/../../../arm-none-eabi/lib/thumb/v6-m/nofp/libg.a(lib_a-mktime.o)
                              CMakeFiles/pockpet.dir/home/plebish/pico-sdk/src/common/pico_util/datetime.c.o (mktime)
/usr/lib/gcc/arm-none-eabi/10.3.1/../../../arm-none-eabi/lib/thumb/v6-m/nofp/libg.a(lib_a-mlock.o)
                              /usr/lib/gcc/arm-none-eabi/10.3.1/../../../arm-none-eabi/lib/thumb/v6-m/nofp/libg.a(lib_a-mallocr.o) (__malloc_lock)
/usr/lib/gcc/arm-none-eabi/10.3.1/../../../arm-none-eabi/lib/thumb/v6-m/nofp/libg.a(lib_a-month_lengths.o)
                              /usr/lib/gcc/arm-none-eabi/10.3.1/../../../arm-none-eabi/lib/thumb/v6-m/nofp/libg.a(lib_a-lcltime_r.o) (__month_lengths)
/usr/lib/gcc/arm-none-eabi/10.3.1/../../../arm-none-eabi/lib/thumb/v6-m/nofp/libg.a(lib_a-realloc.o)
                              CMakeFiles/pockpet.dir/home/plebish/pico-sdk/src/rp2_common/pico_malloc/malloc.c.o (realloc)
/usr/lib/gcc/arm-none-eabi/10.3.1/../../../arm-none-eabi/lib/thumb/v6-m/nofp/libg.a(lib_a-reallocr.o)
                              /usr/lib/gcc/arm-none-eabi/10.3.1/../../../arm-none-eabi/lib/thumb/v6-m/nofp/libg.a(lib_a-realloc.o) (_realloc_r)
/usr/lib/gcc/arm-none-eabi/10.3.1/../../../arm-none-eabi/lib/thumb/v6-m/nofp/libg.a(lib_a-sbrkr.o)
                              /usr/lib/gcc/arm-none-eabi/10.3.1/../../../arm-none-eabi/lib/thumb/v6-m/nofp/libg.a(lib_a-mallocr.o) (_sbrk_r)
/usr/lib/gcc/arm-none-eabi/10.3.1/../../../arm-none-eabi/lib/thumb/v6-m/nofp/libg.a(lib_a-strlen-stub.o)
                              CMakeFiles/pockpet.dir/home/plebish/pico-sdk/src/rp2_common/pico_stdio/stdio.c.o (strlen)
/usr/lib/gcc/arm-none-eabi/10.3.1/../../../arm-none-eabi/lib/thumb/v6-m/nofp/libg.a(lib_a-tzcalc_limits.o)
                              /usr/lib/gcc/arm-none-eabi/10.3.1/../../../arm-none-eabi/lib/thumb/v6-m/nofp/libg.a(lib_a-lcltime_r.o) (__tzcalc_limits)
/usr/lib/gcc/arm-none-eabi/10.3.1/../../../arm-none-eabi/lib/thumb/v6-m/nofp/libg.a(lib_a-tzlock.o)
                              /usr/lib/gcc/arm-none-eabi/10.3.1/../../../arm-none-eabi/lib/thumb/v6-m/nofp/libg.a(lib_a-lcltime_r.o) (__tz_lock)
/usr/lib/gcc/arm-none-eabi/10.3.1/../../../arm-none-eabi/lib/thumb/v6-m/nofp/libg.a(lib_a-tzset.o)
[...]
Memory Configuration

Name             Origin             Length             Attributes
FLASH            0x0000000010000000 0x0000000000200000 xr
RAM              0x0000000020000000 0x0000000000040000 xrw
SCRATCH_X        0x0000000020040000 0x0000000000001000 xrw
SCRATCH_Y        0x0000000020041000 0x0000000000001000 xrw
*default*        0x0000000000000000 0xffffffffffffffff

Linker script and memory map

LOAD /usr/lib/gcc/arm-none-eabi/10.3.1/thumb/v6-m/nofp/crti.o
LOAD /usr/lib/gcc/arm-none-eabi/10.3.1/thumb/v6-m/nofp/crtbegin.o
LOAD /usr/lib/gcc/arm-none-eabi/10.3.1/../../../arm-none-eabi/lib/thumb/v6-m/nofp/crt0.o

.flash_begin    0x0000000010000000        0x0
                0x0000000010000000                __flash_binary_start = .

.boot2          0x0000000010000000      0x100
                0x0000000010000000                __boot2_start__ = .
 *(.boot2)
 .boot2         0x0000000010000000      0x100 ../pico-sdk/src/rp2040/boot_stage2/CMakeFiles/bs2_default_library.dir/bs2_default_padded_checksummed.S.o
                0x0000000010000100                __boot2_end__ = .
                0x0000000000000001                ASSERT (((__boot2_end__ - __boot2_start__) == 0x100), ERROR: Pico second stage bootloader must be 256 bytes in size)

.text           0x0000000010000100     0x4784
                0x0000000010000100                __logical_binary_start = .
 *(.vectors)
 .vectors       0x0000000010000100       0xd4 CMakeFiles/pockpet.dir/home/plebish/pico-sdk/src/rp2_common/pico_crt0/crt0.S.o
                0x0000000010000100                __vectors
                0x0000000010000100                __VECTOR_TABLE
                0x00000000100001c0                isr_invalid
                0x00000000100001c0                __default_isrs_start
                0x00000000100001c2                isr_nmi
                0x00000000100001c4                isr_hardfault
                0x00000000100001c6                isr_svcall
                0x00000000100001c8                isr_pendsv
                0x00000000100001ca                isr_systick
                0x00000000100001cc                isr_irq30
                0x00000000100001cc                __unhandled_user_irq
                0x00000000100001cc                isr_irq13
                0x00000000100001cc                isr_irq27
                0x00000000100001cc                isr_irq31
                0x00000000100001cc                isr_irq5
                0x00000000100001cc                isr_irq11
                0x00000000100001cc                isr_irq23
                0x00000000100001cc                isr_irq18
                0x00000000100001cc                isr_irq28
                0x00000000100001cc                isr_irq19
                0x00000000100001cc                isr_irq0
                0x00000000100001cc                isr_irq6
                0x00000000100001cc                isr_irq22
                0x00000000100001cc                isr_irq17
                0x00000000100001cc                isr_irq14
                0x00000000100001cc                isr_irq2
                0x00000000100001cc                isr_irq10
                0x00000000100001cc                isr_irq8
                0x00000000100001cc                isr_irq24
                0x00000000100001cc                isr_irq1
                0x00000000100001cc                isr_irq7
                0x00000000100001cc                isr_irq21
                0x00000000100001cc                isr_irq20
                0x00000000100001cc                isr_irq15
                0x00000000100001cc                isr_irq25
                0x00000000100001cc                isr_irq4
                0x00000000100001cc                isr_irq16
                0x00000000100001cc                isr_irq29
                0x00000000100001cc                isr_irq26
                0x00000000100001cc                __default_isrs_end
                0x00000000100001cc                isr_irq3
                0x00000000100001cc                isr_irq12
                0x00000000100001cc                isr_irq9
                0x00000000100001d2                unhandled_user_irq_num_in_r0
 *(.binary_info_header)
 .binary_info_header
                0x00000000100001d4       0x14 CMakeFiles/pockpet.dir/home/plebish/pico-sdk/src/rp2_common/pico_crt0/crt0.S.o
                0x00000000100001e8                __binary_info_header_end = .
 *(.embedded_block)
                0x00000000100001e8                __embedded_block_end = .
 *(.reset)
 .reset         0x00000000100001e8       0x9c CMakeFiles/pockpet.dir/home/plebish/pico-sdk/src/rp2_common/pico_crt0/crt0.S.o
                0x00000000100001e8                _entry_point
 *(.init)
 .init          0x0000000010000284        0x4 /usr/lib/gcc/arm-none-eabi/10.3.1/thumb/v6-m/nofp/crti.o
                0x0000000010000284                _init
 *(EXCLUDE_FILE(*libm.a: *libc.a:*lib_a-mem*.o *libgcc.a:) .text*)
 .text          0x0000000010000288       0x98 /usr/lib/gcc/arm-none-eabi/10.3.1/thumb/v6-m/nofp/crtbegin.o
 .text.startup.main
                0x0000000010000320       0x50 CMakeFiles/pockpet.dir/main.c.o
                0x0000000010000320                main
 .text.gpio_set_function
                0x0000000010000370       0x34 CMakeFiles/pockpet.dir/home/plebish/pico-sdk/src/rp2_common/hardware_gpio/gpio.c.o
                0x0000000010000370                gpio_set_function
 .text.gpio_init
                0x00000000100003a4       0x40 CMakeFiles/pockpet.dir/home/plebish/pico-sdk/src/rp2_common/hardware_gpio/gpio.c.o
                0x00000000100003a4                gpio_init
 .text.rp2040_chip_version
                0x00000000100003e4        0xc CMakeFiles/pockpet.dir/home/plebish/pico-sdk/src/rp2040/pico_platform/platform.c.o
                0x00000000100003e4                rp2040_chip_version
 .text.panic    0x00000000100003f0       0x30 CMakeFiles/pockpet.dir/home/plebish/pico-sdk/src/rp2_common/pico_platform_panic/panic.c.o
                0x00000000100003f0                panic
 .text.hw_claim_or_assert
                0x0000000010000420       0x44 CMakeFiles/pockpet.dir/home/plebish/pico-sdk/src/common/hardware_claim/claim.c.o
                0x0000000010000420                hw_claim_or_assert
 .text.hw_claim_unused_from_range
                0x0000000010000464       0x9c CMakeFiles/pockpet.dir/home/plebish/pico-sdk/src/common/hardware_claim/claim.c.o
                0x0000000010000464                hw_claim_unused_from_range
 .text.next_striped_spin_lock_num
                0x0000000010000500       0x18 CMakeFiles/pockpet.dir/home/plebish/pico-sdk/src/rp2_common/hardware_sync/sync.c.o
                0x0000000010000500                next_striped_spin_lock_num
 .text.spin_lock_claim_unused
                0x0000000010000518       0x20 CMakeFiles/pockpet.dir/home/plebish/pico-sdk/src/rp2_common/hardware_sync/sync.c.o
                0x0000000010000518                spin_lock_claim_unused
 .text.spin_locks_reset
                0x0000000010000538       0x1c CMakeFiles/pockpet.dir/home/plebish/pico-sdk/src/rp2_common/hardware_sync_spin_lock/sync_spin_lock.c.o
                0x0000000010000538                spin_locks_reset
 .text.runtime_init_per_core_irq_priorities
                0x0000000010000554       0x24 CMakeFiles/pockpet.dir/home/plebish/pico-sdk/src/rp2_common/hardware_irq/irq.c.o
                0x0000000010000554                runtime_init_per_core_irq_priorities
 .text.irq_set_enabled
                0x0000000010000578       0x24 CMakeFiles/pockpet.dir/home/plebish/pico-sdk/src/rp2_common/hardware_irq/irq.c.o
                0x0000000010000578                irq_set_enabled
 .text.irq_is_enabled
                0x000000001000059c       0x18 CMakeFiles/pockpet.dir/home/plebish/pico-sdk/src/rp2_common/hardware_irq/irq.c.o
                0x000000001000059c                irq_is_enabled
 .text.irq_set_pending
                0x00000000100005b4       0x10 CMakeFiles/pockpet.dir/home/plebish/pico-sdk/src/rp2_common/hardware_irq/irq.c.o
                0x00000000100005b4                irq_set_pending
 .text.irq_has_shared_handler
                0x00000000100005c4       0x2c CMakeFiles/pockpet.dir/home/plebish/pico-sdk/src/rp2_common/hardware_irq/irq.c.o
                0x00000000100005c4                irq_has_shared_handler
 .text.irq_set_exclusive_handler
                0x00000000100005f0       0x54 CMakeFiles/pockpet.dir/home/plebish/pico-sdk/src/rp2_common/hardware_irq/irq.c.o
                0x00000000100005f0                irq_set_exclusive_handler
 .text.irq_add_shared_handler
                0x0000000010000644      0x1e8 CMakeFiles/pockpet.dir/home/plebish/pico-sdk/src/rp2_common/hardware_irq/irq.c.o
                0x0000000010000644                irq_add_shared_handler
 .text.irq_add_tail_to_free_list
                0x000000001000082c       0xb4 CMakeFiles/pockpet.dir/home/plebish/pico-sdk/src/rp2_common/hardware_irq/irq.c.o
                0x000000001000082c                irq_add_tail_to_free_list
 .text.user_irq_claim_unused
                0x00000000100008e0       0x28 CMakeFiles/pockpet.dir/home/plebish/pico-sdk/src/rp2_common/hardware_irq/irq.c.o
                0x00000000100008e0                user_irq_claim_unused
 .text.lock_init
                0x0000000010000908       0x10 CMakeFiles/pockpet.dir/home/plebish/pico-sdk/src/common/pico_sync/lock_core.c.o
                0x0000000010000908                lock_init
 .text.runtime_init_mutex
                0x0000000010000918       0x58 CMakeFiles/pockpet.dir/home/plebish/pico-sdk/src/common/pico_sync/mutex.c.o
                0x0000000010000918                runtime_init_mutex
 .text.mutex_init
                0x0000000010000970       0x1c CMakeFiles/pockpet.dir/home/plebish/pico-sdk/src/common/pico_sync/mutex.c.o
                0x0000000010000970                mutex_init
 .text.critical_section_init
                0x000000001000098c       0x20 CMakeFiles/pockpet.dir/home/plebish/pico-sdk/src/common/pico_sync/critical_section.c.o
                0x000000001000098c                critical_section_init
 .text.critical_section_init_with_lock_num
                0x00000000100009ac       0x14 CMakeFiles/pockpet.dir/home/plebish/pico-sdk/src/common/pico_sync/critical_section.c.o
                0x00000000100009ac                critical_section_init_with_lock_num
 .text.sleep_until_callback
                0x00000000100009c0       0x30 CMakeFiles/pockpet.dir/home/plebish/pico-sdk/src/common/pico_time/time.c.o
 .text.alarm_pool_irq_handler
                0x00000000100009f0      0x308 CMakeFiles/pockpet.dir/home/plebish/pico-sdk/src/common/pico_time/time.c.o
 .text.runtime_init_default_alarm_pool
                0x0000000010000cf8       0xdc CMakeFiles/pockpet.dir/home/plebish/pico-sdk/src/common/pico_time/time.c.o
                0x0000000010000cf8                runtime_init_default_alarm_pool
 .text.alarm_pool_get_default
                0x0000000010000dd4        0x8 CMakeFiles/pockpet.dir/home/plebish/pico-sdk/src/common/pico_time/time.c.o
                0x0000000010000dd4                alarm_pool_get_default
 .text.alarm_pool_add_alarm_at
                0x0000000010000ddc       0xc8 CMakeFiles/pockpet.dir/home/plebish/pico-sdk/src/common/pico_time/time.c.o
                0x0000000010000ddc                alarm_pool_add_alarm_at
 .text.alarm_pool_add_alarm_at_force_in_context
                0x0000000010000ea4       0xb0 CMakeFiles/pockpet.dir/home/plebish/pico-sdk/src/common/pico_time/time.c.o
                0x0000000010000ea4                alarm_pool_add_alarm_at_force_in_context
 .text.alarm_pool_cancel_alarm
                0x0000000010000f54       0x7c CMakeFiles/pockpet.dir/home/plebish/pico-sdk/src/common/pico_time/time.c.o
                0x0000000010000f54                alarm_pool_cancel_alarm
 .text.alarm_pool_core_num
                0x0000000010000fd0        0x4 CMakeFiles/pockpet.dir/home/plebish/pico-sdk/src/common/pico_time/time.c.o
                0x0000000010000fd0                alarm_pool_core_num
 .text.sleep_until
                0x0000000010000fd4       0xd0 CMakeFiles/pockpet.dir/home/plebish/pico-sdk/src/common/pico_time/time.c.o
                0x0000000010000fd4                sleep_until
 .text.sleep_ms
                0x00000000100010a4       0x34 CMakeFiles/pockpet.dir/home/plebish/pico-sdk/src/common/pico_time/time.c.o
                0x00000000100010a4                sleep_ms
 .text.best_effort_wfe_or_timeout
                0x00000000100010d8       0xe0 CMakeFiles/pockpet.dir/home/plebish/pico-sdk/src/common/pico_time/time.c.o
                0x00000000100010d8                best_effort_wfe_or_timeout
 .text.timer_hardware_alarm_claim
                0x00000000100011b8       0x14 CMakeFiles/pockpet.dir/home/plebish/pico-sdk/src/rp2_common/hardware_timer/timer.c.o
                0x00000000100011b8                timer_hardware_alarm_claim
 .text.timer_time_us_64
                0x00000000100011cc       0x10 CMakeFiles/pockpet.dir/home/plebish/pico-sdk/src/rp2_common/hardware_timer/timer.c.o
                0x00000000100011cc                timer_time_us_64
 .text.time_us_64
                0x00000000100011dc       0x14 CMakeFiles/pockpet.dir/home/plebish/pico-sdk/src/rp2_common/hardware_timer/timer.c.o
                0x00000000100011dc                time_us_64
 .text.busy_wait_until
                0x00000000100011f0       0x20 CMakeFiles/pockpet.dir/home/plebish/pico-sdk/src/rp2_common/hardware_timer/timer.c.o
                0x00000000100011f0                busy_wait_until
 .text.clock_configure_int_divider
                0x0000000010001210       0xf4 CMakeFiles/pockpet.dir/home/plebish/pico-sdk/src/rp2_common/hardware_clocks/clocks.c.o
                0x0000000010001210                clock_configure_int_divider
 .text.clock_configure_undivided
                0x0000000010001304       0xe8 CMakeFiles/pockpet.dir/home/plebish/pico-sdk/src/rp2_common/hardware_clocks/clocks.c.o
                0x0000000010001304                clock_configure_undivided
 .text.clock_get_hz
                0x00000000100013ec        0xc CMakeFiles/pockpet.dir/home/plebish/pico-sdk/src/rp2_common/hardware_clocks/clocks.c.o
                0x00000000100013ec                clock_get_hz
 .text.pll_init
                0x00000000100013f8       0xa0 CMakeFiles/pockpet.dir/home/plebish/pico-sdk/src/rp2_common/hardware_pll/pll.c.o
                0x00000000100013f8                pll_init
 .text.watchdog_reboot
                0x0000000010001498       0x98 CMakeFiles/pockpet.dir/home/plebish/pico-sdk/src/rp2_common/hardware_watchdog/watchdog.c.o
                0x0000000010001498                watchdog_reboot
 .text.tick_start
                0x0000000010001530       0x10 CMakeFiles/pockpet.dir/home/plebish/pico-sdk/src/rp2_common/hardware_ticks/ticks.c.o
                0x0000000010001530                tick_start
 .text.rom_func_lookup
                0x0000000010001540       0x10 CMakeFiles/pockpet.dir/home/plebish/pico-sdk/src/rp2_common/pico_bootrom/bootrom.c.o
                0x0000000010001540                rom_func_lookup
 .text.rom_data_lookup
                0x0000000010001550       0x10 CMakeFiles/pockpet.dir/home/plebish/pico-sdk/src/rp2_common/pico_bootrom/bootrom.c.o
                0x0000000010001550                rom_data_lookup
 .text.rom_funcs_lookup
                0x0000000010001560       0x44 CMakeFiles/pockpet.dir/home/plebish/pico-sdk/src/rp2_common/pico_bootrom/bootrom.c.o
                0x0000000010001560                rom_funcs_lookup
 .text.rom_reset_usb_boot_extra
                0x00000000100015a4       0x28 CMakeFiles/pockpet.dir/home/plebish/pico-sdk/src/rp2_common/pico_bootrom/bootrom.c.o
                0x00000000100015a4                rom_reset_usb_boot_extra
 .text.xosc_init
                0x00000000100015cc       0x28 CMakeFiles/pockpet.dir/home/plebish/pico-sdk/src/rp2_common/hardware_xosc/xosc.c.o
                0x00000000100015cc                xosc_init
 .text.first_per_core_initializer
                0x00000000100015f4        0x4 CMakeFiles/pockpet.dir/home/plebish/pico-sdk/src/rp2_common/pico_runtime/runtime.c.o
 .text.hard_assertion_failure
                0x00000000100015f8        0xc CMakeFiles/pockpet.dir/home/plebish/pico-sdk/src/rp2_common/pico_runtime/runtime.c.o
                0x00000000100015f8                hard_assertion_failure
 .text.runtime_run_initializers
                0x0000000010001604       0x28 CMakeFiles/pockpet.dir/home/plebish/pico-sdk/src/rp2_common/pico_runtime/runtime.c.o
                0x0000000010001604                runtime_run_initializers
 .text.runtime_init_early_resets
                0x000000001000162c       0x2c CMakeFiles/pockpet.dir/home/plebish/pico-sdk/src/rp2_common/pico_runtime_init/runtime_init.c.o
                0x000000001000162c                runtime_init_early_resets
 .text.runtime_init_usb_power_down
                0x0000000010001658       0x1c CMakeFiles/pockpet.dir/home/plebish/pico-sdk/src/rp2_common/pico_runtime_init/runtime_init.c.o
                0x0000000010001658                runtime_init_usb_power_down
 .text.runtime_init_post_clock_resets
                0x0000000010001674       0x20 CMakeFiles/pockpet.dir/home/plebish/pico-sdk/src/rp2_common/pico_runtime_init/runtime_init.c.o
                0x0000000010001674                runtime_init_post_clock_resets
 .text.runtime_init_rp2040_gpio_ie_disable
                0x0000000010001694       0x14 CMakeFiles/pockpet.dir/home/plebish/pico-sdk/src/rp2_common/pico_runtime_init/runtime_init.c.o
                0x0000000010001694                runtime_init_rp2040_gpio_ie_disable
 .text.runtime_init_spin_locks_reset
                0x00000000100016a8        0x8 CMakeFiles/pockpet.dir/home/plebish/pico-sdk/src/rp2_common/pico_runtime_init/runtime_init.c.o
                0x00000000100016a8                runtime_init_spin_locks_reset
 .text.runtime_init_install_ram_vector_table
                0x00000000100016b0       0x1c CMakeFiles/pockpet.dir/home/plebish/pico-sdk/src/rp2_common/pico_runtime_init/runtime_init.c.o
                0x00000000100016b0                runtime_init_install_ram_vector_table
 .text.runtime_init_clocks
                0x00000000100016cc       0xd8 CMakeFiles/pockpet.dir/home/plebish/pico-sdk/src/rp2_common/pico_runtime_init/runtime_init_clocks.c.o
                0x00000000100016cc                runtime_init_clocks
 .text          0x00000000100017a4       0x10 CMakeFiles/pockpet.dir/home/plebish/pico-sdk/src/rp2_common/pico_bit_ops/bit_ops_aeabi.S.o
 .text.__wrap___aeabi_uidiv
                0x00000000100017b4       0x4c CMakeFiles/pockpet.dir/home/plebish/pico-sdk/src/rp2_common/pico_divider/divider_hardware.S.o
                0x00000000100017b4                __wrap___aeabi_uidiv
                0x00000000100017b4                __wrap___aeabi_uidivmod
                0x00000000100017b4                div_u32u32
                0x00000000100017b4                divmod_u32u32
                0x00000000100017bc                divmod_u32u32_unsafe
                0x00000000100017e4                divmod_u32u32_savestate
 .text.missing_double_func_shim
                0x0000000010001800        0xc CMakeFiles/pockpet.dir/home/plebish/pico-sdk/src/rp2_common/pico_double/double_init_rom_rp2040.c.o
 .text.__aeabi_double_init
                0x000000001000180c       0xa4 CMakeFiles/pockpet.dir/home/plebish/pico-sdk/src/rp2_common/pico_double/double_init_rom_rp2040.c.o
                0x000000001000180c                __aeabi_double_init
 .text.double_table_shim_on_use_helper
                0x00000000100018b0       0x2c CMakeFiles/pockpet.dir/home/plebish/pico-sdk/src/rp2_common/pico_double/double_v1_rom_shim_rp2040.S.o
                0x00000000100018b0                double_table_shim_on_use_helper
 .text.__aeabi_lmul
                0x00000000100018dc       0x32 CMakeFiles/pockpet.dir/home/plebish/pico-sdk/src/rp2_common/pico_int64_ops/pico_int64_ops_aeabi.S.o
                0x00000000100018dc                __wrap___aeabi_lmul
 *fill*         0x000000001000190e        0x2 
 .text.missing_float_func_shim
                0x0000000010001910        0xc CMakeFiles/pockpet.dir/home/plebish/pico-sdk/src/rp2_common/pico_float/float_init_rom_rp2040.c.o
 .text.__aeabi_float_init
                0x000000001000191c       0x5c CMakeFiles/pockpet.dir/home/plebish/pico-sdk/src/rp2_common/pico_float/float_init_rom_rp2040.c.o
                0x000000001000191c                __aeabi_float_init
 .text          0x0000000010001978       0x10 CMakeFiles/pockpet.dir/home/plebish/pico-sdk/src/rp2_common/pico_mem_ops/mem_ops_aeabi.S.o
                0x0000000010001978                __aeabi_mem_init
 .text.memset   0x0000000010001988        0xc CMakeFiles/pockpet.dir/home/plebish/pico-sdk/src/rp2_common/pico_mem_ops/mem_ops_aeabi.S.o
                0x0000000010001988                __wrap_memset
 .text.memcpy   0x0000000010001994        0xc CMakeFiles/pockpet.dir/home/plebish/pico-sdk/src/rp2_common/pico_mem_ops/mem_ops_aeabi.S.o
                0x0000000010001994                __wrap___aeabi_memcpy
                0x0000000010001994                __wrap_memcpy
 .text._out_char
                0x00000000100019a0       0x10 CMakeFiles/pockpet.dir/home/plebish/pico-sdk/src/rp2_common/pico_printf/printf.c.o
 .text.weak_raw_vprintf
                0x00000000100019b0       0x30 CMakeFiles/pockpet.dir/home/plebish/pico-sdk/src/rp2_common/pico_printf/printf.c.o
                0x00000000100019b0                weak_raw_vprintf
 .text._exit    0x00000000100019e0        0x4 CMakeFiles/pockpet.dir/home/plebish/pico-sdk/src/rp2_common/pico_clib_interface/newlib_interface.c.o
                0x00000000100019e0                _exit
 .text.exit     0x00000000100019e4        0x8 CMakeFiles/pockpet.dir/home/plebish/pico-sdk/src/rp2_common/pico_clib_interface/newlib_interface.c.o
                0x00000000100019e4                exit
 .text.runtime_init
                0x00000000100019ec       0x2c CMakeFiles/pockpet.dir/home/plebish/pico-sdk/src/rp2_common/pico_clib_interface/newlib_interface.c.o
                0x00000000100019ec                runtime_init
 .text.stdio_out_chars_no_crlf
                0x0000000010001a18       0x10 CMakeFiles/pockpet.dir/home/plebish/pico-sdk/src/rp2_common/pico_stdio/stdio.c.o
 .text.stdio_out_chars_crlf
                0x0000000010001a28       0xb4 CMakeFiles/pockpet.dir/home/plebish/pico-sdk/src/rp2_common/pico_stdio/stdio.c.o
 .text.stdio_put_string
                0x0000000010001adc      0x100 CMakeFiles/pockpet.dir/home/plebish/pico-sdk/src/rp2_common/pico_stdio/stdio.c.o
                0x0000000010001adc                stdio_put_string
 .text.stdio_set_driver_enabled
                0x0000000010001bdc       0x30 CMakeFiles/pockpet.dir/home/plebish/pico-sdk/src/rp2_common/pico_stdio/stdio.c.o
                0x0000000010001bdc                stdio_set_driver_enabled
 .text.stdio_init_all
                0x0000000010001c0c        0x8 CMakeFiles/pockpet.dir/home/plebish/pico-sdk/src/rp2_common/pico_stdio/stdio.c.o
                0x0000000010001c0c                stdio_init_all
 .text.__wrap_putchar
                0x0000000010001c14       0x98 CMakeFiles/pockpet.dir/home/plebish/pico-sdk/src/rp2_common/pico_stdio/stdio.c.o
                0x0000000010001c14                stdio_putchar
                0x0000000010001c14                __wrap_putchar
 .text.__wrap_puts
                0x0000000010001cac       0x3c CMakeFiles/pockpet.dir/home/plebish/pico-sdk/src/rp2_common/pico_stdio/stdio.c.o
                0x0000000010001cac                __wrap_puts
                0x0000000010001cac                stdio_puts
 .text.resetd_init
                0x0000000010001ce8        0x4 CMakeFiles/pockpet.dir/home/plebish/pico-sdk/src/rp2_common/pico_stdio_usb/reset_interface.c.o
 .text.resetd_reset
                0x0000000010001cec        0xc CMakeFiles/pockpet.dir/home/plebish/pico-sdk/src/rp2_common/pico_stdio_usb/reset_interface.c.o
 .text.resetd_open
                0x0000000010001cf8       0x28 CMakeFiles/pockpet.dir/home/plebish/pico-sdk/src/rp2_common/pico_stdio_usb/reset_interface.c.o
 .text.resetd_xfer_cb
                0x0000000010001d20        0x4 CMakeFiles/pockpet.dir/home/plebish/pico-sdk/src/rp2_common/pico_stdio_usb/reset_interface.c.o
 .text.resetd_control_xfer_cb
                0x0000000010001d24       0x60 CMakeFiles/pockpet.dir/home/plebish/pico-sdk/src/rp2_common/pico_stdio_usb/reset_interface.c.o
 .text.tud_descriptor_bos_cb
                0x0000000010001d84        0x8 CMakeFiles/pockpet.dir/home/plebish/pico-sdk/src/rp2_common/pico_stdio_usb/reset_interface.c.o
                0x0000000010001d84                tud_descriptor_bos_cb
 .text.tud_vendor_control_xfer_cb
                0x0000000010001d8c       0x34 CMakeFiles/pockpet.dir/home/plebish/pico-sdk/src/rp2_common/pico_stdio_usb/reset_interface.c.o
                0x0000000010001d8c                tud_vendor_control_xfer_cb
 .text.usbd_app_driver_get_cb
                0x0000000010001dc0        0xc CMakeFiles/pockpet.dir/home/plebish/pico-sdk/src/rp2_common/pico_stdio_usb/reset_interface.c.o
                0x0000000010001dc0                usbd_app_driver_get_cb
 .text.tud_cdc_line_coding_cb
                0x0000000010001dcc       0x2c CMakeFiles/pockpet.dir/home/plebish/pico-sdk/src/rp2_common/pico_stdio_usb/reset_interface.c.o
                0x0000000010001dcc                tud_cdc_line_coding_cb
 .text.stdio_usb_set_chars_available_callback
                0x0000000010001df8       0x14 CMakeFiles/pockpet.dir/home/plebish/pico-sdk/src/rp2_common/pico_stdio_usb/stdio_usb.c.o
                0x0000000010001df8                stdio_usb_set_chars_available_callback
 .text.usb_irq  0x0000000010001e0c       0x10 CMakeFiles/pockpet.dir/home/plebish/pico-sdk/src/rp2_common/pico_stdio_usb/stdio_usb.c.o
 .text.timer_task
                0x0000000010001e1c       0x64 CMakeFiles/pockpet.dir/home/plebish/pico-sdk/src/rp2_common/pico_stdio_usb/stdio_usb.c.o
 .text.stdio_usb_in_chars
                0x0000000010001e80       0x90 CMakeFiles/pockpet.dir/home/plebish/pico-sdk/src/rp2_common/pico_stdio_usb/stdio_usb.c.o
                0x0000000010001e80                stdio_usb_in_chars
 .text.stdio_usb_out_flush
                0x0000000010001f10       0x50 CMakeFiles/pockpet.dir/home/plebish/pico-sdk/src/rp2_common/pico_stdio_usb/stdio_usb.c.o
 .text.stdio_usb_out_chars
                0x0000000010001f60      0x100 CMakeFiles/pockpet.dir/home/plebish/pico-sdk/src/rp2_common/pico_stdio_usb/stdio_usb.c.o
 .text.low_priority_worker_irq
                0x0000000010002060       0xc8 CMakeFiles/pockpet.dir/home/plebish/pico-sdk/src/rp2_common/pico_stdio_usb/stdio_usb.c.o
 .text.stdio_usb_init
                0x0000000010002128       0xe4 CMakeFiles/pockpet.dir/home/plebish/pico-sdk/src/rp2_common/pico_stdio_usb/stdio_usb.c.o
                0x0000000010002128                stdio_usb_init
 .text.tud_descriptor_device_cb
                0x000000001000220c        0x8 CMakeFiles/pockpet.dir/home/plebish/pico-sdk/src/rp2_common/pico_stdio_usb/stdio_usb_descriptors.c.o
                0x000000001000220c                tud_descriptor_device_cb
 .text.tud_descriptor_configuration_cb
                0x0000000010002214        0x8 CMakeFiles/pockpet.dir/home/plebish/pico-sdk/src/rp2_common/pico_stdio_usb/stdio_usb_descriptors.c.o
                0x0000000010002214                tud_descriptor_configuration_cb
 .text.tud_descriptor_string_cb
                0x000000001000221c       0x74 CMakeFiles/pockpet.dir/home/plebish/pico-sdk/src/rp2_common/pico_stdio_usb/stdio_usb_descriptors.c.o
                0x000000001000221c                tud_descriptor_string_cb
 .text.startup._retrieve_unique_id_on_boot
                0x0000000010002290       0x10 CMakeFiles/pockpet.dir/home/plebish/pico-sdk/src/rp2_common/pico_unique_id/unique_id.c.o
 .text.pico_get_unique_board_id_string
                0x00000000100022a0      0x1a8 CMakeFiles/pockpet.dir/home/plebish/pico-sdk/src/rp2_common/pico_unique_id/unique_id.c.o
                0x00000000100022a0                pico_get_unique_board_id_string
 .text.flash_get_unique_id
                0x0000000010002448       0x40 CMakeFiles/pockpet.dir/home/plebish/pico-sdk/src/rp2_common/hardware_flash/flash.c.o
                0x0000000010002448                flash_get_unique_id
 .text.dcd_init
                0x0000000010002488       0x8c CMakeFiles/pockpet.dir/home/plebish/pico-sdk/lib/tinyusb/src/portable/raspberrypi/rp2040/dcd_rp2040.c.o
                0x0000000010002488                dcd_init
 .text.dcd_int_enable
                0x0000000010002514        0xc CMakeFiles/pockpet.dir/home/plebish/pico-sdk/lib/tinyusb/src/portable/raspberrypi/rp2040/dcd_rp2040.c.o
                0x0000000010002514                dcd_int_enable
 .text.dcd_set_address
                0x0000000010002520       0x14 CMakeFiles/pockpet.dir/home/plebish/pico-sdk/lib/tinyusb/src/portable/raspberrypi/rp2040/dcd_rp2040.c.o
                0x0000000010002520                dcd_set_address
 .text.dcd_sof_enable
                0x0000000010002534       0x1c CMakeFiles/pockpet.dir/home/plebish/pico-sdk/lib/tinyusb/src/portable/raspberrypi/rp2040/dcd_rp2040.c.o
                0x0000000010002534                dcd_sof_enable
 .text.dcd_edpt0_status_complete
                0x0000000010002550       0x1c CMakeFiles/pockpet.dir/home/plebish/pico-sdk/lib/tinyusb/src/portable/raspberrypi/rp2040/dcd_rp2040.c.o
                0x0000000010002550                dcd_edpt0_status_complete
 .text.dcd_edpt_open
                0x000000001000256c      0x108 CMakeFiles/pockpet.dir/home/plebish/pico-sdk/lib/tinyusb/src/portable/raspberrypi/rp2040/dcd_rp2040.c.o
                0x000000001000256c                dcd_edpt_open
 .text.dcd_edpt_close_all
                0x0000000010002674        0x8 CMakeFiles/pockpet.dir/home/plebish/pico-sdk/lib/tinyusb/src/portable/raspberrypi/rp2040/dcd_rp2040.c.o
                0x0000000010002674                dcd_edpt_close_all
 .text.dcd_edpt_xfer
                0x000000001000267c       0x24 CMakeFiles/pockpet.dir/home/plebish/pico-sdk/lib/tinyusb/src/portable/raspberrypi/rp2040/dcd_rp2040.c.o
                0x000000001000267c                dcd_edpt_xfer
 .text.dcd_edpt_stall
                0x00000000100026a0       0x38 CMakeFiles/pockpet.dir/home/plebish/pico-sdk/lib/tinyusb/src/portable/raspberrypi/rp2040/dcd_rp2040.c.o
                0x00000000100026a0                dcd_edpt_stall
 .text.dcd_edpt_clear_stall
                0x00000000100026d8       0x30 CMakeFiles/pockpet.dir/home/plebish/pico-sdk/lib/tinyusb/src/portable/raspberrypi/rp2040/dcd_rp2040.c.o
                0x00000000100026d8                dcd_edpt_clear_stall
 .text.rp2040_usb_init
                0x0000000010002708       0x40 CMakeFiles/pockpet.dir/home/plebish/pico-sdk/lib/tinyusb/src/portable/raspberrypi/rp2040/rp2040_usb.c.o
                0x0000000010002708                rp2040_usb_init
 .text.hw_endpoint_xfer_start
                0x0000000010002748       0x50 CMakeFiles/pockpet.dir/home/plebish/pico-sdk/lib/tinyusb/src/portable/raspberrypi/rp2040/rp2040_usb.c.o
                0x0000000010002748                hw_endpoint_xfer_start
 .text.tud_event_hook_cb
                0x0000000010002798        0x4 CMakeFiles/pockpet.dir/home/plebish/pico-sdk/lib/tinyusb/src/device/usbd.c.o
                0x0000000010002798                tud_event_hook_cb
 .text.tud_sof_cb
                0x000000001000279c        0x4 CMakeFiles/pockpet.dir/home/plebish/pico-sdk/lib/tinyusb/src/device/usbd.c.o
                0x000000001000279c                tud_sof_cb
 .text.tud_descriptor_device_qualifier_cb
                0x00000000100027a0        0x4 CMakeFiles/pockpet.dir/home/plebish/pico-sdk/lib/tinyusb/src/device/usbd.c.o
                0x00000000100027a0                tud_descriptor_device_qualifier_cb
 .text.tud_descriptor_other_speed_configuration_cb
                0x00000000100027a4        0x4 CMakeFiles/pockpet.dir/home/plebish/pico-sdk/lib/tinyusb/src/device/usbd.c.o
                0x00000000100027a4                tud_descriptor_other_speed_configuration_cb
 .text.tud_mount_cb
                0x00000000100027a8        0x4 CMakeFiles/pockpet.dir/home/plebish/pico-sdk/lib/tinyusb/src/device/usbd.c.o
                0x00000000100027a8                tud_mount_cb
 .text.tud_umount_cb
                0x00000000100027ac        0x4 CMakeFiles/pockpet.dir/home/plebish/pico-sdk/lib/tinyusb/src/device/usbd.c.o
                0x00000000100027ac                tud_umount_cb
 .text.tud_suspend_cb
                0x00000000100027b0        0x4 CMakeFiles/pockpet.dir/home/plebish/pico-sdk/lib/tinyusb/src/device/usbd.c.o
                0x00000000100027b0                tud_suspend_cb
 .text.tud_resume_cb
                0x00000000100027b4        0x4 CMakeFiles/pockpet.dir/home/plebish/pico-sdk/lib/tinyusb/src/device/usbd.c.o
                0x00000000100027b4                tud_resume_cb
 .text.tud_mounted
                0x00000000100027b8       0x10 CMakeFiles/pockpet.dir/home/plebish/pico-sdk/lib/tinyusb/src/device/usbd.c.o
                0x00000000100027b8                tud_mounted
 .text.tud_suspended
                0x00000000100027c8       0x10 CMakeFiles/pockpet.dir/home/plebish/pico-sdk/lib/tinyusb/src/device/usbd.c.o
                0x00000000100027c8                tud_suspended
 .text.tud_init
                0x00000000100027d8       0xe4 CMakeFiles/pockpet.dir/home/plebish/pico-sdk/lib/tinyusb/src/device/usbd.c.o
                0x00000000100027d8                tud_init
 .text.tud_task_ext
                0x00000000100028bc      0x800 CMakeFiles/pockpet.dir/home/plebish/pico-sdk/lib/tinyusb/src/device/usbd.c.o
                0x00000000100028bc                tud_task_ext
 .text.usbd_open_edpt_pair
                0x00000000100030bc       0x9c CMakeFiles/pockpet.dir/home/plebish/pico-sdk/lib/tinyusb/src/device/usbd.c.o
                0x00000000100030bc                usbd_open_edpt_pair
 .text.usbd_edpt_open
                0x0000000010003158       0x34 CMakeFiles/pockpet.dir/home/plebish/pico-sdk/lib/tinyusb/src/device/usbd.c.o
                0x0000000010003158                usbd_edpt_open
 .text.usbd_edpt_claim
                0x000000001000318c       0x28 CMakeFiles/pockpet.dir/home/plebish/pico-sdk/lib/tinyusb/src/device/usbd.c.o
                0x000000001000318c                usbd_edpt_claim
 .text.usbd_edpt_release
                0x00000000100031b4       0x28 CMakeFiles/pockpet.dir/home/plebish/pico-sdk/lib/tinyusb/src/device/usbd.c.o
                0x00000000100031b4                usbd_edpt_release
 .text.usbd_edpt_xfer
                0x00000000100031dc       0x4c CMakeFiles/pockpet.dir/home/plebish/pico-sdk/lib/tinyusb/src/device/usbd.c.o
                0x00000000100031dc                usbd_edpt_xfer
 .text.tud_control_status
                0x0000000010003228       0x30 CMakeFiles/pockpet.dir/home/plebish/pico-sdk/lib/tinyusb/src/device/usbd_control.c.o
                0x0000000010003228                tud_control_status
 .text.tud_control_xfer
                0x0000000010003258       0xbc CMakeFiles/pockpet.dir/home/plebish/pico-sdk/lib/tinyusb/src/device/usbd_control.c.o
                0x0000000010003258                tud_control_xfer
 .text.usbd_control_reset
                0x0000000010003314       0x14 CMakeFiles/pockpet.dir/home/plebish/pico-sdk/lib/tinyusb/src/device/usbd_control.c.o
                0x0000000010003314                usbd_control_reset
 .text.usbd_control_set_complete_callback
                0x0000000010003328        0xc CMakeFiles/pockpet.dir/home/plebish/pico-sdk/lib/tinyusb/src/device/usbd_control.c.o
                0x0000000010003328                usbd_control_set_complete_callback
 .text.usbd_control_set_request
                0x0000000010003334       0x1c CMakeFiles/pockpet.dir/home/plebish/pico-sdk/lib/tinyusb/src/device/usbd_control.c.o
                0x0000000010003334                usbd_control_set_request
 .text.usbd_control_xfer_cb
                0x0000000010003350       0xf0 CMakeFiles/pockpet.dir/home/plebish/pico-sdk/lib/tinyusb/src/device/usbd_control.c.o
                0x0000000010003350                usbd_control_xfer_cb
 .text._prep_out_transaction.isra.0
                0x0000000010003440       0x5c CMakeFiles/pockpet.dir/home/plebish/pico-sdk/lib/tinyusb/src/class/cdc/cdc_device.c.o
 .text.tud_cdc_n_connected
                0x000000001000349c       0x30 CMakeFiles/pockpet.dir/home/plebish/pico-sdk/lib/tinyusb/src/class/cdc/cdc_device.c.o
                0x000000001000349c                tud_cdc_n_connected
 .text.tud_cdc_n_available
                0x00000000100034cc       0x18 CMakeFiles/pockpet.dir/home/plebish/pico-sdk/lib/tinyusb/src/class/cdc/cdc_device.c.o
                0x00000000100034cc                tud_cdc_n_available
 .text.tud_cdc_n_read
                0x00000000100034e4       0x98 CMakeFiles/pockpet.dir/home/plebish/pico-sdk/lib/tinyusb/src/class/cdc/cdc_device.c.o
                0x00000000100034e4                tud_cdc_n_read
 .text.tud_cdc_n_write_flush
                0x000000001000357c       0x78 CMakeFiles/pockpet.dir/home/plebish/pico-sdk/lib/tinyusb/src/class/cdc/cdc_device.c.o
                0x000000001000357c                tud_cdc_n_write_flush
 .text.tud_cdc_n_write
                0x00000000100035f4       0x44 CMakeFiles/pockpet.dir/home/plebish/pico-sdk/lib/tinyusb/src/class/cdc/cdc_device.c.o
                0x00000000100035f4                tud_cdc_n_write
 .text.tud_cdc_n_write_available
                0x0000000010003638       0x18 CMakeFiles/pockpet.dir/home/plebish/pico-sdk/lib/tinyusb/src/class/cdc/cdc_device.c.o
                0x0000000010003638                tud_cdc_n_write_available
 .text.cdcd_init
                0x0000000010003650       0x7c CMakeFiles/pockpet.dir/home/plebish/pico-sdk/lib/tinyusb/src/class/cdc/cdc_device.c.o
                0x0000000010003650                cdcd_init
 .text.cdcd_deinit
                0x00000000100036cc       0x24 CMakeFiles/pockpet.dir/home/plebish/pico-sdk/lib/tinyusb/src/class/cdc/cdc_device.c.o
                0x00000000100036cc                cdcd_deinit
 .text.cdcd_reset
                0x00000000100036f0       0x4c CMakeFiles/pockpet.dir/home/plebish/pico-sdk/lib/tinyusb/src/class/cdc/cdc_device.c.o
                0x00000000100036f0                cdcd_reset
 .text.cdcd_open
                0x000000001000373c       0xb4 CMakeFiles/pockpet.dir/home/plebish/pico-sdk/lib/tinyusb/src/class/cdc/cdc_device.c.o
                0x000000001000373c                cdcd_open
 .text.cdcd_control_xfer_cb
                0x00000000100037f0       0xe4 CMakeFiles/pockpet.dir/home/plebish/pico-sdk/lib/tinyusb/src/class/cdc/cdc_device.c.o
                0x00000000100037f0                cdcd_control_xfer_cb
 .text.cdcd_xfer_cb
                0x00000000100038d4       0xfc CMakeFiles/pockpet.dir/home/plebish/pico-sdk/lib/tinyusb/src/class/cdc/cdc_device.c.o
                0x00000000100038d4                cdcd_xfer_cb
 .text.tud_vendor_n_write_flush
                0x00000000100039d0       0x78 CMakeFiles/pockpet.dir/home/plebish/pico-sdk/lib/tinyusb/src/class/vendor/vendor_device.c.o
                0x00000000100039d0                tud_vendor_n_write_flush
 .text.vendord_init
                0x0000000010003a48       0x64 CMakeFiles/pockpet.dir/home/plebish/pico-sdk/lib/tinyusb/src/class/vendor/vendor_device.c.o
                0x0000000010003a48                vendord_init
 .text.vendord_deinit
                0x0000000010003aac       0x24 CMakeFiles/pockpet.dir/home/plebish/pico-sdk/lib/tinyusb/src/class/vendor/vendor_device.c.o
                0x0000000010003aac                vendord_deinit
 .text.vendord_reset
                0x0000000010003ad0       0x1c CMakeFiles/pockpet.dir/home/plebish/pico-sdk/lib/tinyusb/src/class/vendor/vendor_device.c.o
                0x0000000010003ad0                vendord_reset
 .text.vendord_open
                0x0000000010003aec       0xc8 CMakeFiles/pockpet.dir/home/plebish/pico-sdk/lib/tinyusb/src/class/vendor/vendor_device.c.o
                0x0000000010003aec                vendord_open
 .text.vendord_xfer_cb
                0x0000000010003bb4       0xc8 CMakeFiles/pockpet.dir/home/plebish/pico-sdk/lib/tinyusb/src/class/vendor/vendor_device.c.o
                0x0000000010003bb4                vendord_xfer_cb
 .text.tusb_init
                0x0000000010003c7c        0xc CMakeFiles/pockpet.dir/home/plebish/pico-sdk/lib/tinyusb/src/tusb.c.o
                0x0000000010003c7c                tusb_init
 .text.tu_edpt_claim
                0x0000000010003c88       0x50 CMakeFiles/pockpet.dir/home/plebish/pico-sdk/lib/tinyusb/src/tusb.c.o
                0x0000000010003c88                tu_edpt_claim
 .text.tu_edpt_release
                0x0000000010003cd8       0x38 CMakeFiles/pockpet.dir/home/plebish/pico-sdk/lib/tinyusb/src/tusb.c.o
                0x0000000010003cd8                tu_edpt_release
 .text.tu_edpt_validate
                0x0000000010003d10       0x78 CMakeFiles/pockpet.dir/home/plebish/pico-sdk/lib/tinyusb/src/tusb.c.o
                0x0000000010003d10                tu_edpt_validate
 .text.tu_edpt_bind_driver
                0x0000000010003d88       0x34 CMakeFiles/pockpet.dir/home/plebish/pico-sdk/lib/tinyusb/src/tusb.c.o
                0x0000000010003d88                tu_edpt_bind_driver
 .text.tu_fifo_config
                0x0000000010003dbc       0x70 CMakeFiles/pockpet.dir/home/plebish/pico-sdk/lib/tinyusb/src/common/tusb_fifo.c.o
                0x0000000010003dbc                tu_fifo_config
 .text.tu_fifo_count
                0x0000000010003e2c       0x2c CMakeFiles/pockpet.dir/home/plebish/pico-sdk/lib/tinyusb/src/common/tusb_fifo.c.o
                0x0000000010003e2c                tu_fifo_count
 .text.tu_fifo_empty
                0x0000000010003e58       0x10 CMakeFiles/pockpet.dir/home/plebish/pico-sdk/lib/tinyusb/src/common/tusb_fifo.c.o
                0x0000000010003e58                tu_fifo_empty
 .text.tu_fifo_remaining
                0x0000000010003e68       0x2c CMakeFiles/pockpet.dir/home/plebish/pico-sdk/lib/tinyusb/src/common/tusb_fifo.c.o
                0x0000000010003e68                tu_fifo_remaining
 .text.tu_fifo_read
                0x0000000010003e94       0xa0 CMakeFiles/pockpet.dir/home/plebish/pico-sdk/lib/tinyusb/src/common/tusb_fifo.c.o
                0x0000000010003e94                tu_fifo_read
 .text.tu_fifo_read_n
                0x0000000010003f34       0xec CMakeFiles/pockpet.dir/home/plebish/pico-sdk/lib/tinyusb/src/common/tusb_fifo.c.o
                0x0000000010003f34                tu_fifo_read_n
 .text.tu_fifo_write
                0x0000000010004020       0x88 CMakeFiles/pockpet.dir/home/plebish/pico-sdk/lib/tinyusb/src/common/tusb_fifo.c.o
                0x0000000010004020                tu_fifo_write
 .text.tu_fifo_write_n
                0x00000000100040a8      0x168 CMakeFiles/pockpet.dir/home/plebish/pico-sdk/lib/tinyusb/src/common/tusb_fifo.c.o
                0x00000000100040a8                tu_fifo_write_n
 .text.tu_fifo_clear
                0x0000000010004210       0x40 CMakeFiles/pockpet.dir/home/plebish/pico-sdk/lib/tinyusb/src/common/tusb_fifo.c.o
                0x0000000010004210                tu_fifo_clear
 .text.tu_fifo_set_overwritable
                0x0000000010004250       0x48 CMakeFiles/pockpet.dir/home/plebish/pico-sdk/lib/tinyusb/src/common/tusb_fifo.c.o
                0x0000000010004250                tu_fifo_set_overwritable
 .text.spi_init
                0x0000000010004298      0x134 CMakeFiles/pockpet.dir/home/plebish/pico-sdk/src/rp2_common/hardware_spi/spi.c.o
                0x0000000010004298                spi_init
 .text.ili9341_initialize
                0x00000000100043cc      0x2bc ../lib/ili9341/libili9341_pico_driver.a(ili9341.c.o)
                0x00000000100043cc                ili9341_initialize
 .text.ili9341_writeCommand
                0x0000000010004688       0x48 ../lib/ili9341/libili9341_pico_driver.a(ili9341.c.o)
                0x0000000010004688                ili9341_writeCommand
 .text.ili9341_writeDataBuffer
                0x00000000100046d0       0x40 ../lib/ili9341/libili9341_pico_driver.a(ili9341.c.o)
                0x00000000100046d0                ili9341_writeDataBuffer
 .text          0x0000000010004710       0x5c /usr/lib/gcc/arm-none-eabi/10.3.1/../../../arm-none-eabi/lib/thumb/v6-m/nofp/libg.a(lib_a-strlen-stub.o)
                0x0000000010004710                strlen
 *(.fini)
 .fini          0x000000001000476c        0x4 /usr/lib/gcc/arm-none-eabi/10.3.1/thumb/v6-m/nofp/crti.o
                0x000000001000476c                _fini
 .fini.__stub   0x0000000010004770       0xd0 linker stubs
 *crtbegin.o(.ctors)
 *crtbegin?.o(.ctors)
 *(EXCLUDE_FILE(*crtend.o *crtend?.o) .ctors)
 *(SORT_BY_NAME(.ctors.*))
 *(.ctors)
 *crtbegin.o(.dtors)
 *crtbegin?.o(.dtors)
 *(EXCLUDE_FILE(*crtend.o *crtend?.o) .dtors)
 *(SORT_BY_NAME(.dtors.*))
 *(.dtors)
                0x0000000010004840                . = ALIGN (0x4)
                0x0000000010004840                PROVIDE (__preinit_array_start = .)
 *(SORT_BY_NAME(.preinit_array.*))
 .preinit_array.00100
                0x0000000010004840        0x4 CMakeFiles/pockpet.dir/home/plebish/pico-sdk/src/rp2_common/pico_runtime_init/runtime_init.c.o
                0x0000000010004840                __pre_init_runtime_init_early_resets
 .preinit_array.00101
                0x0000000010004844        0x4 CMakeFiles/pockpet.dir/home/plebish/pico-sdk/src/rp2_common/pico_runtime_init/runtime_init.c.o
                0x0000000010004844                __pre_init_runtime_init_usb_power_down
 .preinit_array.00275
                0x0000000010004848        0x4 CMakeFiles/pockpet.dir/home/plebish/pico-sdk/src/rp2_common/pico_bit_ops/bit_ops_aeabi.S.o
 .preinit_array.00300
                0x000000001000484c        0x4 CMakeFiles/pockpet.dir/home/plebish/pico-sdk/src/rp2_common/pico_mem_ops/mem_ops_aeabi.S.o
 .preinit_array.00350
                0x0000000010004850        0x4 CMakeFiles/pockpet.dir/home/plebish/pico-sdk/src/rp2_common/pico_double/double_aeabi_rp2040.S.o
 .preinit_array.00350
                0x0000000010004854        0x4 CMakeFiles/pockpet.dir/home/plebish/pico-sdk/src/rp2_common/pico_float/float_aeabi_rp2040.S.o
 .preinit_array.00500
                0x0000000010004858        0x4 CMakeFiles/pockpet.dir/home/plebish/pico-sdk/src/rp2_common/pico_runtime_init/runtime_init.c.o
                0x0000000010004858                __pre_init_runtime_init_clocks
 .preinit_array.00600
                0x000000001000485c        0x4 CMakeFiles/pockpet.dir/home/plebish/pico-sdk/src/rp2_common/pico_runtime_init/runtime_init.c.o
                0x000000001000485c                __pre_init_runtime_init_post_clock_resets
 .preinit_array.00700
                0x0000000010004860        0x4 CMakeFiles/pockpet.dir/home/plebish/pico-sdk/src/rp2_common/pico_runtime_init/runtime_init.c.o
                0x0000000010004860                __pre_init_runtime_init_rp2040_gpio_ie_disable
 .preinit_array.01000
                0x0000000010004864        0x4 CMakeFiles/pockpet.dir/home/plebish/pico-sdk/src/rp2_common/pico_runtime_init/runtime_init.c.o
                0x0000000010004864                __pre_init_runtime_init_spin_locks_reset
 .preinit_array.01100
                0x0000000010004868        0x4 CMakeFiles/pockpet.dir/home/plebish/pico-sdk/src/common/pico_sync/mutex.c.o
                0x0000000010004868                __pre_init_runtime_init_mutex
 .preinit_array.10080
                0x000000001000486c        0x4 CMakeFiles/pockpet.dir/home/plebish/pico-sdk/src/rp2_common/pico_runtime_init/runtime_init.c.o
                0x000000001000486c                __pre_init_runtime_init_install_ram_vector_table
 .preinit_array.11000
                0x0000000010004870        0x4 CMakeFiles/pockpet.dir/home/plebish/pico-sdk/src/common/pico_time/time.c.o
                0x0000000010004870                __pre_init_runtime_init_default_alarm_pool
 .preinit_array.YYYYY
                0x0000000010004874        0x4 CMakeFiles/pockpet.dir/home/plebish/pico-sdk/src/rp2_common/pico_runtime/runtime.c.o
                0x0000000010004874                __pre_init_first_per_core_initializer
 .preinit_array.ZZZZZ.01200
                0x0000000010004878        0x4 CMakeFiles/pockpet.dir/home/plebish/pico-sdk/src/rp2_common/hardware_irq/irq.c.o
                0x0000000010004878                __pre_init_runtime_init_per_core_irq_priorities
 *(.preinit_array)
                0x000000001000487c                PROVIDE (__preinit_array_end = .)
                0x000000001000487c                . = ALIGN (0x4)
                0x000000001000487c                PROVIDE (__init_array_start = .)
 *(SORT_BY_NAME(.init_array.*))
 *(.init_array)
 .init_array    0x000000001000487c        0x4 /usr/lib/gcc/arm-none-eabi/10.3.1/thumb/v6-m/nofp/crtbegin.o
 .init_array    0x0000000010004880        0x4 CMakeFiles/pockpet.dir/home/plebish/pico-sdk/src/rp2_common/pico_unique_id/unique_id.c.o
                0x0000000010004884                PROVIDE (__init_array_end = .)
                0x0000000010004884                . = ALIGN (0x4)
                0x0000000010004884                PROVIDE (__fini_array_start = .)
 *(SORT_BY_NAME(.fini_array.*))
 *(.fini_array)
                0x0000000010004884                PROVIDE (__fini_array_end = .)
 *(.eh_frame*)
 .eh_frame      0x0000000010004884        0x0 /usr/lib/gcc/arm-none-eabi/10.3.1/thumb/v6-m/nofp/crtbegin.o
                0x0000000010004884                . = ALIGN (0x4)

.glue_7         0x0000000010004884        0x0
 .glue_7        0x0000000010004884        0x0 linker stubs

.glue_7t        0x0000000010004884        0x0
 .glue_7t       0x0000000010004884        0x0 linker stubs

.vfp11_veneer   0x0000000010004884        0x0
 .vfp11_veneer  0x0000000010004884        0x0 linker stubs

.v4_bx          0x0000000010004884        0x0
 .v4_bx         0x0000000010004884        0x0 linker stubs

.iplt           0x0000000010004884        0x0
 .iplt          0x0000000010004884        0x0 /usr/lib/gcc/arm-none-eabi/10.3.1/thumb/v6-m/nofp/crtbegin.o

.rodata         0x0000000010004884    0x25c28
 *(EXCLUDE_FILE(*libm.a: *libc.a:*lib_a-mem*.o *libgcc.a:) .rodata*)
 .rodata.main.str1.4
                0x0000000010004884        0x3 CMakeFiles/pockpet.dir/main.c.o
 *fill*         0x0000000010004887        0x1 
 .rodata.ili9341_Demo1
                0x0000000010004888    0x25800 CMakeFiles/pockpet.dir/main.c.o
 .rodata.panic.str1.4
                0x000000001002a088       0x12 CMakeFiles/pockpet.dir/home/plebish/pico-sdk/src/rp2_common/pico_platform_panic/panic.c.o
 *fill*         0x000000001002a09a        0x2 
 .rodata.spin_lock_claim_unused.str1.4
                0x000000001002a09c       0x1b CMakeFiles/pockpet.dir/home/plebish/pico-sdk/src/rp2_common/hardware_sync/sync.c.o
 *fill*         0x000000001002a0b7        0x1 
 .rodata.user_irq_claim_unused.str1.4
                0x000000001002a0b8       0x1b CMakeFiles/pockpet.dir/home/plebish/pico-sdk/src/rp2_common/hardware_irq/irq.c.o
 *fill*         0x000000001002a0d3        0x1 
 .rodata.timer_hardware_alarm_claim.str1.4
                0x000000001002a0d4       0x22 CMakeFiles/pockpet.dir/home/plebish/pico-sdk/src/rp2_common/hardware_timer/timer.c.o
 *fill*         0x000000001002a0f6        0x2 
 .rodata.hard_assertion_failure.str1.4
                0x000000001002a0f8        0xc CMakeFiles/pockpet.dir/home/plebish/pico-sdk/src/rp2_common/pico_runtime/runtime.c.o
 .rodata.missing_double_func_shim.str1.4
                0x000000001002a104       0x18 CMakeFiles/pockpet.dir/home/plebish/pico-sdk/src/rp2_common/pico_double/double_init_rom_rp2040.c.o
 .rodata.missing_float_func_shim.str1.4
                0x000000001002a11c       0x18 CMakeFiles/pockpet.dir/home/plebish/pico-sdk/src/rp2_common/pico_float/float_init_rom_rp2040.c.o
                                          0x1 (size before relaxing)
 .rodata.str1.4
                0x000000001002a11c       0x3c CMakeFiles/pockpet.dir/home/plebish/pico-sdk/src/rp2_common/pico_standard_binary_info/standard_binary_info.c.o
 .rodata.__bi_26
                0x000000001002a158        0xc CMakeFiles/pockpet.dir/home/plebish/pico-sdk/src/rp2_common/pico_standard_binary_info/standard_binary_info.c.o
 .rodata.__bi_34
                0x000000001002a164        0xc CMakeFiles/pockpet.dir/home/plebish/pico-sdk/src/rp2_common/pico_standard_binary_info/standard_binary_info.c.o
 .rodata.__bi_42
                0x000000001002a170        0xc CMakeFiles/pockpet.dir/home/plebish/pico-sdk/src/rp2_common/pico_standard_binary_info/standard_binary_info.c.o
 .rodata.__bi_48
                0x000000001002a17c        0xc CMakeFiles/pockpet.dir/home/plebish/pico-sdk/src/rp2_common/pico_standard_binary_info/standard_binary_info.c.o
 .rodata.__bi_54
                0x000000001002a188        0xc CMakeFiles/pockpet.dir/home/plebish/pico-sdk/src/rp2_common/pico_standard_binary_info/standard_binary_info.c.o
 .rodata.__bi_78
                0x000000001002a194        0xc CMakeFiles/pockpet.dir/home/plebish/pico-sdk/src/rp2_common/pico_standard_binary_info/standard_binary_info.c.o
 .rodata.__bi_84
                0x000000001002a1a0        0xc CMakeFiles/pockpet.dir/home/plebish/pico-sdk/src/rp2_common/pico_standard_binary_info/standard_binary_info.c.o
 .rodata.crlf_str.0
                0x000000001002a1ac        0x2 CMakeFiles/pockpet.dir/home/plebish/pico-sdk/src/rp2_common/pico_stdio/stdio.c.o
 *fill*         0x000000001002a1ae        0x2 
 .rodata._resetd_driver
                0x000000001002a1b0       0x20 CMakeFiles/pockpet.dir/home/plebish/pico-sdk/src/rp2_common/pico_stdio_usb/reset_interface.c.o
 .rodata.desc_bos
                0x000000001002a1d0       0x21 CMakeFiles/pockpet.dir/home/plebish/pico-sdk/src/rp2_common/pico_stdio_usb/reset_interface.c.o
                0x000000001002a1d0                desc_bos
 *fill*         0x000000001002a1f1        0x3 
 .rodata.desc_ms_os_20
                0x000000001002a1f4       0xa6 CMakeFiles/pockpet.dir/home/plebish/pico-sdk/src/rp2_common/pico_stdio_usb/reset_interface.c.o
 *fill*         0x000000001002a29a        0x2 
 .rodata.str1.4
                0x000000001002a29c       0x13 CMakeFiles/pockpet.dir/home/plebish/pico-sdk/src/rp2_common/pico_stdio_usb/stdio_usb.c.o
 *fill*         0x000000001002a2af        0x1 
 .rodata.__bi_197.0
                0x000000001002a2b0        0xc CMakeFiles/pockpet.dir/home/plebish/pico-sdk/src/rp2_common/pico_stdio_usb/stdio_usb.c.o
 .rodata.str1.4
                0x000000001002a2bc       0x2a CMakeFiles/pockpet.dir/home/plebish/pico-sdk/src/rp2_common/pico_stdio_usb/stdio_usb_descriptors.c.o
 *fill*         0x000000001002a2e6        0x2 
 .rodata.usbd_desc_cfg
                0x000000001002a2e8       0x54 CMakeFiles/pockpet.dir/home/plebish/pico-sdk/src/rp2_common/pico_stdio_usb/stdio_usb_descriptors.c.o
 .rodata.usbd_desc_device
                0x000000001002a33c       0x12 CMakeFiles/pockpet.dir/home/plebish/pico-sdk/src/rp2_common/pico_stdio_usb/stdio_usb_descriptors.c.o
 *fill*         0x000000001002a34e        0x2 
 .rodata.usbd_desc_str
                0x000000001002a350       0x18 CMakeFiles/pockpet.dir/home/plebish/pico-sdk/src/rp2_common/pico_stdio_usb/stdio_usb_descriptors.c.o
 .rodata.str1.4
                0x000000001002a368       0x14 CMakeFiles/pockpet.dir/home/plebish/pico-sdk/lib/tinyusb/src/portable/raspberrypi/rp2040/dcd_rp2040.c.o
 .rodata.str1.4
                0x000000001002a37c       0x48 CMakeFiles/pockpet.dir/home/plebish/pico-sdk/lib/tinyusb/src/portable/raspberrypi/rp2040/rp2040_usb.c.o
 .rodata.tud_task_ext
                0x000000001002a3c4       0x8c CMakeFiles/pockpet.dir/home/plebish/pico-sdk/lib/tinyusb/src/device/usbd.c.o
 .rodata        0x000000001002a450       0x1c CMakeFiles/pockpet.dir/home/plebish/pico-sdk/lib/tinyusb/src/device/usbd.c.o
 .rodata._usbd_driver
                0x000000001002a46c       0x40 CMakeFiles/pockpet.dir/home/plebish/pico-sdk/lib/tinyusb/src/device/usbd.c.o
                0x000000001002a4ac                . = ALIGN (0x4)
 *(SORT_BY_ALIGNMENT(SORT_BY_NAME(.flashdata*)))
                0x000000001002a4ac                . = ALIGN (0x4)

.ARM.extab
 *(.ARM.extab* .gnu.linkonce.armextab.*)
                0x000000001002a4ac                __exidx_start = .

.ARM.exidx
 *(.ARM.exidx* .gnu.linkonce.armexidx.*)
                0x000000001002a4ac                __exidx_end = .
                0x000000001002a4ac                . = ALIGN (0x4)
                0x000000001002a4ac                __binary_info_start = .

.binary_info    0x000000001002a4ac       0x20
 *(.binary_info.keep.*)
 .binary_info.keep.__bi_ptr26
                0x000000001002a4ac        0x4 CMakeFiles/pockpet.dir/home/plebish/pico-sdk/src/rp2_common/pico_standard_binary_info/standard_binary_info.c.o
 .binary_info.keep.__bi_ptr34
                0x000000001002a4b0        0x4 CMakeFiles/pockpet.dir/home/plebish/pico-sdk/src/rp2_common/pico_standard_binary_info/standard_binary_info.c.o
 .binary_info.keep.__bi_ptr42
                0x000000001002a4b4        0x4 CMakeFiles/pockpet.dir/home/plebish/pico-sdk/src/rp2_common/pico_standard_binary_info/standard_binary_info.c.o
 .binary_info.keep.__bi_ptr48
                0x000000001002a4b8        0x4 CMakeFiles/pockpet.dir/home/plebish/pico-sdk/src/rp2_common/pico_standard_binary_info/standard_binary_info.c.o
 .binary_info.keep.__bi_ptr54
                0x000000001002a4bc        0x4 CMakeFiles/pockpet.dir/home/plebish/pico-sdk/src/rp2_common/pico_standard_binary_info/standard_binary_info.c.o
 .binary_info.keep.__bi_ptr78
                0x000000001002a4c0        0x4 CMakeFiles/pockpet.dir/home/plebish/pico-sdk/src/rp2_common/pico_standard_binary_info/standard_binary_info.c.o
 .binary_info.keep.__bi_ptr84
                0x000000001002a4c4        0x4 CMakeFiles/pockpet.dir/home/plebish/pico-sdk/src/rp2_common/pico_standard_binary_info/standard_binary_info.c.o
 *(.binary_info.*)
 .binary_info.__bi_ptr197
                0x000000001002a4c8        0x4 CMakeFiles/pockpet.dir/home/plebish/pico-sdk/src/rp2_common/pico_stdio_usb/stdio_usb.c.o
                0x000000001002a4cc                __binary_info_end = .

.rel.dyn        0x000000001002a4cc        0x0
 .rel.iplt      0x000000001002a4cc        0x0 /usr/lib/gcc/arm-none-eabi/10.3.1/thumb/v6-m/nofp/crtbegin.o
                0x000000001002a4cc                . = ALIGN (0x4)

.ram_vector_table
                0x0000000020000000       0xc0
 *(.ram_vector_table)
 .ram_vector_table
                0x0000000020000000       0xc0 CMakeFiles/pockpet.dir/home/plebish/pico-sdk/src/rp2_common/pico_runtime_init/runtime_init.c.o
                0x0000000020000000                ram_vector_table

.uninitialized_data
                0x00000000200000c0        0x0
                0x00000000200000c0                . = ALIGN (0x4)
 *(.uninitialized_data*)

.data           0x00000000200000c0     0x1050 load address 0x000000001002a4cc
                0x00000000200000c0                __data_start__ = .
 *(vtable)
 *(.time_critical*)
 .time_critical.mutex_try_enter
                0x00000000200000c0       0x44 CMakeFiles/pockpet.dir/home/plebish/pico-sdk/src/common/pico_sync/mutex.c.o
                0x00000000200000c0                mutex_try_enter
 .time_critical.mutex_try_enter_block_until
                0x0000000020000104       0x9c CMakeFiles/pockpet.dir/home/plebish/pico-sdk/src/common/pico_sync/mutex.c.o
                0x0000000020000104                mutex_try_enter_block_until
 .time_critical.mutex_enter_timeout_ms
                0x00000000200001a0       0x90 CMakeFiles/pockpet.dir/home/plebish/pico-sdk/src/common/pico_sync/mutex.c.o
                0x00000000200001a0                mutex_enter_timeout_ms
 .time_critical.mutex_exit
                0x0000000020000230       0x28 CMakeFiles/pockpet.dir/home/plebish/pico-sdk/src/common/pico_sync/mutex.c.o
                0x0000000020000230                mutex_exit
 .time_critical.flash_init_boot2_copyout
                0x0000000020000258       0x30 CMakeFiles/pockpet.dir/home/plebish/pico-sdk/src/rp2_common/hardware_flash/flash.c.o
 .time_critical.flash_enable_xip_via_boot2
                0x0000000020000288       0x10 CMakeFiles/pockpet.dir/home/plebish/pico-sdk/src/rp2_common/hardware_flash/flash.c.o
 .time_critical.flash_cs_force
                0x0000000020000298       0x38 CMakeFiles/pockpet.dir/home/plebish/pico-sdk/src/rp2_common/hardware_flash/flash.c.o
 .time_critical.flash_do_cmd
                0x00000000200002d0       0xc4 CMakeFiles/pockpet.dir/home/plebish/pico-sdk/src/rp2_common/hardware_flash/flash.c.o
                0x00000000200002d0                flash_do_cmd
 .time_critical.reset_non_control_endpoints
                0x0000000020000394       0xbc CMakeFiles/pockpet.dir/home/plebish/pico-sdk/lib/tinyusb/src/portable/raspberrypi/rp2040/dcd_rp2040.c.o
 .time_critical.hw_handle_buff_status
                0x0000000020000450       0xa8 CMakeFiles/pockpet.dir/home/plebish/pico-sdk/lib/tinyusb/src/portable/raspberrypi/rp2040/dcd_rp2040.c.o
 .time_critical.dcd_rp2040_irq
                0x00000000200004f8      0x554 CMakeFiles/pockpet.dir/home/plebish/pico-sdk/lib/tinyusb/src/portable/raspberrypi/rp2040/dcd_rp2040.c.o
 .time_critical.prepare_ep_buffer
                0x0000000020000a4c       0xf4 CMakeFiles/pockpet.dir/home/plebish/pico-sdk/lib/tinyusb/src/portable/raspberrypi/rp2040/rp2040_usb.c.o
 .time_critical.sync_ep_buffer
                0x0000000020000b40       0xb4 CMakeFiles/pockpet.dir/home/plebish/pico-sdk/lib/tinyusb/src/portable/raspberrypi/rp2040/rp2040_usb.c.o
 .time_critical._hw_endpoint_xfer_sync
                0x0000000020000bf4       0x28 CMakeFiles/pockpet.dir/home/plebish/pico-sdk/lib/tinyusb/src/portable/raspberrypi/rp2040/rp2040_usb.c.o
 .time_critical.e15_is_bulkin_ep
                0x0000000020000c1c       0x28 CMakeFiles/pockpet.dir/home/plebish/pico-sdk/lib/tinyusb/src/portable/raspberrypi/rp2040/rp2040_usb.c.o
 .time_critical.e15_is_critical_frame_period
                0x0000000020000c44       0x34 CMakeFiles/pockpet.dir/home/plebish/pico-sdk/lib/tinyusb/src/portable/raspberrypi/rp2040/rp2040_usb.c.o
 .time_critical.hw_endpoint_reset_transfer
                0x0000000020000c78        0xc CMakeFiles/pockpet.dir/home/plebish/pico-sdk/lib/tinyusb/src/portable/raspberrypi/rp2040/rp2040_usb.c.o
                0x0000000020000c78                hw_endpoint_reset_transfer
 .time_critical._hw_endpoint_buffer_control_update32
                0x0000000020000c84       0x50 CMakeFiles/pockpet.dir/home/plebish/pico-sdk/lib/tinyusb/src/portable/raspberrypi/rp2040/rp2040_usb.c.o
                0x0000000020000c84                _hw_endpoint_buffer_control_update32
 .time_critical.hw_endpoint_start_next_buffer
                0x0000000020000cd4       0x6c CMakeFiles/pockpet.dir/home/plebish/pico-sdk/lib/tinyusb/src/portable/raspberrypi/rp2040/rp2040_usb.c.o
                0x0000000020000cd4                hw_endpoint_start_next_buffer
 .time_critical.hw_endpoint_xfer_continue
                0x0000000020000d40       0x40 CMakeFiles/pockpet.dir/home/plebish/pico-sdk/lib/tinyusb/src/portable/raspberrypi/rp2040/rp2040_usb.c.o
                0x0000000020000d40                hw_endpoint_xfer_continue
 .time_critical.tinyusb
                0x0000000020000d80      0x1f0 CMakeFiles/pockpet.dir/home/plebish/pico-sdk/lib/tinyusb/src/device/usbd.c.o
                0x0000000020000d80                dcd_event_handler
 .time_critical.spi_write_blocking
                0x0000000020000f70       0x4c CMakeFiles/pockpet.dir/home/plebish/pico-sdk/src/rp2_common/hardware_spi/spi.c.o
                0x0000000020000f70                spi_write_blocking
 *(.text*)
 .text          0x0000000020000fbc        0x4 /usr/lib/gcc/arm-none-eabi/10.3.1/thumb/v6-m/nofp/libgcc.a(_dvmd_tls.o)
                0x0000000020000fbc                __aeabi_ldiv0
                0x0000000020000fbc                __aeabi_idiv0
 .text.__stub   0x0000000020000fc0       0x80 linker stubs
                0x0000000020001040                . = ALIGN (0x4)
 *(.rodata*)
                0x0000000020001040                . = ALIGN (0x4)
 *(.data*)
 .data.striped_spin_lock_num
                0x0000000020001040        0x1 CMakeFiles/pockpet.dir/home/plebish/pico-sdk/src/rp2_common/hardware_sync/sync.c.o
 *fill*         0x0000000020001041        0x3 
 .data          0x0000000020001044       0x48 CMakeFiles/pockpet.dir/home/plebish/pico-sdk/src/rp2_common/hardware_irq/irq_handler_chain.S.o
                0x0000000020001044                irq_handler_chain_slots
                0x0000000020001074                irq_handler_chain_first_slot
                0x000000002000107e                irq_handler_chain_remove_tail
 .data.default_alarm_pool
                0x000000002000108c       0x18 CMakeFiles/pockpet.dir/home/plebish/pico-sdk/src/common/pico_time/time.c.o
 *fill*         0x00000000200010a4        0xc 
 .data.aeabi_bits_funcs
                0x00000000200010b0       0x10 CMakeFiles/pockpet.dir/home/plebish/pico-sdk/src/rp2_common/pico_bit_ops/bit_ops_aeabi.S.o
                0x00000000200010b0                aeabi_bits_funcs
                0x00000000200010c0                aeabi_bits_funcs_end
 .data.aeabi_mem_funcs
                0x00000000200010c0       0x10 CMakeFiles/pockpet.dir/home/plebish/pico-sdk/src/rp2_common/pico_mem_ops/mem_ops_aeabi.S.o
                0x00000000200010c0                aeabi_mem_funcs
                0x00000000200010d0                aeabi_mem_funcs_end
 .data.stdio_usb
                0x00000000200010d0       0x18 CMakeFiles/pockpet.dir/home/plebish/pico-sdk/src/rp2_common/pico_stdio_usb/stdio_usb.c.o
                0x00000000200010d0                stdio_usb
 .data._usbd_qdef
                0x00000000200010e8       0x1c CMakeFiles/pockpet.dir/home/plebish/pico-sdk/lib/tinyusb/src/device/usbd.c.o
                0x00000000200010e8                _usbd_qdef
 .data._usbd_rhport
                0x0000000020001104        0x1 CMakeFiles/pockpet.dir/home/plebish/pico-sdk/lib/tinyusb/src/device/usbd.c.o
                0x0000000020001108                . = ALIGN (0x4)
 *fill*         0x0000000020001105        0x3 
 *(.after_data.*)
                0x0000000020001108                . = ALIGN (0x4)
                0x0000000020001108                PROVIDE (__mutex_array_start = .)
 *(SORT_BY_NAME(.mutex_array.*))
 *(.mutex_array)
 .mutex_array   0x0000000020001108        0x8 CMakeFiles/pockpet.dir/home/plebish/pico-sdk/src/rp2_common/pico_stdio/stdio.c.o
                0x0000000020001110                PROVIDE (__mutex_array_end = .)
                0x0000000020001110                . = ALIGN (0x4)
 *(.jcr)
                0x0000000020001110                . = ALIGN (0x4)

.tm_clone_table
                0x0000000020001110        0x0 load address 0x000000001002b51c
 .tm_clone_table
                0x0000000020001110        0x0 /usr/lib/gcc/arm-none-eabi/10.3.1/thumb/v6-m/nofp/crtbegin.o
 .tm_clone_table
                0x0000000020001110        0x0 /usr/lib/gcc/arm-none-eabi/10.3.1/thumb/v6-m/nofp/crtend.o

.igot.plt       0x0000000020001110        0x0 load address 0x000000001002b51c
 .igot.plt      0x0000000020001110        0x0 /usr/lib/gcc/arm-none-eabi/10.3.1/thumb/v6-m/nofp/crtbegin.o

.tdata          0x0000000020001110        0x0 load address 0x000000001002b51c
                0x0000000020001110                . = ALIGN (0x4)
 *(.tdata .tdata.* .gnu.linkonce.td.*)
                0x0000000020001110                __tdata_end = .
                0x0000000020001110                PROVIDE (__data_end__ = .)
                0x000000001002a4cc                __etext = LOADADDR (.data)

.tbss           0x0000000020001110        0x0 load address 0x000000001002b51c
                0x0000000020001110                . = ALIGN (0x4)
                0x0000000020001110                __bss_start__ = .
                0x0000000020001110                __tls_base = .
 *(.tbss .tbss.* .gnu.linkonce.tb.*)
 *(.tcommon)
                0x0000000020001110                __tls_end = .

.bss            0x0000000020001110     0x1070 load address 0x000000001002b51c
                0x0000000020001110                . = ALIGN (0x4)
                0x0000000020001110                __tbss_end = .
 *(SORT_BY_ALIGNMENT(SORT_BY_NAME(.bss*)))
 .bss.default_alarm_pool_entries
                0x0000000020001110      0x180 CMakeFiles/pockpet.dir/home/plebish/pico-sdk/src/common/pico_time/time.c.o
 .bss.last_avail_time.1
                0x0000000020001290        0x8 CMakeFiles/pockpet.dir/home/plebish/pico-sdk/src/rp2_common/pico_stdio_usb/stdio_usb.c.o
 .bss.sd_table  0x0000000020001298      0x100 CMakeFiles/pockpet.dir/home/plebish/pico-sdk/src/rp2_common/pico_double/double_init_rom_rp2040.c.o
                0x0000000020001298                sd_table
 .bss           0x0000000020001398       0x1c /usr/lib/gcc/arm-none-eabi/10.3.1/thumb/v6-m/nofp/crtbegin.o
 .bss._app_driver
                0x00000000200013b4        0x4 CMakeFiles/pockpet.dir/home/plebish/pico-sdk/lib/tinyusb/src/device/usbd.c.o
 .bss._cdcd_fifo_cfg
                0x00000000200013b8        0x1 CMakeFiles/pockpet.dir/home/plebish/pico-sdk/lib/tinyusb/src/class/cdc/cdc_device.c.o
 *fill*         0x00000000200013b9        0x3 
 .bss._cdcd_itf
                0x00000000200013bc      0x2c8 CMakeFiles/pockpet.dir/home/plebish/pico-sdk/lib/tinyusb/src/class/cdc/cdc_device.c.o
 .bss._ctrl_xfer
                0x0000000020001684       0x14 CMakeFiles/pockpet.dir/home/plebish/pico-sdk/lib/tinyusb/src/device/usbd_control.c.o
 .bss._ubsd_mutexdef
                0x0000000020001698        0x8 CMakeFiles/pockpet.dir/home/plebish/pico-sdk/lib/tinyusb/src/device/usbd.c.o
 .bss._usbd_ctrl_buf
                0x00000000200016a0       0x40 CMakeFiles/pockpet.dir/home/plebish/pico-sdk/lib/tinyusb/src/device/usbd_control.c.o
 .bss._usbd_dev
                0x00000000200016e0       0x54 CMakeFiles/pockpet.dir/home/plebish/pico-sdk/lib/tinyusb/src/device/usbd.c.o
 .bss._usbd_mutex
                0x0000000020001734        0x4 CMakeFiles/pockpet.dir/home/plebish/pico-sdk/lib/tinyusb/src/device/usbd.c.o
 .bss._usbd_q   0x0000000020001738        0x4 CMakeFiles/pockpet.dir/home/plebish/pico-sdk/lib/tinyusb/src/device/usbd.c.o
 .bss._usbd_qdef_buf
                0x000000002000173c       0xc0 CMakeFiles/pockpet.dir/home/plebish/pico-sdk/lib/tinyusb/src/device/usbd.c.o
                0x000000002000173c                _usbd_qdef_buf
 .bss._vendord_itf
                0x00000000200017fc      0x2bc CMakeFiles/pockpet.dir/home/plebish/pico-sdk/lib/tinyusb/src/class/vendor/vendor_device.c.o
 .bss.boot2_copyout
                0x0000000020001ab8      0x100 CMakeFiles/pockpet.dir/home/plebish/pico-sdk/src/rp2_common/hardware_flash/flash.c.o
 .bss.chars_available_callback
                0x0000000020001bb8        0x4 CMakeFiles/pockpet.dir/home/plebish/pico-sdk/src/rp2_common/pico_stdio_usb/stdio_usb.c.o
 .bss.chars_available_param
                0x0000000020001bbc        0x4 CMakeFiles/pockpet.dir/home/plebish/pico-sdk/src/rp2_common/pico_stdio_usb/stdio_usb.c.o
 .bss.claimed   0x0000000020001bc0        0x4 CMakeFiles/pockpet.dir/home/plebish/pico-sdk/src/rp2_common/hardware_sync/sync.c.o
 .bss.claimed   0x0000000020001bc4        0x1 CMakeFiles/pockpet.dir/home/plebish/pico-sdk/src/rp2_common/hardware_timer/timer.c.o
 *fill*         0x0000000020001bc5        0x3 
 .bss.configured_freq
                0x0000000020001bc8       0x28 CMakeFiles/pockpet.dir/home/plebish/pico-sdk/src/rp2_common/hardware_clocks/clocks.c.o
 .bss.desc_str.0
                0x0000000020001bf0       0x28 CMakeFiles/pockpet.dir/home/plebish/pico-sdk/src/rp2_common/pico_stdio_usb/stdio_usb_descriptors.c.o
 .bss.drivers   0x0000000020001c18        0x4 CMakeFiles/pockpet.dir/home/plebish/pico-sdk/src/rp2_common/pico_stdio/stdio.c.o
 .bss.e15_last_sof
                0x0000000020001c1c        0x4 CMakeFiles/pockpet.dir/home/plebish/pico-sdk/lib/tinyusb/src/portable/raspberrypi/rp2040/rp2040_usb.c.o
                0x0000000020001c1c                e15_last_sof
 .bss.filter    0x0000000020001c20        0x4 CMakeFiles/pockpet.dir/home/plebish/pico-sdk/src/rp2_common/pico_stdio/stdio.c.o
 .bss.hw_endpoints
                0x0000000020001c24      0x400 CMakeFiles/pockpet.dir/home/plebish/pico-sdk/lib/tinyusb/src/portable/raspberrypi/rp2040/dcd_rp2040.c.o
 .bss.lazy_vsnprintf
                0x0000000020002024        0x4 CMakeFiles/pockpet.dir/home/plebish/pico-sdk/src/rp2_common/pico_printf/printf.c.o
 .bss.load_value
                0x0000000020002028        0x4 CMakeFiles/pockpet.dir/home/plebish/pico-sdk/src/rp2_common/hardware_watchdog/watchdog.c.o
 .bss.next_buffer_ptr
                0x000000002000202c        0x4 CMakeFiles/pockpet.dir/home/plebish/pico-sdk/lib/tinyusb/src/portable/raspberrypi/rp2040/dcd_rp2040.c.o
 .bss.one_shot_timer_crit_sec
                0x0000000020002030        0x8 CMakeFiles/pockpet.dir/home/plebish/pico-sdk/src/rp2_common/pico_stdio_usb/stdio_usb.c.o
 .bss.pools     0x0000000020002038       0x10 CMakeFiles/pockpet.dir/home/plebish/pico-sdk/src/common/pico_time/time.c.o
 .bss.retrieved_id
                0x0000000020002048        0x8 CMakeFiles/pockpet.dir/home/plebish/pico-sdk/src/rp2_common/pico_unique_id/unique_id.c.o
 .bss.sf_clz_func
                0x0000000020002050        0x4 CMakeFiles/pockpet.dir/home/plebish/pico-sdk/src/rp2_common/pico_double/double_init_rom_rp2040.c.o
                0x0000000020002050                sf_clz_func
 .bss.sf_table  0x0000000020002054      0x100 CMakeFiles/pockpet.dir/home/plebish/pico-sdk/src/rp2_common/pico_float/float_init_rom_rp2040.c.o
                0x0000000020002054                sf_table
 .bss.sleep_notifier
                0x0000000020002154        0x4 CMakeFiles/pockpet.dir/home/plebish/pico-sdk/src/common/pico_time/time.c.o
 .bss.stdio_usb_mutex
                0x0000000020002158        0x8 CMakeFiles/pockpet.dir/home/plebish/pico-sdk/src/rp2_common/pico_stdio_usb/stdio_usb.c.o
 .bss.usbd_serial_str
                0x0000000020002160       0x11 CMakeFiles/pockpet.dir/home/plebish/pico-sdk/src/rp2_common/pico_stdio_usb/stdio_usb_descriptors.c.o
 .bss._ILI9341_CS
                0x0000000020002171        0x1 ../lib/ili9341/libili9341_pico_driver.a(ili9341.c.o)
                0x0000000020002171                _ILI9341_CS
 .bss._ILI9341_DC
                0x0000000020002172        0x1 ../lib/ili9341/libili9341_pico_driver.a(ili9341.c.o)
                0x0000000020002172                _ILI9341_DC
 .bss._ILI9341_MISO
                0x0000000020002173        0x1 ../lib/ili9341/libili9341_pico_driver.a(ili9341.c.o)
                0x0000000020002173                _ILI9341_MISO
 .bss._ILI9341_MOSI
                0x0000000020002174        0x1 ../lib/ili9341/libili9341_pico_driver.a(ili9341.c.o)
                0x0000000020002174                _ILI9341_MOSI
 .bss._ILI9341_RST
                0x0000000020002175        0x1 ../lib/ili9341/libili9341_pico_driver.a(ili9341.c.o)
                0x0000000020002175                _ILI9341_RST
 .bss._ILI9341_SCLK
                0x0000000020002176        0x1 ../lib/ili9341/libili9341_pico_driver.a(ili9341.c.o)
                0x0000000020002176                _ILI9341_SCLK
 .bss._app_driver_count
                0x0000000020002177        0x1 CMakeFiles/pockpet.dir/home/plebish/pico-sdk/lib/tinyusb/src/device/usbd.c.o
 .bss._sof_enable
                0x0000000020002178        0x1 CMakeFiles/pockpet.dir/home/plebish/pico-sdk/lib/tinyusb/src/portable/raspberrypi/rp2040/dcd_rp2040.c.o
 .bss._usbd_queued_setup
                0x0000000020002179        0x1 CMakeFiles/pockpet.dir/home/plebish/pico-sdk/lib/tinyusb/src/device/usbd.c.o
 .bss.boot2_copyout_valid
                0x000000002000217a        0x1 CMakeFiles/pockpet.dir/home/plebish/pico-sdk/src/rp2_common/hardware_flash/flash.c.o
 .bss.irq_handler_chain_free_slot_head
                0x000000002000217b        0x1 CMakeFiles/pockpet.dir/home/plebish/pico-sdk/src/rp2_common/hardware_irq/irq.c.o
 .bss.itf_num   0x000000002000217c        0x1 CMakeFiles/pockpet.dir/home/plebish/pico-sdk/src/rp2_common/pico_stdio_usb/reset_interface.c.o
 .bss.low_priority_irq_num
                0x000000002000217d        0x1 CMakeFiles/pockpet.dir/home/plebish/pico-sdk/src/rp2_common/pico_stdio_usb/stdio_usb.c.o
 .bss.one_shot_timer_pending
                0x000000002000217e        0x1 CMakeFiles/pockpet.dir/home/plebish/pico-sdk/src/rp2_common/pico_stdio_usb/stdio_usb.c.o
 .bss.user_irq_claimed
                0x000000002000217f        0x1 CMakeFiles/pockpet.dir/home/plebish/pico-sdk/src/rp2_common/hardware_irq/irq.c.o
 *(COMMON)
                0x0000000020002180                . = ALIGN (0x4)
                0x0000000020002180                __bss_end__ = .

.heap           0x0000000020002180      0x800 load address 0x000000001002b51c
                0x0000000020002180                __end__ = .
                0x0000000020002180                end = __end__
 *(.heap*)
 .heap          0x0000000020002180      0x800 CMakeFiles/pockpet.dir/home/plebish/pico-sdk/src/rp2_common/pico_crt0/crt0.S.o
                0x0000000020040000                __HeapLimit = (ORIGIN (RAM) + LENGTH (RAM))

.scratch_x      0x0000000020040000        0x0 load address 0x000000001002b51c
                0x0000000020040000                __scratch_x_start__ = .
 *(.scratch_x.*)
                0x0000000020040000                . = ALIGN (0x4)
                0x0000000020040000                __scratch_x_end__ = .
                0x000000001002b51c                __scratch_x_source__ = LOADADDR (.scratch_x)

.scratch_y      0x0000000020041000        0x0 load address 0x000000001002b51c
                0x0000000020041000                __scratch_y_start__ = .
 *(.scratch_y.*)
                0x0000000020041000                . = ALIGN (0x4)
                0x0000000020041000                __scratch_y_end__ = .
                0x000000001002b51c                __scratch_y_source__ = LOADADDR (.scratch_y)

.stack1_dummy   0x0000000020040000        0x0
 *(.stack1*)

.stack_dummy    0x0000000020041000      0x800
 *(.stack*)
 .stack         0x0000000020041000      0x800 CMakeFiles/pockpet.dir/home/plebish/pico-sdk/src/rp2_common/pico_crt0/crt0.S.o

.flash_end      0x000000001002b51c        0x0
 *(.embedded_end_block*)
                0x000000001002b51c                PROVIDE (__flash_binary_end = .)
                0x0000000020040000                __StackLimit = (ORIGIN (RAM) + LENGTH (RAM))
                0x0000000020041000                __StackOneTop = (ORIGIN (SCRATCH_X) + LENGTH (SCRATCH_X))
                0x0000000020042000                __StackTop = (ORIGIN (SCRATCH_Y) + LENGTH (SCRATCH_Y))
                0x0000000020041000                __StackOneBottom = (__StackOneTop - SIZEOF (.stack1_dummy))
                0x0000000020041800                __StackBottom = (__StackTop - SIZEOF (.stack_dummy))
                0x0000000020042000                PROVIDE (__stack = __StackTop)
                [!provide]                        PROVIDE (__heap_start = __end__)
                [!provide]                        PROVIDE (__heap_end = __HeapLimit)
                [!provide]                        PROVIDE (__tls_align = MAX (ALIGNOF (.tdata), ALIGNOF (.tbss)))
                [!provide]                        PROVIDE (__tls_size_align = (((__tls_size + __tls_align) - 0x1) & ~ ((__tls_align - 0x1))))
                [!provide]                        PROVIDE (__arm32_tls_tcb_offset = MAX (0x8, __tls_align))
                [!provide]                        PROVIDE (_end = __end__)
                [!provide]                        PROVIDE (__llvm_libc_heap_limit = __HeapLimit)
                0x0000000000000001                ASSERT ((__StackLimit >= __HeapLimit), region RAM overflowed)
                0x0000000000000001                ASSERT (((__binary_info_header_end - __logical_binary_start) <= 0x100), Binary info must be in first 256 bytes of the binary)
LOAD CMakeFiles/pockpet.dir/main.c.o
LOAD CMakeFiles/pockpet.dir/home/plebish/pico-sdk/src/rp2_common/pico_stdlib/stdlib.c.o
LOAD CMakeFiles/pockpet.dir/home/plebish/pico-sdk/src/rp2_common/hardware_gpio/gpio.c.o
LOAD CMakeFiles/pockpet.dir/home/plebish/pico-sdk/src/rp2040/pico_platform/platform.c.o
LOAD CMakeFiles/pockpet.dir/home/plebish/pico-sdk/src/rp2_common/pico_platform_panic/panic.c.o
LOAD CMakeFiles/pockpet.dir/home/plebish/pico-sdk/src/common/hardware_claim/claim.c.o
LOAD CMakeFiles/pockpet.dir/home/plebish/pico-sdk/src/rp2_common/hardware_sync/sync.c.o
LOAD CMakeFiles/pockpet.dir/home/plebish/pico-sdk/src/rp2_common/hardware_sync_spin_lock/sync_spin_lock.c.o
LOAD CMakeFiles/pockpet.dir/home/plebish/pico-sdk/src/rp2_common/hardware_irq/irq.c.o
LOAD CMakeFiles/pockpet.dir/home/plebish/pico-sdk/src/rp2_common/hardware_irq/irq_handler_chain.S.o
LOAD CMakeFiles/pockpet.dir/home/plebish/pico-sdk/src/common/pico_sync/sem.c.o
LOAD CMakeFiles/pockpet.dir/home/plebish/pico-sdk/src/common/pico_sync/lock_core.c.o
LOAD CMakeFiles/pockpet.dir/home/plebish/pico-sdk/src/common/pico_sync/mutex.c.o
LOAD CMakeFiles/pockpet.dir/home/plebish/pico-sdk/src/common/pico_sync/critical_section.c.o
LOAD CMakeFiles/pockpet.dir/home/plebish/pico-sdk/src/common/pico_time/time.c.o
LOAD CMakeFiles/pockpet.dir/home/plebish/pico-sdk/src/common/pico_time/timeout_helper.c.o
LOAD CMakeFiles/pockpet.dir/home/plebish/pico-sdk/src/rp2_common/hardware_timer/timer.c.o
LOAD CMakeFiles/pockpet.dir/home/plebish/pico-sdk/src/common/pico_util/datetime.c.o
LOAD CMakeFiles/pockpet.dir/home/plebish/pico-sdk/src/common/pico_util/pheap.c.o
LOAD CMakeFiles/pockpet.dir/home/plebish/pico-sdk/src/common/pico_util/queue.c.o
LOAD CMakeFiles/pockpet.dir/home/plebish/pico-sdk/src/rp2_common/hardware_uart/uart.c.o
LOAD CMakeFiles/pockpet.dir/home/plebish/pico-sdk/src/rp2_common/hardware_clocks/clocks.c.o
LOAD CMakeFiles/pockpet.dir/home/plebish/pico-sdk/src/rp2_common/hardware_pll/pll.c.o
LOAD CMakeFiles/pockpet.dir/home/plebish/pico-sdk/src/rp2_common/hardware_vreg/vreg.c.o
LOAD CMakeFiles/pockpet.dir/home/plebish/pico-sdk/src/rp2_common/hardware_watchdog/watchdog.c.o
LOAD CMakeFiles/pockpet.dir/home/plebish/pico-sdk/src/rp2_common/hardware_ticks/ticks.c.o
LOAD CMakeFiles/pockpet.dir/home/plebish/pico-sdk/src/rp2_common/pico_bootrom/bootrom.c.o
LOAD CMakeFiles/pockpet.dir/home/plebish/pico-sdk/src/rp2_common/pico_bootrom/bootrom_lock.c.o
LOAD CMakeFiles/pockpet.dir/home/plebish/pico-sdk/src/rp2_common/hardware_boot_lock/boot_lock.c.o
LOAD CMakeFiles/pockpet.dir/home/plebish/pico-sdk/src/rp2_common/pico_flash/flash.c.o
LOAD CMakeFiles/pockpet.dir/home/plebish/pico-sdk/src/rp2_common/hardware_xosc/xosc.c.o
LOAD CMakeFiles/pockpet.dir/home/plebish/pico-sdk/src/rp2_common/hardware_divider/divider.S.o
LOAD CMakeFiles/pockpet.dir/home/plebish/pico-sdk/src/rp2_common/pico_runtime/runtime.c.o
LOAD CMakeFiles/pockpet.dir/home/plebish/pico-sdk/src/rp2_common/pico_runtime_init/runtime_init.c.o
LOAD CMakeFiles/pockpet.dir/home/plebish/pico-sdk/src/rp2_common/pico_runtime_init/runtime_init_clocks.c.o
LOAD CMakeFiles/pockpet.dir/home/plebish/pico-sdk/src/rp2_common/pico_runtime_init/runtime_init_stack_guard.c.o
LOAD CMakeFiles/pockpet.dir/home/plebish/pico-sdk/src/rp2_common/pico_bit_ops/bit_ops_aeabi.S.o
LOAD CMakeFiles/pockpet.dir/home/plebish/pico-sdk/src/rp2_common/pico_divider/divider_hardware.S.o
LOAD CMakeFiles/pockpet.dir/home/plebish/pico-sdk/src/rp2_common/pico_double/double_aeabi_rp2040.S.o
LOAD CMakeFiles/pockpet.dir/home/plebish/pico-sdk/src/rp2_common/pico_double/double_init_rom_rp2040.c.o
LOAD CMakeFiles/pockpet.dir/home/plebish/pico-sdk/src/rp2_common/pico_double/double_math.c.o
LOAD CMakeFiles/pockpet.dir/home/plebish/pico-sdk/src/rp2_common/pico_double/double_v1_rom_shim_rp2040.S.o
LOAD CMakeFiles/pockpet.dir/home/plebish/pico-sdk/src/rp2_common/pico_int64_ops/pico_int64_ops_aeabi.S.o
LOAD CMakeFiles/pockpet.dir/home/plebish/pico-sdk/src/rp2_common/pico_float/float_aeabi_rp2040.S.o
LOAD CMakeFiles/pockpet.dir/home/plebish/pico-sdk/src/rp2_common/pico_float/float_init_rom_rp2040.c.o
LOAD CMakeFiles/pockpet.dir/home/plebish/pico-sdk/src/rp2_common/pico_float/float_math.c.o
LOAD CMakeFiles/pockpet.dir/home/plebish/pico-sdk/src/rp2_common/pico_float/float_v1_rom_shim_rp2040.S.o
LOAD CMakeFiles/pockpet.dir/home/plebish/pico-sdk/src/rp2_common/pico_malloc/malloc.c.o
LOAD CMakeFiles/pockpet.dir/home/plebish/pico-sdk/src/rp2_common/pico_mem_ops/mem_ops_aeabi.S.o
LOAD CMakeFiles/pockpet.dir/home/plebish/pico-sdk/src/rp2_common/pico_atomic/atomic.c.o
LOAD CMakeFiles/pockpet.dir/home/plebish/pico-sdk/src/rp2_common/pico_cxx_options/new_delete.cpp.o
LOAD CMakeFiles/pockpet.dir/home/plebish/pico-sdk/src/rp2_common/pico_standard_binary_info/standard_binary_info.c.o
LOAD CMakeFiles/pockpet.dir/home/plebish/pico-sdk/src/rp2_common/pico_printf/printf.c.o
LOAD CMakeFiles/pockpet.dir/home/plebish/pico-sdk/src/rp2_common/pico_crt0/crt0.S.o
LOAD CMakeFiles/pockpet.dir/home/plebish/pico-sdk/src/rp2_common/pico_clib_interface/newlib_interface.c.o
LOAD CMakeFiles/pockpet.dir/home/plebish/pico-sdk/src/rp2_common/pico_stdio/stdio.c.o
LOAD CMakeFiles/pockpet.dir/home/plebish/pico-sdk/src/rp2_common/pico_stdio_usb/reset_interface.c.o
LOAD CMakeFiles/pockpet.dir/home/plebish/pico-sdk/src/rp2_common/pico_stdio_usb/stdio_usb.c.o
LOAD CMakeFiles/pockpet.dir/home/plebish/pico-sdk/src/rp2_common/pico_stdio_usb/stdio_usb_descriptors.c.o
LOAD CMakeFiles/pockpet.dir/home/plebish/pico-sdk/src/rp2_common/pico_unique_id/unique_id.c.o
LOAD CMakeFiles/pockpet.dir/home/plebish/pico-sdk/src/rp2_common/hardware_flash/flash.c.o
LOAD CMakeFiles/pockpet.dir/home/plebish/pico-sdk/src/rp2_common/hardware_xip_cache/xip_cache.c.o
LOAD CMakeFiles/pockpet.dir/home/plebish/pico-sdk/lib/tinyusb/src/portable/raspberrypi/rp2040/dcd_rp2040.c.o
LOAD CMakeFiles/pockpet.dir/home/plebish/pico-sdk/lib/tinyusb/src/portable/raspberrypi/rp2040/rp2040_usb.c.o
LOAD CMakeFiles/pockpet.dir/home/plebish/pico-sdk/lib/tinyusb/src/device/usbd.c.o
LOAD CMakeFiles/pockpet.dir/home/plebish/pico-sdk/lib/tinyusb/src/device/usbd_control.c.o
LOAD CMakeFiles/pockpet.dir/home/plebish/pico-sdk/lib/tinyusb/src/class/audio/audio_device.c.o
LOAD CMakeFiles/pockpet.dir/home/plebish/pico-sdk/lib/tinyusb/src/class/cdc/cdc_device.c.o
LOAD CMakeFiles/pockpet.dir/home/plebish/pico-sdk/lib/tinyusb/src/class/dfu/dfu_device.c.o
LOAD CMakeFiles/pockpet.dir/home/plebish/pico-sdk/lib/tinyusb/src/class/dfu/dfu_rt_device.c.o
LOAD CMakeFiles/pockpet.dir/home/plebish/pico-sdk/lib/tinyusb/src/class/hid/hid_device.c.o
LOAD CMakeFiles/pockpet.dir/home/plebish/pico-sdk/lib/tinyusb/src/class/midi/midi_device.c.o
LOAD CMakeFiles/pockpet.dir/home/plebish/pico-sdk/lib/tinyusb/src/class/msc/msc_device.c.o
LOAD CMakeFiles/pockpet.dir/home/plebish/pico-sdk/lib/tinyusb/src/class/net/ecm_rndis_device.c.o
LOAD CMakeFiles/pockpet.dir/home/plebish/pico-sdk/lib/tinyusb/src/class/net/ncm_device.c.o
LOAD CMakeFiles/pockpet.dir/home/plebish/pico-sdk/lib/tinyusb/src/class/usbtmc/usbtmc_device.c.o
LOAD CMakeFiles/pockpet.dir/home/plebish/pico-sdk/lib/tinyusb/src/class/vendor/vendor_device.c.o
LOAD CMakeFiles/pockpet.dir/home/plebish/pico-sdk/lib/tinyusb/src/class/video/video_device.c.o
LOAD CMakeFiles/pockpet.dir/home/plebish/pico-sdk/lib/tinyusb/src/tusb.c.o
LOAD CMakeFiles/pockpet.dir/home/plebish/pico-sdk/lib/tinyusb/src/common/tusb_fifo.c.o
LOAD CMakeFiles/pockpet.dir/home/plebish/pico-sdk/src/rp2_common/pico_fix/rp2040_usb_device_enumeration/rp2040_usb_device_enumeration.c.o
LOAD CMakeFiles/pockpet.dir/home/plebish/pico-sdk/src/rp2_common/hardware_spi/spi.c.o
LOAD ../pico-sdk/src/rp2040/boot_stage2/CMakeFiles/bs2_default_library.dir/bs2_default_padded_checksummed.S.o
LOAD ../lib/ili9341/libili9341_pico_driver.a
LOAD /usr/lib/gcc/arm-none-eabi/10.3.1/../../../arm-none-eabi/lib/thumb/v6-m/nofp/libstdc++.a
LOAD /usr/lib/gcc/arm-none-eabi/10.3.1/../../../arm-none-eabi/lib/thumb/v6-m/nofp/libm.a
START GROUP
LOAD /usr/lib/gcc/arm-none-eabi/10.3.1/thumb/v6-m/nofp/libgcc.a
LOAD /usr/lib/gcc/arm-none-eabi/10.3.1/../../../arm-none-eabi/lib/thumb/v6-m/nofp/libg.a
LOAD /usr/lib/gcc/arm-none-eabi/10.3.1/../../../arm-none-eabi/lib/thumb/v6-m/nofp/libc.a
END GROUP
START GROUP
LOAD /usr/lib/gcc/arm-none-eabi/10.3.1/thumb/v6-m/nofp/libgcc.a
LOAD /usr/lib/gcc/arm-none-eabi/10.3.1/../../../arm-none-eabi/lib/thumb/v6-m/nofp/libc.a
LOAD /usr/lib/gcc/arm-none-eabi/10.3.1/../../../arm-none-eabi/lib/thumb/v6-m/nofp/libnosys.a
END GROUP
LOAD /usr/lib/gcc/arm-none-eabi/10.3.1/thumb/v6-m/nofp/crtend.o
LOAD /usr/lib/gcc/arm-none-eabi/10.3.1/thumb/v6-m/nofp/crtn.o
OUTPUT(pockpet.elf elf32-littlearm)
LOAD linker stubs

.ARM.attributes
                0x0000000000000000       0x28
 .ARM.attributes
                0x0000000000000000       0x1e /usr/lib/gcc/arm-none-eabi/10.3.1/thumb/v6-m/nofp/crti.o
 .ARM.attributes
                0x000000000000001e       0x2c /usr/lib/gcc/arm-none-eabi/10.3.1/thumb/v6-m/nofp/crtbegin.o
 .ARM.attributes
                0x000000000000004a       0x2c CMakeFiles/pockpet.dir/main.c.o
 .ARM.attributes
                0x0000000000000076       0x2c CMakeFiles/pockpet.dir/home/plebish/pico-sdk/src/rp2_common/hardware_gpio/gpio.c.o
 .ARM.attributes
                0x00000000000000a2       0x2c CMakeFiles/pockpet.dir/home/plebish/pico-sdk/src/rp2040/pico_platform/platform.c.o
 .ARM.attributes
                0x00000000000000ce       0x2c CMakeFiles/pockpet.dir/home/plebish/pico-sdk/src/rp2_common/pico_platform_panic/panic.c.o
 .ARM.attributes
                0x00000000000000fa       0x2c CMakeFiles/pockpet.dir/home/plebish/pico-sdk/src/common/hardware_claim/claim.c.o
 .ARM.attributes
                0x0000000000000126       0x2c CMakeFiles/pockpet.dir/home/plebish/pico-sdk/src/rp2_common/hardware_sync/sync.c.o
 .ARM.attributes
                0x0000000000000152       0x2c CMakeFiles/pockpet.dir/home/plebish/pico-sdk/src/rp2_common/hardware_sync_spin_lock/sync_spin_lock.c.o
 .ARM.attributes
                0x000000000000017e       0x2c CMakeFiles/pockpet.dir/home/plebish/pico-sdk/src/rp2_common/hardware_irq/irq.c.o
 .ARM.attributes
                0x00000000000001aa       0x22 CMakeFiles/pockpet.dir/home/plebish/pico-sdk/src/rp2_common/hardware_irq/irq_handler_chain.S.o
 .ARM.attributes
                0x00000000000001cc       0x2c CMakeFiles/pockpet.dir/home/plebish/pico-sdk/src/common/pico_sync/lock_core.c.o
 .ARM.attributes
                0x00000000000001f8       0x2c CMakeFiles/pockpet.dir/home/plebish/pico-sdk/src/common/pico_sync/mutex.c.o
 .ARM.attributes
                0x0000000000000224       0x2c CMakeFiles/pockpet.dir/home/plebish/pico-sdk/src/common/pico_sync/critical_section.c.o
 .ARM.attributes
                0x0000000000000250       0x2c CMakeFiles/pockpet.dir/home/plebish/pico-sdk/src/common/pico_time/time.c.o
 .ARM.attributes
                0x000000000000027c       0x2c CMakeFiles/pockpet.dir/home/plebish/pico-sdk/src/rp2_common/hardware_timer/timer.c.o
 .ARM.attributes
                0x00000000000002a8       0x2c CMakeFiles/pockpet.dir/home/plebish/pico-sdk/src/rp2_common/hardware_clocks/clocks.c.o
 .ARM.attributes
                0x00000000000002d4       0x2c CMakeFiles/pockpet.dir/home/plebish/pico-sdk/src/rp2_common/hardware_pll/pll.c.o
 .ARM.attributes
                0x0000000000000300       0x2c CMakeFiles/pockpet.dir/home/plebish/pico-sdk/src/rp2_common/hardware_watchdog/watchdog.c.o
 .ARM.attributes
                0x000000000000032c       0x2c CMakeFiles/pockpet.dir/home/plebish/pico-sdk/src/rp2_common/hardware_ticks/ticks.c.o
 .ARM.attributes
                0x0000000000000358       0x2c CMakeFiles/pockpet.dir/home/plebish/pico-sdk/src/rp2_common/pico_bootrom/bootrom.c.o
 .ARM.attributes
                0x0000000000000384       0x2c CMakeFiles/pockpet.dir/home/plebish/pico-sdk/src/rp2_common/hardware_xosc/xosc.c.o
 .ARM.attributes
                0x00000000000003b0       0x2c CMakeFiles/pockpet.dir/home/plebish/pico-sdk/src/rp2_common/pico_runtime/runtime.c.o
 .ARM.attributes
                0x00000000000003dc       0x2c CMakeFiles/pockpet.dir/home/plebish/pico-sdk/src/rp2_common/pico_runtime_init/runtime_init.c.o
 .ARM.attributes
                0x0000000000000408       0x2c CMakeFiles/pockpet.dir/home/plebish/pico-sdk/src/rp2_common/pico_runtime_init/runtime_init_clocks.c.o
 .ARM.attributes
                0x0000000000000434       0x22 CMakeFiles/pockpet.dir/home/plebish/pico-sdk/src/rp2_common/pico_bit_ops/bit_ops_aeabi.S.o
 .ARM.attributes
                0x0000000000000456       0x22 CMakeFiles/pockpet.dir/home/plebish/pico-sdk/src/rp2_common/pico_divider/divider_hardware.S.o
 .ARM.attributes
                0x0000000000000478       0x22 CMakeFiles/pockpet.dir/home/plebish/pico-sdk/src/rp2_common/pico_double/double_aeabi_rp2040.S.o
 .ARM.attributes
                0x000000000000049a       0x2c CMakeFiles/pockpet.dir/home/plebish/pico-sdk/src/rp2_common/pico_double/double_init_rom_rp2040.c.o
 .ARM.attributes
                0x00000000000004c6       0x22 CMakeFiles/pockpet.dir/home/plebish/pico-sdk/src/rp2_common/pico_double/double_v1_rom_shim_rp2040.S.o
 .ARM.attributes
                0x00000000000004e8       0x22 CMakeFiles/pockpet.dir/home/plebish/pico-sdk/src/rp2_common/pico_int64_ops/pico_int64_ops_aeabi.S.o
 .ARM.attributes
                0x000000000000050a       0x22 CMakeFiles/pockpet.dir/home/plebish/pico-sdk/src/rp2_common/pico_float/float_aeabi_rp2040.S.o
 .ARM.attributes
                0x000000000000052c       0x2c CMakeFiles/pockpet.dir/home/plebish/pico-sdk/src/rp2_common/pico_float/float_init_rom_rp2040.c.o
 .ARM.attributes
                0x0000000000000558       0x22 CMakeFiles/pockpet.dir/home/plebish/pico-sdk/src/rp2_common/pico_mem_ops/mem_ops_aeabi.S.o
 .ARM.attributes
                0x000000000000057a       0x32 CMakeFiles/pockpet.dir/home/plebish/pico-sdk/src/rp2_common/pico_standard_binary_info/standard_binary_info.c.o
 .ARM.attributes
                0x00000000000005ac       0x2c CMakeFiles/pockpet.dir/home/plebish/pico-sdk/src/rp2_common/pico_printf/printf.c.o
 .ARM.attributes