Archive member included to satisfy reference by file (symbol)

../st7735/libst7735.a(ST7735_TFT.cpp.obj)
                              CMakeFiles/pockpetv1.dir/main.cpp.obj (ST7735_TFT::ST7735_TFT())
../st7735/libst7735.a(ST7735_TFT_Assets.cpp.obj)
                              CMakeFiles/pockpetv1.dir/main.cpp.obj (pcongratulations4)
../st7735/libst7735.a(ST7735_TFT_Print.cpp.obj)
                              ../st7735/libst7735.a(ST7735_TFT.cpp.obj) (Print::write(unsigned char const*, unsigned int))
../st7735/libst7735.a(ST7735_TFT_graphics.cpp.obj)
                              ../st7735/libst7735.a(ST7735_TFT.cpp.obj) (ST7735_TFT_graphics::ST7735_TFT_graphics())
../st7735/libst7735.a(ST7735_TFT_Font.cpp.obj)
                              ../st7735/libst7735.a(ST7735_TFT_graphics.cpp.obj) (pFontDedica6x12ptr)
/usr/lib/gcc/arm-none-eabi/12.2.1/thumb/v6-m/nofp/libgcc.a(_dvmd_tls.o)
                              CMakeFiles/pockpetv1.dir/home/plebish/pico-sdk/src/rp2_common/pico_divider/divider.S.obj (__aeabi_idiv0)
/usr/lib/gcc/arm-none-eabi/12.2.1/../../../arm-none-eabi/lib/thumb/v6-m/nofp/libc.a(lib_a-atexit.o)
                              /usr/lib/gcc/arm-none-eabi/12.2.1/../../../arm-none-eabi/lib/thumb/v6-m/nofp/crt0.o (atexit)
/usr/lib/gcc/arm-none-eabi/12.2.1/../../../arm-none-eabi/lib/thumb/v6-m/nofp/libc.a(lib_a-calloc.o)
                              CMakeFiles/pockpetv1.dir/home/plebish/pico-sdk/src/rp2_common/pico_malloc/pico_malloc.c.obj (calloc)
/usr/lib/gcc/arm-none-eabi/12.2.1/../../../arm-none-eabi/lib/thumb/v6-m/nofp/libc.a(lib_a-callocr.o)
                              /usr/lib/gcc/arm-none-eabi/12.2.1/../../../arm-none-eabi/lib/thumb/v6-m/nofp/libc.a(lib_a-calloc.o) (_calloc_r)
/usr/lib/gcc/arm-none-eabi/12.2.1/../../../arm-none-eabi/lib/thumb/v6-m/nofp/libc.a(lib_a-fini.o)
                              /usr/lib/gcc/arm-none-eabi/12.2.1/../../../arm-none-eabi/lib/thumb/v6-m/nofp/crt0.o (__libc_fini_array)
/usr/lib/gcc/arm-none-eabi/12.2.1/../../../arm-none-eabi/lib/thumb/v6-m/nofp/libc.a(lib_a-impure.o)
                              /usr/lib/gcc/arm-none-eabi/12.2.1/../../../arm-none-eabi/lib/thumb/v6-m/nofp/libc.a(lib_a-calloc.o) (_impure_ptr)
/usr/lib/gcc/arm-none-eabi/12.2.1/../../../arm-none-eabi/lib/thumb/v6-m/nofp/libc.a(lib_a-init.o)
                              /usr/lib/gcc/arm-none-eabi/12.2.1/../../../arm-none-eabi/lib/thumb/v6-m/nofp/crt0.o (__libc_init_array)
/usr/lib/gcc/arm-none-eabi/12.2.1/../../../arm-none-eabi/lib/thumb/v6-m/nofp/libc.a(lib_a-malloc.o)
                              CMakeFiles/pockpetv1.dir/home/plebish/pico-sdk/src/rp2_common/pico_malloc/pico_malloc.c.obj (malloc)
/usr/lib/gcc/arm-none-eabi/12.2.1/../../../arm-none-eabi/lib/thumb/v6-m/nofp/libc.a(lib_a-mallocr.o)
                              /usr/lib/gcc/arm-none-eabi/12.2.1/../../../arm-none-eabi/lib/thumb/v6-m/nofp/libc.a(lib_a-callocr.o) (_malloc_r)
/usr/lib/gcc/arm-none-eabi/12.2.1/../../../arm-none-eabi/lib/thumb/v6-m/nofp/libc.a(lib_a-mlock.o)
                              /usr/lib/gcc/arm-none-eabi/12.2.1/../../../arm-none-eabi/lib/thumb/v6-m/nofp/libc.a(lib_a-mallocr.o) (__malloc_lock)
/usr/lib/gcc/arm-none-eabi/12.2.1/../../../arm-none-eabi/lib/thumb/v6-m/nofp/libc.a(lib_a-realloc.o)
                              CMakeFiles/pockpetv1.dir/home/plebish/pico-sdk/src/rp2_common/pico_malloc/pico_malloc.c.obj (realloc)
/usr/lib/gcc/arm-none-eabi/12.2.1/../../../arm-none-eabi/lib/thumb/v6-m/nofp/libc.a(lib_a-reallocr.o)
                              /usr/lib/gcc/arm-none-eabi/12.2.1/../../../arm-none-eabi/lib/thumb/v6-m/nofp/libc.a(lib_a-realloc.o) (_realloc_r)
/usr/lib/gcc/arm-none-eabi/12.2.1/../../../arm-none-eabi/lib/thumb/v6-m/nofp/libc.a(lib_a-sbrkr.o)
                              /usr/lib/gcc/arm-none-eabi/12.2.1/../../../arm-none-eabi/lib/thumb/v6-m/nofp/libc.a(lib_a-mallocr.o) (_sbrk_r)
/usr/lib/gcc/arm-none-eabi/12.2.1/../../../arm-none-eabi/lib/thumb/v6-m/nofp/libc.a(lib_a-strlen-stub.o)
                              CMakeFiles/pockpetv1.dir/home/plebish/pico-sdk/src/rp2_common/pico_stdio/stdio.c.obj (strlen)
/usr/lib/gcc/arm-none-eabi/12.2.1/../../../arm-none-eabi/lib/thumb/v6-m/nofp/libc.a(lib_a-__atexit.o)
                              /usr/lib/gcc/arm-none-eabi/12.2.1/../../../arm-none-eabi/lib/thumb/v6-m/nofp/libc.a(lib_a-atexit.o) (__register_exitproc)
/usr/lib/gcc/arm-none-eabi/12.2.1/../../../arm-none-eabi/lib/thumb/v6-m/nofp/libc.a(lib_a-freer.o)
                              /usr/lib/gcc/arm-none-eabi/12.2.1/../../../arm-none-eabi/lib/thumb/v6-m/nofp/libc.a(lib_a-malloc.o) (_free_r)
/usr/lib/gcc/arm-none-eabi/12.2.1/../../../arm-none-eabi/lib/thumb/v6-m/nofp/libc.a(lib_a-memmove.o)
                              /usr/lib/gcc/arm-none-eabi/12.2.1/../../../arm-none-eabi/lib/thumb/v6-m/nofp/libc.a(lib_a-reallocr.o) (memmove)
/usr/lib/gcc/arm-none-eabi/12.2.1/../../../arm-none-eabi/lib/thumb/v6-m/nofp/libc.a(lib_a-reent.o)
[...]
Memory Configuration

Name             Origin             Length             Attributes
FLASH            0x10000000         0x00200000         xr
RAM              0x20000000         0x00040000         xrw
SCRATCH_X        0x20040000         0x00001000         xrw
SCRATCH_Y        0x20041000         0x00001000         xrw
*default*        0x00000000         0xffffffff

Linker script and memory map

LOAD /usr/lib/gcc/arm-none-eabi/12.2.1/thumb/v6-m/nofp/crti.o
LOAD /usr/lib/gcc/arm-none-eabi/12.2.1/thumb/v6-m/nofp/crtbegin.o
LOAD /usr/lib/gcc/arm-none-eabi/12.2.1/../../../arm-none-eabi/lib/thumb/v6-m/nofp/crt0.o

.flash_begin    0x10000000        0x0
                0x10000000                        __flash_binary_start = .

.boot2          0x10000000      0x100
                0x10000000                        __boot2_start__ = .
 *(.boot2)
 .boot2         0x10000000      0x100 /tmp/ccAfMxOO.o
                0x10000100                        __boot2_end__ = .
                0x00000001                        ASSERT (((__boot2_end__ - __boot2_start__) == 0x100), ERROR: Pico second stage bootloader must be 256 bytes in size)

.text           0x10000100     0xac60
                0x10000100                        __logical_binary_start = .
 *(.vectors)
 .vectors       0x10000100       0xd4 CMakeFiles/pockpetv1.dir/home/plebish/pico-sdk/src/rp2_common/pico_standard_link/crt0.S.obj
                0x10000100                __vectors
                0x10000100                __VECTOR_TABLE
                0x100001c0                isr_invalid
                0x100001c0                __default_isrs_start
                0x100001c2                isr_nmi
                0x100001c4                isr_hardfault
                0x100001c6                isr_svcall
                0x100001c8                isr_pendsv
                0x100001ca                isr_systick
                0x100001cc                isr_irq30
                0x100001cc                __unhandled_user_irq
                0x100001cc                isr_irq13
                0x100001cc                isr_irq27
                0x100001cc                isr_irq31
                0x100001cc                isr_irq5
                0x100001cc                isr_irq11
                0x100001cc                isr_irq23
                0x100001cc                isr_irq18
                0x100001cc                isr_irq28
                0x100001cc                isr_irq19
                0x100001cc                isr_irq0
                0x100001cc                isr_irq6
                0x100001cc                isr_irq22
                0x100001cc                isr_irq17
                0x100001cc                isr_irq14
                0x100001cc                isr_irq2
                0x100001cc                isr_irq10
                0x100001cc                isr_irq8
                0x100001cc                isr_irq24
                0x100001cc                isr_irq1
                0x100001cc                isr_irq7
                0x100001cc                isr_irq21
                0x100001cc                isr_irq20
                0x100001cc                isr_irq15
                0x100001cc                isr_irq25
                0x100001cc                isr_irq4
                0x100001cc                isr_irq16
                0x100001cc                isr_irq29
                0x100001cc                isr_irq26
                0x100001cc                __default_isrs_end
                0x100001cc                isr_irq3
                0x100001cc                isr_irq12
                0x100001cc                isr_irq9
                0x100001d2                unhandled_user_irq_num_in_r0
 *(.binary_info_header)
 .binary_info_header
                0x100001d4       0x14 CMakeFiles/pockpetv1.dir/home/plebish/pico-sdk/src/rp2_common/pico_standard_link/crt0.S.obj
                0x100001e8                        __binary_info_header_end = .
 *(.reset)
 .reset         0x100001e8       0xa0 CMakeFiles/pockpetv1.dir/home/plebish/pico-sdk/src/rp2_common/pico_standard_link/crt0.S.obj
                0x100001e8                _entry_point
 .reset         0x10000288       0x30 CMakeFiles/pockpetv1.dir/home/plebish/pico-sdk/src/rp2_common/pico_standard_link/binary_info.c.obj
 *(.init)
 .init          0x100002b8        0x4 /usr/lib/gcc/arm-none-eabi/12.2.1/thumb/v6-m/nofp/crti.o
                0x100002b8                _init
 *(EXCLUDE_FILE(*libm.a: *libc.a:*lib_a-mem*.o *libgcc.a:) .text*)
 .text          0x100002bc       0x98 /usr/lib/gcc/arm-none-eabi/12.2.1/thumb/v6-m/nofp/crtbegin.o
 .text._Z8tftSetupv
                0x10000354      0x104 CMakeFiles/pockpetv1.dir/main.cpp.obj
                0x10000354                tftSetup()
 .text._Z14TopIconHandleri
                0x10000458       0xbc CMakeFiles/pockpetv1.dir/main.cpp.obj
                0x10000458                TopIconHandler(int)
 .text._Z14BotIconHandleri
                0x10000514       0x80 CMakeFiles/pockpetv1.dir/main.cpp.obj
                0x10000514                BotIconHandler(int)
 .text._Z13BarkAnimationv
                0x10000594      0x128 CMakeFiles/pockpetv1.dir/main.cpp.obj
                0x10000594                BarkAnimation()
 .text._Z13WalkAnimationv
                0x100006bc      0x24c CMakeFiles/pockpetv1.dir/main.cpp.obj
                0x100006bc                WalkAnimation()
 .text._Z14SleepAnimationv
                0x10000908      0x14c CMakeFiles/pockpetv1.dir/main.cpp.obj
                0x10000908                SleepAnimation()
 .text._Z12EatAnimationv
                0x10000a54      0x154 CMakeFiles/pockpetv1.dir/main.cpp.obj
                0x10000a54                EatAnimation()
 .text.startup.main
                0x10000ba8       0x4c CMakeFiles/pockpetv1.dir/main.cpp.obj
                0x10000ba8                main
 .text.startup._GLOBAL__sub_I_myTFT
                0x10000bf4       0x10 CMakeFiles/pockpetv1.dir/main.cpp.obj
 .text.gpio_set_function
                0x10000c04       0x30 CMakeFiles/pockpetv1.dir/home/plebish/pico-sdk/src/rp2_common/hardware_gpio/gpio.c.obj
                0x10000c04                gpio_set_function
 .text.gpio_set_pulls
                0x10000c34       0x24 CMakeFiles/pockpetv1.dir/home/plebish/pico-sdk/src/rp2_common/hardware_gpio/gpio.c.obj
                0x10000c34                gpio_set_pulls
 .text.gpio_init
                0x10000c58       0x3c CMakeFiles/pockpetv1.dir/home/plebish/pico-sdk/src/rp2_common/hardware_gpio/gpio.c.obj
                0x10000c58                gpio_init
 .text.running_on_fpga
                0x10000c94       0x10 CMakeFiles/pockpetv1.dir/home/plebish/pico-sdk/src/rp2_common/pico_platform/platform.c.obj
                0x10000c94                running_on_fpga
 .text.hw_claim_or_assert
                0x10000ca4       0x44 CMakeFiles/pockpetv1.dir/home/plebish/pico-sdk/src/rp2_common/hardware_claim/claim.c.obj
                0x10000ca4                hw_claim_or_assert
 .text.hw_claim_unused_from_range
                0x10000ce8       0x9c CMakeFiles/pockpetv1.dir/home/plebish/pico-sdk/src/rp2_common/hardware_claim/claim.c.obj
                0x10000ce8                hw_claim_unused_from_range
 .text.spin_locks_reset
                0x10000d84       0x1c CMakeFiles/pockpetv1.dir/home/plebish/pico-sdk/src/rp2_common/hardware_sync/sync.c.obj
                0x10000d84                spin_locks_reset
 .text.next_striped_spin_lock_num
                0x10000da0       0x18 CMakeFiles/pockpetv1.dir/home/plebish/pico-sdk/src/rp2_common/hardware_sync/sync.c.obj
                0x10000da0                next_striped_spin_lock_num
 .text.spin_lock_claim_unused
                0x10000db8       0x24 CMakeFiles/pockpetv1.dir/home/plebish/pico-sdk/src/rp2_common/hardware_sync/sync.c.obj
                0x10000db8                spin_lock_claim_unused
 .text.irq_set_enabled
                0x10000ddc       0x24 CMakeFiles/pockpetv1.dir/home/plebish/pico-sdk/src/rp2_common/hardware_irq/irq.c.obj
                0x10000ddc                irq_set_enabled
 .text.irq_set_pending
                0x10000e00       0x10 CMakeFiles/pockpetv1.dir/home/plebish/pico-sdk/src/rp2_common/hardware_irq/irq.c.obj
                0x10000e00                irq_set_pending
 .text.irq_has_shared_handler
                0x10000e10       0x2c CMakeFiles/pockpetv1.dir/home/plebish/pico-sdk/src/rp2_common/hardware_irq/irq.c.obj
                0x10000e10                irq_has_shared_handler
 .text.irq_get_vtable_handler
                0x10000e3c       0x10 CMakeFiles/pockpetv1.dir/home/plebish/pico-sdk/src/rp2_common/hardware_irq/irq.c.obj
                0x10000e3c                irq_get_vtable_handler
 .text.irq_set_exclusive_handler
                0x10000e4c       0x54 CMakeFiles/pockpetv1.dir/home/plebish/pico-sdk/src/rp2_common/hardware_irq/irq.c.obj
                0x10000e4c                irq_set_exclusive_handler
 .text.irq_add_shared_handler
                0x10000ea0      0x1f4 CMakeFiles/pockpetv1.dir/home/plebish/pico-sdk/src/rp2_common/hardware_irq/irq.c.obj
                0x10000ea0                irq_add_shared_handler
 .text.irq_remove_handler
                0x10001094      0x1c4 CMakeFiles/pockpetv1.dir/home/plebish/pico-sdk/src/rp2_common/hardware_irq/irq.c.obj
                0x10001094                irq_remove_handler
 .text.irq_add_tail_to_free_list
                0x10001258       0xb4 CMakeFiles/pockpetv1.dir/home/plebish/pico-sdk/src/rp2_common/hardware_irq/irq.c.obj
                0x10001258                irq_add_tail_to_free_list
 .text.irq_init_priorities
                0x1000130c       0x24 CMakeFiles/pockpetv1.dir/home/plebish/pico-sdk/src/rp2_common/hardware_irq/irq.c.obj
                0x1000130c                irq_init_priorities
 .text.user_irq_claim_unused
                0x10001330       0x2c CMakeFiles/pockpetv1.dir/home/plebish/pico-sdk/src/rp2_common/hardware_irq/irq.c.obj
                0x10001330                user_irq_claim_unused
 .text.lock_init
                0x1000135c       0x10 CMakeFiles/pockpetv1.dir/home/plebish/pico-sdk/src/common/pico_sync/lock_core.c.obj
                0x1000135c                lock_init
 .text.mutex_init
                0x1000136c       0x1c CMakeFiles/pockpetv1.dir/home/plebish/pico-sdk/src/common/pico_sync/mutex.c.obj
                0x1000136c                mutex_init
 .text.recursive_mutex_init
                0x10001388       0x1c CMakeFiles/pockpetv1.dir/home/plebish/pico-sdk/src/common/pico_sync/mutex.c.obj
                0x10001388                recursive_mutex_init
 .text.critical_section_init
                0x100013a4       0x1c CMakeFiles/pockpetv1.dir/home/plebish/pico-sdk/src/common/pico_sync/critical_section.c.obj
                0x100013a4                critical_section_init
 .text.critical_section_init_with_lock_num
                0x100013c0       0x14 CMakeFiles/pockpetv1.dir/home/plebish/pico-sdk/src/common/pico_sync/critical_section.c.obj
                0x100013c0                critical_section_init_with_lock_num
 .text.timer_pool_entry_comparator
                0x100013d4       0x34 CMakeFiles/pockpetv1.dir/home/plebish/pico-sdk/src/common/pico_time/time.c.obj
                0x100013d4                timer_pool_entry_comparator
 .text.sleep_until_callback
                0x10001408       0x30 CMakeFiles/pockpetv1.dir/home/plebish/pico-sdk/src/common/pico_time/time.c.obj
 .text.add_alarm_under_lock.isra.0
                0x10001438      0x100 CMakeFiles/pockpetv1.dir/home/plebish/pico-sdk/src/common/pico_time/time.c.obj
 .text.alarm_pool_alarm_callback
                0x10001538      0x1c0 CMakeFiles/pockpetv1.dir/home/plebish/pico-sdk/src/common/pico_time/time.c.obj
 .text.alarm_pool_init_default
                0x100016f8       0x6c CMakeFiles/pockpetv1.dir/home/plebish/pico-sdk/src/common/pico_time/time.c.obj
                0x100016f8                alarm_pool_init_default
 .text.alarm_pool_get_default
                0x10001764        0x8 CMakeFiles/pockpetv1.dir/home/plebish/pico-sdk/src/common/pico_time/time.c.obj
                0x10001764                alarm_pool_get_default
 .text.alarm_pool_add_alarm_at
                0x1000176c      0x188 CMakeFiles/pockpetv1.dir/home/plebish/pico-sdk/src/common/pico_time/time.c.obj
                0x1000176c                alarm_pool_add_alarm_at
 .text.alarm_pool_core_num
                0x100018f4        0x4 CMakeFiles/pockpetv1.dir/home/plebish/pico-sdk/src/common/pico_time/time.c.obj
                0x100018f4                alarm_pool_core_num
 .text.sleep_until
                0x100018f8       0xc4 CMakeFiles/pockpetv1.dir/home/plebish/pico-sdk/src/common/pico_time/time.c.obj
                0x100018f8                sleep_until
 .text.sleep_ms
                0x100019bc       0x38 CMakeFiles/pockpetv1.dir/home/plebish/pico-sdk/src/common/pico_time/time.c.obj
                0x100019bc                sleep_ms
 .text.best_effort_wfe_or_timeout
                0x100019f4       0xec CMakeFiles/pockpetv1.dir/home/plebish/pico-sdk/src/common/pico_time/time.c.obj
                0x100019f4                best_effort_wfe_or_timeout
 .text.hardware_alarm_irq_handler
                0x10001ae0       0xbc CMakeFiles/pockpetv1.dir/home/plebish/pico-sdk/src/rp2_common/hardware_timer/timer.c.obj
 .text.hardware_alarm_claim
                0x10001b9c       0x18 CMakeFiles/pockpetv1.dir/home/plebish/pico-sdk/src/rp2_common/hardware_timer/timer.c.obj
                0x10001b9c                hardware_alarm_claim
 .text.time_us_64
                0x10001bb4       0x14 CMakeFiles/pockpetv1.dir/home/plebish/pico-sdk/src/rp2_common/hardware_timer/timer.c.obj
                0x10001bb4                time_us_64
 .text.busy_wait_us
                0x10001bc8       0x68 CMakeFiles/pockpetv1.dir/home/plebish/pico-sdk/src/rp2_common/hardware_timer/timer.c.obj
                0x10001bc8                busy_wait_us
 .text.busy_wait_ms
                0x10001c30       0x98 CMakeFiles/pockpetv1.dir/home/plebish/pico-sdk/src/rp2_common/hardware_timer/timer.c.obj
                0x10001c30                busy_wait_ms
 .text.busy_wait_until
                0x10001cc8       0x20 CMakeFiles/pockpetv1.dir/home/plebish/pico-sdk/src/rp2_common/hardware_timer/timer.c.obj
                0x10001cc8                busy_wait_until
 .text.hardware_alarm_set_callback
                0x10001ce8       0x8c CMakeFiles/pockpetv1.dir/home/plebish/pico-sdk/src/rp2_common/hardware_timer/timer.c.obj
                0x10001ce8                hardware_alarm_set_callback
 .text.hardware_alarm_set_target
                0x10001d74       0xd0 CMakeFiles/pockpetv1.dir/home/plebish/pico-sdk/src/rp2_common/hardware_timer/timer.c.obj
                0x10001d74                hardware_alarm_set_target
 .text.hardware_alarm_cancel
                0x10001e44       0x3c CMakeFiles/pockpetv1.dir/home/plebish/pico-sdk/src/rp2_common/hardware_timer/timer.c.obj
                0x10001e44                hardware_alarm_cancel
 .text.ph_merge_nodes
                0x10001e80       0x64 CMakeFiles/pockpetv1.dir/home/plebish/pico-sdk/src/common/pico_util/pheap.c.obj
 .text.ph_post_alloc_init
                0x10001ee4       0x3c CMakeFiles/pockpetv1.dir/home/plebish/pico-sdk/src/common/pico_util/pheap.c.obj
                0x10001ee4                ph_post_alloc_init
 .text.ph_merge_two_pass
                0x10001f20       0x98 CMakeFiles/pockpetv1.dir/home/plebish/pico-sdk/src/common/pico_util/pheap.c.obj
                0x10001f20                ph_merge_two_pass
 .text.ph_remove_any_head
                0x10001fb8      0x100 CMakeFiles/pockpetv1.dir/home/plebish/pico-sdk/src/common/pico_util/pheap.c.obj
 .text.ph_remove_head
                0x100020b8      0x104 CMakeFiles/pockpetv1.dir/home/plebish/pico-sdk/src/common/pico_util/pheap.c.obj
                0x100020b8                ph_remove_head
 .text.ph_remove_and_free_node
                0x100021bc       0x78 CMakeFiles/pockpetv1.dir/home/plebish/pico-sdk/src/common/pico_util/pheap.c.obj
                0x100021bc                ph_remove_and_free_node
 .text.clocks_init
                0x10002234      0x2c8 CMakeFiles/pockpetv1.dir/home/plebish/pico-sdk/src/rp2_common/hardware_clocks/clocks.c.obj
                0x10002234                clocks_init
 .text.clock_get_hz
                0x100024fc        0xc CMakeFiles/pockpetv1.dir/home/plebish/pico-sdk/src/rp2_common/hardware_clocks/clocks.c.obj
                0x100024fc                clock_get_hz
 .text.pll_init
                0x10002508       0xa0 CMakeFiles/pockpetv1.dir/home/plebish/pico-sdk/src/rp2_common/hardware_pll/pll.c.obj
                0x10002508                pll_init
 .text.watchdog_start_tick
                0x100025a8       0x10 CMakeFiles/pockpetv1.dir/home/plebish/pico-sdk/src/rp2_common/hardware_watchdog/watchdog.c.obj
                0x100025a8                watchdog_start_tick
 .text.watchdog_reboot
                0x100025b8       0x9c CMakeFiles/pockpetv1.dir/home/plebish/pico-sdk/src/rp2_common/hardware_watchdog/watchdog.c.obj
                0x100025b8                watchdog_reboot
 .text.xosc_init
                0x10002654       0x28 CMakeFiles/pockpetv1.dir/home/plebish/pico-sdk/src/rp2_common/hardware_xosc/xosc.c.obj
                0x10002654                xosc_init
 .text.runtime_init
                0x1000267c       0xf0 CMakeFiles/pockpetv1.dir/home/plebish/pico-sdk/src/rp2_common/pico_runtime/runtime.c.obj
                0x1000267c                runtime_init
 .text._exit    0x1000276c        0x4 CMakeFiles/pockpetv1.dir/home/plebish/pico-sdk/src/rp2_common/pico_runtime/runtime.c.obj
                0x1000276c                _exit
 .text._sbrk    0x10002770       0x34 CMakeFiles/pockpetv1.dir/home/plebish/pico-sdk/src/rp2_common/pico_runtime/runtime.c.obj
                0x10002770                _sbrk
 .text.exit     0x100027a4        0x8 CMakeFiles/pockpetv1.dir/home/plebish/pico-sdk/src/rp2_common/pico_runtime/runtime.c.obj
                0x100027a4                exit
 .text.panic    0x100027ac       0x30 CMakeFiles/pockpetv1.dir/home/plebish/pico-sdk/src/rp2_common/pico_runtime/runtime.c.obj
                0x100027ac                panic
 .text.hard_assertion_failure
                0x100027dc        0xc CMakeFiles/pockpetv1.dir/home/plebish/pico-sdk/src/rp2_common/pico_runtime/runtime.c.obj
                0x100027dc                hard_assertion_failure
 .text._out_null
                0x100027e8        0x4 CMakeFiles/pockpetv1.dir/home/plebish/pico-sdk/src/rp2_common/pico_printf/printf.c.obj
 .text._out_rev
                0x100027ec       0x90 CMakeFiles/pockpetv1.dir/home/plebish/pico-sdk/src/rp2_common/pico_printf/printf.c.obj
 .text._ntoa_format
                0x1000287c      0x1f4 CMakeFiles/pockpetv1.dir/home/plebish/pico-sdk/src/rp2_common/pico_printf/printf.c.obj
 .text._out_char
                0x10002a70       0x10 CMakeFiles/pockpetv1.dir/home/plebish/pico-sdk/src/rp2_common/pico_printf/printf.c.obj
 .text._out_fct
                0x10002a80       0x10 CMakeFiles/pockpetv1.dir/home/plebish/pico-sdk/src/rp2_common/pico_printf/printf.c.obj
 .text._etoa    0x10002a90      0x454 CMakeFiles/pockpetv1.dir/home/plebish/pico-sdk/src/rp2_common/pico_printf/printf.c.obj
 .text._ftoa    0x10002ee4      0x3c4 CMakeFiles/pockpetv1.dir/home/plebish/pico-sdk/src/rp2_common/pico_printf/printf.c.obj
 .text._vsnprintf
                0x100032a8      0xb24 CMakeFiles/pockpetv1.dir/home/plebish/pico-sdk/src/rp2_common/pico_printf/printf.c.obj
 .text.vfctprintf
                0x10003dcc       0x20 CMakeFiles/pockpetv1.dir/home/plebish/pico-sdk/src/rp2_common/pico_printf/printf.c.obj
                0x10003dcc                vfctprintf
 .text.weak_raw_vprintf
                0x10003dec       0x30 CMakeFiles/pockpetv1.dir/home/plebish/pico-sdk/src/rp2_common/pico_printf/printf.c.obj
                0x10003dec                weak_raw_vprintf
 .text          0x10003e1c       0x10 CMakeFiles/pockpetv1.dir/home/plebish/pico-sdk/src/rp2_common/pico_bit_ops/bit_ops_aeabi.S.obj
 .text.rom_func_lookup
                0x10003e2c       0x10 CMakeFiles/pockpetv1.dir/home/plebish/pico-sdk/src/rp2_common/pico_bootrom/bootrom.c.obj
                0x10003e2c                rom_func_lookup
 .text.rom_data_lookup
                0x10003e3c       0x10 CMakeFiles/pockpetv1.dir/home/plebish/pico-sdk/src/rp2_common/pico_bootrom/bootrom.c.obj
                0x10003e3c                rom_data_lookup
 .text.rom_funcs_lookup
                0x10003e4c       0x44 CMakeFiles/pockpetv1.dir/home/plebish/pico-sdk/src/rp2_common/pico_bootrom/bootrom.c.obj
                0x10003e4c                rom_funcs_lookup
 .text.__wrap___aeabi_idiv
                0x10003e90       0x50 CMakeFiles/pockpetv1.dir/home/plebish/pico-sdk/src/rp2_common/pico_divider/divider.S.obj
                0x10003e90                __wrap___aeabi_idivmod
                0x10003e90                divmod_s32s32
                0x10003e90                div_s32s32
                0x10003e90                __wrap___aeabi_idiv
                0x10003e98                divmod_s32s32_unsafe
                0x10003ec4                divmod_s32s32_savestate
 .text.__wrap___aeabi_uidiv
                0x10003ee0       0x4c CMakeFiles/pockpetv1.dir/home/plebish/pico-sdk/src/rp2_common/pico_divider/divider.S.obj
                0x10003ee0                __wrap___aeabi_uidiv
                0x10003ee0                __wrap___aeabi_uidivmod
                0x10003ee0                div_u32u32
                0x10003ee0                divmod_u32u32
                0x10003ee8                divmod_u32u32_unsafe
                0x10003f10                divmod_u32u32_savestate
 .text.__wrap___aeabi_ldiv
                0x10003f2c      0x424 CMakeFiles/pockpetv1.dir/home/plebish/pico-sdk/src/rp2_common/pico_divider/divider.S.obj
                0x10003f2c                div_s64s64
                0x10003f2c                divmod_s64s64
                0x10003f2c                __wrap___aeabi_ldivmod
                0x10003f5c                div_u64u64
                0x10003f5c                divmod_u64u64
                0x10003f5c                __wrap___aeabi_uldivmod
                0x10003f6c                divmod_u64u64_savestate
                0x10003f8c                divmod_s64s64_unsafe
                0x10004014                divmod_u64u64_unsafe
 .text.__wrap___aeabi_darithmetic
                0x10004350       0x80 CMakeFiles/pockpetv1.dir/home/plebish/pico-sdk/src/rp2_common/pico_double/double_aeabi.S.obj
                0x10004350                __wrap___aeabi_drsub
                0x10004356                __wrap___aeabi_dsub
                0x10004368                __wrap___aeabi_dadd
                0x1000437a                __wrap___aeabi_ddiv
                0x100043b6                __wrap___aeabi_dmul
 .text.__wrap___aeabi_cdcmple
                0x100043d0       0x6c CMakeFiles/pockpetv1.dir/home/plebish/pico-sdk/src/rp2_common/pico_double/double_aeabi.S.obj
                0x100043d0                __wrap___aeabi_cdrcmple
                0x100043e0                __wrap___aeabi_cdcmple
                0x100043e0                __wrap___aeabi_cdcmpeq
 .text.__wrap___aeabi_dcmplt
                0x1000443c        0xc CMakeFiles/pockpetv1.dir/home/plebish/pico-sdk/src/rp2_common/pico_double/double_aeabi.S.obj
                0x1000443c                __wrap___aeabi_dcmplt
 .text.__wrap___aeabi_dcmpge
                0x10004448       0x10 CMakeFiles/pockpetv1.dir/home/plebish/pico-sdk/src/rp2_common/pico_double/double_aeabi.S.obj
                0x10004448                __wrap___aeabi_dcmpge
 .text.__wrap___aeabi_dcmpgt
                0x10004458        0xa CMakeFiles/pockpetv1.dir/home/plebish/pico-sdk/src/rp2_common/pico_double/double_aeabi.S.obj
                0x10004458                __wrap___aeabi_dcmpgt
 .text.__wrap___aeabi_dcmpun
                0x10004462       0x1c CMakeFiles/pockpetv1.dir/home/plebish/pico-sdk/src/rp2_common/pico_double/double_aeabi.S.obj
                0x10004462                __wrap___aeabi_dcmpun
 *fill*         0x1000447e        0x2 
 .text.__wrap___aeabi_i2d
                0x10004480       0x38 CMakeFiles/pockpetv1.dir/home/plebish/pico-sdk/src/rp2_common/pico_double/double_aeabi.S.obj
                0x10004480                __wrap___aeabi_ui2d
                0x10004488                __wrap___aeabi_i2d
 .text.__wrap___aeabi_d2iz
                0x100044b8       0x48 CMakeFiles/pockpetv1.dir/home/plebish/pico-sdk/src/rp2_common/pico_double/double_aeabi.S.obj
                0x100044b8                __wrap___aeabi_d2iz
                0x100044b8                double2int_z
 .text.__wrap___aeabi_d2uiz
                0x10004500       0x18 CMakeFiles/pockpetv1.dir/home/plebish/pico-sdk/src/rp2_common/pico_double/double_aeabi.S.obj
                0x10004500                double2uint
                0x10004500                __wrap___aeabi_d2uiz
 .text.__aeabi_double_init
                0x10004518       0x98 CMakeFiles/pockpetv1.dir/home/plebish/pico-sdk/src/rp2_common/pico_double/double_init_rom.c.obj
                0x10004518                __aeabi_double_init
 .text.double_table_shim_on_use_helper
                0x100045b0       0x2c CMakeFiles/pockpetv1.dir/home/plebish/pico-sdk/src/rp2_common/pico_double/double_v1_rom_shim.S.obj
                0x100045b0                double_table_shim_on_use_helper
 .text.__wrap___aeabi_dsub
                0x100045dc       0x10 CMakeFiles/pockpetv1.dir/home/plebish/pico-sdk/src/rp2_common/pico_double/double_v1_rom_shim.S.obj
                0x100045dc                drsub_shim
                0x100045e2                dsub_shim
 .text.dadd_shim
                0x100045ec      0x15c CMakeFiles/pockpetv1.dir/home/plebish/pico-sdk/src/rp2_common/pico_double/double_v1_rom_shim.S.obj
                0x100045ec                dadd_shim
 .text.dmul_shim
                0x10004748      0x15c CMakeFiles/pockpetv1.dir/home/plebish/pico-sdk/src/rp2_common/pico_double/double_v1_rom_shim.S.obj
                0x10004748                dmul_shim
 .text.ddiv_shim
                0x100048a4      0x1b0 CMakeFiles/pockpetv1.dir/home/plebish/pico-sdk/src/rp2_common/pico_double/double_v1_rom_shim.S.obj
                0x100048a4                ddiv_shim
 .text.double2uint_shim
                0x10004a54        0xe CMakeFiles/pockpetv1.dir/home/plebish/pico-sdk/src/rp2_common/pico_double/double_v1_rom_shim.S.obj
                0x10004a54                double2uint_shim
                0x10004a56                double2ufix_shim
 *fill*         0x10004a62        0x2 
 .text.double2uint64_shim
                0x10004a64       0x70 CMakeFiles/pockpetv1.dir/home/plebish/pico-sdk/src/rp2_common/pico_double/double_v1_rom_shim.S.obj
                0x10004a64                double2uint64_shim
                0x10004a66                double2ufix64_shim
                0x10004a86                d2fix_a
 .text.dunpacks
                0x10004ad4       0x3c CMakeFiles/pockpetv1.dir/home/plebish/pico-sdk/src/rp2_common/pico_double/double_v1_rom_shim.S.obj
                0x10004ad4                dunpacks
 .text.__aeabi_lmul
                0x10004b10       0x32 CMakeFiles/pockpetv1.dir/home/plebish/pico-sdk/src/rp2_common/pico_int64_ops/pico_int64_ops_aeabi.S.obj
                0x10004b10                __wrap___aeabi_lmul
 *fill*         0x10004b42        0x2 
 .text.__wrap___aeabi_farithmetic
                0x10004b44       0x48 CMakeFiles/pockpetv1.dir/home/plebish/pico-sdk/src/rp2_common/pico_float/float_aeabi.S.obj
                0x10004b44                __wrap___aeabi_frsub
                0x10004b4a                __wrap___aeabi_fsub
                0x10004b50                __wrap___aeabi_fadd
                0x10004b56                __wrap___aeabi_fdiv
                0x10004b7e                __wrap___aeabi_fmul
 .text.__wrap___aeabi_ui2f
                0x10004b8c        0xa CMakeFiles/pockpetv1.dir/home/plebish/pico-sdk/src/rp2_common/pico_float/float_aeabi.S.obj
                0x10004b8c                __wrap___aeabi_ui2f
 *fill*         0x10004b96        0x2 
 .text.__wrap___aeabi_i2f
                0x10004b98       0x44 CMakeFiles/pockpetv1.dir/home/plebish/pico-sdk/src/rp2_common/pico_float/float_aeabi.S.obj
                0x10004b98                __wrap___aeabi_i2f
 .text.__wrap___aeabi_f2iz
                0x10004bdc       0x4e CMakeFiles/pockpetv1.dir/home/plebish/pico-sdk/src/rp2_common/pico_float/float_aeabi.S.obj
                0x10004bdc                __wrap___aeabi_f2iz
                0x10004bdc                float2int_z
 *fill*         0x10004c2a        0x2 
 .text.float2int
                0x10004c2c       0x14 CMakeFiles/pockpetv1.dir/home/plebish/pico-sdk/src/rp2_common/pico_float/float_aeabi.S.obj
                0x10004c2c                float2int
 .text.__wrap___aeabi_f2uiz
                0x10004c40        0xc CMakeFiles/pockpetv1.dir/home/plebish/pico-sdk/src/rp2_common/pico_float/float_aeabi.S.obj
                0x10004c40                __wrap___aeabi_f2uiz
 .text.__aeabi_float_init
                0x10004c4c       0x64 CMakeFiles/pockpetv1.dir/home/plebish/pico-sdk/src/rp2_common/pico_float/float_init_rom.c.obj
                0x10004c4c                __aeabi_float_init
 .text.float_table_shim_on_use_helper
                0x10004cb0       0x2c CMakeFiles/pockpetv1.dir/home/plebish/pico-sdk/src/rp2_common/pico_float/float_v1_rom_shim.S.obj
                0x10004cb0                float_table_shim_on_use_helper
 .text.float232_shims
                0x10004cdc       0x18 CMakeFiles/pockpetv1.dir/home/plebish/pico-sdk/src/rp2_common/pico_float/float_v1_rom_shim.S.obj
                0x10004cdc                float2int_shim
                0x10004cde                float2fix_shim
 .text.__wrap_malloc
                0x10004cf4       0x24 CMakeFiles/pockpetv1.dir/home/plebish/pico-sdk/src/rp2_common/pico_malloc/pico_malloc.c.obj
                0x10004cf4                __wrap_malloc
 .text.__wrap_free
                0x10004d18        0x8 CMakeFiles/pockpetv1.dir/home/plebish/pico-sdk/src/rp2_common/pico_malloc/pico_malloc.c.obj
                0x10004d18                __wrap_free
 .text          0x10004d20       0x10 CMakeFiles/pockpetv1.dir/home/plebish/pico-sdk/src/rp2_common/pico_mem_ops/mem_ops_aeabi.S.obj
                0x10004d20                __aeabi_mem_init
 .text.memset   0x10004d30        0xc CMakeFiles/pockpetv1.dir/home/plebish/pico-sdk/src/rp2_common/pico_mem_ops/mem_ops_aeabi.S.obj
                0x10004d30                __wrap_memset
 .text.memcpy   0x10004d3c        0xc CMakeFiles/pockpetv1.dir/home/plebish/pico-sdk/src/rp2_common/pico_mem_ops/mem_ops_aeabi.S.obj
                0x10004d3c                __wrap___aeabi_memcpy
                0x10004d3c                __wrap_memcpy
 .text.stdio_out_chars_crlf
                0x10004d48       0xbc CMakeFiles/pockpetv1.dir/home/plebish/pico-sdk/src/rp2_common/pico_stdio/stdio.c.obj
 .text.stdio_buffered_printer
                0x10004e04       0x64 CMakeFiles/pockpetv1.dir/home/plebish/pico-sdk/src/rp2_common/pico_stdio/stdio.c.obj
 .text.__wrap_putchar
                0x10004e68       0x98 CMakeFiles/pockpetv1.dir/home/plebish/pico-sdk/src/rp2_common/pico_stdio/stdio.c.obj
                0x10004e68                __wrap_putchar
 .text.__wrap_puts
                0x10004f00       0xe0 CMakeFiles/pockpetv1.dir/home/plebish/pico-sdk/src/rp2_common/pico_stdio/stdio.c.obj
                0x10004f00                __wrap_puts
 .text.stdio_set_driver_enabled
                0x10004fe0       0x30 CMakeFiles/pockpetv1.dir/home/plebish/pico-sdk/src/rp2_common/pico_stdio/stdio.c.obj
                0x10004fe0                stdio_set_driver_enabled
 .text.__wrap_vprintf
                0x10005010       0xd4 CMakeFiles/pockpetv1.dir/home/plebish/pico-sdk/src/rp2_common/pico_stdio/stdio.c.obj
                0x10005010                __wrap_vprintf
 .text.__wrap_printf
                0x100050e4       0x18 CMakeFiles/pockpetv1.dir/home/plebish/pico-sdk/src/rp2_common/pico_stdio/stdio.c.obj
                0x100050e4                __wrap_printf
 .text.stdio_init_all
                0x100050fc        0x8 CMakeFiles/pockpetv1.dir/home/plebish/pico-sdk/src/rp2_common/pico_stdio/stdio.c.obj
                0x100050fc                stdio_init_all
 .text.resetd_init
                0x10005104        0x4 CMakeFiles/pockpetv1.dir/home/plebish/pico-sdk/src/rp2_common/pico_stdio_usb/reset_interface.c.obj
 .text.resetd_reset
                0x10005108        0xc CMakeFiles/pockpetv1.dir/home/plebish/pico-sdk/src/rp2_common/pico_stdio_usb/reset_interface.c.obj
 .text.resetd_open
                0x10005114       0x28 CMakeFiles/pockpetv1.dir/home/plebish/pico-sdk/src/rp2_common/pico_stdio_usb/reset_interface.c.obj
 .text.resetd_xfer_cb
                0x1000513c        0x4 CMakeFiles/pockpetv1.dir/home/plebish/pico-sdk/src/rp2_common/pico_stdio_usb/reset_interface.c.obj
 .text.resetd_control_xfer_cb
                0x10005140       0x60 CMakeFiles/pockpetv1.dir/home/plebish/pico-sdk/src/rp2_common/pico_stdio_usb/reset_interface.c.obj
 .text.usbd_app_driver_get_cb
                0x100051a0        0xc CMakeFiles/pockpetv1.dir/home/plebish/pico-sdk/src/rp2_common/pico_stdio_usb/reset_interface.c.obj
                0x100051a0                usbd_app_driver_get_cb
 .text.tud_cdc_line_coding_cb
                0x100051ac       0x34 CMakeFiles/pockpetv1.dir/home/plebish/pico-sdk/src/rp2_common/pico_stdio_usb/reset_interface.c.obj
                0x100051ac                tud_cdc_line_coding_cb
 .text.stdio_usb_set_chars_available_callback
                0x100051e0       0x14 CMakeFiles/pockpetv1.dir/home/plebish/pico-sdk/src/rp2_common/pico_stdio_usb/stdio_usb.c.obj
                0x100051e0                stdio_usb_set_chars_available_callback
 .text.usb_irq  0x100051f4       0x10 CMakeFiles/pockpetv1.dir/home/plebish/pico-sdk/src/rp2_common/pico_stdio_usb/stdio_usb.c.obj
 .text.timer_task
                0x10005204       0x54 CMakeFiles/pockpetv1.dir/home/plebish/pico-sdk/src/rp2_common/pico_stdio_usb/stdio_usb.c.obj
 .text.stdio_usb_in_chars
                0x10005258       0x90 CMakeFiles/pockpetv1.dir/home/plebish/pico-sdk/src/rp2_common/pico_stdio_usb/stdio_usb.c.obj
                0x10005258                stdio_usb_in_chars
 .text.stdio_usb_out_chars
                0x100052e8      0x104 CMakeFiles/pockpetv1.dir/home/plebish/pico-sdk/src/rp2_common/pico_stdio_usb/stdio_usb.c.obj
 .text.low_priority_worker_irq
                0x100053ec       0xa8 CMakeFiles/pockpetv1.dir/home/plebish/pico-sdk/src/rp2_common/pico_stdio_usb/stdio_usb.c.obj
 .text.tud_cdc_rx_cb
                0x10005494       0x20 CMakeFiles/pockpetv1.dir/home/plebish/pico-sdk/src/rp2_common/pico_stdio_usb/stdio_usb.c.obj
                0x10005494                tud_cdc_rx_cb
 .text.stdio_usb_init
                0x100054b4       0xe0 CMakeFiles/pockpetv1.dir/home/plebish/pico-sdk/src/rp2_common/pico_stdio_usb/stdio_usb.c.obj
                0x100054b4                stdio_usb_init
 .text.tud_descriptor_device_cb
                0x10005594        0x8 CMakeFiles/pockpetv1.dir/home/plebish/pico-sdk/src/rp2_common/pico_stdio_usb/stdio_usb_descriptors.c.obj
                0x10005594                tud_descriptor_device_cb
 .text.tud_descriptor_configuration_cb
                0x1000559c        0x8 CMakeFiles/pockpetv1.dir/home/plebish/pico-sdk/src/rp2_common/pico_stdio_usb/stdio_usb_descriptors.c.obj
                0x1000559c                tud_descriptor_configuration_cb
 .text.tud_descriptor_string_cb
                0x100055a4       0x78 CMakeFiles/pockpetv1.dir/home/plebish/pico-sdk/src/rp2_common/pico_stdio_usb/stdio_usb_descriptors.c.obj
                0x100055a4                tud_descriptor_string_cb
 .text.startup._retrieve_unique_id_on_boot
                0x1000561c       0x10 CMakeFiles/pockpetv1.dir/home/plebish/pico-sdk/src/rp2_common/pico_unique_id/unique_id.c.obj
 .text.pico_get_unique_board_id
                0x1000562c       0x10 CMakeFiles/pockpetv1.dir/home/plebish/pico-sdk/src/rp2_common/pico_unique_id/unique_id.c.obj
                0x1000562c                pico_get_unique_board_id
 .text.pico_get_unique_board_id_string
                0x1000563c      0x1a8 CMakeFiles/pockpetv1.dir/home/plebish/pico-sdk/src/rp2_common/pico_unique_id/unique_id.c.obj
                0x1000563c                pico_get_unique_board_id_string
 .text.flash_get_unique_id
                0x100057e4       0x40 CMakeFiles/pockpetv1.dir/home/plebish/pico-sdk/src/rp2_common/hardware_flash/flash.c.obj
                0x100057e4                flash_get_unique_id
 .text.dcd_int_enable
                0x10005824        0xc CMakeFiles/pockpetv1.dir/home/plebish/pico-sdk/lib/tinyusb/src/portable/raspberrypi/rp2040/dcd_rp2040.c.obj
                0x10005824                dcd_int_enable
 .text.dcd_set_address
                0x10005830       0x14 CMakeFiles/pockpetv1.dir/home/plebish/pico-sdk/lib/tinyusb/src/portable/raspberrypi/rp2040/dcd_rp2040.c.obj
                0x10005830                dcd_set_address
 .text.dcd_connect
                0x10005844       0x10 CMakeFiles/pockpetv1.dir/home/plebish/pico-sdk/lib/tinyusb/src/portable/raspberrypi/rp2040/dcd_rp2040.c.obj
                0x10005844                dcd_connect
 .text.dcd_init
                0x10005854       0x98 CMakeFiles/pockpetv1.dir/home/plebish/pico-sdk/lib/tinyusb/src/portable/raspberrypi/rp2040/dcd_rp2040.c.obj
                0x10005854                dcd_init
 .text.dcd_edpt0_status_complete
                0x100058ec       0x1c CMakeFiles/pockpetv1.dir/home/plebish/pico-sdk/lib/tinyusb/src/portable/raspberrypi/rp2040/dcd_rp2040.c.obj
                0x100058ec                dcd_edpt0_status_complete
 .text.dcd_edpt_open
                0x10005908      0x108 CMakeFiles/pockpetv1.dir/home/plebish/pico-sdk/lib/tinyusb/src/portable/raspberrypi/rp2040/dcd_rp2040.c.obj
                0x10005908                dcd_edpt_open
 .text.dcd_edpt_close_all
                0x10005a10        0x8 CMakeFiles/pockpetv1.dir/home/plebish/pico-sdk/lib/tinyusb/src/portable/raspberrypi/rp2040/dcd_rp2040.c.obj
                0x10005a10                dcd_edpt_close_all
 .text.dcd_edpt_xfer
                0x10005a18       0x24 CMakeFiles/pockpetv1.dir/home/plebish/pico-sdk/lib/tinyusb/src/portable/raspberrypi/rp2040/dcd_rp2040.c.obj
                0x10005a18                dcd_edpt_xfer
 .text.dcd_edpt_stall
                0x10005a3c       0x38 CMakeFiles/pockpetv1.dir/home/plebish/pico-sdk/lib/tinyusb/src/portable/raspberrypi/rp2040/dcd_rp2040.c.obj
                0x10005a3c                dcd_edpt_stall
 .text.dcd_edpt_clear_stall
                0x10005a74       0x30 CMakeFiles/pockpetv1.dir/home/plebish/pico-sdk/lib/tinyusb/src/portable/raspberrypi/rp2040/dcd_rp2040.c.obj
                0x10005a74                dcd_edpt_clear_stall
 .text.rp2040_usb_init
                0x10005aa4       0x4c CMakeFiles/pockpetv1.dir/home/plebish/pico-sdk/lib/tinyusb/src/portable/raspberrypi/rp2040/rp2040_usb.c.obj
                0x10005aa4                rp2040_usb_init
 .text.hw_endpoint_xfer_start
                0x10005af0       0x40 CMakeFiles/pockpetv1.dir/home/plebish/pico-sdk/lib/tinyusb/src/portable/raspberrypi/rp2040/rp2040_usb.c.obj
                0x10005af0                hw_endpoint_xfer_start
 .text.tud_mounted
                0x10005b30       0x10 CMakeFiles/pockpetv1.dir/home/plebish/pico-sdk/lib/tinyusb/src/device/usbd.c.obj
                0x10005b30                tud_mounted
 .text.tud_suspended
                0x10005b40       0x10 CMakeFiles/pockpetv1.dir/home/plebish/pico-sdk/lib/tinyusb/src/device/usbd.c.obj
                0x10005b40                tud_suspended
 .text.tud_inited
                0x10005b50       0x14 CMakeFiles/pockpetv1.dir/home/plebish/pico-sdk/lib/tinyusb/src/device/usbd.c.obj
                0x10005b50                tud_inited
 .text.tud_init
                0x10005b64       0xd8 CMakeFiles/pockpetv1.dir/home/plebish/pico-sdk/lib/tinyusb/src/device/usbd.c.obj
                0x10005b64                tud_init
 .text.tud_task_ext
                0x10005c3c      0x8a8 CMakeFiles/pockpetv1.dir/home/plebish/pico-sdk/lib/tinyusb/src/device/usbd.c.obj
                0x10005c3c                tud_task_ext
 .text.usbd_open_edpt_pair
                0x100064e4       0x9c CMakeFiles/pockpetv1.dir/home/plebish/pico-sdk/lib/tinyusb/src/device/usbd.c.obj
                0x100064e4                usbd_open_edpt_pair
 .text.usbd_defer_func
                0x10006580       0x48 CMakeFiles/pockpetv1.dir/home/plebish/pico-sdk/lib/tinyusb/src/device/usbd.c.obj
                0x10006580                usbd_defer_func
 .text.usbd_edpt_open
                0x100065c8       0x34 CMakeFiles/pockpetv1.dir/home/plebish/pico-sdk/lib/tinyusb/src/device/usbd.c.obj
                0x100065c8                usbd_edpt_open
 .text.usbd_edpt_claim
                0x100065fc       0x28 CMakeFiles/pockpetv1.dir/home/plebish/pico-sdk/lib/tinyusb/src/device/usbd.c.obj
                0x100065fc                usbd_edpt_claim
 .text.usbd_edpt_release
                0x10006624       0x28 CMakeFiles/pockpetv1.dir/home/plebish/pico-sdk/lib/tinyusb/src/device/usbd.c.obj
                0x10006624                usbd_edpt_release
 .text.usbd_edpt_xfer
                0x1000664c       0x4c CMakeFiles/pockpetv1.dir/home/plebish/pico-sdk/lib/tinyusb/src/device/usbd.c.obj
                0x1000664c                usbd_edpt_xfer
 .text.tud_control_status
                0x10006698       0x2c CMakeFiles/pockpetv1.dir/home/plebish/pico-sdk/lib/tinyusb/src/device/usbd_control.c.obj
                0x10006698                tud_control_status
 .text.tud_control_xfer
                0x100066c4       0xac CMakeFiles/pockpetv1.dir/home/plebish/pico-sdk/lib/tinyusb/src/device/usbd_control.c.obj
                0x100066c4                tud_control_xfer
 .text.usbd_control_reset
                0x10006770       0x14 CMakeFiles/pockpetv1.dir/home/plebish/pico-sdk/lib/tinyusb/src/device/usbd_control.c.obj
                0x10006770                usbd_control_reset
 .text.usbd_control_set_complete_callback
                0x10006784        0xc CMakeFiles/pockpetv1.dir/home/plebish/pico-sdk/lib/tinyusb/src/device/usbd_control.c.obj
                0x10006784                usbd_control_set_complete_callback
 .text.usbd_control_set_request
                0x10006790       0x1c CMakeFiles/pockpetv1.dir/home/plebish/pico-sdk/lib/tinyusb/src/device/usbd_control.c.obj
                0x10006790                usbd_control_set_request
 .text.usbd_control_xfer_cb
                0x100067ac       0xf4 CMakeFiles/pockpetv1.dir/home/plebish/pico-sdk/lib/tinyusb/src/device/usbd_control.c.obj
                0x100067ac                usbd_control_xfer_cb
 .text.tud_cdc_n_connected
                0x100068a0       0x30 CMakeFiles/pockpetv1.dir/home/plebish/pico-sdk/lib/tinyusb/src/class/cdc/cdc_device.c.obj
                0x100068a0                tud_cdc_n_connected
 .text.tud_cdc_n_available
                0x100068d0       0x18 CMakeFiles/pockpetv1.dir/home/plebish/pico-sdk/lib/tinyusb/src/class/cdc/cdc_device.c.obj
                0x100068d0                tud_cdc_n_available
 .text.tud_cdc_n_read
                0x100068e8       0x70 CMakeFiles/pockpetv1.dir/home/plebish/pico-sdk/lib/tinyusb/src/class/cdc/cdc_device.c.obj
                0x100068e8                tud_cdc_n_read
 .text.tud_cdc_n_write_flush
                0x10006958       0x78 CMakeFiles/pockpetv1.dir/home/plebish/pico-sdk/lib/tinyusb/src/class/cdc/cdc_device.c.obj
                0x10006958                tud_cdc_n_write_flush
 .text.tud_cdc_n_write
                0x100069d0       0x34 CMakeFiles/pockpetv1.dir/home/plebish/pico-sdk/lib/tinyusb/src/class/cdc/cdc_device.c.obj
                0x100069d0                tud_cdc_n_write
 .text.tud_cdc_n_write_available
                0x10006a04       0x18 CMakeFiles/pockpetv1.dir/home/plebish/pico-sdk/lib/tinyusb/src/class/cdc/cdc_device.c.obj
                0x10006a04                tud_cdc_n_write_available
 .text.cdcd_init
                0x10006a1c       0x7c CMakeFiles/pockpetv1.dir/home/plebish/pico-sdk/lib/tinyusb/src/class/cdc/cdc_device.c.obj
                0x10006a1c                cdcd_init
 .text.cdcd_reset
                0x10006a98       0x2c CMakeFiles/pockpetv1.dir/home/plebish/pico-sdk/lib/tinyusb/src/class/cdc/cdc_device.c.obj
                0x10006a98                cdcd_reset
 .text.cdcd_open
                0x10006ac4       0xe4 CMakeFiles/pockpetv1.dir/home/plebish/pico-sdk/lib/tinyusb/src/class/cdc/cdc_device.c.obj
                0x10006ac4                cdcd_open
 .text.cdcd_control_xfer_cb
                0x10006ba8       0xe4 CMakeFiles/pockpetv1.dir/home/plebish/pico-sdk/lib/tinyusb/src/class/cdc/cdc_device.c.obj
                0x10006ba8                cdcd_control_xfer_cb
 .text.cdcd_xfer_cb
                0x10006c8c      0x13c CMakeFiles/pockpetv1.dir/home/plebish/pico-sdk/lib/tinyusb/src/class/cdc/cdc_device.c.obj
                0x10006c8c                cdcd_xfer_cb
 .text.tusb_init
                0x10006dc8        0xc CMakeFiles/pockpetv1.dir/home/plebish/pico-sdk/lib/tinyusb/src/tusb.c.obj
                0x10006dc8                tusb_init
 .text.tusb_inited
                0x10006dd4        0x8 CMakeFiles/pockpetv1.dir/home/plebish/pico-sdk/lib/tinyusb/src/tusb.c.obj
                0x10006dd4                tusb_inited
 .text.tu_edpt_claim
                0x10006ddc       0x50 CMakeFiles/pockpetv1.dir/home/plebish/pico-sdk/lib/tinyusb/src/tusb.c.obj
                0x10006ddc                tu_edpt_claim
 .text.tu_edpt_release
                0x10006e2c       0x38 CMakeFiles/pockpetv1.dir/home/plebish/pico-sdk/lib/tinyusb/src/tusb.c.obj
                0x10006e2c                tu_edpt_release
 .text.tu_edpt_validate
                0x10006e64       0x7c CMakeFiles/pockpetv1.dir/home/plebish/pico-sdk/lib/tinyusb/src/tusb.c.obj
                0x10006e64                tu_edpt_validate
 .text.tu_edpt_bind_driver
                0x10006ee0       0x34 CMakeFiles/pockpetv1.dir/home/plebish/pico-sdk/lib/tinyusb/src/tusb.c.obj
                0x10006ee0                tu_edpt_bind_driver
 .text.tu_fifo_config
                0x10006f14       0x6c CMakeFiles/pockpetv1.dir/home/plebish/pico-sdk/lib/tinyusb/src/common/tusb_fifo.c.obj
                0x10006f14                tu_fifo_config
 .text.tu_fifo_count
                0x10006f80       0x2c CMakeFiles/pockpetv1.dir/home/plebish/pico-sdk/lib/tinyusb/src/common/tusb_fifo.c.obj
                0x10006f80                tu_fifo_count
 .text.tu_fifo_empty
                0x10006fac       0x10 CMakeFiles/pockpetv1.dir/home/plebish/pico-sdk/lib/tinyusb/src/common/tusb_fifo.c.obj
                0x10006fac                tu_fifo_empty
 .text.tu_fifo_remaining
                0x10006fbc       0x2c CMakeFiles/pockpetv1.dir/home/plebish/pico-sdk/lib/tinyusb/src/common/tusb_fifo.c.obj
                0x10006fbc                tu_fifo_remaining
 .text.tu_fifo_read
                0x10006fe8       0x9c CMakeFiles/pockpetv1.dir/home/plebish/pico-sdk/lib/tinyusb/src/common/tusb_fifo.c.obj
                0x10006fe8                tu_fifo_read
 .text.tu_fifo_read_n
                0x10007084       0xe8 CMakeFiles/pockpetv1.dir/home/plebish/pico-sdk/lib/tinyusb/src/common/tusb_fifo.c.obj
                0x10007084                tu_fifo_read_n
 .text.tu_fifo_write
                0x1000716c       0x88 CMakeFiles/pockpetv1.dir/home/plebish/pico-sdk/lib/tinyusb/src/common/tusb_fifo.c.obj
                0x1000716c                tu_fifo_write
 .text.tu_fifo_write_n
                0x100071f4      0x170 CMakeFiles/pockpetv1.dir/home/plebish/pico-sdk/lib/tinyusb/src/common/tusb_fifo.c.obj
                0x100071f4                tu_fifo_write_n
 .text.tu_fifo_clear
                0x10007364       0x40 CMakeFiles/pockpetv1.dir/home/plebish/pico-sdk/lib/tinyusb/src/common/tusb_fifo.c.obj
                0x10007364                tu_fifo_clear
 .text.tu_fifo_set_overwritable
                0x100073a4       0x48 CMakeFiles/pockpetv1.dir/home/plebish/pico-sdk/lib/tinyusb/src/common/tusb_fifo.c.obj
                0x100073a4                tu_fifo_set_overwritable
 .text.spi_init
                0x100073ec      0x150 CMakeFiles/pockpetv1.dir/home/plebish/pico-sdk/src/rp2_common/hardware_spi/spi.c.obj
                0x100073ec                spi_init
 .text.splitmix64
                0x1000753c       0x58 CMakeFiles/pockpetv1.dir/home/plebish/pico-sdk/src/rp2_common/pico_rand/rand.c.obj
 .text.xoroshiro128ss
                0x10007594       0x90 CMakeFiles/pockpetv1.dir/home/plebish/pico-sdk/src/rp2_common/pico_rand/rand.c.obj
 .text.get_rand_64
                0x10007624      0x4a4 CMakeFiles/pockpetv1.dir/home/plebish/pico-sdk/src/rp2_common/pico_rand/rand.c.obj
                0x10007624                get_rand_64
 .text.get_rand_32
                0x10007ac8        0x8 CMakeFiles/pockpetv1.dir/home/plebish/pico-sdk/src/rp2_common/pico_rand/rand.c.obj
                0x10007ac8                get_rand_32
 .text._ZN5Print17availableForWriteEv
                0x10007ad0        0x4 ../st7735/libst7735.a(ST7735_TFT.cpp.obj)
                0x10007ad0                Print::availableForWrite()
 .text._ZN10ST7735_TFTC2Ev
                0x10007ad4       0x20 ../st7735/libst7735.a(ST7735_TFT.cpp.obj)
                0x10007ad4                ST7735_TFT::ST7735_TFT()
                0x10007ad4                ST7735_TFT::ST7735_TFT()
 .text._ZN10ST7735_TFT12TFTSetupGPIOEaaaaa
                0x10007af4       0x4c ../st7735/libst7735.a(ST7735_TFT.cpp.obj)
                0x10007af4                ST7735_TFT::TFTSetupGPIO(signed char, signed char, signed char, signed char, signed char)
 .text._ZN10ST7735_TFT4BcmdEv
                0x10007b40      0x1b8 ../st7735/libst7735.a(ST7735_TFT.cpp.obj)
                0x10007b40                ST7735_TFT::Bcmd()
 .text._ZN10ST7735_TFT20TFTST7735BInitializeEv
                0x10007cf8       0xd4 ../st7735/libst7735.a(ST7735_TFT.cpp.obj)
                0x10007cf8                ST7735_TFT::TFTST7735BInitialize()
 .text._ZN10ST7735_TFT5Rcmd1Ev
                0x10007dcc      0x13c ../st7735/libst7735.a(ST7735_TFT.cpp.obj)
                0x10007dcc                ST7735_TFT::Rcmd1()
 .text._ZN10ST7735_TFT5Rcmd3Ev
                0x10007f08       0x6c ../st7735/libst7735.a(ST7735_TFT.cpp.obj)
                0x10007f08                ST7735_TFT::Rcmd3()
 .text._ZN10ST7735_TFT21TFTGreenTabInitializeEv
                0x10007f74      0x128 ../st7735/libst7735.a(ST7735_TFT.cpp.obj)
                0x10007f74                ST7735_TFT::TFTGreenTabInitialize()
 .text._ZN10ST7735_TFT19TFTRedTabInitializeEv
                0x1000809c      0x10c ../st7735/libst7735.a(ST7735_TFT.cpp.obj)
                0x1000809c                ST7735_TFT::TFTRedTabInitialize()
 .text._ZN10ST7735_TFT21TFTBlackTabInitializeEv
                0x100081a8      0x11c ../st7735/libst7735.a(ST7735_TFT.cpp.obj)
                0x100081a8                ST7735_TFT::TFTBlackTabInitialize()
 .text._ZN10ST7735_TFT17TFTInitScreenSizeEhhtt
                0x100082c4       0x20 ../st7735/libst7735.a(ST7735_TFT.cpp.obj)
                0x100082c4                ST7735_TFT::TFTInitScreenSize(unsigned char, unsigned char, unsigned short, unsigned short)
 .text._ZN10ST7735_TFT14TFTInitPCBTypeENS_13TFT_PCBtype_eE
                0x100082e4       0x28 ../st7735/libst7735.a(ST7735_TFT.cpp.obj)
                0x100082e4                ST7735_TFT::TFTInitPCBType(ST7735_TFT::TFT_PCBtype_e)
 .text._ZN10ST7735_TFT14TFTInitSPITypeEmP8spi_inst
                0x1000830c        0xc ../st7735/libst7735.a(ST7735_TFT.cpp.obj)
                0x1000830c                ST7735_TFT::TFTInitSPIType(unsigned long, spi_inst*)
 .text._ZN5Print5writeEPKhj
                0x10008318       0x28 ../st7735/libst7735.a(ST7735_TFT_Print.cpp.obj)
                0x10008318                Print::write(unsigned char const*, unsigned int)
 .text._ZN19ST7735_TFT_graphicsC2Ev
                0x10008340       0x30 ../st7735/libst7735.a(ST7735_TFT_graphics.cpp.obj)
                0x10008340                ST7735_TFT_graphics::ST7735_TFT_graphics()
                0x10008340                ST7735_TFT_graphics::ST7735_TFT_graphics()
 .text._ZN19ST7735_TFT_graphics12writeCommandEh
                0x10008370      0x2f4 ../st7735/libst7735.a(ST7735_TFT_graphics.cpp.obj)
                0x10008370                ST7735_TFT_graphics::writeCommand(unsigned char)
 .text._ZN19ST7735_TFT_graphics9writeDataEh
                0x10008664      0x2f4 ../st7735/libst7735.a(ST7735_TFT_graphics.cpp.obj)
                0x10008664                ST7735_TFT_graphics::writeData(unsigned char)
 .text._ZN19ST7735_TFT_graphics8spiWriteEh
                0x10008958      0x2d4 ../st7735/libst7735.a(ST7735_TFT_graphics.cpp.obj)
                0x10008958                ST7735_TFT_graphics::spiWrite(unsigned char)
 .text._ZN19ST7735_TFT_graphics16TFTsetAddrWindowEhhhh
                0x10008c2c      0x304 ../st7735/libst7735.a(ST7735_TFT_graphics.cpp.obj)
                0x10008c2c                ST7735_TFT_graphics::TFTsetAddrWindow(unsigned char, unsigned char, unsigned char, unsigned char)
 .text._ZN19ST7735_TFT_graphics16TFTdrawFastVLineEhhht
                0x10008f30      0x754 ../st7735/libst7735.a(ST7735_TFT_graphics.cpp.obj)
                0x10008f30                ST7735_TFT_graphics::TFTdrawFastVLine(unsigned char, unsigned char, unsigned char, unsigned short)
 .text._ZN19ST7735_TFT_graphics11TFTdrawCharEhhhtt
                0x10009684      0x248 ../st7735/libst7735.a(ST7735_TFT_graphics.cpp.obj)
                0x10009684                ST7735_TFT_graphics::TFTdrawChar(unsigned char, unsigned char, unsigned char, unsigned short, unsigned short)
 .text._ZN19ST7735_TFT_graphics11TFTdrawCharEhhhtth
                0x100098cc      0x300 ../st7735/libst7735.a(ST7735_TFT_graphics.cpp.obj)
                0x100098cc                ST7735_TFT_graphics::TFTdrawChar(unsigned char, unsigned char, unsigned char, unsigned short, unsigned short, unsigned char)
 .text._ZN19ST7735_TFT_graphics5writeEh
                0x10009bcc       0xe8 ../st7735/libst7735.a(ST7735_TFT_graphics.cpp.obj)
                0x10009bcc                ST7735_TFT_graphics::write(unsigned char)
 .text._ZN19ST7735_TFT_graphics18spiWriteDataBufferEPhm
                0x10009cb4      0x3fc ../st7735/libst7735.a(ST7735_TFT_graphics.cpp.obj)
                0x10009cb4                ST7735_TFT_graphics::spiWriteDataBuffer(unsigned char*, unsigned long)
 .text._ZN19ST7735_TFT_graphics16TFTfillRectangleEhhhht
                0x1000a0b0       0xfc ../st7735/libst7735.a(ST7735_TFT_graphics.cpp.obj)
                0x1000a0b0                ST7735_TFT_graphics::TFTfillRectangle(unsigned char, unsigned char, unsigned char, unsigned char, unsigned short)
 .text._ZN19ST7735_TFT_graphics19TFTdrawBitmap16DataEhhPhhh
                0x1000a1ac      0x1a0 ../st7735/libst7735.a(ST7735_TFT_graphics.cpp.obj)
                0x1000a1ac                ST7735_TFT_graphics::TFTdrawBitmap16Data(unsigned char, unsigned char, unsigned char*, unsigned char, unsigned char)
 .text._ZN19ST7735_TFT_graphics13TFTfillScreenEt
                0x1000a34c       0xbc ../st7735/libst7735.a(ST7735_TFT_graphics.cpp.obj)
                0x1000a34c                ST7735_TFT_graphics::TFTfillScreen(unsigned short)
 .text          0x1000a408       0x28 /usr/lib/gcc/arm-none-eabi/12.2.1/../../../arm-none-eabi/lib/thumb/v6-m/nofp/libc.a(lib_a-malloc.o)
                0x1000a408                malloc
                0x1000a41c                free
 .text          0x1000a430      0x574 /usr/lib/gcc/arm-none-eabi/12.2.1/../../../arm-none-eabi/lib/thumb/v6-m/nofp/libc.a(lib_a-mallocr.o)
                0x1000a430                _malloc_r
 .text          0x1000a9a4        0x8 /usr/lib/gcc/arm-none-eabi/12.2.1/../../../arm-none-eabi/lib/thumb/v6-m/nofp/libc.a(lib_a-mlock.o)
                0x1000a9a4                __malloc_lock
                0x1000a9a8                __malloc_unlock
 .text          0x1000a9ac       0x24 /usr/lib/gcc/arm-none-eabi/12.2.1/../../../arm-none-eabi/lib/thumb/v6-m/nofp/libc.a(lib_a-sbrkr.o)
                0x1000a9ac                _sbrk_r
 .text          0x1000a9d0       0x5c /usr/lib/gcc/arm-none-eabi/12.2.1/../../../arm-none-eabi/lib/thumb/v6-m/nofp/libc.a(lib_a-strlen-stub.o)
                0x1000a9d0                strlen
 .text          0x1000aa2c      0x260 /usr/lib/gcc/arm-none-eabi/12.2.1/../../../arm-none-eabi/lib/thumb/v6-m/nofp/libc.a(lib_a-freer.o)
                0x1000aa2c                _malloc_trim_r
                0x1000aac8                _free_r
 *(.fini)
 .fini          0x1000ac8c        0x4 /usr/lib/gcc/arm-none-eabi/12.2.1/thumb/v6-m/nofp/crti.o
                0x1000ac8c                _fini
 .fini.__stub   0x1000ac90       0xd0 linker stubs
 *crtbegin.o(.ctors)
 *crtbegin?.o(.ctors)
 *(EXCLUDE_FILE(*crtend.o *crtend?.o) .ctors)
 *(SORT_BY_NAME(.ctors.*))
 *(.ctors)
 *crtbegin.o(.dtors)
 *crtbegin?.o(.dtors)
 *(EXCLUDE_FILE(*crtend.o *crtend?.o) .dtors)
 *(SORT_BY_NAME(.dtors.*))
 *(.dtors)
 *(.eh_frame*)
 .eh_frame      0x1000ad60        0x0 /usr/lib/gcc/arm-none-eabi/12.2.1/thumb/v6-m/nofp/crtbegin.o
                0x1000ad60                        . = ALIGN (0x4)

.glue_7         0x1000ad60        0x0
 .glue_7        0x1000ad60        0x0 linker stubs

.glue_7t        0x1000ad60        0x0
 .glue_7t       0x1000ad60        0x0 linker stubs

.vfp11_veneer   0x1000ad60        0x0
 .vfp11_veneer  0x1000ad60        0x0 linker stubs

.v4_bx          0x1000ad60        0x0
 .v4_bx         0x1000ad60        0x0 linker stubs

.iplt           0x1000ad60        0x0
 .iplt          0x1000ad60        0x0 /usr/lib/gcc/arm-none-eabi/12.2.1/thumb/v6-m/nofp/crtbegin.o

.rodata         0x1000ad60    0x3403c
 *(EXCLUDE_FILE(*libm.a: *libc.a:*lib_a-mem*.o *libgcc.a:) .rodata*)
 .rodata._Z8tftSetupv.str1.4
                0x1000ad60        0xe CMakeFiles/pockpetv1.dir/main.cpp.obj
 *fill*         0x1000ad6e        0x2 
 .rodata._Z13WalkAnimationv.str1.4
                0x1000ad70        0x9 CMakeFiles/pockpetv1.dir/main.cpp.obj
 *fill*         0x1000ad79        0x3 
 .rodata._Z14SleepAnimationv.str1.4
                0x1000ad7c       0x23 CMakeFiles/pockpetv1.dir/main.cpp.obj
 *fill*         0x1000ad9f        0x1 
 .rodata.spin_lock_claim_unused.str1.4
                0x1000ada0       0x1b CMakeFiles/pockpetv1.dir/home/plebish/pico-sdk/src/rp2_common/hardware_sync/sync.c.obj
 *fill*         0x1000adbb        0x1 
 .rodata.user_irq_claim_unused.str1.4
                0x1000adbc       0x1b CMakeFiles/pockpetv1.dir/home/plebish/pico-sdk/src/rp2_common/hardware_irq/irq.c.obj
 *fill*         0x1000add7        0x1 
 .rodata.hardware_alarm_claim.str1.4
                0x1000add8       0x22 CMakeFiles/pockpetv1.dir/home/plebish/pico-sdk/src/rp2_common/hardware_timer/timer.c.obj
 *fill*         0x1000adfa        0x2 
 .rodata.panic.str1.4
                0x1000adfc       0x10 CMakeFiles/pockpetv1.dir/home/plebish/pico-sdk/src/rp2_common/pico_runtime/runtime.c.obj
                                 0x12 (size before relaxing)
 .rodata.hard_assertion_failure.str1.4
                0x1000ae0c        0xc CMakeFiles/pockpetv1.dir/home/plebish/pico-sdk/src/rp2_common/pico_runtime/runtime.c.obj
 .rodata._ftoa.str1.4
                0x1000ae18       0x15 CMakeFiles/pockpetv1.dir/home/plebish/pico-sdk/src/rp2_common/pico_printf/printf.c.obj
 *fill*         0x1000ae2d        0x3 
 .rodata._vsnprintf
                0x1000ae30      0x19c CMakeFiles/pockpetv1.dir/home/plebish/pico-sdk/src/rp2_common/pico_printf/printf.c.obj
 *fill*         0x1000afcc        0x4 
 .rodata.pow10.0
                0x1000afd0       0x50 CMakeFiles/pockpetv1.dir/home/plebish/pico-sdk/src/rp2_common/pico_printf/printf.c.obj
 .rodata.__wrap_malloc.str1.4
                0x1000b020        0xe CMakeFiles/pockpetv1.dir/home/plebish/pico-sdk/src/rp2_common/pico_malloc/pico_malloc.c.obj
 *fill*         0x1000b02e        0x2 
 .rodata.str1.4
                0x1000b030       0x40 CMakeFiles/pockpetv1.dir/home/plebish/pico-sdk/src/rp2_common/pico_standard_link/binary_info.c.obj
 .rodata.__bi_81
                0x1000b070        0xc CMakeFiles/pockpetv1.dir/home/plebish/pico-sdk/src/rp2_common/pico_standard_link/binary_info.c.obj
 .rodata.__bi_75
                0x1000b07c        0xc CMakeFiles/pockpetv1.dir/home/plebish/pico-sdk/src/rp2_common/pico_standard_link/binary_info.c.obj
 .rodata.__bi_44
                0x1000b088        0xc CMakeFiles/pockpetv1.dir/home/plebish/pico-sdk/src/rp2_common/pico_standard_link/binary_info.c.obj
 .rodata.crlf_str.0
                0x1000b094        0x2 CMakeFiles/pockpetv1.dir/home/plebish/pico-sdk/src/rp2_common/pico_stdio/stdio.c.obj
 *fill*         0x1000b096        0x2 
 .rodata._resetd_driver
                0x1000b098       0x18 CMakeFiles/pockpetv1.dir/home/plebish/pico-sdk/src/rp2_common/pico_stdio_usb/reset_interface.c.obj
 .rodata.str1.4
                0x1000b0b0       0x13 CMakeFiles/pockpetv1.dir/home/plebish/pico-sdk/src/rp2_common/pico_stdio_usb/stdio_usb.c.obj
 *fill*         0x1000b0c3        0x1 
 .rodata.__bi_182.0
                0x1000b0c4        0xc CMakeFiles/pockpetv1.dir/home/plebish/pico-sdk/src/rp2_common/pico_stdio_usb/stdio_usb.c.obj
 .rodata.str1.4
                0x1000b0d0       0x2a CMakeFiles/pockpetv1.dir/home/plebish/pico-sdk/src/rp2_common/pico_stdio_usb/stdio_usb_descriptors.c.obj
 *fill*         0x1000b0fa        0x2 
 .rodata.usbd_desc_str
                0x1000b0fc       0x18 CMakeFiles/pockpetv1.dir/home/plebish/pico-sdk/src/rp2_common/pico_stdio_usb/stdio_usb_descriptors.c.obj
 .rodata.usbd_desc_cfg
                0x1000b114       0x54 CMakeFiles/pockpetv1.dir/home/plebish/pico-sdk/src/rp2_common/pico_stdio_usb/stdio_usb_descriptors.c.obj
 .rodata.usbd_desc_device
                0x1000b168       0x12 CMakeFiles/pockpetv1.dir/home/plebish/pico-sdk/src/rp2_common/pico_stdio_usb/stdio_usb_descriptors.c.obj
 *fill*         0x1000b17a        0x2 
 .rodata.str1.4
                0x1000b17c       0x14 CMakeFiles/pockpetv1.dir/home/plebish/pico-sdk/lib/tinyusb/src/portable/raspberrypi/rp2040/dcd_rp2040.c.obj
 .rodata.str1.4
                0x1000b190       0x53 CMakeFiles/pockpetv1.dir/home/plebish/pico-sdk/lib/tinyusb/src/portable/raspberrypi/rp2040/rp2040_usb.c.obj
 *fill*         0x1000b1e3        0x1 
 .rodata.tud_task_ext
                0x1000b1e4       0x8c CMakeFiles/pockpetv1.dir/home/plebish/pico-sdk/lib/tinyusb/src/device/usbd.c.obj
 .rodata._usbd_driver
                0x1000b270       0x18 CMakeFiles/pockpetv1.dir/home/plebish/pico-sdk/lib/tinyusb/src/device/usbd.c.obj
 .rodata._ZN10ST7735_TFT4BcmdEv.str1.4
                0x1000b288       0x25 ../st7735/libst7735.a(ST7735_TFT.cpp.obj)
 *fill*         0x1000b2ad        0x3 
 .rodata._ZN10ST7735_TFT5Rcmd1Ev.str1.4
                0x1000b2b0       0x10 ../st7735/libst7735.a(ST7735_TFT.cpp.obj)
 .rodata._ZTV10ST7735_TFT
                0x1000b2c0       0x14 ../st7735/libst7735.a(ST7735_TFT.cpp.obj)
                0x1000b2c0                vtable for ST7735_TFT
 .rodata        0x1000b2d4       0x20 ../st7735/libst7735.a(ST7735_TFT.cpp.obj)
 .rodata._ZL7x_arrow
                0x1000b2f4      0x548 ../st7735/libst7735.a(ST7735_TFT_Assets.cpp.obj)
 .rodata._ZL15right_arrow_alt
                0x1000b83c      0x548 ../st7735/libst7735.a(ST7735_TFT_Assets.cpp.obj)
 .rodata._ZL11right_arrow
                0x1000bd84      0x548 ../st7735/libst7735.a(ST7735_TFT_Assets.cpp.obj)
 .rodata._ZL14left_arrow_alt
                0x1000c2cc      0x548 ../st7735/libst7735.a(ST7735_TFT_Assets.cpp.obj)
 .rodata._ZL10left_arrow
                0x1000c814      0x548 ../st7735/libst7735.a(ST7735_TFT_Assets.cpp.obj)
 .rodata._ZL16congratulations4
                0x1000cd5c     0x1a16 ../st7735/libst7735.a(ST7735_TFT_Assets.cpp.obj)
 *fill*         0x1000e772        0x2 
 .rodata._ZL16congratulations3
                0x1000e774     0x1a16 ../st7735/libst7735.a(ST7735_TFT_Assets.cpp.obj)
 *fill*         0x1001018a        0x2 
 .rodata._ZL16congratulations2
                0x1001018c     0x1a16 ../st7735/libst7735.a(ST7735_TFT_Assets.cpp.obj)
 *fill*         0x10011ba2        0x2 
 .rodata._ZL16congratulations1
                0x10011ba4     0x1a16 ../st7735/libst7735.a(ST7735_TFT_Assets.cpp.obj)
 *fill*         0x100135ba        0x2 
 .rodata._ZL8barking4
                0x100135bc     0x1a16 ../st7735/libst7735.a(ST7735_TFT_Assets.cpp.obj)
 *fill*         0x10014fd2        0x2 
 .rodata._ZL8barking3
                0x10014fd4     0x1a16 ../st7735/libst7735.a(ST7735_TFT_Assets.cpp.obj)
 *fill*         0x100169ea        0x2 
 .rodata._ZL8barking2
                0x100169ec     0x1a16 ../st7735/libst7735.a(ST7735_TFT_Assets.cpp.obj)
 *fill*         0x10018402        0x2 
 .rodata._ZL8barking1
                0x10018404     0x1a16 ../st7735/libst7735.a(ST7735_TFT_Assets.cpp.obj)
 *fill*         0x10019e1a        0x2 
 .rodata._ZL10sleeping_4
                0x10019e1c     0x1a16 ../st7735/libst7735.a(ST7735_TFT_Assets.cpp.obj)
 *fill*         0x1001b832        0x2 
 .rodata._ZL10sleeping_3
                0x1001b834     0x1a16 ../st7735/libst7735.a(ST7735_TFT_Assets.cpp.obj)
 *fill*         0x1001d24a        0x2 
 .rodata._ZL10sleeping_2
                0x1001d24c     0x1a16 ../st7735/libst7735.a(ST7735_TFT_Assets.cpp.obj)
 *fill*         0x1001ec62        0x2 
 .rodata._ZL10sleeping_1
                0x1001ec64     0x1a16 ../st7735/libst7735.a(ST7735_TFT_Assets.cpp.obj)
 *fill*         0x1002067a        0x2 
 .rodata._ZL7eating4
                0x1002067c     0x1a16 ../st7735/libst7735.a(ST7735_TFT_Assets.cpp.obj)
 *fill*         0x10022092        0x2 
 .rodata._ZL7eating3
                0x10022094     0x1a16 ../st7735/libst7735.a(ST7735_TFT_Assets.cpp.obj)
 *fill*         0x10023aaa        0x2 
 .rodata._ZL7eating2
                0x10023aac     0x1a16 ../st7735/libst7735.a(ST7735_TFT_Assets.cpp.obj)
 *fill*         0x100254c2        0x2 
 .rodata._ZL7eating1
                0x100254c4     0x1a16 ../st7735/libst7735.a(ST7735_TFT_Assets.cpp.obj)
 *fill*         0x10026eda        0x2 
 .rodata._ZL12walking_bck3
                0x10026edc     0x1a16 ../st7735/libst7735.a(ST7735_TFT_Assets.cpp.obj)
 *fill*         0x100288f2        0x2 
 .rodata._ZL12walking_bck2
                0x100288f4     0x1a16 ../st7735/libst7735.a(ST7735_TFT_Assets.cpp.obj)
 *fill*         0x1002a30a        0x2 
 .rodata._ZL12walking_bck1
                0x1002a30c     0x1a16 ../st7735/libst7735.a(ST7735_TFT_Assets.cpp.obj)
 *fill*         0x1002bd22        0x2 
 .rodata._ZL12walking_fwd3
                0x1002bd24     0x1a16 ../st7735/libst7735.a(ST7735_TFT_Assets.cpp.obj)
 *fill*         0x1002d73a        0x2 
 .rodata._ZL12walking_fwd2
                0x1002d73c     0x1a16 ../st7735/libst7735.a(ST7735_TFT_Assets.cpp.obj)
 *fill*         0x1002f152        0x2 
 .rodata._ZL12walking_fwd1
                0x1002f154     0x1a16 ../st7735/libst7735.a(ST7735_TFT_Assets.cpp.obj)
 *fill*         0x10030b6a        0x2 
 .rodata._ZL14sleep_icon_alt
                0x10030b6c      0x692 ../st7735/libst7735.a(ST7735_TFT_Assets.cpp.obj)
 *fill*         0x100311fe        0x2 
 .rodata._ZL10sleep_icon
                0x10031200      0x692 ../st7735/libst7735.a(ST7735_TFT_Assets.cpp.obj)
 *fill*         0x10031892        0x2 
 .rodata._ZL14heart_icon_alt
                0x10031894      0x692 ../st7735/libst7735.a(ST7735_TFT_Assets.cpp.obj)
 *fill*         0x10031f26        0x2 
 .rodata._ZL10heart_icon
                0x10031f28      0x692 ../st7735/libst7735.a(ST7735_TFT_Assets.cpp.obj)
 *fill*         0x100325ba        0x2 
 .rodata._ZL12eat_icon_alt
                0x100325bc      0x692 ../st7735/libst7735.a(ST7735_TFT_Assets.cpp.obj)
 *fill*         0x10032c4e        0x2 
 .rodata._ZL8eat_icon
                0x10032c50      0x692 ../st7735/libst7735.a(ST7735_TFT_Assets.cpp.obj)
 *fill*         0x100332e2        0x2 
 .rodata._ZL6steak5
                0x100332e4      0xc80 ../st7735/libst7735.a(ST7735_TFT_Assets.cpp.obj)
 .rodata._ZL6steak4
                0x10033f64      0xc80 ../st7735/libst7735.a(ST7735_TFT_Assets.cpp.obj)
 .rodata._ZL6steak3
                0x10034be4      0xc80 ../st7735/libst7735.a(ST7735_TFT_Assets.cpp.obj)
 .rodata._ZL6steak2
                0x10035864      0xc80 ../st7735/libst7735.a(ST7735_TFT_Assets.cpp.obj)
 .rodata._ZL6steak1
                0x100364e4      0xc80 ../st7735/libst7735.a(ST7735_TFT_Assets.cpp.obj)
 .rodata._ZL10curtain_bg
                0x10037164      0xe00 ../st7735/libst7735.a(ST7735_TFT_Assets.cpp.obj)
 .rodata._ZL8floor_bg
                0x10037f64     0x2f00 ../st7735/libst7735.a(ST7735_TFT_Assets.cpp.obj)
 .rodata._ZN19ST7735_TFT_graphics11TFTdrawCharEhhhtt.str1.4
                0x1003ae64      0x10c ../st7735/libst7735.a(ST7735_TFT_graphics.cpp.obj)
 .rodata._ZN19ST7735_TFT_graphics11TFTdrawCharEhhhtt
                0x1003af70       0x18 ../st7735/libst7735.a(ST7735_TFT_graphics.cpp.obj)
 .rodata._ZN19ST7735_TFT_graphics11TFTdrawCharEhhhtth.str1.4
                0x1003af88       0xbb ../st7735/libst7735.a(ST7735_TFT_graphics.cpp.obj)
 *fill*         0x1003b043        0x1 
 .rodata._ZN19ST7735_TFT_graphics11TFTdrawCharEhhhtth
                0x1003b044       0x1c ../st7735/libst7735.a(ST7735_TFT_graphics.cpp.obj)
 .rodata._ZN19ST7735_TFT_graphics5writeEh.str1.4
                0x1003b060       0x6d ../st7735/libst7735.a(ST7735_TFT_graphics.cpp.obj)
 *fill*         0x1003b0cd        0x3 
 .rodata._ZN19ST7735_TFT_graphics16TFTfillRectangleEhhhht.str1.4
                0x1003b0d0       0x6a ../st7735/libst7735.a(ST7735_TFT_graphics.cpp.obj)
 *fill*         0x1003b13a        0x2 
 .rodata._ZN19ST7735_TFT_graphics19TFTdrawBitmap24DataEhhPhhh.str1.4
                0x1003b13c       0x9e ../st7735/libst7735.a(ST7735_TFT_graphics.cpp.obj)
 *fill*         0x1003b1da        0x2 
 .rodata._ZN19ST7735_TFT_graphics19TFTdrawBitmap16DataEhhPhhh.str1.4
                0x1003b1dc       0x69 ../st7735/libst7735.a(ST7735_TFT_graphics.cpp.obj)
 *fill*         0x1003b245        0x3 
 .rodata._ZTV19ST7735_TFT_graphics
                0x1003b248       0x14 ../st7735/libst7735.a(ST7735_TFT_graphics.cpp.obj)
                0x1003b248                vtable for ST7735_TFT_graphics
 .rodata._ZL11Font_Twelve
                0x1003b25c      0x474 ../st7735/libst7735.a(ST7735_TFT_Font.cpp.obj)
 .rodata._ZL11Font_Eleven
                0x1003b6d0      0x5f0 ../st7735/libst7735.a(ST7735_TFT_Font.cpp.obj)
 .rodata._ZL8Font_Ten
                0x1003bcc0      0xc00 ../st7735/libst7735.a(ST7735_TFT_Font.cpp.obj)
 .rodata._ZL9Font_Nine
                0x1003c8c0     0x1200 ../st7735/libst7735.a(ST7735_TFT_Font.cpp.obj)
 .rodata._ZL10Font_Eight
                0x1003dac0      0x1c0 ../st7735/libst7735.a(ST7735_TFT_Font.cpp.obj)
 .rodata._ZL10Font_Seven
                0x1003dc80      0x380 ../st7735/libst7735.a(ST7735_TFT_Font.cpp.obj)
 .rodata._ZL8Font_Six
                0x1003e000      0x299 ../st7735/libst7735.a(ST7735_TFT_Font.cpp.obj)
 *fill*         0x1003e299        0x3 
 .rodata._ZL9Font_Five
                0x1003e29c      0x120 ../st7735/libst7735.a(ST7735_TFT_Font.cpp.obj)
 .rodata._ZL9Font_Four
                0x1003e3bc      0x1d8 ../st7735/libst7735.a(ST7735_TFT_Font.cpp.obj)
 .rodata._ZL10Font_Three
                0x1003e594      0x16c ../st7735/libst7735.a(ST7735_TFT_Font.cpp.obj)
 .rodata._ZL8Font_Two
                0x1003e700      0x19d ../st7735/libst7735.a(ST7735_TFT_Font.cpp.obj)
 *fill*         0x1003e89d        0x3 
 .rodata._ZL8Font_One
                0x1003e8a0      0x4fb ../st7735/libst7735.a(ST7735_TFT_Font.cpp.obj)
                0x1003ed9c                        . = ALIGN (0x4)
 *fill*         0x1003ed9b        0x1 
 *(SORT_BY_ALIGNMENT(SORT_BY_NAME(.flashdata*)))
                0x1003ed9c                        . = ALIGN (0x4)

.ARM.extab
 *(.ARM.extab* .gnu.linkonce.armextab.*)
                0x1003ed9c                        __exidx_start = .

.ARM.exidx
 *(.ARM.exidx* .gnu.linkonce.armexidx.*)
                0x1003ed9c                        __exidx_end = .
                0x1003ed9c                        . = ALIGN (0x4)
                0x1003ed9c                        __binary_info_start = .

.binary_info    0x1003ed9c       0x20
 *(.binary_info.keep.*)
 .binary_info.keep.__bi_ptr81
                0x1003ed9c        0x4 CMakeFiles/pockpetv1.dir/home/plebish/pico-sdk/src/rp2_common/pico_standard_link/binary_info.c.obj
 .binary_info.keep.__bi_ptr75
                0x1003eda0        0x4 CMakeFiles/pockpetv1.dir/home/plebish/pico-sdk/src/rp2_common/pico_standard_link/binary_info.c.obj
 .binary_info.keep.__bi_ptr50
                0x1003eda4        0x4 CMakeFiles/pockpetv1.dir/home/plebish/pico-sdk/src/rp2_common/pico_standard_link/binary_info.c.obj
 .binary_info.keep.__bi_ptr44
                0x1003eda8        0x4 CMakeFiles/pockpetv1.dir/home/plebish/pico-sdk/src/rp2_common/pico_standard_link/binary_info.c.obj
 .binary_info.keep.__bi_ptr38
                0x1003edac        0x4 CMakeFiles/pockpetv1.dir/home/plebish/pico-sdk/src/rp2_common/pico_standard_link/binary_info.c.obj
 .binary_info.keep.__bi_ptr30
                0x1003edb0        0x4 CMakeFiles/pockpetv1.dir/home/plebish/pico-sdk/src/rp2_common/pico_standard_link/binary_info.c.obj
 .binary_info.keep.__bi_ptr22
                0x1003edb4        0x4 CMakeFiles/pockpetv1.dir/home/plebish/pico-sdk/src/rp2_common/pico_standard_link/binary_info.c.obj
 *(.binary_info.*)
 .binary_info.__bi_ptr182
                0x1003edb8        0x4 CMakeFiles/pockpetv1.dir/home/plebish/pico-sdk/src/rp2_common/pico_stdio_usb/stdio_usb.c.obj
                0x1003edbc                        __binary_info_end = .

.rel.dyn        0x1003edbc        0x0
 .rel.iplt      0x1003edbc        0x0 /usr/lib/gcc/arm-none-eabi/12.2.1/thumb/v6-m/nofp/crtbegin.o
                0x1003edbc                        . = ALIGN (0x4)

.ram_vector_table
                0x20000000       0xc0
 *(.ram_vector_table)
 .ram_vector_table
                0x20000000       0xc0 CMakeFiles/pockpetv1.dir/home/plebish/pico-sdk/src/rp2_common/pico_runtime/runtime.c.obj
                0x20000000                ram_vector_table

.data           0x200000c0     0x1784 load address 0x1003edbc
                0x200000c0                        __data_start__ = .
 *(vtable)
 *(.time_critical*)
 .time_critical.mutex_try_enter
                0x200000c0       0x40 CMakeFiles/pockpetv1.dir/home/plebish/pico-sdk/src/common/pico_sync/mutex.c.obj
                0x200000c0                mutex_try_enter
 .time_critical.mutex_try_enter_block_until
                0x20000100       0x9c CMakeFiles/pockpetv1.dir/home/plebish/pico-sdk/src/common/pico_sync/mutex.c.obj
                0x20000100                mutex_try_enter_block_until
 .time_critical.mutex_enter_timeout_ms
                0x2000019c       0x90 CMakeFiles/pockpetv1.dir/home/plebish/pico-sdk/src/common/pico_sync/mutex.c.obj
                0x2000019c                mutex_enter_timeout_ms
 .time_critical.mutex_exit
                0x2000022c       0x28 CMakeFiles/pockpetv1.dir/home/plebish/pico-sdk/src/common/pico_sync/mutex.c.obj
                0x2000022c                mutex_exit
 .time_critical.flash_init_boot2_copyout
                0x20000254       0x30 CMakeFiles/pockpetv1.dir/home/plebish/pico-sdk/src/rp2_common/hardware_flash/flash.c.obj
 .time_critical.flash_enable_xip_via_boot2
                0x20000284        0xc CMakeFiles/pockpetv1.dir/home/plebish/pico-sdk/src/rp2_common/hardware_flash/flash.c.obj
 .time_critical.flash_cs_force
                0x20000290       0x38 CMakeFiles/pockpetv1.dir/home/plebish/pico-sdk/src/rp2_common/hardware_flash/flash.c.obj
 .time_critical.flash_do_cmd
                0x200002c8       0xc0 CMakeFiles/pockpetv1.dir/home/plebish/pico-sdk/src/rp2_common/hardware_flash/flash.c.obj
                0x200002c8                flash_do_cmd
 .time_critical.reset_non_control_endpoints
                0x20000388       0x68 CMakeFiles/pockpetv1.dir/home/plebish/pico-sdk/lib/tinyusb/src/portable/raspberrypi/rp2040/dcd_rp2040.c.obj
 .time_critical.hw_handle_buff_status
                0x200003f0       0xac CMakeFiles/pockpetv1.dir/home/plebish/pico-sdk/lib/tinyusb/src/portable/raspberrypi/rp2040/dcd_rp2040.c.obj
 .time_critical.dcd_rp2040_irq
                0x2000049c      0x510 CMakeFiles/pockpetv1.dir/home/plebish/pico-sdk/lib/tinyusb/src/portable/raspberrypi/rp2040/dcd_rp2040.c.obj
 .time_critical.e15_is_bulkin_ep
                0x200009ac       0x28 CMakeFiles/pockpetv1.dir/home/plebish/pico-sdk/lib/tinyusb/src/portable/raspberrypi/rp2040/rp2040_usb.c.obj
 .time_critical.e15_is_critical_frame_period
                0x200009d4       0x34 CMakeFiles/pockpetv1.dir/home/plebish/pico-sdk/lib/tinyusb/src/portable/raspberrypi/rp2040/rp2040_usb.c.obj
 .time_critical.prepare_ep_buffer
                0x20000a08       0x6c CMakeFiles/pockpetv1.dir/home/plebish/pico-sdk/lib/tinyusb/src/portable/raspberrypi/rp2040/rp2040_usb.c.obj
 .time_critical.sync_ep_buffer
                0x20000a74       0x48 CMakeFiles/pockpetv1.dir/home/plebish/pico-sdk/lib/tinyusb/src/portable/raspberrypi/rp2040/rp2040_usb.c.obj
 .time_critical._hw_endpoint_xfer_sync
                0x20000abc       0x28 CMakeFiles/pockpetv1.dir/home/plebish/pico-sdk/lib/tinyusb/src/portable/raspberrypi/rp2040/rp2040_usb.c.obj
 .time_critical.hw_endpoint_reset_transfer
                0x20000ae4        0xc CMakeFiles/pockpetv1.dir/home/plebish/pico-sdk/lib/tinyusb/src/portable/raspberrypi/rp2040/rp2040_usb.c.obj
                0x20000ae4                hw_endpoint_reset_transfer
 .time_critical._hw_endpoint_buffer_control_update32
                0x20000af0       0x58 CMakeFiles/pockpetv1.dir/home/plebish/pico-sdk/lib/tinyusb/src/portable/raspberrypi/rp2040/rp2040_usb.c.obj
                0x20000af0                _hw_endpoint_buffer_control_update32
 .time_critical.hw_endpoint_start_next_buffer
                0x20000b48       0x6c CMakeFiles/pockpetv1.dir/home/plebish/pico-sdk/lib/tinyusb/src/portable/raspberrypi/rp2040/rp2040_usb.c.obj
                0x20000b48                hw_endpoint_start_next_buffer
 .time_critical.hw_endpoint_xfer_continue
                0x20000bb4       0x50 CMakeFiles/pockpetv1.dir/home/plebish/pico-sdk/lib/tinyusb/src/portable/raspberrypi/rp2040/rp2040_usb.c.obj
                0x20000bb4                hw_endpoint_xfer_continue
 .time_critical.tinyusb
                0x20000c04      0x170 CMakeFiles/pockpetv1.dir/home/plebish/pico-sdk/lib/tinyusb/src/device/usbd.c.obj
                0x20000c04                dcd_event_handler
 .time_critical.spi_write_blocking
                0x20000d74       0x4c CMakeFiles/pockpetv1.dir/home/plebish/pico-sdk/src/rp2_common/hardware_spi/spi.c.obj
                0x20000d74                spi_write_blocking
 *(.text*)
 .text          0x20000dc0        0x4 /usr/lib/gcc/arm-none-eabi/12.2.1/thumb/v6-m/nofp/libgcc.a(_dvmd_tls.o)
                0x20000dc0                __aeabi_ldiv0
                0x20000dc0                __aeabi_idiv0
 *fill*         0x20000dc4        0x4 
 .text.__stub   0x20000dc8       0x70 linker stubs
                0x20000e38                        . = ALIGN (0x4)
 *(.rodata*)
                0x20000e38                        . = ALIGN (0x4)
 *(.data*)
 .data.striped_spin_lock_num
                0x20000e38        0x1 CMakeFiles/pockpetv1.dir/home/plebish/pico-sdk/src/rp2_common/hardware_sync/sync.c.obj
 *fill*         0x20000e39        0x3 
 .data          0x20000e3c       0x48 CMakeFiles/pockpetv1.dir/home/plebish/pico-sdk/src/rp2_common/hardware_irq/irq_handler_chain.S.obj
                0x20000e3c                irq_handler_chain_slots
                0x20000e6c                irq_handler_chain_first_slot
                0x20000e76                irq_handler_chain_remove_tail
 .data.default_alarm_pool
                0x20000e84       0x18 CMakeFiles/pockpetv1.dir/home/plebish/pico-sdk/src/common/pico_time/time.c.obj
 .data.default_alarm_pool_heap
                0x20000e9c       0x10 CMakeFiles/pockpetv1.dir/home/plebish/pico-sdk/src/common/pico_time/time.c.obj
 *fill*         0x20000eac        0x4 
 .data.aeabi_bits_funcs
                0x20000eb0       0x10 CMakeFiles/pockpetv1.dir/home/plebish/pico-sdk/src/rp2_common/pico_bit_ops/bit_ops_aeabi.S.obj
                0x20000eb0                aeabi_bits_funcs
                0x20000ec0                aeabi_bits_funcs_end
 .data.aeabi_mem_funcs
                0x20000ec0       0x10 CMakeFiles/pockpetv1.dir/home/plebish/pico-sdk/src/rp2_common/pico_mem_ops/mem_ops_aeabi.S.obj
                0x20000ec0                aeabi_mem_funcs
                0x20000ed0                aeabi_mem_funcs_end
 .data.stdio_usb
                0x20000ed0       0x18 CMakeFiles/pockpetv1.dir/home/plebish/pico-sdk/src/rp2_common/pico_stdio_usb/stdio_usb.c.obj
                0x20000ed0                stdio_usb
 .data.ep_dir_string
                0x20000ee8        0x8 CMakeFiles/pockpetv1.dir/home/plebish/pico-sdk/lib/tinyusb/src/portable/raspberrypi/rp2040/rp2040_usb.c.obj
                0x20000ee8                ep_dir_string
 .data._usbd_qdef
                0x20000ef0       0x1c CMakeFiles/pockpetv1.dir/home/plebish/pico-sdk/lib/tinyusb/src/device/usbd.c.obj
                0x20000ef0                _usbd_qdef
 .data._usbd_rhport
                0x20000f0c        0x1 CMakeFiles/pockpetv1.dir/home/plebish/pico-sdk/lib/tinyusb/src/device/usbd.c.obj
 *fill*         0x20000f0d        0x3 
 .data.pcongratulations4
                0x20000f10        0x4 ../st7735/libst7735.a(ST7735_TFT_Assets.cpp.obj)
                0x20000f10                pcongratulations4
 .data.pcongratulations3
                0x20000f14        0x4 ../st7735/libst7735.a(ST7735_TFT_Assets.cpp.obj)
                0x20000f14                pcongratulations3
 .data.pcongratulations2
                0x20000f18        0x4 ../st7735/libst7735.a(ST7735_TFT_Assets.cpp.obj)
                0x20000f18                pcongratulations2
 .data.pcongratulations1
                0x20000f1c        0x4 ../st7735/libst7735.a(ST7735_TFT_Assets.cpp.obj)
                0x20000f1c                pcongratulations1
 .data.psleeping4
                0x20000f20        0x4 ../st7735/libst7735.a(ST7735_TFT_Assets.cpp.obj)
                0x20000f20                psleeping4
 .data.psleeping3
                0x20000f24        0x4 ../st7735/libst7735.a(ST7735_TFT_Assets.cpp.obj)
                0x20000f24                psleeping3
 .data.psleeping2
                0x20000f28        0x4 ../st7735/libst7735.a(ST7735_TFT_Assets.cpp.obj)
                0x20000f28                psleeping2
 .data.psleeping1
                0x20000f2c        0x4 ../st7735/libst7735.a(ST7735_TFT_Assets.cpp.obj)
                0x20000f2c                psleeping1
 .data.pbarking4
                0x20000f30        0x4 ../st7735/libst7735.a(ST7735_TFT_Assets.cpp.obj)
                0x20000f30                pbarking4
 .data.pbarking3
                0x20000f34        0x4 ../st7735/libst7735.a(ST7735_TFT_Assets.cpp.obj)
                0x20000f34                pbarking3
 .data.pbarking2
                0x20000f38        0x4 ../st7735/libst7735.a(ST7735_TFT_Assets.cpp.obj)
                0x20000f38                pbarking2
 .data.pbarking1
                0x20000f3c        0x4 ../st7735/libst7735.a(ST7735_TFT_Assets.cpp.obj)
                0x20000f3c                pbarking1
 .data.peating4
                0x20000f40        0x4 ../st7735/libst7735.a(ST7735_TFT_Assets.cpp.obj)
                0x20000f40                peating4
 .data.peating3
                0x20000f44        0x4 ../st7735/libst7735.a(ST7735_TFT_Assets.cpp.obj)
                0x20000f44                peating3
 .data.peating2
                0x20000f48        0x4 ../st7735/libst7735.a(ST7735_TFT_Assets.cpp.obj)
                0x20000f48                peating2
 .data.peating1
                0x20000f4c        0x4 ../st7735/libst7735.a(ST7735_TFT_Assets.cpp.obj)
                0x20000f4c                peating1
 .data.pwalking_bck3
                0x20000f50        0x4 ../st7735/libst7735.a(ST7735_TFT_Assets.cpp.obj)
                0x20000f50                pwalking_bck3
 .data.pwalking_bck2
                0x20000f54        0x4 ../st7735/libst7735.a(ST7735_TFT_Assets.cpp.obj)
                0x20000f54                pwalking_bck2
 .data.pwalking_bck1
                0x20000f58        0x4 ../st7735/libst7735.a(ST7735_TFT_Assets.cpp.obj)
                0x20000f58                pwalking_bck1
 .data.pwalking_fwd3
                0x20000f5c        0x4 ../st7735/libst7735.a(ST7735_TFT_Assets.cpp.obj)
                0x20000f5c                pwalking_fwd3
 .data.pwalking_fwd2
                0x20000f60        0x4 ../st7735/libst7735.a(ST7735_TFT_Assets.cpp.obj)
                0x20000f60                pwalking_fwd2
 .data.pwalking_fwd1
                0x20000f64        0x4 ../st7735/libst7735.a(ST7735_TFT_Assets.cpp.obj)
                0x20000f64                pwalking_fwd1
 .data.px_arrow
                0x20000f68        0x4 ../st7735/libst7735.a(ST7735_TFT_Assets.cpp.obj)
                0x20000f68                px_arrow
 .data.pright_arrow_alt
                0x20000f6c        0x4 ../st7735/libst7735.a(ST7735_TFT_Assets.cpp.obj)
                0x20000f6c                pright_arrow_alt
 .data.pright_arrow
                0x20000f70        0x4 ../st7735/libst7735.a(ST7735_TFT_Assets.cpp.obj)
                0x20000f70                pright_arrow
 .data.pleft_arrow_alt
                0x20000f74        0x4 ../st7735/libst7735.a(ST7735_TFT_Assets.cpp.obj)
                0x20000f74                pleft_arrow_alt
 .data.pleft_arrow
                0x20000f78        0x4 ../st7735/libst7735.a(ST7735_TFT_Assets.cpp.obj)
                0x20000f78                pleft_arrow
 .data.pheart_icon_alt
                0x20000f7c        0x4 ../st7735/libst7735.a(ST7735_TFT_Assets.cpp.obj)
                0x20000f7c                pheart_icon_alt
 .data.pheart_icon
                0x20000f80        0x4 ../st7735/libst7735.a(ST7735_TFT_Assets.cpp.obj)
                0x20000f80                pheart_icon
 .data.psleep_icon_alt
                0x20000f84        0x4 ../st7735/libst7735.a(ST7735_TFT_Assets.cpp.obj)
                0x20000f84                psleep_icon_alt
 .data.psleep_icon
                0x20000f88        0x4 ../st7735/libst7735.a(ST7735_TFT_Assets.cpp.obj)
                0x20000f88                psleep_icon
 .data.peat_icon_alt
                0x20000f8c        0x4 ../st7735/libst7735.a(ST7735_TFT_Assets.cpp.obj)
                0x20000f8c                peat_icon_alt
 .data.peat_icon
                0x20000f90        0x4 ../st7735/libst7735.a(ST7735_TFT_Assets.cpp.obj)
                0x20000f90                peat_icon
 .data.psteak5  0x20000f94        0x4 ../st7735/libst7735.a(ST7735_TFT_Assets.cpp.obj)
                0x20000f94                psteak5
 .data.psteak4  0x20000f98        0x4 ../st7735/libst7735.a(ST7735_TFT_Assets.cpp.obj)
                0x20000f98                psteak4
 .data.psteak3  0x20000f9c        0x4 ../st7735/libst7735.a(ST7735_TFT_Assets.cpp.obj)
                0x20000f9c                psteak3
 .data.psteak2  0x20000fa0        0x4 ../st7735/libst7735.a(ST7735_TFT_Assets.cpp.obj)
                0x20000fa0                psteak2
 .data.psteak1  0x20000fa4        0x4 ../st7735/libst7735.a(ST7735_TFT_Assets.cpp.obj)
                0x20000fa4                psteak1
 .data.pcurtain_bg
                0x20000fa8        0x4 ../st7735/libst7735.a(ST7735_TFT_Assets.cpp.obj)
                0x20000fa8                pcurtain_bg
 .data.pfloor_bg
                0x20000fac        0x4 ../st7735/libst7735.a(ST7735_TFT_Assets.cpp.obj)
                0x20000fac                pfloor_bg
 .data.pFontDedica6x12ptr
                0x20000fb0        0x4 ../st7735/libst7735.a(ST7735_TFT_Font.cpp.obj)
                0x20000fb0                pFontDedica6x12ptr
 .data.pFontMia8x16ptr
                0x20000fb4        0x4 ../st7735/libst7735.a(ST7735_TFT_Font.cpp.obj)
                0x20000fb4                pFontMia8x16ptr
 .data.pFontArial16x16ptr
                0x20000fb8        0x4 ../st7735/libst7735.a(ST7735_TFT_Font.cpp.obj)
                0x20000fb8                pFontArial16x16ptr
 .data.pFontArial16x24ptr
                0x20000fbc        0x4 ../st7735/libst7735.a(ST7735_TFT_Font.cpp.obj)
                0x20000fbc                pFontArial16x24ptr
 .data.pFontMedNum16x16ptr
                0x20000fc0        0x4 ../st7735/libst7735.a(ST7735_TFT_Font.cpp.obj)
                0x20000fc0                pFontMedNum16x16ptr
 .data.pFontBigNum16x32ptr
                0x20000fc4        0x4 ../st7735/libst7735.a(ST7735_TFT_Font.cpp.obj)
                0x20000fc4                pFontBigNum16x32ptr
 .data.pFontHomeSpunptr
                0x20000fc8        0x4 ../st7735/libst7735.a(ST7735_TFT_Font.cpp.obj)
                0x20000fc8                pFontHomeSpunptr
 .data.pFontTinyptr
                0x20000fcc        0x4 ../st7735/libst7735.a(ST7735_TFT_Font.cpp.obj)
                0x20000fcc                pFontTinyptr
 .data.pFontWideptr
                0x20000fd0        0x4 ../st7735/libst7735.a(ST7735_TFT_Font.cpp.obj)
                0x20000fd0                pFontWideptr
 .data.pFontSevenSegptr
                0x20000fd4        0x4 ../st7735/libst7735.a(ST7735_TFT_Font.cpp.obj)
                0x20000fd4                pFontSevenSegptr
 .data.pFontThickptr
                0x20000fd8        0x4 ../st7735/libst7735.a(ST7735_TFT_Font.cpp.obj)
                0x20000fd8                pFontThickptr
 .data.pFontDefaultptr
                0x20000fdc        0x4 ../st7735/libst7735.a(ST7735_TFT_Font.cpp.obj)
                0x20000fdc                pFontDefaultptr
 .data          0x20000fe0      0x430 /usr/lib/gcc/arm-none-eabi/12.2.1/../../../arm-none-eabi/lib/thumb/v6-m/nofp/libc.a(lib_a-impure.o)
                0x20000fe0                _impure_ptr
 .data          0x20001410      0x410 /usr/lib/gcc/arm-none-eabi/12.2.1/../../../arm-none-eabi/lib/thumb/v6-m/nofp/libc.a(lib_a-mallocr.o)
                0x20001410                __malloc_sbrk_base
                0x20001414                __malloc_trim_threshold
                0x20001418                __malloc_av_
                0x20001820                        . = ALIGN (0x4)
 *(.after_data.*)
                0x20001820                        . = ALIGN (0x4)
                0x20001820                        PROVIDE (__mutex_array_start = .)
 *(SORT_BY_NAME(.mutex_array.*))
 *(.mutex_array)
 .mutex_array   0x20001820        0x8 CMakeFiles/pockpetv1.dir/home/plebish/pico-sdk/src/rp2_common/pico_stdio/stdio.c.obj
                0x20001828                        PROVIDE (__mutex_array_end = .)
                0x20001828                        . = ALIGN (0x4)
                0x20001828                        PROVIDE (__preinit_array_start = .)
 *(SORT_BY_NAME(.preinit_array.*))
 .preinit_array.00001
                0x20001828        0x4 CMakeFiles/pockpetv1.dir/home/plebish/pico-sdk/src/rp2_common/pico_mem_ops/mem_ops_aeabi.S.obj
 .preinit_array.00010
                0x2000182c        0x4 CMakeFiles/pockpetv1.dir/home/plebish/pico-sdk/src/rp2_common/pico_bit_ops/bit_ops_aeabi.S.obj
 .preinit_array.00020
                0x20001830        0x4 CMakeFiles/pockpetv1.dir/home/plebish/pico-sdk/src/rp2_common/pico_double/double_aeabi.S.obj
 .preinit_array.00020
                0x20001834        0x4 CMakeFiles/pockpetv1.dir/home/plebish/pico-sdk/src/rp2_common/pico_float/float_aeabi.S.obj
 *(.preinit_array)
                0x20001838                        PROVIDE (__preinit_array_end = .)
                0x20001838                        . = ALIGN (0x4)
                0x20001838                        PROVIDE (__init_array_start = .)
 *(SORT_BY_NAME(.init_array.*))
 *(.init_array)
 .init_array    0x20001838        0x4 /usr/lib/gcc/arm-none-eabi/12.2.1/thumb/v6-m/nofp/crtbegin.o
 .init_array    0x2000183c        0x4 CMakeFiles/pockpetv1.dir/main.cpp.obj
 .init_array    0x20001840        0x4 CMakeFiles/pockpetv1.dir/home/plebish/pico-sdk/src/rp2_common/pico_unique_id/unique_id.c.obj
                0x20001844                        PROVIDE (__init_array_end = .)
                0x20001844                        . = ALIGN (0x4)
                0x20001844                        PROVIDE (__fini_array_start = .)
 *(SORT_BY_NAME(.fini_array.*))
 *(.fini_array)
                0x20001844                        PROVIDE (__fini_array_end = .)
 *(.jcr)
                0x20001844                        . = ALIGN (0x4)
                0x20001844                        __data_end__ = .
                0x1003edbc                        __etext = LOADADDR (.data)

.tm_clone_table
                0x20001844        0x0 load address 0x10040540
 .tm_clone_table
                0x20001844        0x0 /usr/lib/gcc/arm-none-eabi/12.2.1/thumb/v6-m/nofp/crtbegin.o
 .tm_clone_table
                0x20001844        0x0 /usr/lib/gcc/arm-none-eabi/12.2.1/thumb/v6-m/nofp/crtend.o

.igot.plt       0x20001844        0x0 load address 0x10040540
 .igot.plt      0x20001844        0x0 /usr/lib/gcc/arm-none-eabi/12.2.1/thumb/v6-m/nofp/crtbegin.o

.uninitialized_data
                0x20001848       0x20 load address 0x10040540
                0x20001848                        . = ALIGN (0x4)
 *(.uninitialized_data*)
 .uninitialized_data.rosc_samples
                0x20001848        0x8 CMakeFiles/pockpetv1.dir/home/plebish/pico-sdk/src/rp2_common/pico_rand/rand.c.obj
 .uninitialized_data.ram_hash
                0x20001850        0x8 CMakeFiles/pockpetv1.dir/home/plebish/pico-sdk/src/rp2_common/pico_rand/rand.c.obj
 .uninitialized_data.rng_state
                0x20001858       0x10 CMakeFiles/pockpetv1.dir/home/plebish/pico-sdk/src/rp2_common/pico_rand/rand.c.obj

.scratch_x      0x20040000        0x0 load address 0x10040540
                0x20040000                        __scratch_x_start__ = .
 *(.scratch_x.*)
                0x20040000                        . = ALIGN (0x4)