Archive member included to satisfy reference by file (symbol)

/usr/lib/gcc/arm-none-eabi/9.2.1/../../../arm-none-eabi/lib/thumb/v6-m/nofp/libstdc++.a(pure.o)
                              CMakeFiles/pockpet.dir/src/st7735/ST7735_TFT_Print.cpp.obj (__cxa_pure_virtual)
/usr/lib/gcc/arm-none-eabi/9.2.1/../../../arm-none-eabi/lib/thumb/v6-m/nofp/libstdc++.a(eh_terminate.o)
                              /usr/lib/gcc/arm-none-eabi/9.2.1/../../../arm-none-eabi/lib/thumb/v6-m/nofp/libstdc++.a(pure.o) (std::terminate())
/usr/lib/gcc/arm-none-eabi/9.2.1/../../../arm-none-eabi/lib/thumb/v6-m/nofp/libstdc++.a(eh_unex_handler.o)
                              /usr/lib/gcc/arm-none-eabi/9.2.1/../../../arm-none-eabi/lib/thumb/v6-m/nofp/libstdc++.a(eh_terminate.o) (__cxxabiv1::__unexpected_handler)
/usr/lib/gcc/arm-none-eabi/9.2.1/../../../arm-none-eabi/lib/thumb/v6-m/nofp/libstdc++.a(eh_arm.o)
                              /usr/lib/gcc/arm-none-eabi/9.2.1/../../../arm-none-eabi/lib/thumb/v6-m/nofp/libstdc++.a(eh_terminate.o) (__cxa_end_cleanup)
/usr/lib/gcc/arm-none-eabi/9.2.1/../../../arm-none-eabi/lib/thumb/v6-m/nofp/libstdc++.a(eh_call.o)
                              /usr/lib/gcc/arm-none-eabi/9.2.1/../../../arm-none-eabi/lib/thumb/v6-m/nofp/libstdc++.a(eh_terminate.o) (__cxa_call_unexpected)
/usr/lib/gcc/arm-none-eabi/9.2.1/../../../arm-none-eabi/lib/thumb/v6-m/nofp/libstdc++.a(eh_catch.o)
                              /usr/lib/gcc/arm-none-eabi/9.2.1/../../../arm-none-eabi/lib/thumb/v6-m/nofp/libstdc++.a(eh_terminate.o) (__cxa_begin_catch)
/usr/lib/gcc/arm-none-eabi/9.2.1/../../../arm-none-eabi/lib/thumb/v6-m/nofp/libstdc++.a(eh_exception.o)
                              /usr/lib/gcc/arm-none-eabi/9.2.1/../../../arm-none-eabi/lib/thumb/v6-m/nofp/libstdc++.a(eh_call.o) (std::bad_exception::~bad_exception())
/usr/lib/gcc/arm-none-eabi/9.2.1/../../../arm-none-eabi/lib/thumb/v6-m/nofp/libstdc++.a(eh_globals.o)
                              /usr/lib/gcc/arm-none-eabi/9.2.1/../../../arm-none-eabi/lib/thumb/v6-m/nofp/libstdc++.a(eh_call.o) (__cxa_get_globals_fast)
/usr/lib/gcc/arm-none-eabi/9.2.1/../../../arm-none-eabi/lib/thumb/v6-m/nofp/libstdc++.a(eh_personality.o)
                              /usr/lib/gcc/arm-none-eabi/9.2.1/../../../arm-none-eabi/lib/thumb/v6-m/nofp/libstdc++.a(eh_terminate.o) (__gxx_personality_v0)
/usr/lib/gcc/arm-none-eabi/9.2.1/../../../arm-none-eabi/lib/thumb/v6-m/nofp/libstdc++.a(eh_term_handler.o)
                              /usr/lib/gcc/arm-none-eabi/9.2.1/../../../arm-none-eabi/lib/thumb/v6-m/nofp/libstdc++.a(eh_terminate.o) (__cxxabiv1::__terminate_handler)
/usr/lib/gcc/arm-none-eabi/9.2.1/../../../arm-none-eabi/lib/thumb/v6-m/nofp/libstdc++.a(eh_throw.o)
                              /usr/lib/gcc/arm-none-eabi/9.2.1/../../../arm-none-eabi/lib/thumb/v6-m/nofp/libstdc++.a(eh_call.o) (__cxa_throw)
/usr/lib/gcc/arm-none-eabi/9.2.1/../../../arm-none-eabi/lib/thumb/v6-m/nofp/libstdc++.a(si_class_type_info.o)
                              /usr/lib/gcc/arm-none-eabi/9.2.1/../../../arm-none-eabi/lib/thumb/v6-m/nofp/libstdc++.a(eh_exception.o) (vtable for __cxxabiv1::__si_class_type_info)
/usr/lib/gcc/arm-none-eabi/9.2.1/../../../arm-none-eabi/lib/thumb/v6-m/nofp/libstdc++.a(tinfo.o)
                              /usr/lib/gcc/arm-none-eabi/9.2.1/../../../arm-none-eabi/lib/thumb/v6-m/nofp/libstdc++.a(si_class_type_info.o) (std::type_info::__is_pointer_p() const)
/usr/lib/gcc/arm-none-eabi/9.2.1/../../../arm-none-eabi/lib/thumb/v6-m/nofp/libstdc++.a(class_type_info.o)
                              /usr/lib/gcc/arm-none-eabi/9.2.1/../../../arm-none-eabi/lib/thumb/v6-m/nofp/libstdc++.a(si_class_type_info.o) (__cxxabiv1::__class_type_info::__do_upcast(__cxxabiv1::__class_type_info const*, void**) const)
/usr/lib/gcc/arm-none-eabi/9.2.1/../../../arm-none-eabi/lib/thumb/v6-m/nofp/libstdc++.a(eh_alloc.o)
                              /usr/lib/gcc/arm-none-eabi/9.2.1/../../../arm-none-eabi/lib/thumb/v6-m/nofp/libstdc++.a(eh_call.o) (__cxa_allocate_exception)
/usr/lib/gcc/arm-none-eabi/9.2.1/thumb/v6-m/nofp/libgcc.a(_dvmd_tls.o)
                              CMakeFiles/pockpet.dir/home/plebish/pico/pico-sdk/src/rp2_common/pico_divider/divider.S.obj (__aeabi_idiv0)
/usr/lib/gcc/arm-none-eabi/9.2.1/thumb/v6-m/nofp/libgcc.a(unwind-arm.o)
                              /usr/lib/gcc/arm-none-eabi/9.2.1/../../../arm-none-eabi/lib/thumb/v6-m/nofp/libstdc++.a(eh_arm.o) (__aeabi_unwind_cpp_pr1)
/usr/lib/gcc/arm-none-eabi/9.2.1/thumb/v6-m/nofp/libgcc.a(libunwind.o)
                              /usr/lib/gcc/arm-none-eabi/9.2.1/thumb/v6-m/nofp/libgcc.a(unwind-arm.o) (restore_core_regs)
/usr/lib/gcc/arm-none-eabi/9.2.1/thumb/v6-m/nofp/libgcc.a(pr-support.o)
                              /usr/lib/gcc/arm-none-eabi/9.2.1/thumb/v6-m/nofp/libgcc.a(unwind-arm.o) (__gnu_unwind_execute)
/usr/lib/gcc/arm-none-eabi/9.2.1/../../../arm-none-eabi/lib/thumb/v6-m/nofp/libc.a(lib_a-abort.o)
[...]
Memory Configuration

Name             Origin             Length             Attributes
FLASH            0x0000000010000000 0x0000000000200000 xr
RAM              0x0000000020000000 0x0000000000040000 xrw
SCRATCH_X        0x0000000020040000 0x0000000000001000 xrw
SCRATCH_Y        0x0000000020041000 0x0000000000001000 xrw
*default*        0x0000000000000000 0xffffffffffffffff

Linker script and memory map

LOAD /usr/lib/gcc/arm-none-eabi/9.2.1/thumb/v6-m/nofp/crti.o
LOAD /usr/lib/gcc/arm-none-eabi/9.2.1/thumb/v6-m/nofp/crtbegin.o
LOAD /usr/lib/gcc/arm-none-eabi/9.2.1/../../../arm-none-eabi/lib/thumb/v6-m/nofp/crt0.o

.flash_begin    0x0000000010000000        0x0
                0x0000000010000000                __flash_binary_start = .

.boot2          0x0000000010000000      0x100
                0x0000000010000000                __boot2_start__ = .
 *(.boot2)
 .boot2         0x0000000010000000      0x100 /tmp/ccytHGH5.o
                0x0000000010000100                __boot2_end__ = .
                0x0000000000000001                ASSERT (((__boot2_end__ - __boot2_start__) == 0x100), ERROR: Pico second stage bootloader must be 256 bytes in size)

.text           0x0000000010000100     0xb230
                0x0000000010000100                __logical_binary_start = .
 *(.vectors)
 .vectors       0x0000000010000100       0xd4 CMakeFiles/pockpet.dir/home/plebish/pico/pico-sdk/src/rp2_common/pico_standard_link/crt0.S.obj
                0x0000000010000100                __vectors
                0x0000000010000100                __VECTOR_TABLE
                0x00000000100001c0                isr_invalid
                0x00000000100001c0                __default_isrs_start
                0x00000000100001c2                isr_nmi
                0x00000000100001c4                isr_hardfault
                0x00000000100001c6                isr_svcall
                0x00000000100001c8                isr_pendsv
                0x00000000100001ca                isr_systick
                0x00000000100001cc                isr_irq30
                0x00000000100001cc                __unhandled_user_irq
                0x00000000100001cc                isr_irq13
                0x00000000100001cc                isr_irq27
                0x00000000100001cc                isr_irq31
                0x00000000100001cc                isr_irq5
                0x00000000100001cc                isr_irq11
                0x00000000100001cc                isr_irq23
                0x00000000100001cc                isr_irq18
                0x00000000100001cc                isr_irq28
                0x00000000100001cc                isr_irq19
                0x00000000100001cc                isr_irq0
                0x00000000100001cc                isr_irq6
                0x00000000100001cc                isr_irq22
                0x00000000100001cc                isr_irq17
                0x00000000100001cc                isr_irq14
                0x00000000100001cc                isr_irq2
                0x00000000100001cc                isr_irq10
                0x00000000100001cc                isr_irq8
                0x00000000100001cc                isr_irq24
                0x00000000100001cc                isr_irq1
                0x00000000100001cc                isr_irq7
                0x00000000100001cc                isr_irq21
                0x00000000100001cc                isr_irq20
                0x00000000100001cc                isr_irq15
                0x00000000100001cc                isr_irq25
                0x00000000100001cc                isr_irq4
                0x00000000100001cc                isr_irq16
                0x00000000100001cc                isr_irq29
                0x00000000100001cc                isr_irq26
                0x00000000100001cc                __default_isrs_end
                0x00000000100001cc                isr_irq3
                0x00000000100001cc                isr_irq12
                0x00000000100001cc                isr_irq9
                0x00000000100001d2                unhandled_user_irq_num_in_r0
 *(.binary_info_header)
 .binary_info_header
                0x00000000100001d4       0x14 CMakeFiles/pockpet.dir/home/plebish/pico/pico-sdk/src/rp2_common/pico_standard_link/crt0.S.obj
                0x00000000100001e8                __binary_info_header_end = .
 *(.reset)
 .reset         0x00000000100001e8       0xa0 CMakeFiles/pockpet.dir/home/plebish/pico/pico-sdk/src/rp2_common/pico_standard_link/crt0.S.obj
                0x00000000100001e8                _entry_point
 .reset         0x0000000010000288       0x30 CMakeFiles/pockpet.dir/home/plebish/pico/pico-sdk/src/rp2_common/pico_standard_link/binary_info.c.obj
 *(.init)
 .init          0x00000000100002b8        0x4 /usr/lib/gcc/arm-none-eabi/9.2.1/thumb/v6-m/nofp/crti.o
                0x00000000100002b8                _init
 *(EXCLUDE_FILE(*libm.a: *libc.a:*lib_a-mem*.o *libgcc.a:) .text*)
 .text          0x00000000100002bc       0x98 /usr/lib/gcc/arm-none-eabi/9.2.1/thumb/v6-m/nofp/crtbegin.o
 .text._Z8tftSetupv
                0x0000000010000354       0x84 CMakeFiles/pockpet.dir/executable/main.cpp.obj
                0x0000000010000354                tftSetup()
 .text._Z14SleepAnimationv
                0x00000000100003d8      0x100 CMakeFiles/pockpet.dir/executable/main.cpp.obj
                0x00000000100003d8                SleepAnimation()
 .text._Z12EatAnimationv
                0x00000000100004d8       0xf0 CMakeFiles/pockpet.dir/executable/main.cpp.obj
                0x00000000100004d8                EatAnimation()
 .text._Z13WalkAnimationv
                0x00000000100005c8      0x210 CMakeFiles/pockpet.dir/executable/main.cpp.obj
                0x00000000100005c8                WalkAnimation()
 .text.startup.main
                0x00000000100007d8       0x5c CMakeFiles/pockpet.dir/executable/main.cpp.obj
                0x00000000100007d8                main
 .text.startup._GLOBAL__sub_I_myTFT
                0x0000000010000834       0x10 CMakeFiles/pockpet.dir/executable/main.cpp.obj
 .text.gpio_set_function
                0x0000000010000844       0x30 CMakeFiles/pockpet.dir/home/plebish/pico/pico-sdk/src/rp2_common/hardware_gpio/gpio.c.obj
                0x0000000010000844                gpio_set_function
 .text.gpio_set_pulls
                0x0000000010000874       0x30 CMakeFiles/pockpet.dir/home/plebish/pico/pico-sdk/src/rp2_common/hardware_gpio/gpio.c.obj
                0x0000000010000874                gpio_set_pulls
 .text.gpio_init
                0x00000000100008a4       0x3c CMakeFiles/pockpet.dir/home/plebish/pico/pico-sdk/src/rp2_common/hardware_gpio/gpio.c.obj
                0x00000000100008a4                gpio_init
 .text.running_on_fpga
                0x00000000100008e0       0x10 CMakeFiles/pockpet.dir/home/plebish/pico/pico-sdk/src/rp2_common/pico_platform/platform.c.obj
                0x00000000100008e0                running_on_fpga
 .text.hw_claim_or_assert
                0x00000000100008f0       0x48 CMakeFiles/pockpet.dir/home/plebish/pico/pico-sdk/src/rp2_common/hardware_claim/claim.c.obj
                0x00000000100008f0                hw_claim_or_assert
 .text.hw_claim_unused_from_range
                0x0000000010000938       0x9c CMakeFiles/pockpet.dir/home/plebish/pico/pico-sdk/src/rp2_common/hardware_claim/claim.c.obj
                0x0000000010000938                hw_claim_unused_from_range
 .text.spin_locks_reset
                0x00000000100009d4       0x1c CMakeFiles/pockpet.dir/home/plebish/pico/pico-sdk/src/rp2_common/hardware_sync/sync.c.obj
                0x00000000100009d4                spin_locks_reset
 .text.next_striped_spin_lock_num
                0x00000000100009f0       0x18 CMakeFiles/pockpet.dir/home/plebish/pico/pico-sdk/src/rp2_common/hardware_sync/sync.c.obj
                0x00000000100009f0                next_striped_spin_lock_num
 .text.spin_lock_claim_unused
                0x0000000010000a08       0x20 CMakeFiles/pockpet.dir/home/plebish/pico/pico-sdk/src/rp2_common/hardware_sync/sync.c.obj
                0x0000000010000a08                spin_lock_claim_unused
 .text.irq_set_enabled
                0x0000000010000a28       0x24 CMakeFiles/pockpet.dir/home/plebish/pico/pico-sdk/src/rp2_common/hardware_irq/irq.c.obj
                0x0000000010000a28                irq_set_enabled
 .text.irq_set_pending
                0x0000000010000a4c       0x10 CMakeFiles/pockpet.dir/home/plebish/pico/pico-sdk/src/rp2_common/hardware_irq/irq.c.obj
                0x0000000010000a4c                irq_set_pending
 .text.irq_has_shared_handler
                0x0000000010000a5c       0x2c CMakeFiles/pockpet.dir/home/plebish/pico/pico-sdk/src/rp2_common/hardware_irq/irq.c.obj
                0x0000000010000a5c                irq_has_shared_handler
 .text.irq_get_vtable_handler
                0x0000000010000a88       0x10 CMakeFiles/pockpet.dir/home/plebish/pico/pico-sdk/src/rp2_common/hardware_irq/irq.c.obj
                0x0000000010000a88                irq_get_vtable_handler
 .text.irq_set_exclusive_handler
                0x0000000010000a98       0x54 CMakeFiles/pockpet.dir/home/plebish/pico/pico-sdk/src/rp2_common/hardware_irq/irq.c.obj
                0x0000000010000a98                irq_set_exclusive_handler
 .text.irq_add_shared_handler
                0x0000000010000aec      0x1c4 CMakeFiles/pockpet.dir/home/plebish/pico/pico-sdk/src/rp2_common/hardware_irq/irq.c.obj
                0x0000000010000aec                irq_add_shared_handler
 .text.irq_remove_handler
                0x0000000010000cb0      0x1b4 CMakeFiles/pockpet.dir/home/plebish/pico/pico-sdk/src/rp2_common/hardware_irq/irq.c.obj
                0x0000000010000cb0                irq_remove_handler
 .text.irq_add_tail_to_free_list
                0x0000000010000e64       0xb4 CMakeFiles/pockpet.dir/home/plebish/pico/pico-sdk/src/rp2_common/hardware_irq/irq.c.obj
                0x0000000010000e64                irq_add_tail_to_free_list
 .text.irq_init_priorities
                0x0000000010000f18       0x24 CMakeFiles/pockpet.dir/home/plebish/pico/pico-sdk/src/rp2_common/hardware_irq/irq.c.obj
                0x0000000010000f18                irq_init_priorities
 .text.user_irq_claim_unused
                0x0000000010000f3c       0x28 CMakeFiles/pockpet.dir/home/plebish/pico/pico-sdk/src/rp2_common/hardware_irq/irq.c.obj
                0x0000000010000f3c                user_irq_claim_unused
 .text.lock_init
                0x0000000010000f64       0x10 CMakeFiles/pockpet.dir/home/plebish/pico/pico-sdk/src/common/pico_sync/lock_core.c.obj
                0x0000000010000f64                lock_init
 .text.mutex_init
                0x0000000010000f74       0x1c CMakeFiles/pockpet.dir/home/plebish/pico/pico-sdk/src/common/pico_sync/mutex.c.obj
                0x0000000010000f74                mutex_init
 .text.recursive_mutex_init
                0x0000000010000f90       0x1c CMakeFiles/pockpet.dir/home/plebish/pico/pico-sdk/src/common/pico_sync/mutex.c.obj
                0x0000000010000f90                recursive_mutex_init
 .text.critical_section_init
                0x0000000010000fac       0x1c CMakeFiles/pockpet.dir/home/plebish/pico/pico-sdk/src/common/pico_sync/critical_section.c.obj
                0x0000000010000fac                critical_section_init
 .text.critical_section_init_with_lock_num
                0x0000000010000fc8       0x14 CMakeFiles/pockpet.dir/home/plebish/pico/pico-sdk/src/common/pico_sync/critical_section.c.obj
                0x0000000010000fc8                critical_section_init_with_lock_num
 .text.timer_pool_entry_comparator
                0x0000000010000fdc       0x34 CMakeFiles/pockpet.dir/home/plebish/pico/pico-sdk/src/common/pico_time/time.c.obj
                0x0000000010000fdc                timer_pool_entry_comparator
 .text.sleep_until_callback
                0x0000000010001010       0x30 CMakeFiles/pockpet.dir/home/plebish/pico/pico-sdk/src/common/pico_time/time.c.obj
 .text.add_alarm_under_lock
                0x0000000010001040      0x108 CMakeFiles/pockpet.dir/home/plebish/pico/pico-sdk/src/common/pico_time/time.c.obj
 .text.alarm_pool_alarm_callback
                0x0000000010001148      0x1bc CMakeFiles/pockpet.dir/home/plebish/pico/pico-sdk/src/common/pico_time/time.c.obj
 .text.alarm_pool_init_default
                0x0000000010001304       0x6c CMakeFiles/pockpet.dir/home/plebish/pico/pico-sdk/src/common/pico_time/time.c.obj
                0x0000000010001304                alarm_pool_init_default
 .text.alarm_pool_get_default
                0x0000000010001370        0x8 CMakeFiles/pockpet.dir/home/plebish/pico/pico-sdk/src/common/pico_time/time.c.obj
                0x0000000010001370                alarm_pool_get_default
 .text.alarm_pool_add_alarm_at
                0x0000000010001378      0x18c CMakeFiles/pockpet.dir/home/plebish/pico/pico-sdk/src/common/pico_time/time.c.obj
                0x0000000010001378                alarm_pool_add_alarm_at
 .text.alarm_pool_core_num
                0x0000000010001504        0x4 CMakeFiles/pockpet.dir/home/plebish/pico/pico-sdk/src/common/pico_time/time.c.obj
                0x0000000010001504                alarm_pool_core_num
 .text.sleep_until
                0x0000000010001508       0xc4 CMakeFiles/pockpet.dir/home/plebish/pico/pico-sdk/src/common/pico_time/time.c.obj
                0x0000000010001508                sleep_until
 .text.sleep_ms
                0x00000000100015cc       0x34 CMakeFiles/pockpet.dir/home/plebish/pico/pico-sdk/src/common/pico_time/time.c.obj
                0x00000000100015cc                sleep_ms
 .text.best_effort_wfe_or_timeout
                0x0000000010001600       0xd4 CMakeFiles/pockpet.dir/home/plebish/pico/pico-sdk/src/common/pico_time/time.c.obj
                0x0000000010001600                best_effort_wfe_or_timeout
 .text.hardware_alarm_irq_handler
                0x00000000100016d4       0xbc CMakeFiles/pockpet.dir/home/plebish/pico/pico-sdk/src/rp2_common/hardware_timer/timer.c.obj
 .text.hardware_alarm_claim
                0x0000000010001790       0x18 CMakeFiles/pockpet.dir/home/plebish/pico/pico-sdk/src/rp2_common/hardware_timer/timer.c.obj
                0x0000000010001790                hardware_alarm_claim
 .text.time_us_64
                0x00000000100017a8       0x14 CMakeFiles/pockpet.dir/home/plebish/pico/pico-sdk/src/rp2_common/hardware_timer/timer.c.obj
                0x00000000100017a8                time_us_64
 .text.busy_wait_us
                0x00000000100017bc       0x54 CMakeFiles/pockpet.dir/home/plebish/pico/pico-sdk/src/rp2_common/hardware_timer/timer.c.obj
                0x00000000100017bc                busy_wait_us
 .text.busy_wait_ms
                0x0000000010001810       0x88 CMakeFiles/pockpet.dir/home/plebish/pico/pico-sdk/src/rp2_common/hardware_timer/timer.c.obj
                0x0000000010001810                busy_wait_ms
 .text.busy_wait_until
                0x0000000010001898       0x20 CMakeFiles/pockpet.dir/home/plebish/pico/pico-sdk/src/rp2_common/hardware_timer/timer.c.obj
                0x0000000010001898                busy_wait_until
 .text.hardware_alarm_set_callback
                0x00000000100018b8       0x8c CMakeFiles/pockpet.dir/home/plebish/pico/pico-sdk/src/rp2_common/hardware_timer/timer.c.obj
                0x00000000100018b8                hardware_alarm_set_callback
 .text.hardware_alarm_set_target
                0x0000000010001944       0xd4 CMakeFiles/pockpet.dir/home/plebish/pico/pico-sdk/src/rp2_common/hardware_timer/timer.c.obj
                0x0000000010001944                hardware_alarm_set_target
 .text.hardware_alarm_cancel
                0x0000000010001a18       0x40 CMakeFiles/pockpet.dir/home/plebish/pico/pico-sdk/src/rp2_common/hardware_timer/timer.c.obj
                0x0000000010001a18                hardware_alarm_cancel
 .text.ph_merge_nodes
                0x0000000010001a58       0x68 CMakeFiles/pockpet.dir/home/plebish/pico/pico-sdk/src/common/pico_util/pheap.c.obj
 .text.ph_post_alloc_init
                0x0000000010001ac0       0x3c CMakeFiles/pockpet.dir/home/plebish/pico/pico-sdk/src/common/pico_util/pheap.c.obj
                0x0000000010001ac0                ph_post_alloc_init
 .text.ph_merge_two_pass
                0x0000000010001afc       0x90 CMakeFiles/pockpet.dir/home/plebish/pico/pico-sdk/src/common/pico_util/pheap.c.obj
                0x0000000010001afc                ph_merge_two_pass
 .text.ph_remove_any_head
                0x0000000010001b8c      0x100 CMakeFiles/pockpet.dir/home/plebish/pico/pico-sdk/src/common/pico_util/pheap.c.obj
 .text.ph_remove_head
                0x0000000010001c8c      0x144 CMakeFiles/pockpet.dir/home/plebish/pico/pico-sdk/src/common/pico_util/pheap.c.obj
                0x0000000010001c8c                ph_remove_head
 .text.ph_remove_and_free_node
                0x0000000010001dd0       0x7c CMakeFiles/pockpet.dir/home/plebish/pico/pico-sdk/src/common/pico_util/pheap.c.obj
                0x0000000010001dd0                ph_remove_and_free_node
 .text.clocks_init
                0x0000000010001e4c      0x2d0 CMakeFiles/pockpet.dir/home/plebish/pico/pico-sdk/src/rp2_common/hardware_clocks/clocks.c.obj
                0x0000000010001e4c                clocks_init
 .text.clock_get_hz
                0x000000001000211c        0xc CMakeFiles/pockpet.dir/home/plebish/pico/pico-sdk/src/rp2_common/hardware_clocks/clocks.c.obj
                0x000000001000211c                clock_get_hz
 .text.pll_init
                0x0000000010002128       0xa0 CMakeFiles/pockpet.dir/home/plebish/pico/pico-sdk/src/rp2_common/hardware_pll/pll.c.obj
                0x0000000010002128                pll_init
 .text.watchdog_start_tick
                0x00000000100021c8       0x10 CMakeFiles/pockpet.dir/home/plebish/pico/pico-sdk/src/rp2_common/hardware_watchdog/watchdog.c.obj
                0x00000000100021c8                watchdog_start_tick
 .text.watchdog_reboot
                0x00000000100021d8       0x98 CMakeFiles/pockpet.dir/home/plebish/pico/pico-sdk/src/rp2_common/hardware_watchdog/watchdog.c.obj
                0x00000000100021d8                watchdog_reboot
 .text.xosc_init
                0x0000000010002270       0x28 CMakeFiles/pockpet.dir/home/plebish/pico/pico-sdk/src/rp2_common/hardware_xosc/xosc.c.obj
                0x0000000010002270                xosc_init
 .text.runtime_init
                0x0000000010002298       0xf0 CMakeFiles/pockpet.dir/home/plebish/pico/pico-sdk/src/rp2_common/pico_runtime/runtime.c.obj
                0x0000000010002298                runtime_init
 .text._exit    0x0000000010002388        0x4 CMakeFiles/pockpet.dir/home/plebish/pico/pico-sdk/src/rp2_common/pico_runtime/runtime.c.obj
                0x0000000010002388                _exit
 .text._sbrk    0x000000001000238c       0x34 CMakeFiles/pockpet.dir/home/plebish/pico/pico-sdk/src/rp2_common/pico_runtime/runtime.c.obj
                0x000000001000238c                _sbrk
 .text.exit     0x00000000100023c0        0x8 CMakeFiles/pockpet.dir/home/plebish/pico/pico-sdk/src/rp2_common/pico_runtime/runtime.c.obj
                0x00000000100023c0                exit
 .text.panic    0x00000000100023c8       0x30 CMakeFiles/pockpet.dir/home/plebish/pico/pico-sdk/src/rp2_common/pico_runtime/runtime.c.obj
                0x00000000100023c8                panic
 .text.hard_assertion_failure
                0x00000000100023f8        0xc CMakeFiles/pockpet.dir/home/plebish/pico/pico-sdk/src/rp2_common/pico_runtime/runtime.c.obj
                0x00000000100023f8                hard_assertion_failure
 .text._out_null
                0x0000000010002404        0x4 CMakeFiles/pockpet.dir/home/plebish/pico/pico-sdk/src/rp2_common/pico_printf/printf.c.obj
 .text._out_rev
                0x0000000010002408       0xd0 CMakeFiles/pockpet.dir/home/plebish/pico/pico-sdk/src/rp2_common/pico_printf/printf.c.obj
 .text._ntoa_format
                0x00000000100024d8      0x1d0 CMakeFiles/pockpet.dir/home/plebish/pico/pico-sdk/src/rp2_common/pico_printf/printf.c.obj
 .text._out_char
                0x00000000100026a8       0x10 CMakeFiles/pockpet.dir/home/plebish/pico/pico-sdk/src/rp2_common/pico_printf/printf.c.obj
 .text._out_fct
                0x00000000100026b8       0x10 CMakeFiles/pockpet.dir/home/plebish/pico/pico-sdk/src/rp2_common/pico_printf/printf.c.obj
 .text._etoa    0x00000000100026c8      0x478 CMakeFiles/pockpet.dir/home/plebish/pico/pico-sdk/src/rp2_common/pico_printf/printf.c.obj
 .text._ftoa    0x0000000010002b40      0x3e0 CMakeFiles/pockpet.dir/home/plebish/pico/pico-sdk/src/rp2_common/pico_printf/printf.c.obj
 .text._vsnprintf
                0x0000000010002f20      0xb08 CMakeFiles/pockpet.dir/home/plebish/pico/pico-sdk/src/rp2_common/pico_printf/printf.c.obj
 .text.vfctprintf
                0x0000000010003a28       0x20 CMakeFiles/pockpet.dir/home/plebish/pico/pico-sdk/src/rp2_common/pico_printf/printf.c.obj
                0x0000000010003a28                vfctprintf
 .text.weak_raw_vprintf
                0x0000000010003a48       0x30 CMakeFiles/pockpet.dir/home/plebish/pico/pico-sdk/src/rp2_common/pico_printf/printf.c.obj
                0x0000000010003a48                weak_raw_vprintf
 .text          0x0000000010003a78       0x10 CMakeFiles/pockpet.dir/home/plebish/pico/pico-sdk/src/rp2_common/pico_bit_ops/bit_ops_aeabi.S.obj
 .text.rom_func_lookup
                0x0000000010003a88       0x10 CMakeFiles/pockpet.dir/home/plebish/pico/pico-sdk/src/rp2_common/pico_bootrom/bootrom.c.obj
                0x0000000010003a88                rom_func_lookup
 .text.rom_data_lookup
                0x0000000010003a98       0x10 CMakeFiles/pockpet.dir/home/plebish/pico/pico-sdk/src/rp2_common/pico_bootrom/bootrom.c.obj
                0x0000000010003a98                rom_data_lookup
 .text.rom_funcs_lookup
                0x0000000010003aa8       0x3c CMakeFiles/pockpet.dir/home/plebish/pico/pico-sdk/src/rp2_common/pico_bootrom/bootrom.c.obj
                0x0000000010003aa8                rom_funcs_lookup
 .text.__wrap___aeabi_idiv
                0x0000000010003ae4       0x50 CMakeFiles/pockpet.dir/home/plebish/pico/pico-sdk/src/rp2_common/pico_divider/divider.S.obj
                0x0000000010003ae4                __wrap___aeabi_idivmod
                0x0000000010003ae4                divmod_s32s32
                0x0000000010003ae4                div_s32s32
                0x0000000010003ae4                __wrap___aeabi_idiv
                0x0000000010003aec                divmod_s32s32_unsafe
                0x0000000010003b18                divmod_s32s32_savestate
 .text.__wrap___aeabi_uidiv
                0x0000000010003b34       0x4c CMakeFiles/pockpet.dir/home/plebish/pico/pico-sdk/src/rp2_common/pico_divider/divider.S.obj
                0x0000000010003b34                __wrap___aeabi_uidiv
                0x0000000010003b34                __wrap___aeabi_uidivmod
                0x0000000010003b34                div_u32u32
                0x0000000010003b34                divmod_u32u32
                0x0000000010003b3c                divmod_u32u32_unsafe
                0x0000000010003b64                divmod_u32u32_savestate
 .text.__wrap___aeabi_ldiv
                0x0000000010003b80      0x424 CMakeFiles/pockpet.dir/home/plebish/pico/pico-sdk/src/rp2_common/pico_divider/divider.S.obj
                0x0000000010003b80                div_s64s64
                0x0000000010003b80                divmod_s64s64
                0x0000000010003b80                __wrap___aeabi_ldivmod
                0x0000000010003bb0                div_u64u64
                0x0000000010003bb0                divmod_u64u64
                0x0000000010003bb0                __wrap___aeabi_uldivmod
                0x0000000010003bc0                divmod_u64u64_savestate
                0x0000000010003be0                divmod_s64s64_unsafe
                0x0000000010003c68                divmod_u64u64_unsafe
 .text.__wrap___aeabi_darithmetic
                0x0000000010003fa4       0x80 CMakeFiles/pockpet.dir/home/plebish/pico/pico-sdk/src/rp2_common/pico_double/double_aeabi.S.obj
                0x0000000010003fa4                __wrap___aeabi_drsub
                0x0000000010003faa                __wrap___aeabi_dsub
                0x0000000010003fbc                __wrap___aeabi_dadd
                0x0000000010003fce                __wrap___aeabi_ddiv
                0x000000001000400a                __wrap___aeabi_dmul
 .text.__wrap___aeabi_cdcmple
                0x0000000010004024       0x6c CMakeFiles/pockpet.dir/home/plebish/pico/pico-sdk/src/rp2_common/pico_double/double_aeabi.S.obj
                0x0000000010004024                __wrap___aeabi_cdrcmple
                0x0000000010004034                __wrap___aeabi_cdcmple
                0x0000000010004034                __wrap___aeabi_cdcmpeq
 .text.__wrap___aeabi_dcmplt
                0x0000000010004090        0xc CMakeFiles/pockpet.dir/home/plebish/pico/pico-sdk/src/rp2_common/pico_double/double_aeabi.S.obj
                0x0000000010004090                __wrap___aeabi_dcmplt
 .text.__wrap___aeabi_dcmple
                0x000000001000409c       0x10 CMakeFiles/pockpet.dir/home/plebish/pico/pico-sdk/src/rp2_common/pico_double/double_aeabi.S.obj
                0x000000001000409c                __wrap___aeabi_dcmple
 .text.__wrap___aeabi_dcmpge
                0x00000000100040ac       0x10 CMakeFiles/pockpet.dir/home/plebish/pico/pico-sdk/src/rp2_common/pico_double/double_aeabi.S.obj
                0x00000000100040ac                __wrap___aeabi_dcmpge
 .text.__wrap___aeabi_dcmpgt
                0x00000000100040bc        0xa CMakeFiles/pockpet.dir/home/plebish/pico/pico-sdk/src/rp2_common/pico_double/double_aeabi.S.obj
                0x00000000100040bc                __wrap___aeabi_dcmpgt
 .text.__wrap___aeabi_dcmpun
                0x00000000100040c6       0x1c CMakeFiles/pockpet.dir/home/plebish/pico/pico-sdk/src/rp2_common/pico_double/double_aeabi.S.obj
                0x00000000100040c6                __wrap___aeabi_dcmpun
 *fill*         0x00000000100040e2        0x2 
 .text.__wrap___aeabi_i2d
                0x00000000100040e4       0x38 CMakeFiles/pockpet.dir/home/plebish/pico/pico-sdk/src/rp2_common/pico_double/double_aeabi.S.obj
                0x00000000100040e4                __wrap___aeabi_ui2d
                0x00000000100040ec                __wrap___aeabi_i2d
 .text.__wrap___aeabi_d2iz
                0x000000001000411c       0x48 CMakeFiles/pockpet.dir/home/plebish/pico/pico-sdk/src/rp2_common/pico_double/double_aeabi.S.obj
                0x000000001000411c                __wrap___aeabi_d2iz
                0x000000001000411c                double2int_z
 .text.__wrap___aeabi_d2uiz
                0x0000000010004164       0x18 CMakeFiles/pockpet.dir/home/plebish/pico/pico-sdk/src/rp2_common/pico_double/double_aeabi.S.obj
                0x0000000010004164                double2uint
                0x0000000010004164                __wrap___aeabi_d2uiz
 .text.__aeabi_double_init
                0x000000001000417c       0xc0 CMakeFiles/pockpet.dir/home/plebish/pico/pico-sdk/src/rp2_common/pico_double/double_init_rom.c.obj
                0x000000001000417c                __aeabi_double_init
 .text.double_table_shim_on_use_helper
                0x000000001000423c       0x2c CMakeFiles/pockpet.dir/home/plebish/pico/pico-sdk/src/rp2_common/pico_double/double_v1_rom_shim.S.obj
                0x000000001000423c                double_table_shim_on_use_helper
 .text.__wrap___aeabi_dsub
                0x0000000010004268       0x10 CMakeFiles/pockpet.dir/home/plebish/pico/pico-sdk/src/rp2_common/pico_double/double_v1_rom_shim.S.obj
                0x0000000010004268                drsub_shim
                0x000000001000426e                dsub_shim
 .text.dadd_shim
                0x0000000010004278      0x15c CMakeFiles/pockpet.dir/home/plebish/pico/pico-sdk/src/rp2_common/pico_double/double_v1_rom_shim.S.obj
                0x0000000010004278                dadd_shim
 .text.dmul_shim
                0x00000000100043d4      0x15c CMakeFiles/pockpet.dir/home/plebish/pico/pico-sdk/src/rp2_common/pico_double/double_v1_rom_shim.S.obj
                0x00000000100043d4                dmul_shim
 .text.ddiv_shim
                0x0000000010004530      0x1b0 CMakeFiles/pockpet.dir/home/plebish/pico/pico-sdk/src/rp2_common/pico_double/double_v1_rom_shim.S.obj
                0x0000000010004530                ddiv_shim
 .text.double2uint_shim
                0x00000000100046e0        0xe CMakeFiles/pockpet.dir/home/plebish/pico/pico-sdk/src/rp2_common/pico_double/double_v1_rom_shim.S.obj
                0x00000000100046e0                double2uint_shim
                0x00000000100046e2                double2ufix_shim
 *fill*         0x00000000100046ee        0x2 
 .text.double2uint64_shim
                0x00000000100046f0       0x70 CMakeFiles/pockpet.dir/home/plebish/pico/pico-sdk/src/rp2_common/pico_double/double_v1_rom_shim.S.obj
                0x00000000100046f0                double2uint64_shim
                0x00000000100046f2                double2ufix64_shim
                0x0000000010004712                d2fix_a
 .text.dunpacks
                0x0000000010004760       0x3c CMakeFiles/pockpet.dir/home/plebish/pico/pico-sdk/src/rp2_common/pico_double/double_v1_rom_shim.S.obj
                0x0000000010004760                dunpacks
 .text.__aeabi_lmul
                0x000000001000479c       0x32 CMakeFiles/pockpet.dir/home/plebish/pico/pico-sdk/src/rp2_common/pico_int64_ops/pico_int64_ops_aeabi.S.obj
                0x000000001000479c                __wrap___aeabi_lmul
 *fill*         0x00000000100047ce        0x2 
 .text.__wrap___aeabi_farithmetic
                0x00000000100047d0       0x48 CMakeFiles/pockpet.dir/home/plebish/pico/pico-sdk/src/rp2_common/pico_float/float_aeabi.S.obj
                0x00000000100047d0                __wrap___aeabi_frsub
                0x00000000100047d6                __wrap___aeabi_fsub
                0x00000000100047dc                __wrap___aeabi_fadd
                0x00000000100047e2                __wrap___aeabi_fdiv
                0x000000001000480a                __wrap___aeabi_fmul
 .text.__wrap___aeabi_ui2f
                0x0000000010004818        0xa CMakeFiles/pockpet.dir/home/plebish/pico/pico-sdk/src/rp2_common/pico_float/float_aeabi.S.obj
                0x0000000010004818                __wrap___aeabi_ui2f
 *fill*         0x0000000010004822        0x2 
 .text.__wrap___aeabi_i2f
                0x0000000010004824       0x44 CMakeFiles/pockpet.dir/home/plebish/pico/pico-sdk/src/rp2_common/pico_float/float_aeabi.S.obj
                0x0000000010004824                __wrap___aeabi_i2f
 .text.__wrap___aeabi_f2iz
                0x0000000010004868       0x4e CMakeFiles/pockpet.dir/home/plebish/pico/pico-sdk/src/rp2_common/pico_float/float_aeabi.S.obj
                0x0000000010004868                __wrap___aeabi_f2iz
                0x0000000010004868                float2int_z
 *fill*         0x00000000100048b6        0x2 
 .text.float2int
                0x00000000100048b8       0x14 CMakeFiles/pockpet.dir/home/plebish/pico/pico-sdk/src/rp2_common/pico_float/float_aeabi.S.obj
                0x00000000100048b8                float2int
 .text.__wrap___aeabi_f2uiz
                0x00000000100048cc        0xc CMakeFiles/pockpet.dir/home/plebish/pico/pico-sdk/src/rp2_common/pico_float/float_aeabi.S.obj
                0x00000000100048cc                __wrap___aeabi_f2uiz
 .text.__aeabi_float_init
                0x00000000100048d8       0x64 CMakeFiles/pockpet.dir/home/plebish/pico/pico-sdk/src/rp2_common/pico_float/float_init_rom.c.obj
                0x00000000100048d8                __aeabi_float_init
 .text.float_table_shim_on_use_helper
                0x000000001000493c       0x2c CMakeFiles/pockpet.dir/home/plebish/pico/pico-sdk/src/rp2_common/pico_float/float_v1_rom_shim.S.obj
                0x000000001000493c                float_table_shim_on_use_helper
 .text.float232_shims
                0x0000000010004968       0x18 CMakeFiles/pockpet.dir/home/plebish/pico/pico-sdk/src/rp2_common/pico_float/float_v1_rom_shim.S.obj
                0x0000000010004968                float2int_shim
                0x000000001000496a                float2fix_shim
 .text.__wrap_malloc
                0x0000000010004980       0x24 CMakeFiles/pockpet.dir/home/plebish/pico/pico-sdk/src/rp2_common/pico_malloc/pico_malloc.c.obj
                0x0000000010004980                __wrap_malloc
 .text.__wrap_free
                0x00000000100049a4        0x8 CMakeFiles/pockpet.dir/home/plebish/pico/pico-sdk/src/rp2_common/pico_malloc/pico_malloc.c.obj
                0x00000000100049a4                __wrap_free
 .text          0x00000000100049ac       0x10 CMakeFiles/pockpet.dir/home/plebish/pico/pico-sdk/src/rp2_common/pico_mem_ops/mem_ops_aeabi.S.obj
                0x00000000100049ac                __aeabi_mem_init
 .text.memset   0x00000000100049bc        0xc CMakeFiles/pockpet.dir/home/plebish/pico/pico-sdk/src/rp2_common/pico_mem_ops/mem_ops_aeabi.S.obj
                0x00000000100049bc                __wrap_memset
 .text.memcpy   0x00000000100049c8        0xc CMakeFiles/pockpet.dir/home/plebish/pico/pico-sdk/src/rp2_common/pico_mem_ops/mem_ops_aeabi.S.obj
                0x00000000100049c8                __wrap___aeabi_memcpy
                0x00000000100049c8                __wrap_memcpy
 .text.stdio_out_chars_no_crlf
                0x00000000100049d4       0x10 CMakeFiles/pockpet.dir/home/plebish/pico/pico-sdk/src/rp2_common/pico_stdio/stdio.c.obj
 .text.stdio_out_chars_crlf
                0x00000000100049e4       0x94 CMakeFiles/pockpet.dir/home/plebish/pico/pico-sdk/src/rp2_common/pico_stdio/stdio.c.obj
 .text.stdio_buffered_printer
                0x0000000010004a78       0x64 CMakeFiles/pockpet.dir/home/plebish/pico/pico-sdk/src/rp2_common/pico_stdio/stdio.c.obj
 .text.stdio_put_string
                0x0000000010004adc      0x104 CMakeFiles/pockpet.dir/home/plebish/pico/pico-sdk/src/rp2_common/pico_stdio/stdio.c.obj
 .text.__wrap_putchar
                0x0000000010004be0       0x98 CMakeFiles/pockpet.dir/home/plebish/pico/pico-sdk/src/rp2_common/pico_stdio/stdio.c.obj
                0x0000000010004be0                __wrap_putchar
 .text.__wrap_puts
                0x0000000010004c78       0x3c CMakeFiles/pockpet.dir/home/plebish/pico/pico-sdk/src/rp2_common/pico_stdio/stdio.c.obj
                0x0000000010004c78                __wrap_puts
 .text.stdio_set_driver_enabled
                0x0000000010004cb4       0x30 CMakeFiles/pockpet.dir/home/plebish/pico/pico-sdk/src/rp2_common/pico_stdio/stdio.c.obj
                0x0000000010004cb4                stdio_set_driver_enabled
 .text.__wrap_vprintf
                0x0000000010004ce4       0xd8 CMakeFiles/pockpet.dir/home/plebish/pico/pico-sdk/src/rp2_common/pico_stdio/stdio.c.obj
                0x0000000010004ce4                __wrap_vprintf
 .text.__wrap_printf
                0x0000000010004dbc       0x18 CMakeFiles/pockpet.dir/home/plebish/pico/pico-sdk/src/rp2_common/pico_stdio/stdio.c.obj
                0x0000000010004dbc                __wrap_printf
 .text.stdio_init_all
                0x0000000010004dd4        0x8 CMakeFiles/pockpet.dir/home/plebish/pico/pico-sdk/src/rp2_common/pico_stdio/stdio.c.obj
                0x0000000010004dd4                stdio_init_all
 .text.resetd_init
                0x0000000010004ddc        0x4 CMakeFiles/pockpet.dir/home/plebish/pico/pico-sdk/src/rp2_common/pico_stdio_usb/reset_interface.c.obj
 .text.resetd_reset
                0x0000000010004de0        0xc CMakeFiles/pockpet.dir/home/plebish/pico/pico-sdk/src/rp2_common/pico_stdio_usb/reset_interface.c.obj
 .text.resetd_open
                0x0000000010004dec       0x28 CMakeFiles/pockpet.dir/home/plebish/pico/pico-sdk/src/rp2_common/pico_stdio_usb/reset_interface.c.obj
 .text.resetd_xfer_cb
                0x0000000010004e14        0x4 CMakeFiles/pockpet.dir/home/plebish/pico/pico-sdk/src/rp2_common/pico_stdio_usb/reset_interface.c.obj
 .text.resetd_control_xfer_cb
                0x0000000010004e18       0x64 CMakeFiles/pockpet.dir/home/plebish/pico/pico-sdk/src/rp2_common/pico_stdio_usb/reset_interface.c.obj
 .text.usbd_app_driver_get_cb
                0x0000000010004e7c        0xc CMakeFiles/pockpet.dir/home/plebish/pico/pico-sdk/src/rp2_common/pico_stdio_usb/reset_interface.c.obj
                0x0000000010004e7c                usbd_app_driver_get_cb
 .text.tud_cdc_line_coding_cb
                0x0000000010004e88       0x34 CMakeFiles/pockpet.dir/home/plebish/pico/pico-sdk/src/rp2_common/pico_stdio_usb/reset_interface.c.obj
                0x0000000010004e88                tud_cdc_line_coding_cb
 .text.stdio_usb_set_chars_available_callback
                0x0000000010004ebc       0x14 CMakeFiles/pockpet.dir/home/plebish/pico/pico-sdk/src/rp2_common/pico_stdio_usb/stdio_usb.c.obj
                0x0000000010004ebc                stdio_usb_set_chars_available_callback
 .text.usb_irq  0x0000000010004ed0       0x10 CMakeFiles/pockpet.dir/home/plebish/pico/pico-sdk/src/rp2_common/pico_stdio_usb/stdio_usb.c.obj
 .text.timer_task
                0x0000000010004ee0       0x54 CMakeFiles/pockpet.dir/home/plebish/pico/pico-sdk/src/rp2_common/pico_stdio_usb/stdio_usb.c.obj
 .text.stdio_usb_in_chars
                0x0000000010004f34       0x90 CMakeFiles/pockpet.dir/home/plebish/pico/pico-sdk/src/rp2_common/pico_stdio_usb/stdio_usb.c.obj
                0x0000000010004f34                stdio_usb_in_chars
 .text.stdio_usb_out_chars
                0x0000000010004fc4      0x100 CMakeFiles/pockpet.dir/home/plebish/pico/pico-sdk/src/rp2_common/pico_stdio_usb/stdio_usb.c.obj
 .text.low_priority_worker_irq
                0x00000000100050c4       0xa8 CMakeFiles/pockpet.dir/home/plebish/pico/pico-sdk/src/rp2_common/pico_stdio_usb/stdio_usb.c.obj
 .text.tud_cdc_rx_cb
                0x000000001000516c       0x20 CMakeFiles/pockpet.dir/home/plebish/pico/pico-sdk/src/rp2_common/pico_stdio_usb/stdio_usb.c.obj
                0x000000001000516c                tud_cdc_rx_cb
 .text.stdio_usb_init
                0x000000001000518c       0xdc CMakeFiles/pockpet.dir/home/plebish/pico/pico-sdk/src/rp2_common/pico_stdio_usb/stdio_usb.c.obj
                0x000000001000518c                stdio_usb_init
 .text.tud_descriptor_device_cb
                0x0000000010005268        0x8 CMakeFiles/pockpet.dir/home/plebish/pico/pico-sdk/src/rp2_common/pico_stdio_usb/stdio_usb_descriptors.c.obj
                0x0000000010005268                tud_descriptor_device_cb
 .text.tud_descriptor_configuration_cb
                0x0000000010005270        0x8 CMakeFiles/pockpet.dir/home/plebish/pico/pico-sdk/src/rp2_common/pico_stdio_usb/stdio_usb_descriptors.c.obj
                0x0000000010005270                tud_descriptor_configuration_cb
 .text.tud_descriptor_string_cb
                0x0000000010005278       0x70 CMakeFiles/pockpet.dir/home/plebish/pico/pico-sdk/src/rp2_common/pico_stdio_usb/stdio_usb_descriptors.c.obj
                0x0000000010005278                tud_descriptor_string_cb
 .text.startup._retrieve_unique_id_on_boot
                0x00000000100052e8       0x10 CMakeFiles/pockpet.dir/home/plebish/pico/pico-sdk/src/rp2_common/pico_unique_id/unique_id.c.obj
 .text.pico_get_unique_board_id
                0x00000000100052f8       0x10 CMakeFiles/pockpet.dir/home/plebish/pico/pico-sdk/src/rp2_common/pico_unique_id/unique_id.c.obj
                0x00000000100052f8                pico_get_unique_board_id
 .text.pico_get_unique_board_id_string
                0x0000000010005308      0x1bc CMakeFiles/pockpet.dir/home/plebish/pico/pico-sdk/src/rp2_common/pico_unique_id/unique_id.c.obj
                0x0000000010005308                pico_get_unique_board_id_string
 .text.flash_get_unique_id
                0x00000000100054c4       0x40 CMakeFiles/pockpet.dir/home/plebish/pico/pico-sdk/src/rp2_common/hardware_flash/flash.c.obj
                0x00000000100054c4                flash_get_unique_id
 .text.dcd_int_enable
                0x0000000010005504        0xc CMakeFiles/pockpet.dir/home/plebish/pico/pico-sdk/lib/tinyusb/src/portable/raspberrypi/rp2040/dcd_rp2040.c.obj
                0x0000000010005504                dcd_int_enable
 .text.dcd_set_address
                0x0000000010005510       0x14 CMakeFiles/pockpet.dir/home/plebish/pico/pico-sdk/lib/tinyusb/src/portable/raspberrypi/rp2040/dcd_rp2040.c.obj
                0x0000000010005510                dcd_set_address
 .text.dcd_connect
                0x0000000010005524       0x10 CMakeFiles/pockpet.dir/home/plebish/pico/pico-sdk/lib/tinyusb/src/portable/raspberrypi/rp2040/dcd_rp2040.c.obj
                0x0000000010005524                dcd_connect
 .text.dcd_init
                0x0000000010005534       0x9c CMakeFiles/pockpet.dir/home/plebish/pico/pico-sdk/lib/tinyusb/src/portable/raspberrypi/rp2040/dcd_rp2040.c.obj
                0x0000000010005534                dcd_init
 .text.dcd_edpt0_status_complete
                0x00000000100055d0       0x1c CMakeFiles/pockpet.dir/home/plebish/pico/pico-sdk/lib/tinyusb/src/portable/raspberrypi/rp2040/dcd_rp2040.c.obj
                0x00000000100055d0                dcd_edpt0_status_complete
 .text.dcd_edpt_open
                0x00000000100055ec      0x108 CMakeFiles/pockpet.dir/home/plebish/pico/pico-sdk/lib/tinyusb/src/portable/raspberrypi/rp2040/dcd_rp2040.c.obj
                0x00000000100055ec                dcd_edpt_open
 .text.dcd_edpt_close_all
                0x00000000100056f4        0x8 CMakeFiles/pockpet.dir/home/plebish/pico/pico-sdk/lib/tinyusb/src/portable/raspberrypi/rp2040/dcd_rp2040.c.obj
                0x00000000100056f4                dcd_edpt_close_all
 .text.dcd_edpt_xfer
                0x00000000100056fc       0x24 CMakeFiles/pockpet.dir/home/plebish/pico/pico-sdk/lib/tinyusb/src/portable/raspberrypi/rp2040/dcd_rp2040.c.obj
                0x00000000100056fc                dcd_edpt_xfer
 .text.dcd_edpt_stall
                0x0000000010005720       0x38 CMakeFiles/pockpet.dir/home/plebish/pico/pico-sdk/lib/tinyusb/src/portable/raspberrypi/rp2040/dcd_rp2040.c.obj
                0x0000000010005720                dcd_edpt_stall
 .text.dcd_edpt_clear_stall
                0x0000000010005758       0x30 CMakeFiles/pockpet.dir/home/plebish/pico/pico-sdk/lib/tinyusb/src/portable/raspberrypi/rp2040/dcd_rp2040.c.obj
                0x0000000010005758                dcd_edpt_clear_stall
 .text.rp2040_usb_init
                0x0000000010005788       0x4c CMakeFiles/pockpet.dir/home/plebish/pico/pico-sdk/lib/tinyusb/src/portable/raspberrypi/rp2040/rp2040_usb.c.obj
                0x0000000010005788                rp2040_usb_init
 .text.hw_endpoint_xfer_start
                0x00000000100057d4       0x54 CMakeFiles/pockpet.dir/home/plebish/pico/pico-sdk/lib/tinyusb/src/portable/raspberrypi/rp2040/rp2040_usb.c.obj
                0x00000000100057d4                hw_endpoint_xfer_start
 .text.tud_mounted
                0x0000000010005828       0x10 CMakeFiles/pockpet.dir/home/plebish/pico/pico-sdk/lib/tinyusb/src/device/usbd.c.obj
                0x0000000010005828                tud_mounted
 .text.tud_suspended
                0x0000000010005838       0x10 CMakeFiles/pockpet.dir/home/plebish/pico/pico-sdk/lib/tinyusb/src/device/usbd.c.obj
                0x0000000010005838                tud_suspended
 .text.tud_inited
                0x0000000010005848       0x14 CMakeFiles/pockpet.dir/home/plebish/pico/pico-sdk/lib/tinyusb/src/device/usbd.c.obj
                0x0000000010005848                tud_inited
 .text.tud_init
                0x000000001000585c       0xe4 CMakeFiles/pockpet.dir/home/plebish/pico/pico-sdk/lib/tinyusb/src/device/usbd.c.obj
                0x000000001000585c                tud_init
 .text.tud_task_ext
                0x0000000010005940      0x858 CMakeFiles/pockpet.dir/home/plebish/pico/pico-sdk/lib/tinyusb/src/device/usbd.c.obj
                0x0000000010005940                tud_task_ext
 .text.usbd_open_edpt_pair
                0x0000000010006198       0x9c CMakeFiles/pockpet.dir/home/plebish/pico/pico-sdk/lib/tinyusb/src/device/usbd.c.obj
                0x0000000010006198                usbd_open_edpt_pair
 .text.usbd_defer_func
                0x0000000010006234       0x4c CMakeFiles/pockpet.dir/home/plebish/pico/pico-sdk/lib/tinyusb/src/device/usbd.c.obj
                0x0000000010006234                usbd_defer_func
 .text.usbd_edpt_open
                0x0000000010006280       0x34 CMakeFiles/pockpet.dir/home/plebish/pico/pico-sdk/lib/tinyusb/src/device/usbd.c.obj
                0x0000000010006280                usbd_edpt_open
 .text.usbd_edpt_claim
                0x00000000100062b4       0x28 CMakeFiles/pockpet.dir/home/plebish/pico/pico-sdk/lib/tinyusb/src/device/usbd.c.obj
                0x00000000100062b4                usbd_edpt_claim
 .text.usbd_edpt_release
                0x00000000100062dc       0x28 CMakeFiles/pockpet.dir/home/plebish/pico/pico-sdk/lib/tinyusb/src/device/usbd.c.obj
                0x00000000100062dc                usbd_edpt_release
 .text.usbd_edpt_xfer
                0x0000000010006304       0x4c CMakeFiles/pockpet.dir/home/plebish/pico/pico-sdk/lib/tinyusb/src/device/usbd.c.obj
                0x0000000010006304                usbd_edpt_xfer
 .text.tud_control_status
                0x0000000010006350       0x30 CMakeFiles/pockpet.dir/home/plebish/pico/pico-sdk/lib/tinyusb/src/device/usbd_control.c.obj
                0x0000000010006350                tud_control_status
 .text.tud_control_xfer
                0x0000000010006380       0xb8 CMakeFiles/pockpet.dir/home/plebish/pico/pico-sdk/lib/tinyusb/src/device/usbd_control.c.obj
                0x0000000010006380                tud_control_xfer
 .text.usbd_control_reset
                0x0000000010006438       0x14 CMakeFiles/pockpet.dir/home/plebish/pico/pico-sdk/lib/tinyusb/src/device/usbd_control.c.obj
                0x0000000010006438                usbd_control_reset
 .text.usbd_control_set_complete_callback
                0x000000001000644c        0xc CMakeFiles/pockpet.dir/home/plebish/pico/pico-sdk/lib/tinyusb/src/device/usbd_control.c.obj
                0x000000001000644c                usbd_control_set_complete_callback
 .text.usbd_control_set_request
                0x0000000010006458       0x1c CMakeFiles/pockpet.dir/home/plebish/pico/pico-sdk/lib/tinyusb/src/device/usbd_control.c.obj
                0x0000000010006458                usbd_control_set_request
 .text.usbd_control_xfer_cb
                0x0000000010006474       0xf8 CMakeFiles/pockpet.dir/home/plebish/pico/pico-sdk/lib/tinyusb/src/device/usbd_control.c.obj
                0x0000000010006474                usbd_control_xfer_cb
 .text.tud_cdc_n_connected
                0x000000001000656c       0x30 CMakeFiles/pockpet.dir/home/plebish/pico/pico-sdk/lib/tinyusb/src/class/cdc/cdc_device.c.obj
                0x000000001000656c                tud_cdc_n_connected
 .text.tud_cdc_n_available
                0x000000001000659c       0x18 CMakeFiles/pockpet.dir/home/plebish/pico/pico-sdk/lib/tinyusb/src/class/cdc/cdc_device.c.obj
                0x000000001000659c                tud_cdc_n_available
 .text.tud_cdc_n_read
                0x00000000100065b4       0x70 CMakeFiles/pockpet.dir/home/plebish/pico/pico-sdk/lib/tinyusb/src/class/cdc/cdc_device.c.obj
                0x00000000100065b4                tud_cdc_n_read
 .text.tud_cdc_n_write_flush
                0x0000000010006624       0x78 CMakeFiles/pockpet.dir/home/plebish/pico/pico-sdk/lib/tinyusb/src/class/cdc/cdc_device.c.obj
                0x0000000010006624                tud_cdc_n_write_flush
 .text.tud_cdc_n_write
                0x000000001000669c       0x34 CMakeFiles/pockpet.dir/home/plebish/pico/pico-sdk/lib/tinyusb/src/class/cdc/cdc_device.c.obj
                0x000000001000669c                tud_cdc_n_write
 .text.tud_cdc_n_write_available
                0x00000000100066d0       0x18 CMakeFiles/pockpet.dir/home/plebish/pico/pico-sdk/lib/tinyusb/src/class/cdc/cdc_device.c.obj
                0x00000000100066d0                tud_cdc_n_write_available
 .text.cdcd_init
                0x00000000100066e8       0x7c CMakeFiles/pockpet.dir/home/plebish/pico/pico-sdk/lib/tinyusb/src/class/cdc/cdc_device.c.obj
                0x00000000100066e8                cdcd_init
 .text.cdcd_reset
                0x0000000010006764       0x2c CMakeFiles/pockpet.dir/home/plebish/pico/pico-sdk/lib/tinyusb/src/class/cdc/cdc_device.c.obj
                0x0000000010006764                cdcd_reset
 .text.cdcd_open
                0x0000000010006790       0xe8 CMakeFiles/pockpet.dir/home/plebish/pico/pico-sdk/lib/tinyusb/src/class/cdc/cdc_device.c.obj
                0x0000000010006790                cdcd_open
 .text.cdcd_control_xfer_cb
                0x0000000010006878       0xe4 CMakeFiles/pockpet.dir/home/plebish/pico/pico-sdk/lib/tinyusb/src/class/cdc/cdc_device.c.obj
                0x0000000010006878                cdcd_control_xfer_cb
 .text.cdcd_xfer_cb
                0x000000001000695c      0x198 CMakeFiles/pockpet.dir/home/plebish/pico/pico-sdk/lib/tinyusb/src/class/cdc/cdc_device.c.obj
                0x000000001000695c                cdcd_xfer_cb
 .text.tusb_init
                0x0000000010006af4        0xc CMakeFiles/pockpet.dir/home/plebish/pico/pico-sdk/lib/tinyusb/src/tusb.c.obj
                0x0000000010006af4                tusb_init
 .text.tusb_inited
                0x0000000010006b00        0x8 CMakeFiles/pockpet.dir/home/plebish/pico/pico-sdk/lib/tinyusb/src/tusb.c.obj
                0x0000000010006b00                tusb_inited
 .text.tu_edpt_claim
                0x0000000010006b08       0x50 CMakeFiles/pockpet.dir/home/plebish/pico/pico-sdk/lib/tinyusb/src/tusb.c.obj
                0x0000000010006b08                tu_edpt_claim
 .text.tu_edpt_release
                0x0000000010006b58       0x38 CMakeFiles/pockpet.dir/home/plebish/pico/pico-sdk/lib/tinyusb/src/tusb.c.obj
                0x0000000010006b58                tu_edpt_release
 .text.tu_edpt_validate
                0x0000000010006b90       0x78 CMakeFiles/pockpet.dir/home/plebish/pico/pico-sdk/lib/tinyusb/src/tusb.c.obj
                0x0000000010006b90                tu_edpt_validate
 .text.tu_edpt_bind_driver
                0x0000000010006c08       0x34 CMakeFiles/pockpet.dir/home/plebish/pico/pico-sdk/lib/tinyusb/src/tusb.c.obj
                0x0000000010006c08                tu_edpt_bind_driver
 .text.tu_fifo_config
                0x0000000010006c3c       0x70 CMakeFiles/pockpet.dir/home/plebish/pico/pico-sdk/lib/tinyusb/src/common/tusb_fifo.c.obj
                0x0000000010006c3c                tu_fifo_config
 .text.tu_fifo_count
                0x0000000010006cac       0x2c CMakeFiles/pockpet.dir/home/plebish/pico/pico-sdk/lib/tinyusb/src/common/tusb_fifo.c.obj
                0x0000000010006cac                tu_fifo_count
 .text.tu_fifo_empty
                0x0000000010006cd8       0x10 CMakeFiles/pockpet.dir/home/plebish/pico/pico-sdk/lib/tinyusb/src/common/tusb_fifo.c.obj
                0x0000000010006cd8                tu_fifo_empty
 .text.tu_fifo_remaining
                0x0000000010006ce8       0x2c CMakeFiles/pockpet.dir/home/plebish/pico/pico-sdk/lib/tinyusb/src/common/tusb_fifo.c.obj
                0x0000000010006ce8                tu_fifo_remaining
 .text.tu_fifo_read
                0x0000000010006d14       0x9c CMakeFiles/pockpet.dir/home/plebish/pico/pico-sdk/lib/tinyusb/src/common/tusb_fifo.c.obj
                0x0000000010006d14                tu_fifo_read
 .text.tu_fifo_read_n
                0x0000000010006db0       0xf0 CMakeFiles/pockpet.dir/home/plebish/pico/pico-sdk/lib/tinyusb/src/common/tusb_fifo.c.obj
                0x0000000010006db0                tu_fifo_read_n
 .text.tu_fifo_write
                0x0000000010006ea0       0x88 CMakeFiles/pockpet.dir/home/plebish/pico/pico-sdk/lib/tinyusb/src/common/tusb_fifo.c.obj
                0x0000000010006ea0                tu_fifo_write
 .text.tu_fifo_write_n
                0x0000000010006f28      0x158 CMakeFiles/pockpet.dir/home/plebish/pico/pico-sdk/lib/tinyusb/src/common/tusb_fifo.c.obj
                0x0000000010006f28                tu_fifo_write_n
 .text.tu_fifo_clear
                0x0000000010007080       0x40 CMakeFiles/pockpet.dir/home/plebish/pico/pico-sdk/lib/tinyusb/src/common/tusb_fifo.c.obj
                0x0000000010007080                tu_fifo_clear
 .text.tu_fifo_set_overwritable
                0x00000000100070c0       0x48 CMakeFiles/pockpet.dir/home/plebish/pico/pico-sdk/lib/tinyusb/src/common/tusb_fifo.c.obj
                0x00000000100070c0                tu_fifo_set_overwritable
 .text.spi_init
                0x0000000010007108      0x130 CMakeFiles/pockpet.dir/home/plebish/pico/pico-sdk/src/rp2_common/hardware_spi/spi.c.obj
                0x0000000010007108                spi_init
 .text._ZN5Print17availableForWriteEv
                0x0000000010007238        0x4 CMakeFiles/pockpet.dir/src/st7735/ST7735_TFT.cpp.obj
                0x0000000010007238                Print::availableForWrite()
 .text._ZN10ST7735_TFTC2Ev
                0x000000001000723c       0x20 CMakeFiles/pockpet.dir/src/st7735/ST7735_TFT.cpp.obj
                0x000000001000723c                ST7735_TFT::ST7735_TFT()
                0x000000001000723c                ST7735_TFT::ST7735_TFT()
 .text._ZN10ST7735_TFT12TFTSetupGPIOEaaaaa
                0x000000001000725c       0x4c CMakeFiles/pockpet.dir/src/st7735/ST7735_TFT.cpp.obj
                0x000000001000725c                ST7735_TFT::TFTSetupGPIO(signed char, signed char, signed char, signed char, signed char)
 .text._ZN10ST7735_TFT4BcmdEv
                0x00000000100072a8      0x1b8 CMakeFiles/pockpet.dir/src/st7735/ST7735_TFT.cpp.obj
                0x00000000100072a8                ST7735_TFT::Bcmd()
 .text._ZN10ST7735_TFT20TFTST7735BInitializeEv
                0x0000000010007460       0xd4 CMakeFiles/pockpet.dir/src/st7735/ST7735_TFT.cpp.obj
                0x0000000010007460                ST7735_TFT::TFTST7735BInitialize()
 .text._ZN10ST7735_TFT5Rcmd1Ev
                0x0000000010007534      0x13c CMakeFiles/pockpet.dir/src/st7735/ST7735_TFT.cpp.obj
                0x0000000010007534                ST7735_TFT::Rcmd1()
 .text._ZN10ST7735_TFT5Rcmd3Ev
                0x0000000010007670       0x6c CMakeFiles/pockpet.dir/src/st7735/ST7735_TFT.cpp.obj
                0x0000000010007670                ST7735_TFT::Rcmd3()
 .text._ZN10ST7735_TFT21TFTGreenTabInitializeEv
                0x00000000100076dc      0x128 CMakeFiles/pockpet.dir/src/st7735/ST7735_TFT.cpp.obj
                0x00000000100076dc                ST7735_TFT::TFTGreenTabInitialize()
 .text._ZN10ST7735_TFT19TFTRedTabInitializeEv
                0x0000000010007804      0x10c CMakeFiles/pockpet.dir/src/st7735/ST7735_TFT.cpp.obj
                0x0000000010007804                ST7735_TFT::TFTRedTabInitialize()
 .text._ZN10ST7735_TFT21TFTBlackTabInitializeEv
                0x0000000010007910      0x11c CMakeFiles/pockpet.dir/src/st7735/ST7735_TFT.cpp.obj
                0x0000000010007910                ST7735_TFT::TFTBlackTabInitialize()
 .text._ZN10ST7735_TFT17TFTInitScreenSizeEhhtt
                0x0000000010007a2c       0x18 CMakeFiles/pockpet.dir/src/st7735/ST7735_TFT.cpp.obj
                0x0000000010007a2c                ST7735_TFT::TFTInitScreenSize(unsigned char, unsigned char, unsigned short, unsigned short)
 .text._ZN10ST7735_TFT14TFTInitPCBTypeENS_13TFT_PCBtype_eE
                0x0000000010007a44       0x28 CMakeFiles/pockpet.dir/src/st7735/ST7735_TFT.cpp.obj
                0x0000000010007a44                ST7735_TFT::TFTInitPCBType(ST7735_TFT::TFT_PCBtype_e)
 .text._ZN10ST7735_TFT14TFTInitSPITypeEmP8spi_inst
                0x0000000010007a6c        0xc CMakeFiles/pockpet.dir/src/st7735/ST7735_TFT.cpp.obj
                0x0000000010007a6c                ST7735_TFT::TFTInitSPIType(unsigned long, spi_inst*)
 .text._ZN19ST7735_TFT_graphicsC2Ev
                0x0000000010007a78       0x30 CMakeFiles/pockpet.dir/src/st7735/ST7735_TFT_graphics.cpp.obj
                0x0000000010007a78                ST7735_TFT_graphics::ST7735_TFT_graphics()
                0x0000000010007a78                ST7735_TFT_graphics::ST7735_TFT_graphics()
 .text._ZN19ST7735_TFT_graphics12writeCommandEh
                0x0000000010007aa8      0x300 CMakeFiles/pockpet.dir/src/st7735/ST7735_TFT_graphics.cpp.obj
                0x0000000010007aa8                ST7735_TFT_graphics::writeCommand(unsigned char)
 .text._ZN19ST7735_TFT_graphics9writeDataEh
                0x0000000010007da8      0x300 CMakeFiles/pockpet.dir/src/st7735/ST7735_TFT_graphics.cpp.obj
                0x0000000010007da8                ST7735_TFT_graphics::writeData(unsigned char)
 .text._ZN19ST7735_TFT_graphics16TFTsetAddrWindowEhhhh
                0x00000000100080a8      0x780 CMakeFiles/pockpet.dir/src/st7735/ST7735_TFT_graphics.cpp.obj
                0x00000000100080a8                ST7735_TFT_graphics::TFTsetAddrWindow(unsigned char, unsigned char, unsigned char, unsigned char)
 .text._ZN19ST7735_TFT_graphics16TFTdrawFastVLineEhhht
                0x0000000010008828      0x734 CMakeFiles/pockpet.dir/src/st7735/ST7735_TFT_graphics.cpp.obj
                0x0000000010008828                ST7735_TFT_graphics::TFTdrawFastVLine(unsigned char, unsigned char, unsigned char, unsigned short)
 .text._ZN19ST7735_TFT_graphics16TFTdrawFastHLineEhhht
                0x0000000010008f5c      0x730 CMakeFiles/pockpet.dir/src/st7735/ST7735_TFT_graphics.cpp.obj
                0x0000000010008f5c                ST7735_TFT_graphics::TFTdrawFastHLine(unsigned char, unsigned char, unsigned char, unsigned short)
 .text._ZN19ST7735_TFT_graphics13TFTdrawRectWHEhhhht
                0x000000001000968c       0x6c CMakeFiles/pockpet.dir/src/st7735/ST7735_TFT_graphics.cpp.obj
                0x000000001000968c                ST7735_TFT_graphics::TFTdrawRectWH(unsigned char, unsigned char, unsigned char, unsigned char, unsigned short)
 .text._ZN19ST7735_TFT_graphics11TFTdrawCharEhhhtt
                0x00000000100096f8      0x258 CMakeFiles/pockpet.dir/src/st7735/ST7735_TFT_graphics.cpp.obj
                0x00000000100096f8                ST7735_TFT_graphics::TFTdrawChar(unsigned char, unsigned char, unsigned char, unsigned short, unsigned short)
 .text._ZN19ST7735_TFT_graphics11TFTdrawCharEhhhtth
                0x0000000010009950      0x2f4 CMakeFiles/pockpet.dir/src/st7735/ST7735_TFT_graphics.cpp.obj
                0x0000000010009950                ST7735_TFT_graphics::TFTdrawChar(unsigned char, unsigned char, unsigned char, unsigned short, unsigned short, unsigned char)
 .text._ZN19ST7735_TFT_graphics5writeEh
                0x0000000010009c44       0xf4 CMakeFiles/pockpet.dir/src/st7735/ST7735_TFT_graphics.cpp.obj
                0x0000000010009c44                ST7735_TFT_graphics::write(unsigned char)
 .text._ZN19ST7735_TFT_graphics18spiWriteDataBufferEPhm
                0x0000000010009d38      0x3ec CMakeFiles/pockpet.dir/src/st7735/ST7735_TFT_graphics.cpp.obj
                0x0000000010009d38                ST7735_TFT_graphics::spiWriteDataBuffer(unsigned char*, unsigned long)
 .text._ZN19ST7735_TFT_graphics19TFTdrawBitmap16DataEhhPhhh
                0x000000001000a124      0x1bc CMakeFiles/pockpet.dir/src/st7735/ST7735_TFT_graphics.cpp.obj
                0x000000001000a124                ST7735_TFT_graphics::TFTdrawBitmap16Data(unsigned char, unsigned char, unsigned char*, unsigned char, unsigned char)
 .text._ZN19ST7735_TFT_graphics13TFTfillScreenEt
                0x000000001000a2e0       0xdc CMakeFiles/pockpet.dir/src/st7735/ST7735_TFT_graphics.cpp.obj
                0x000000001000a2e0                ST7735_TFT_graphics::TFTfillScreen(unsigned short)
 .text._ZN5Print5writeEPKhj
                0x000000001000a3bc       0x28 CMakeFiles/pockpet.dir/src/st7735/ST7735_TFT_Print.cpp.obj
                0x000000001000a3bc                Print::write(unsigned char const*, unsigned int)
 .text.splitmix64
                0x000000001000a3e4       0x58 CMakeFiles/pockpet.dir/home/plebish/pico/pico-sdk/src/rp2_common/pico_rand/rand.c.obj
 .text.xoroshiro128ss.isra.0
                0x000000001000a43c       0xa4 CMakeFiles/pockpet.dir/home/plebish/pico/pico-sdk/src/rp2_common/pico_rand/rand.c.obj
 .text.get_rand_64
                0x000000001000a4e0      0x470 CMakeFiles/pockpet.dir/home/plebish/pico/pico-sdk/src/rp2_common/pico_rand/rand.c.obj
                0x000000001000a4e0                get_rand_64
 .text.get_rand_32
                0x000000001000a950        0x8 CMakeFiles/pockpet.dir/home/plebish/pico/pico-sdk/src/rp2_common/pico_rand/rand.c.obj
                0x000000001000a950                get_rand_32
 .text.startup._GLOBAL__sub_I__ZN9__gnu_cxx9__freeresEv
                0x000000001000a958       0x2c /usr/lib/gcc/arm-none-eabi/9.2.1/../../../arm-none-eabi/lib/thumb/v6-m/nofp/libstdc++.a(eh_alloc.o)
 .text          0x000000001000a984       0x28 /usr/lib/gcc/arm-none-eabi/9.2.1/../../../arm-none-eabi/lib/thumb/v6-m/nofp/libc.a(lib_a-malloc.o)
                0x000000001000a984                malloc
                0x000000001000a998                free
 .text          0x000000001000a9ac      0x58c /usr/lib/gcc/arm-none-eabi/9.2.1/../../../arm-none-eabi/lib/thumb/v6-m/nofp/libc.a(lib_a-mallocr.o)
                0x000000001000a9ac                _malloc_r
 .text          0x000000001000af38        0x8 /usr/lib/gcc/arm-none-eabi/9.2.1/../../../arm-none-eabi/lib/thumb/v6-m/nofp/libc.a(lib_a-mlock.o)
                0x000000001000af38                __malloc_lock
                0x000000001000af3c                __malloc_unlock
 .text          0x000000001000af40       0x24 /usr/lib/gcc/arm-none-eabi/9.2.1/../../../arm-none-eabi/lib/thumb/v6-m/nofp/libc.a(lib_a-sbrkr.o)
                0x000000001000af40                _sbrk_r
 .text          0x000000001000af64       0x68 /usr/lib/gcc/arm-none-eabi/9.2.1/../../../arm-none-eabi/lib/thumb/v6-m/nofp/libc.a(lib_a-strlen-stub.o)
                0x000000001000af64                strlen
 .text          0x000000001000afcc      0x27c /usr/lib/gcc/arm-none-eabi/9.2.1/../../../arm-none-eabi/lib/thumb/v6-m/nofp/libc.a(lib_a-freer.o)
                0x000000001000afcc                _malloc_trim_r
                0x000000001000b06c                _free_r
 *(.fini)
 .fini          0x000000001000b248        0x4 /usr/lib/gcc/arm-none-eabi/9.2.1/thumb/v6-m/nofp/crti.o
                0x000000001000b248                _fini
 *fill*         0x000000001000b24c        0x4 
 .fini.__stub   0x000000001000b250       0xe0 linker stubs
 *crtbegin.o(.ctors)
 *crtbegin?.o(.ctors)
 *(EXCLUDE_FILE(*crtend.o *crtend?.o) .ctors)
 *(SORT_BY_NAME(.ctors.*))
 *(.ctors)
 *crtbegin.o(.dtors)
 *crtbegin?.o(.dtors)
 *(EXCLUDE_FILE(*crtend.o *crtend?.o) .dtors)
 *(SORT_BY_NAME(.dtors.*))
 *(.dtors)
 *(.eh_frame*)
 .eh_frame      0x000000001000b330        0x0 /usr/lib/gcc/arm-none-eabi/9.2.1/thumb/v6-m/nofp/crtbegin.o
                0x000000001000b330                . = ALIGN (0x4)

.glue_7         0x000000001000b330        0x0
 .glue_7        0x000000001000b330        0x0 linker stubs

.glue_7t        0x000000001000b330        0x0
 .glue_7t       0x000000001000b330        0x0 linker stubs

.vfp11_veneer   0x000000001000b330        0x0
 .vfp11_veneer  0x000000001000b330        0x0 linker stubs

.v4_bx          0x000000001000b330        0x0
 .v4_bx         0x000000001000b330        0x0 linker stubs

.iplt           0x000000001000b330        0x0
 .iplt          0x000000001000b330        0x0 /usr/lib/gcc/arm-none-eabi/9.2.1/thumb/v6-m/nofp/crtbegin.o

.rodata         0x000000001000b330    0x1dd58
 *(EXCLUDE_FILE(*libm.a: *libc.a:*lib_a-mem*.o *libgcc.a:) .rodata*)
 .rodata._Z8tftSetupv.str1.4
                0x000000001000b330        0xe CMakeFiles/pockpet.dir/executable/main.cpp.obj
 *fill*         0x000000001000b33e        0x2 
 .rodata._Z14SleepAnimationv.str1.4
                0x000000001000b340       0x23 CMakeFiles/pockpet.dir/executable/main.cpp.obj
 *fill*         0x000000001000b363        0x1 
 .rodata._Z13WalkAnimationv.str1.4
                0x000000001000b364        0x9 CMakeFiles/pockpet.dir/executable/main.cpp.obj
 *fill*         0x000000001000b36d        0x3 
 .rodata.spin_lock_claim_unused.str1.4
                0x000000001000b370       0x1b CMakeFiles/pockpet.dir/home/plebish/pico/pico-sdk/src/rp2_common/hardware_sync/sync.c.obj
 *fill*         0x000000001000b38b        0x1 
 .rodata.user_irq_claim_unused.str1.4
                0x000000001000b38c       0x1b CMakeFiles/pockpet.dir/home/plebish/pico/pico-sdk/src/rp2_common/hardware_irq/irq.c.obj
 *fill*         0x000000001000b3a7        0x1 
 .rodata.hardware_alarm_claim.str1.4
                0x000000001000b3a8       0x22 CMakeFiles/pockpet.dir/home/plebish/pico/pico-sdk/src/rp2_common/hardware_timer/timer.c.obj
 *fill*         0x000000001000b3ca        0x2 
 .rodata.panic.str1.4
                0x000000001000b3cc       0x10 CMakeFiles/pockpet.dir/home/plebish/pico/pico-sdk/src/rp2_common/pico_runtime/runtime.c.obj
                                         0x12 (size before relaxing)
 .rodata.hard_assertion_failure.str1.4
                0x000000001000b3dc        0xc CMakeFiles/pockpet.dir/home/plebish/pico/pico-sdk/src/rp2_common/pico_runtime/runtime.c.obj
 .rodata._ftoa.str1.4
                0x000000001000b3e8       0x15 CMakeFiles/pockpet.dir/home/plebish/pico/pico-sdk/src/rp2_common/pico_printf/printf.c.obj
 *fill*         0x000000001000b3fd        0x3 
 .rodata._vsnprintf
                0x000000001000b400      0x1e0 CMakeFiles/pockpet.dir/home/plebish/pico/pico-sdk/src/rp2_common/pico_printf/printf.c.obj
 .rodata.pow10.5444
                0x000000001000b5e0       0x50 CMakeFiles/pockpet.dir/home/plebish/pico/pico-sdk/src/rp2_common/pico_printf/printf.c.obj
 .rodata.__wrap_malloc.str1.4
                0x000000001000b630        0xe CMakeFiles/pockpet.dir/home/plebish/pico/pico-sdk/src/rp2_common/pico_malloc/pico_malloc.c.obj
 *fill*         0x000000001000b63e        0x2 
 .rodata.str1.4
                0x000000001000b640       0x3c CMakeFiles/pockpet.dir/home/plebish/pico/pico-sdk/src/rp2_common/pico_standard_link/binary_info.c.obj
 .rodata.__bi_44
                0x000000001000b67c        0xc CMakeFiles/pockpet.dir/home/plebish/pico/pico-sdk/src/rp2_common/pico_standard_link/binary_info.c.obj
 .rodata.__bi_75
                0x000000001000b688        0xc CMakeFiles/pockpet.dir/home/plebish/pico/pico-sdk/src/rp2_common/pico_standard_link/binary_info.c.obj
 .rodata.__bi_81
                0x000000001000b694        0xc CMakeFiles/pockpet.dir/home/plebish/pico/pico-sdk/src/rp2_common/pico_standard_link/binary_info.c.obj
 .rodata.crlf_str.6087
                0x000000001000b6a0        0x2 CMakeFiles/pockpet.dir/home/plebish/pico/pico-sdk/src/rp2_common/pico_stdio/stdio.c.obj
 *fill*         0x000000001000b6a2        0x2 
 .rodata._resetd_driver
                0x000000001000b6a4       0x18 CMakeFiles/pockpet.dir/home/plebish/pico/pico-sdk/src/rp2_common/pico_stdio_usb/reset_interface.c.obj
 .rodata.str1.4
                0x000000001000b6bc       0x13 CMakeFiles/pockpet.dir/home/plebish/pico/pico-sdk/src/rp2_common/pico_stdio_usb/stdio_usb.c.obj
 *fill*         0x000000001000b6cf        0x1 
 .rodata.__bi_182.7658
                0x000000001000b6d0        0xc CMakeFiles/pockpet.dir/home/plebish/pico/pico-sdk/src/rp2_common/pico_stdio_usb/stdio_usb.c.obj
 .rodata.str1.4
                0x000000001000b6dc       0x2a CMakeFiles/pockpet.dir/home/plebish/pico/pico-sdk/src/rp2_common/pico_stdio_usb/stdio_usb_descriptors.c.obj
 *fill*         0x000000001000b706        0x2 
 .rodata.usbd_desc_cfg
                0x000000001000b708       0x54 CMakeFiles/pockpet.dir/home/plebish/pico/pico-sdk/src/rp2_common/pico_stdio_usb/stdio_usb_descriptors.c.obj
 .rodata.usbd_desc_device
                0x000000001000b75c       0x12 CMakeFiles/pockpet.dir/home/plebish/pico/pico-sdk/src/rp2_common/pico_stdio_usb/stdio_usb_descriptors.c.obj
 *fill*         0x000000001000b76e        0x2 
 .rodata.usbd_desc_str
                0x000000001000b770       0x18 CMakeFiles/pockpet.dir/home/plebish/pico/pico-sdk/src/rp2_common/pico_stdio_usb/stdio_usb_descriptors.c.obj
 .rodata.str1.4
                0x000000001000b788       0x14 CMakeFiles/pockpet.dir/home/plebish/pico/pico-sdk/lib/tinyusb/src/portable/raspberrypi/rp2040/dcd_rp2040.c.obj
 .rodata.str1.4
                0x000000001000b79c       0x53 CMakeFiles/pockpet.dir/home/plebish/pico/pico-sdk/lib/tinyusb/src/portable/raspberrypi/rp2040/rp2040_usb.c.obj
 *fill*         0x000000001000b7ef        0x1 
 .rodata.tud_task_ext
                0x000000001000b7f0       0x8c CMakeFiles/pockpet.dir/home/plebish/pico/pico-sdk/lib/tinyusb/src/device/usbd.c.obj
 .rodata._usbd_driver
                0x000000001000b87c       0x18 CMakeFiles/pockpet.dir/home/plebish/pico/pico-sdk/lib/tinyusb/src/device/usbd.c.obj
 .rodata._ZN10ST7735_TFT4BcmdEv.str1.4
                0x000000001000b894       0x25 CMakeFiles/pockpet.dir/src/st7735/ST7735_TFT.cpp.obj
 *fill*         0x000000001000b8b9        0x3 
 .rodata._ZN10ST7735_TFT5Rcmd1Ev.str1.4
                0x000000001000b8bc       0x10 CMakeFiles/pockpet.dir/src/st7735/ST7735_TFT.cpp.obj
 .rodata._ZTV10ST7735_TFT
                0x000000001000b8cc       0x14 CMakeFiles/pockpet.dir/src/st7735/ST7735_TFT.cpp.obj
                0x000000001000b8cc                vtable for ST7735_TFT
 .rodata        0x000000001000b8e0       0x20 CMakeFiles/pockpet.dir/src/st7735/ST7735_TFT.cpp.obj
 .rodata._ZN19ST7735_TFT_graphics11TFTdrawCharEhhhtt.str1.4
                0x000000001000b900      0x10c CMakeFiles/pockpet.dir/src/st7735/ST7735_TFT_graphics.cpp.obj
 .rodata._ZN19ST7735_TFT_graphics11TFTdrawCharEhhhtt
                0x000000001000ba0c       0x18 CMakeFiles/pockpet.dir/src/st7735/ST7735_TFT_graphics.cpp.obj
 .rodata._ZN19ST7735_TFT_graphics11TFTdrawCharEhhhtth.str1.4
                0x000000001000ba24       0xbb CMakeFiles/pockpet.dir/src/st7735/ST7735_TFT_graphics.cpp.obj
 *fill*         0x000000001000badf        0x1 
 .rodata._ZN19ST7735_TFT_graphics11TFTdrawCharEhhhtth
                0x000000001000bae0       0x1c CMakeFiles/pockpet.dir/src/st7735/ST7735_TFT_graphics.cpp.obj
 .rodata._ZN19ST7735_TFT_graphics5writeEh.str1.4
                0x000000001000bafc       0x6d CMakeFiles/pockpet.dir/src/st7735/ST7735_TFT_graphics.cpp.obj
 *fill*         0x000000001000bb69        0x3 
 .rodata._ZN19ST7735_TFT_graphics16TFTfillRectangleEhhhht.str1.4
                0x000000001000bb6c       0x6a CMakeFiles/pockpet.dir/src/st7735/ST7735_TFT_graphics.cpp.obj
 *fill*         0x000000001000bbd6        0x2 
 .rodata._ZN19ST7735_TFT_graphics19TFTdrawBitmap24DataEhhPhhh.str1.4
                0x000000001000bbd8       0x9e CMakeFiles/pockpet.dir/src/st7735/ST7735_TFT_graphics.cpp.obj
 *fill*         0x000000001000bc76        0x2 
 .rodata._ZN19ST7735_TFT_graphics19TFTdrawBitmap16DataEhhPhhh.str1.4
                0x000000001000bc78       0x69 CMakeFiles/pockpet.dir/src/st7735/ST7735_TFT_graphics.cpp.obj
 *fill*         0x000000001000bce1        0x3 
 .rodata._ZTV19ST7735_TFT_graphics
                0x000000001000bce4       0x14 CMakeFiles/pockpet.dir/src/st7735/ST7735_TFT_graphics.cpp.obj
                0x000000001000bce4                vtable for ST7735_TFT_graphics
 .rodata._ZL10Font_Eight
                0x000000001000bcf8      0x1c0 CMakeFiles/pockpet.dir/src/st7735/ST7735_TFT_Font.cpp.obj
 .rodata._ZL10Font_Seven
                0x000000001000beb8      0x380 CMakeFiles/pockpet.dir/src/st7735/ST7735_TFT_Font.cpp.obj
 .rodata._ZL10Font_Three
                0x000000001000c238      0x16c CMakeFiles/pockpet.dir/src/st7735/ST7735_TFT_Font.cpp.obj
 .rodata._ZL11Font_Eleven
                0x000000001000c3a4      0x5f0 CMakeFiles/pockpet.dir/src/st7735/ST7735_TFT_Font.cpp.obj
 .rodata._ZL11Font_Twelve
                0x000000001000c994      0x474 CMakeFiles/pockpet.dir/src/st7735/ST7735_TFT_Font.cpp.obj
 .rodata._ZL8Font_One
                0x000000001000ce08      0x4fb CMakeFiles/pockpet.dir/src/st7735/ST7735_TFT_Font.cpp.obj
 *fill*         0x000000001000d303        0x1 
 .rodata._ZL8Font_Six
                0x000000001000d304      0x299 CMakeFiles/pockpet.dir/src/st7735/ST7735_TFT_Font.cpp.obj
 *fill*         0x000000001000d59d        0x3 
 .rodata._ZL8Font_Ten
                0x000000001000d5a0      0xc00 CMakeFiles/pockpet.dir/src/st7735/ST7735_TFT_Font.cpp.obj
 .rodata._ZL8Font_Two
                0x000000001000e1a0      0x19d CMakeFiles/pockpet.dir/src/st7735/ST7735_TFT_Font.cpp.obj
 *fill*         0x000000001000e33d        0x3 
 .rodata._ZL9Font_Five
                0x000000001000e340      0x120 CMakeFiles/pockpet.dir/src/st7735/ST7735_TFT_Font.cpp.obj
 .rodata._ZL9Font_Four
                0x000000001000e460      0x1d8 CMakeFiles/pockpet.dir/src/st7735/ST7735_TFT_Font.cpp.obj
 .rodata._ZL9Font_Nine
                0x000000001000e638     0x1200 CMakeFiles/pockpet.dir/src/st7735/ST7735_TFT_Font.cpp.obj
 .rodata._ZL11oreo_sleep1
                0x000000001000f838     0x1a16 CMakeFiles/pockpet.dir/src/st7735/ST7735_TFT_Assets.cpp.obj
 *fill*         0x000000001001124e        0x2 
 .rodata._ZL11oreo_sleep2
                0x0000000010011250     0x1a16 CMakeFiles/pockpet.dir/src/st7735/ST7735_TFT_Assets.cpp.obj
 *fill*         0x0000000010012c66        0x2 
 .rodata._ZL11oreo_sleep3
                0x0000000010012c68     0x1a16 CMakeFiles/pockpet.dir/src/st7735/ST7735_TFT_Assets.cpp.obj
 *fill*         0x000000001001467e        0x2 
 .rodata._ZL4bg_1
                0x0000000010014680     0x8c00 CMakeFiles/pockpet.dir/src/st7735/ST7735_TFT_Assets.cpp.obj
 .rodata._ZL5oreo1
                0x000000001001d280     0x1a16 CMakeFiles/pockpet.dir/src/st7735/ST7735_TFT_Assets.cpp.obj
 *fill*         0x000000001001ec96        0x2 
 .rodata._ZL5oreo2
                0x000000001001ec98     0x1a16 CMakeFiles/pockpet.dir/src/st7735/ST7735_TFT_Assets.cpp.obj
 *fill*         0x00000000100206ae        0x2 
 .rodata._ZL5oreo3
                0x00000000100206b0     0x1a16 CMakeFiles/pockpet.dir/src/st7735/ST7735_TFT_Assets.cpp.obj
 *fill*         0x00000000100220c6        0x2 
 .rodata._ZL5oreo4
                0x00000000100220c8     0x1a16 CMakeFiles/pockpet.dir/src/st7735/ST7735_TFT_Assets.cpp.obj
 *fill*         0x0000000010023ade        0x2 
 .rodata._ZL5oreo5
                0x0000000010023ae0     0x1a16 CMakeFiles/pockpet.dir/src/st7735/ST7735_TFT_Assets.cpp.obj
 *fill*         0x00000000100254f6        0x2 
 .rodata._ZL5oreo6
                0x00000000100254f8     0x1a16 CMakeFiles/pockpet.dir/src/st7735/ST7735_TFT_Assets.cpp.obj
 *fill*         0x0000000010026f0e        0x2 
 .rodata._ZL6steak1
                0x0000000010026f10      0x594 CMakeFiles/pockpet.dir/src/st7735/ST7735_TFT_Assets.cpp.obj
 .rodata._ZL6steak2
                0x00000000100274a4      0x594 CMakeFiles/pockpet.dir/src/st7735/ST7735_TFT_Assets.cpp.obj
 .rodata._ZL6steak3
                0x0000000010027a38      0x594 CMakeFiles/pockpet.dir/src/st7735/ST7735_TFT_Assets.cpp.obj
 .rodata._ZL6steak4
                0x0000000010027fcc      0x594 CMakeFiles/pockpet.dir/src/st7735/ST7735_TFT_Assets.cpp.obj
 .rodata._ZL6steak5
                0x0000000010028560      0x594 CMakeFiles/pockpet.dir/src/st7735/ST7735_TFT_Assets.cpp.obj
 .rodata._ZL6steak6
                0x0000000010028af4      0x594 CMakeFiles/pockpet.dir/src/st7735/ST7735_TFT_Assets.cpp.obj
                0x0000000010029088                . = ALIGN (0x4)
 *(SORT_BY_ALIGNMENT(SORT_BY_NAME(.flashdata*)))
                0x0000000010029088                . = ALIGN (0x4)

.ARM.extab
 *(.ARM.extab* .gnu.linkonce.armextab.*)
                0x0000000010029088                __exidx_start = .

.ARM.exidx      0x0000000010029088        0x8
 *(.ARM.exidx* .gnu.linkonce.armexidx.*)
 .ARM.exidx.text.startup._GLOBAL__sub_I__ZN9__gnu_cxx9__freeresEv
                0x0000000010029088        0x8 /usr/lib/gcc/arm-none-eabi/9.2.1/../../../arm-none-eabi/lib/thumb/v6-m/nofp/libstdc++.a(eh_alloc.o)
                0x0000000010029090                __exidx_end = .
                0x0000000010029090                . = ALIGN (0x4)
                0x0000000010029090                __binary_info_start = .

.binary_info    0x0000000010029090       0x20
 *(.binary_info.keep.*)
 .binary_info.keep.__bi_ptr22
                0x0000000010029090        0x4 CMakeFiles/pockpet.dir/home/plebish/pico/pico-sdk/src/rp2_common/pico_standard_link/binary_info.c.obj
 .binary_info.keep.__bi_ptr30
                0x0000000010029094        0x4 CMakeFiles/pockpet.dir/home/plebish/pico/pico-sdk/src/rp2_common/pico_standard_link/binary_info.c.obj
 .binary_info.keep.__bi_ptr38
                0x0000000010029098        0x4 CMakeFiles/pockpet.dir/home/plebish/pico/pico-sdk/src/rp2_common/pico_standard_link/binary_info.c.obj
 .binary_info.keep.__bi_ptr44
                0x000000001002909c        0x4 CMakeFiles/pockpet.dir/home/plebish/pico/pico-sdk/src/rp2_common/pico_standard_link/binary_info.c.obj
 .binary_info.keep.__bi_ptr50
                0x00000000100290a0        0x4 CMakeFiles/pockpet.dir/home/plebish/pico/pico-sdk/src/rp2_common/pico_standard_link/binary_info.c.obj
 .binary_info.keep.__bi_ptr75
                0x00000000100290a4        0x4 CMakeFiles/pockpet.dir/home/plebish/pico/pico-sdk/src/rp2_common/pico_standard_link/binary_info.c.obj
 .binary_info.keep.__bi_ptr81
                0x00000000100290a8        0x4 CMakeFiles/pockpet.dir/home/plebish/pico/pico-sdk/src/rp2_common/pico_standard_link/binary_info.c.obj
 *(.binary_info.*)
 .binary_info.__bi_ptr182
                0x00000000100290ac        0x4 CMakeFiles/pockpet.dir/home/plebish/pico/pico-sdk/src/rp2_common/pico_stdio_usb/stdio_usb.c.obj
                0x00000000100290b0                __binary_info_end = .

.rel.dyn        0x00000000100290b0        0x0
 .rel.iplt      0x00000000100290b0        0x0 /usr/lib/gcc/arm-none-eabi/9.2.1/thumb/v6-m/nofp/crtbegin.o
                0x00000000100290b0                . = ALIGN (0x4)

.ram_vector_table
                0x0000000020000000       0xc0
 *(.ram_vector_table)
 .ram_vector_table
                0x0000000020000000       0xc0 CMakeFiles/pockpet.dir/home/plebish/pico/pico-sdk/src/rp2_common/pico_runtime/runtime.c.obj
                0x0000000020000000                ram_vector_table

.data           0x00000000200000c0     0x1798 load address 0x00000000100290b0
                0x00000000200000c0                __data_start__ = .
 *(vtable)
 *(.time_critical*)
 .time_critical.mutex_try_enter
                0x00000000200000c0       0x48 CMakeFiles/pockpet.dir/home/plebish/pico/pico-sdk/src/common/pico_sync/mutex.c.obj
                0x00000000200000c0                mutex_try_enter
 .time_critical.mutex_try_enter_block_until
                0x0000000020000108       0xb0 CMakeFiles/pockpet.dir/home/plebish/pico/pico-sdk/src/common/pico_sync/mutex.c.obj
                0x0000000020000108                mutex_try_enter_block_until
 .time_critical.mutex_enter_timeout_ms
                0x00000000200001b8       0x90 CMakeFiles/pockpet.dir/home/plebish/pico/pico-sdk/src/common/pico_sync/mutex.c.obj
                0x00000000200001b8                mutex_enter_timeout_ms
 .time_critical.mutex_exit
                0x0000000020000248       0x28 CMakeFiles/pockpet.dir/home/plebish/pico/pico-sdk/src/common/pico_sync/mutex.c.obj
                0x0000000020000248                mutex_exit
 .time_critical.flash_init_boot2_copyout
                0x0000000020000270       0x30 CMakeFiles/pockpet.dir/home/plebish/pico/pico-sdk/src/rp2_common/hardware_flash/flash.c.obj
 .time_critical.flash_enable_xip_via_boot2
                0x00000000200002a0       0x10 CMakeFiles/pockpet.dir/home/plebish/pico/pico-sdk/src/rp2_common/hardware_flash/flash.c.obj
 .time_critical.flash_cs_force
                0x00000000200002b0       0x38 CMakeFiles/pockpet.dir/home/plebish/pico/pico-sdk/src/rp2_common/hardware_flash/flash.c.obj
 .time_critical.flash_do_cmd
                0x00000000200002e8       0xc4 CMakeFiles/pockpet.dir/home/plebish/pico/pico-sdk/src/rp2_common/hardware_flash/flash.c.obj
                0x00000000200002e8                flash_do_cmd
 .time_critical.reset_non_control_endpoints
                0x00000000200003ac       0xbc CMakeFiles/pockpet.dir/home/plebish/pico/pico-sdk/lib/tinyusb/src/portable/raspberrypi/rp2040/dcd_rp2040.c.obj
 .time_critical.hw_handle_buff_status
                0x0000000020000468       0xb4 CMakeFiles/pockpet.dir/home/plebish/pico/pico-sdk/lib/tinyusb/src/portable/raspberrypi/rp2040/dcd_rp2040.c.obj
 .time_critical.dcd_rp2040_irq
                0x000000002000051c      0x4f4 CMakeFiles/pockpet.dir/home/plebish/pico/pico-sdk/lib/tinyusb/src/portable/raspberrypi/rp2040/dcd_rp2040.c.obj
 .time_critical.prepare_ep_buffer
                0x0000000020000a10       0x70 CMakeFiles/pockpet.dir/home/plebish/pico/pico-sdk/lib/tinyusb/src/portable/raspberrypi/rp2040/rp2040_usb.c.obj
 .time_critical.sync_ep_buffer
                0x0000000020000a80       0x4c CMakeFiles/pockpet.dir/home/plebish/pico/pico-sdk/lib/tinyusb/src/portable/raspberrypi/rp2040/rp2040_usb.c.obj
 .time_critical._hw_endpoint_xfer_sync
                0x0000000020000acc       0x28 CMakeFiles/pockpet.dir/home/plebish/pico/pico-sdk/lib/tinyusb/src/portable/raspberrypi/rp2040/rp2040_usb.c.obj
 .time_critical.e15_is_bulkin_ep
                0x0000000020000af4       0x28 CMakeFiles/pockpet.dir/home/plebish/pico/pico-sdk/lib/tinyusb/src/portable/raspberrypi/rp2040/rp2040_usb.c.obj
 .time_critical.e15_is_critical_frame_period
                0x0000000020000b1c       0x38 CMakeFiles/pockpet.dir/home/plebish/pico/pico-sdk/lib/tinyusb/src/portable/raspberrypi/rp2040/rp2040_usb.c.obj
 .time_critical.hw_endpoint_reset_transfer
                0x0000000020000b54        0xc CMakeFiles/pockpet.dir/home/plebish/pico/pico-sdk/lib/tinyusb/src/portable/raspberrypi/rp2040/rp2040_usb.c.obj
                0x0000000020000b54                hw_endpoint_reset_transfer
 .time_critical._hw_endpoint_buffer_control_update32
                0x0000000020000b60       0x58 CMakeFiles/pockpet.dir/home/plebish/pico/pico-sdk/lib/tinyusb/src/portable/raspberrypi/rp2040/rp2040_usb.c.obj
                0x0000000020000b60                _hw_endpoint_buffer_control_update32
 .time_critical.hw_endpoint_start_next_buffer
                0x0000000020000bb8       0x6c CMakeFiles/pockpet.dir/home/plebish/pico/pico-sdk/lib/tinyusb/src/portable/raspberrypi/rp2040/rp2040_usb.c.obj
                0x0000000020000bb8                hw_endpoint_start_next_buffer
 .time_critical.hw_endpoint_xfer_continue
                0x0000000020000c24       0x50 CMakeFiles/pockpet.dir/home/plebish/pico/pico-sdk/lib/tinyusb/src/portable/raspberrypi/rp2040/rp2040_usb.c.obj
                0x0000000020000c24                hw_endpoint_xfer_continue
 .time_critical.tinyusb
                0x0000000020000c74      0x170 CMakeFiles/pockpet.dir/home/plebish/pico/pico-sdk/lib/tinyusb/src/device/usbd.c.obj
                0x0000000020000c74                dcd_event_handler
 .time_critical.spi_write_blocking
                0x0000000020000de4       0x4c CMakeFiles/pockpet.dir/home/plebish/pico/pico-sdk/src/rp2_common/hardware_spi/spi.c.obj
                0x0000000020000de4                spi_write_blocking
 *(.text*)
 .text          0x0000000020000e30        0x4 /usr/lib/gcc/arm-none-eabi/9.2.1/thumb/v6-m/nofp/libgcc.a(_dvmd_tls.o)
                0x0000000020000e30                __aeabi_ldiv0
                0x0000000020000e30                __aeabi_idiv0
 *fill*         0x0000000020000e34        0x4 
 .text.__stub   0x0000000020000e38       0x70 linker stubs
                0x0000000020000ea8                . = ALIGN (0x4)
 *(.rodata*)
                0x0000000020000ea8                . = ALIGN (0x4)
 *(.data*)
 .data.striped_spin_lock_num
                0x0000000020000ea8        0x1 CMakeFiles/pockpet.dir/home/plebish/pico/pico-sdk/src/rp2_common/hardware_sync/sync.c.obj
 *fill*         0x0000000020000ea9        0x3 
 .data          0x0000000020000eac       0x48 CMakeFiles/pockpet.dir/home/plebish/pico/pico-sdk/src/rp2_common/hardware_irq/irq_handler_chain.S.obj
                0x0000000020000eac                irq_handler_chain_slots
                0x0000000020000edc                irq_handler_chain_first_slot
                0x0000000020000ee6                irq_handler_chain_remove_tail
 .data.default_alarm_pool
                0x0000000020000ef4       0x18 CMakeFiles/pockpet.dir/home/plebish/pico/pico-sdk/src/common/pico_time/time.c.obj
 .data.default_alarm_pool_heap
                0x0000000020000f0c       0x10 CMakeFiles/pockpet.dir/home/plebish/pico/pico-sdk/src/common/pico_time/time.c.obj
 *fill*         0x0000000020000f1c        0x4 
 .data.aeabi_bits_funcs
                0x0000000020000f20       0x10 CMakeFiles/pockpet.dir/home/plebish/pico/pico-sdk/src/rp2_common/pico_bit_ops/bit_ops_aeabi.S.obj
                0x0000000020000f20                aeabi_bits_funcs
                0x0000000020000f30                aeabi_bits_funcs_end
 .data.aeabi_mem_funcs
                0x0000000020000f30       0x10 CMakeFiles/pockpet.dir/home/plebish/pico/pico-sdk/src/rp2_common/pico_mem_ops/mem_ops_aeabi.S.obj
                0x0000000020000f30                aeabi_mem_funcs
                0x0000000020000f40                aeabi_mem_funcs_end
 .data.stdio_usb
                0x0000000020000f40       0x18 CMakeFiles/pockpet.dir/home/plebish/pico/pico-sdk/src/rp2_common/pico_stdio_usb/stdio_usb.c.obj
                0x0000000020000f40                stdio_usb
 .data.ep_dir_string
                0x0000000020000f58        0x8 CMakeFiles/pockpet.dir/home/plebish/pico/pico-sdk/lib/tinyusb/src/portable/raspberrypi/rp2040/rp2040_usb.c.obj
                0x0000000020000f58                ep_dir_string
 .data._usbd_qdef
                0x0000000020000f60       0x1c CMakeFiles/pockpet.dir/home/plebish/pico/pico-sdk/lib/tinyusb/src/device/usbd.c.obj
                0x0000000020000f60                _usbd_qdef
 .data._usbd_rhport
                0x0000000020000f7c        0x1 CMakeFiles/pockpet.dir/home/plebish/pico/pico-sdk/lib/tinyusb/src/device/usbd.c.obj
 *fill*         0x0000000020000f7d        0x3 
 .data.pFontArial16x16ptr
                0x0000000020000f80        0x4 CMakeFiles/pockpet.dir/src/st7735/ST7735_TFT_Font.cpp.obj
                0x0000000020000f80                pFontArial16x16ptr
 .data.pFontArial16x24ptr
                0x0000000020000f84        0x4 CMakeFiles/pockpet.dir/src/st7735/ST7735_TFT_Font.cpp.obj
                0x0000000020000f84                pFontArial16x24ptr
 .data.pFontBigNum16x32ptr
                0x0000000020000f88        0x4 CMakeFiles/pockpet.dir/src/st7735/ST7735_TFT_Font.cpp.obj
                0x0000000020000f88                pFontBigNum16x32ptr
 .data.pFontDedica6x12ptr
                0x0000000020000f8c        0x4 CMakeFiles/pockpet.dir/src/st7735/ST7735_TFT_Font.cpp.obj
                0x0000000020000f8c                pFontDedica6x12ptr
 .data.pFontDefaultptr
                0x0000000020000f90        0x4 CMakeFiles/pockpet.dir/src/st7735/ST7735_TFT_Font.cpp.obj
                0x0000000020000f90                pFontDefaultptr
 .data.pFontHomeSpunptr
                0x0000000020000f94        0x4 CMakeFiles/pockpet.dir/src/st7735/ST7735_TFT_Font.cpp.obj
                0x0000000020000f94                pFontHomeSpunptr
 .data.pFontMedNum16x16ptr
                0x0000000020000f98        0x4 CMakeFiles/pockpet.dir/src/st7735/ST7735_TFT_Font.cpp.obj
                0x0000000020000f98                pFontMedNum16x16ptr
 .data.pFontMia8x16ptr
                0x0000000020000f9c        0x4 CMakeFiles/pockpet.dir/src/st7735/ST7735_TFT_Font.cpp.obj
                0x0000000020000f9c                pFontMia8x16ptr
 .data.pFontSevenSegptr
                0x0000000020000fa0        0x4 CMakeFiles/pockpet.dir/src/st7735/ST7735_TFT_Font.cpp.obj
                0x0000000020000fa0                pFontSevenSegptr
 .data.pFontThickptr
                0x0000000020000fa4        0x4 CMakeFiles/pockpet.dir/src/st7735/ST7735_TFT_Font.cpp.obj
                0x0000000020000fa4                pFontThickptr
 .data.pFontTinyptr
                0x0000000020000fa8        0x4 CMakeFiles/pockpet.dir/src/st7735/ST7735_TFT_Font.cpp.obj
                0x0000000020000fa8                pFontTinyptr
 .data.pFontWideptr
                0x0000000020000fac        0x4 CMakeFiles/pockpet.dir/src/st7735/ST7735_TFT_Font.cpp.obj
                0x0000000020000fac                pFontWideptr
 .data.pbg_1    0x0000000020000fb0        0x4 CMakeFiles/pockpet.dir/src/st7735/ST7735_TFT_Assets.cpp.obj
                0x0000000020000fb0                pbg_1
 .data.poreo1   0x0000000020000fb4        0x4 CMakeFiles/pockpet.dir/src/st7735/ST7735_TFT_Assets.cpp.obj
                0x0000000020000fb4                poreo1
 .data.poreo2   0x0000000020000fb8        0x4 CMakeFiles/pockpet.dir/src/st7735/ST7735_TFT_Assets.cpp.obj
                0x0000000020000fb8                poreo2
 .data.poreo3   0x0000000020000fbc        0x4 CMakeFiles/pockpet.dir/src/st7735/ST7735_TFT_Assets.cpp.obj
                0x0000000020000fbc                poreo3
 .data.poreo4   0x0000000020000fc0        0x4 CMakeFiles/pockpet.dir/src/st7735/ST7735_TFT_Assets.cpp.obj
                0x0000000020000fc0                poreo4
 .data.poreo5   0x0000000020000fc4        0x4 CMakeFiles/pockpet.dir/src/st7735/ST7735_TFT_Assets.cpp.obj
                0x0000000020000fc4                poreo5
 .data.poreo6   0x0000000020000fc8        0x4 CMakeFiles/pockpet.dir/src/st7735/ST7735_TFT_Assets.cpp.obj
                0x0000000020000fc8                poreo6
 .data.poreo_sleep1
                0x0000000020000fcc        0x4 CMakeFiles/pockpet.dir/src/st7735/ST7735_TFT_Assets.cpp.obj
                0x0000000020000fcc                poreo_sleep1
 .data.poreo_sleep2
                0x0000000020000fd0        0x4 CMakeFiles/pockpet.dir/src/st7735/ST7735_TFT_Assets.cpp.obj
                0x0000000020000fd0                poreo_sleep2
 .data.poreo_sleep3
                0x0000000020000fd4        0x4 CMakeFiles/pockpet.dir/src/st7735/ST7735_TFT_Assets.cpp.obj
                0x0000000020000fd4                poreo_sleep3
 .data.psteak1  0x0000000020000fd8        0x4 CMakeFiles/pockpet.dir/src/st7735/ST7735_TFT_Assets.cpp.obj
                0x0000000020000fd8                psteak1
 .data.psteak2  0x0000000020000fdc        0x4 CMakeFiles/pockpet.dir/src/st7735/ST7735_TFT_Assets.cpp.obj
                0x0000000020000fdc                psteak2
 .data.psteak3  0x0000000020000fe0        0x4 CMakeFiles/pockpet.dir/src/st7735/ST7735_TFT_Assets.cpp.obj
                0x0000000020000fe0                psteak3
 .data.psteak4  0x0000000020000fe4        0x4 CMakeFiles/pockpet.dir/src/st7735/ST7735_TFT_Assets.cpp.obj
                0x0000000020000fe4                psteak4
 .data.psteak5  0x0000000020000fe8        0x4 CMakeFiles/pockpet.dir/src/st7735/ST7735_TFT_Assets.cpp.obj
                0x0000000020000fe8                psteak5
 .data.psteak6  0x0000000020000fec        0x4 CMakeFiles/pockpet.dir/src/st7735/ST7735_TFT_Assets.cpp.obj
                0x0000000020000fec                psteak6
 .data          0x0000000020000ff0      0x430 /usr/lib/gcc/arm-none-eabi/9.2.1/../../../arm-none-eabi/lib/thumb/v6-m/nofp/libc.a(lib_a-impure.o)
                0x0000000020000ff0                _impure_ptr
 .data          0x0000000020001420      0x410 /usr/lib/gcc/arm-none-eabi/9.2.1/../../../arm-none-eabi/lib/thumb/v6-m/nofp/libc.a(lib_a-mallocr.o)
                0x0000000020001420                __malloc_sbrk_base
                0x0000000020001424                __malloc_trim_threshold
                0x0000000020001428                __malloc_av_
                0x0000000020001830                . = ALIGN (0x4)
 *(.after_data.*)
                0x0000000020001830                . = ALIGN (0x4)
                0x0000000020001830                PROVIDE (__mutex_array_start = .)
 *(SORT_BY_NAME(.mutex_array.*))
 *(.mutex_array)
 .mutex_array   0x0000000020001830        0x8 CMakeFiles/pockpet.dir/home/plebish/pico/pico-sdk/src/rp2_common/pico_stdio/stdio.c.obj
                0x0000000020001838                PROVIDE (__mutex_array_end = .)
                0x0000000020001838                . = ALIGN (0x4)
                0x0000000020001838                PROVIDE (__preinit_array_start = .)
 *(SORT_BY_NAME(.preinit_array.*))
 .preinit_array.00001
                0x0000000020001838        0x4 CMakeFiles/pockpet.dir/home/plebish/pico/pico-sdk/src/rp2_common/pico_mem_ops/mem_ops_aeabi.S.obj
 .preinit_array.00010
                0x000000002000183c        0x4 CMakeFiles/pockpet.dir/home/plebish/pico/pico-sdk/src/rp2_common/pico_bit_ops/bit_ops_aeabi.S.obj
 .preinit_array.00020
                0x0000000020001840        0x4 CMakeFiles/pockpet.dir/home/plebish/pico/pico-sdk/src/rp2_common/pico_double/double_aeabi.S.obj
 .preinit_array.00020
                0x0000000020001844        0x4 CMakeFiles/pockpet.dir/home/plebish/pico/pico-sdk/src/rp2_common/pico_float/float_aeabi.S.obj
 *(.preinit_array)
                0x0000000020001848                PROVIDE (__preinit_array_end = .)
                0x0000000020001848                . = ALIGN (0x4)
                0x0000000020001848                PROVIDE (__init_array_start = .)
 *(SORT_BY_NAME(.init_array.*))
 *(.init_array)
 .init_array    0x0000000020001848        0x4 /usr/lib/gcc/arm-none-eabi/9.2.1/thumb/v6-m/nofp/crtbegin.o
 .init_array    0x000000002000184c        0x4 CMakeFiles/pockpet.dir/executable/main.cpp.obj
 .init_array    0x0000000020001850        0x4 CMakeFiles/pockpet.dir/home/plebish/pico/pico-sdk/src/rp2_common/pico_unique_id/unique_id.c.obj
 .init_array    0x0000000020001854        0x4 /usr/lib/gcc/arm-none-eabi/9.2.1/../../../arm-none-eabi/lib/thumb/v6-m/nofp/libstdc++.a(eh_alloc.o)
                0x0000000020001858                PROVIDE (__init_array_end = .)
                0x0000000020001858                . = ALIGN (0x4)